/zhome/c3/3/213266/myenv/lib64/python3.9/site-packages/networkx/utils/backends.py:135: RuntimeWarning: networkx backend defined more than once: nx-loopback
  backends.update(_get_backends("networkx.backends"))
INFO:root:Optimization started
INFO:root:U_1-Qu_upper=0.5, U_2-Qv_upper=-0.3172660593543814
INFO:root:eta=1, l=0.24000000000000002, r=1
INFO:root:Iter 1: Q=0.0304, term1=0.1717, term2=0.0166, penalty=0.013765496201813221
INFO:root:U_1-Qu_upper=0.05427941006883508, U_2-Qv_upper=0.15150257531207725
INFO:root:eta=0.44046629240141977, l=0.24000000000000002, r=0.962
INFO:root:Iter 2: Q=0.1356, term1=0.0402, term2=0.2569, penalty=0.0
INFO:root:U_1-Qu_upper=0.24313448272614313, U_2-Qv_upper=-0.3484220953915485
INFO:root:eta=0.962, l=0.2761, r=0.962
INFO:root:Iter 3: Q=0.0290, term1=0.1050, term2=0.0260, penalty=0.0
INFO:root:U_1-Qu_upper=0.18951939914684773, U_2-Qv_upper=0.10624225212791322
INFO:root:eta=0.7156138967967878, l=0.31039500000000003, r=0.962
INFO:root:Iter 4: Q=0.0180, term1=0.0262, term2=0.0148, penalty=0.0
INFO:root:U_1-Qu_upper=0.2719954921470371, U_2-Qv_upper=0.13321318399890777
INFO:root:eta=0.7477835187903418, l=0.34297525, r=0.962
INFO:root:Iter 5: Q=0.0141, term1=0.0186, term2=0.0126, penalty=0.0
INFO:root:U_1-Qu_upper=0.3114087448523036, U_2-Qv_upper=0.14795453429096098
INFO:root:eta=0.7626207227281121, l=0.3739264875, r=0.962
INFO:root:Iter 6: Q=0.0118, term1=0.0139, term2=0.0111, penalty=0.0
INFO:root:U_1-Qu_upper=0.33601452182928837, U_2-Qv_upper=0.14969618619855707
INFO:root:eta=0.7807555666971364, l=0.40333016312500003, r=0.962
INFO:root:Iter 7: Q=0.0096, term1=0.0117, term2=0.0090, penalty=0.0
INFO:root:U_1-Qu_upper=0.354347901310933, U_2-Qv_upper=0.17511289621866027
INFO:root:eta=0.7772265595079876, l=0.43126365496875, r=0.962
INFO:root:Iter 8: Q=0.0084, term1=0.0096, term2=0.0080, penalty=0.0
INFO:root:U_1-Qu_upper=0.3688529234757624, U_2-Qv_upper=0.17914013487088248
INFO:root:eta=0.7885011226298512, l=0.4578004722203125, r=0.962
INFO:root:Iter 9: Q=0.0072, term1=0.0086, term2=0.0068, penalty=0.0
INFO:root:U_1-Qu_upper=0.37937768150669426, U_2-Qv_upper=0.19014786236376188
INFO:root:eta=0.7936625769573333, l=0.48301044860929687, r=0.962
INFO:root:Iter 10: Q=0.0067, term1=0.0078, term2=0.0064, penalty=0.0
INFO:root:U_1-Qu_upper=0.3903131317769852, U_2-Qv_upper=0.19275455012581622
INFO:root:eta=0.8036523186605415, l=0.506959926178832, r=0.962
INFO:root:Iter 11: Q=0.0065, term1=0.0071, term2=0.0063, penalty=0.0
INFO:root:U_1-Qu_upper=0.39252791200182124, U_2-Qv_upper=0.19377284077455087
INFO:root:eta=0.8116089125708137, l=0.5297119298698905, r=0.962
INFO:root:Iter 12: Q=0.0061, term1=0.0066, term2=0.0060, penalty=0.0
INFO:root:U_1-Qu_upper=0.3980247420554574, U_2-Qv_upper=0.1966730404607347
INFO:root:eta=0.8190376221218261, l=0.5513263333763959, r=0.962
INFO:root:Iter 13: Q=0.0058, term1=0.0062, term2=0.0058, penalty=0.0
INFO:root:U_1-Qu_upper=0.4026318757903914, U_2-Qv_upper=0.20221207257532853
INFO:root:eta=0.824703142679281, l=0.5718600167075761, r=0.962
INFO:root:Iter 14: Q=0.0056, term1=0.0059, term2=0.0055, penalty=0.0
INFO:root:U_1-Qu_upper=0.4024525628739001, U_2-Qv_upper=0.20484826063897515
INFO:root:eta=0.830402126443885, l=0.5913670158721973, r=0.962
INFO:root:Iter 15: Q=0.0053, term1=0.0056, term2=0.0053, penalty=0.0
INFO:root:U_1-Qu_upper=0.40873867405290915, U_2-Qv_upper=0.20818574364839526
INFO:root:eta=0.8369271366032569, l=0.6098986650785875, r=0.962
INFO:root:Iter 16: Q=0.0051, term1=0.0055, term2=0.0050, penalty=0.0
INFO:root:U_1-Qu_upper=0.40666679101739006, U_2-Qv_upper=0.2071669834484403
INFO:root:eta=0.8431668981764402, l=0.6275037318246581, r=0.962
INFO:root:Iter 17: Q=0.0049, term1=0.0053, term2=0.0048, penalty=0.0
INFO:root:U_1-Qu_upper=0.4118897060279263, U_2-Qv_upper=0.21147765693765824
INFO:root:eta=0.8485219912836257, l=0.6442285452334252, r=0.962
INFO:root:Iter 18: Q=0.0047, term1=0.0052, term2=0.0046, penalty=0.0
INFO:root:U_1-Qu_upper=0.40744639675593924, U_2-Qv_upper=0.21431226599374492
INFO:root:eta=0.8524682401400316, l=0.660117117971754, r=0.962
INFO:root:Iter 19: Q=0.0045, term1=0.0050, term2=0.0044, penalty=0.0
INFO:root:U_1-Qu_upper=0.4093119807899417, U_2-Qv_upper=0.2184744056777682
INFO:root:eta=0.8569424762035593, l=0.6752112620731663, r=0.962
INFO:root:Iter 20: Q=0.0043, term1=0.0050, term2=0.0042, penalty=0.0
INFO:root:U_1-Qu_upper=0.41290129168541917, U_2-Qv_upper=0.2204466544359029
INFO:root:eta=0.8621786960973977, l=0.6895506989695079, r=0.962
INFO:root:Iter 21: Q=0.0042, term1=0.0049, term2=0.0041, penalty=0.0
INFO:root:U_1-Qu_upper=0.4127066349334552, U_2-Qv_upper=0.21672647457140193
INFO:root:eta=0.8681902279684168, l=0.7031731640210326, r=0.962
INFO:root:Iter 22: Q=0.0040, term1=0.0048, term2=0.0039, penalty=0.0
INFO:root:U_1-Qu_upper=0.4136087303262862, U_2-Qv_upper=0.21871349736732307
INFO:root:eta=0.8724745649762162, l=0.7161145058199809, r=0.962
INFO:root:Iter 23: Q=0.0039, term1=0.0047, term2=0.0038, penalty=0.0
INFO:root:U_1-Qu_upper=0.41643867029602744, U_2-Qv_upper=0.22267098446003103
INFO:root:eta=0.8763315006336366, l=0.7284087805289818, r=0.962
INFO:root:Iter 24: Q=0.0038, term1=0.0047, term2=0.0036, penalty=0.0
INFO:root:U_1-Qu_upper=0.4176907352676481, U_2-Qv_upper=0.22451533095500575
INFO:root:eta=0.8803364768629632, l=0.7400883415025328, r=0.962
INFO:root:Iter 25: Q=0.0037, term1=0.0046, term2=0.0035, penalty=0.0
INFO:root:U_1-Qu_upper=0.413944530766719, U_2-Qv_upper=0.22425789629790596
INFO:root:eta=0.8840224812877716, l=0.7511839244274061, r=0.962
INFO:root:Iter 26: Q=0.0035, term1=0.0046, term2=0.0034, penalty=0.0
INFO:root:U_1-Qu_upper=0.4204031177039198, U_2-Qv_upper=0.22550150217849024
INFO:root:eta=0.8883988207211634, l=0.7617247282060358, r=0.962
INFO:root:Iter 27: Q=0.0034, term1=0.0046, term2=0.0033, penalty=0.0
INFO:root:U_1-Qu_upper=0.41716054116286705, U_2-Qv_upper=0.22982992235100613
INFO:root:eta=0.8908563699760832, l=0.771738491795734, r=0.962
INFO:root:Iter 28: Q=0.0033, term1=0.0046, term2=0.0032, penalty=0.0
INFO:root:U_1-Qu_upper=0.4220324741125283, U_2-Qv_upper=0.22905838237167941
INFO:root:eta=0.8950646516337275, l=0.7812515672059472, r=0.962
INFO:root:Iter 29: Q=0.0032, term1=0.0045, term2=0.0031, penalty=0.0
INFO:root:U_1-Qu_upper=0.419923072989996, U_2-Qv_upper=0.2308477258662669
INFO:root:eta=0.8978831638762347, l=0.7902889888456499, r=0.962
INFO:root:Iter 30: Q=0.0031, term1=0.0045, term2=0.0030, penalty=0.0
INFO:root:U_1-Qu_upper=0.41860471276895883, U_2-Qv_upper=0.22946558550850854
INFO:root:eta=0.9012013986483896, l=0.7988745394033674, r=0.962
INFO:root:Iter 31: Q=0.0030, term1=0.0045, term2=0.0029, penalty=0.0
INFO:root:U_1-Qu_upper=0.4181467937474339, U_2-Qv_upper=0.23277327078660404
INFO:root:eta=0.903665268777924, l=0.8070308124331991, r=0.962
INFO:root:Iter 32: Q=0.0029, term1=0.0045, term2=0.0028, penalty=0.0
INFO:root:U_1-Qu_upper=0.42092424008283275, U_2-Qv_upper=0.2355329285252979
INFO:root:eta=0.9063979770132062, l=0.8147792718115391, r=0.962
INFO:root:Iter 33: Q=0.0029, term1=0.0044, term2=0.0027, penalty=0.0
INFO:root:U_1-Qu_upper=0.4175813588961424, U_2-Qv_upper=0.23759886796169635
INFO:root:eta=0.9086109065503517, l=0.8221403082209622, r=0.962
INFO:root:Iter 34: Q=0.0028, term1=0.0044, term2=0.0026, penalty=0.0
INFO:root:U_1-Qu_upper=0.4198394549968146, U_2-Qv_upper=0.2375339553727899
INFO:root:eta=0.9114633867731042, l=0.8291332928099141, r=0.962
INFO:root:Iter 35: Q=0.0027, term1=0.0044, term2=0.0025, penalty=0.0
INFO:root:U_1-Qu_upper=0.41714211679652846, U_2-Qv_upper=0.2401362327067238
INFO:root:eta=0.9134572318700469, l=0.8357766281694184, r=0.962
INFO:root:Iter 36: Q=0.0026, term1=0.0044, term2=0.0025, penalty=0.0
INFO:root:U_1-Qu_upper=0.42201861816310093, U_2-Qv_upper=0.24039164232755608
INFO:root:eta=0.9161929745593014, l=0.8420877967609475, r=0.962
INFO:root:Iter 37: Q=0.0025, term1=0.0044, term2=0.0024, penalty=0.0
INFO:root:U_1-Qu_upper=0.4180279209777845, U_2-Qv_upper=0.240494495804901
INFO:root:eta=0.9182076793076772, l=0.8480834069229001, r=0.962
INFO:root:Iter 38: Q=0.0025, term1=0.0044, term2=0.0023, penalty=0.0
INFO:root:U_1-Qu_upper=0.41964311263586784, U_2-Qv_upper=0.2431628566760069
INFO:root:eta=0.9202075517150452, l=0.853779236576755, r=0.962
INFO:root:Iter 39: Q=0.0024, term1=0.0044, term2=0.0022, penalty=0.0
INFO:root:U_1-Qu_upper=0.4203045882625703, U_2-Qv_upper=0.24465862890889967
INFO:root:eta=0.9221825440642711, l=0.8591902747479173, r=0.962
INFO:root:Iter 40: Q=0.0023, term1=0.0044, term2=0.0022, penalty=0.0
INFO:root:U_1-Qu_upper=0.4194505528107187, U_2-Qv_upper=0.244891872623886
INFO:root:eta=0.9241019745585883, l=0.8643307610105214, r=0.962
INFO:root:Iter 41: Q=0.0023, term1=0.0044, term2=0.0021, penalty=0.0
INFO:root:U_1-Qu_upper=0.4213137556614205, U_2-Qv_upper=0.24464758297789707
INFO:root:eta=0.9261202246081018, l=0.8692142229599954, r=0.962
INFO:root:Iter 42: Q=0.0022, term1=0.0044, term2=0.0021, penalty=0.0
INFO:root:U_1-Qu_upper=0.4174520955616357, U_2-Qv_upper=0.2434611777286344
INFO:root:eta=0.927820425360553, l=0.8738535118119957, r=0.962
INFO:root:Iter 43: Q=0.0022, term1=0.0044, term2=0.0020, penalty=0.0
INFO:root:U_1-Qu_upper=0.4202249618809606, U_2-Qv_upper=0.24493373981629524
INFO:root:eta=0.9295415070892549, l=0.8782608362213958, r=0.962
INFO:root:Iter 44: Q=0.0021, term1=0.0044, term2=0.0019, penalty=0.0
INFO:root:U_1-Qu_upper=0.4260309073117894, U_2-Qv_upper=0.24671121192347967
INFO:root:eta=0.9312907728079186, l=0.8824477944103261, r=0.962
INFO:root:Iter 45: Q=0.0021, term1=0.0043, term2=0.0019, penalty=0.0
INFO:root:U_1-Qu_upper=0.4254184767349358, U_2-Qv_upper=0.24631808718382023
INFO:root:eta=0.9328291193830675, l=0.8864254046898098, r=0.962
INFO:root:Iter 46: Q=0.0020, term1=0.0044, term2=0.0019, penalty=0.0
INFO:root:U_1-Qu_upper=0.4187001273591753, U_2-Qv_upper=0.2494028038026343
INFO:root:eta=0.9337880058783249, l=0.8902041344553193, r=0.962
INFO:root:Iter 47: Q=0.0020, term1=0.0044, term2=0.0018, penalty=0.0
INFO:root:U_1-Qu_upper=0.42315299873422, U_2-Qv_upper=0.24872222055639132
INFO:root:eta=0.9354218101928281, l=0.8937939277325534, r=0.962
INFO:root:Iter 48: Q=0.0019, term1=0.0044, term2=0.0018, penalty=0.0
INFO:root:U_1-Qu_upper=0.4183161731593672, U_2-Qv_upper=0.25043807084503167
INFO:root:eta=0.9364578859697468, l=0.8972042313459258, r=0.962
INFO:root:Iter 49: Q=0.0019, term1=0.0043, term2=0.0017, penalty=0.0
INFO:root:U_1-Qu_upper=0.41994887157036875, U_2-Qv_upper=0.24960307912711943
INFO:root:eta=0.9378447072648846, l=0.9004440197786294, r=0.962
INFO:root:Iter 50: Q=0.0019, term1=0.0043, term2=0.0017, penalty=0.0
/zhome/c3/3/213266/SC/distributional-counterfactual-explanation/cardio_new.py:290: DeprecationWarning: __array_wrap__ must accept context and return_scalar arguments (positionally) in the future. (Deprecated NumPy 2.0)
  best_X_MeanConstraint = best_X_MeanConstraint * std.values + mean.values
INFO:root:Optimization started
INFO:root:U_1-Qu_upper=0.5, U_2-Qv_upper=-0.3277522615093292
INFO:root:eta=1, l=0.24000000000000002, r=1
INFO:root:Iter 1: Q=0.0249, term1=0.1892, term2=0.0152, penalty=0.009673545137047768
INFO:root:U_1-Qu_upper=0.04897572315785309, U_2-Qv_upper=0.16679047207685738
INFO:root:eta=0.4125087174081128, l=0.24000000000000002, r=0.962
INFO:root:Iter 2: Q=0.1832, term1=0.0265, term2=0.4063, penalty=0.0
INFO:root:U_1-Qu_upper=0.292767310588557, U_2-Qv_upper=-0.5054887120708293
INFO:root:eta=0.962, l=0.2761, r=0.962
INFO:root:Iter 3: Q=0.0972, term1=0.0818, term2=0.0978, penalty=0.0
INFO:root:U_1-Qu_upper=0.21763172047377516, U_2-Qv_upper=-0.1598139914884718
INFO:root:eta=0.962, l=0.31039500000000003, r=0.962
INFO:root:Iter 4: Q=0.0297, term1=0.0676, term2=0.0282, penalty=0.0
INFO:root:U_1-Qu_upper=0.16647915912445077, U_2-Qv_upper=0.06078464067259551
INFO:root:eta=0.787719820662871, l=0.34297525, r=0.962
INFO:root:Iter 5: Q=0.0223, term1=0.0327, term2=0.0195, penalty=0.0
INFO:root:U_1-Qu_upper=0.23698275376678696, U_2-Qv_upper=0.11525735013777832
INFO:root:eta=0.7594473901074272, l=0.3739264875, r=0.962
INFO:root:Iter 6: Q=0.0178, term1=0.0186, term2=0.0176, penalty=0.0
INFO:root:U_1-Qu_upper=0.30440041347474156, U_2-Qv_upper=0.11819383328930844
INFO:root:eta=0.7975238784471876, l=0.40333016312500003, r=0.962
INFO:root:Iter 7: Q=0.0174, term1=0.0162, term2=0.0177, penalty=0.0
INFO:root:U_1-Qu_upper=0.32291305299737116, U_2-Qv_upper=0.14234018584616223
INFO:root:eta=0.79107981768145, l=0.43126365496875, r=0.962
INFO:root:Iter 8: Q=0.0145, term1=0.0110, term2=0.0154, penalty=0.0
INFO:root:U_1-Qu_upper=0.3538183157942914, U_2-Qv_upper=0.13587028689537048
INFO:root:eta=0.8147404986166351, l=0.4578004722203125, r=0.962
INFO:root:Iter 9: Q=0.0134, term1=0.0094, term2=0.0144, penalty=0.0
INFO:root:U_1-Qu_upper=0.36690468692243666, U_2-Qv_upper=0.14241536543371427
INFO:root:eta=0.8210164285343335, l=0.48301044860929687, r=0.962
INFO:root:Iter 10: Q=0.0126, term1=0.0081, term2=0.0136, penalty=0.0
INFO:root:U_1-Qu_upper=0.37728321755484795, U_2-Qv_upper=0.1442382461225017
INFO:root:eta=0.829524890890508, l=0.506959926178832, r=0.962
INFO:root:Iter 11: Q=0.0108, term1=0.0074, term2=0.0115, penalty=0.0
INFO:root:U_1-Qu_upper=0.38332738577619396, U_2-Qv_upper=0.16337137348717262
INFO:root:eta=0.8260192233982082, l=0.5297119298698905, r=0.962
INFO:root:Iter 12: Q=0.0103, term1=0.0067, term2=0.0111, penalty=0.0
INFO:root:U_1-Qu_upper=0.3920524798842312, U_2-Qv_upper=0.16527537817623192
INFO:root:eta=0.8338051264825233, l=0.5513263333763959, r=0.962
INFO:root:Iter 13: Q=0.0098, term1=0.0061, term2=0.0106, penalty=0.0
INFO:root:U_1-Qu_upper=0.3971853101990589, U_2-Qv_upper=0.1733396847798706
INFO:root:eta=0.837227124935064, l=0.5718600167075761, r=0.962
INFO:root:Iter 14: Q=0.0095, term1=0.0056, term2=0.0103, penalty=0.0
INFO:root:U_1-Qu_upper=0.4049526458975981, U_2-Qv_upper=0.1694615305335527
INFO:root:eta=0.8469023554713866, l=0.5913670158721973, r=0.962
INFO:root:Iter 15: Q=0.0090, term1=0.0054, term2=0.0097, penalty=0.0
INFO:root:U_1-Qu_upper=0.4063141742896702, U_2-Qv_upper=0.1768043072634581
INFO:root:eta=0.849622309906612, l=0.6098986650785875, r=0.962
INFO:root:Iter 16: Q=0.0086, term1=0.0051, term2=0.0092, penalty=0.0
INFO:root:U_1-Qu_upper=0.408713069427905, U_2-Qv_upper=0.17976816519786365
INFO:root:eta=0.8544407318055046, l=0.6275037318246581, r=0.962
INFO:root:Iter 17: Q=0.0082, term1=0.0049, term2=0.0088, penalty=0.0
INFO:root:U_1-Qu_upper=0.4116374550501009, U_2-Qv_upper=0.18268324172400763
INFO:root:eta=0.8591820046878156, l=0.6442285452334252, r=0.962
INFO:root:Iter 18: Q=0.0079, term1=0.0047, term2=0.0084, penalty=0.0
INFO:root:U_1-Qu_upper=0.41360780914297735, U_2-Qv_upper=0.1860706913066994
INFO:root:eta=0.8634005767730304, l=0.660117117971754, r=0.962
INFO:root:Iter 19: Q=0.0076, term1=0.0045, term2=0.0081, penalty=0.0
INFO:root:U_1-Qu_upper=0.41621999668801746, U_2-Qv_upper=0.18635806748615463
INFO:root:eta=0.8686373075179292, l=0.6752112620731663, r=0.962
INFO:root:Iter 20: Q=0.0073, term1=0.0045, term2=0.0077, penalty=0.0
INFO:root:U_1-Qu_upper=0.416736517557873, U_2-Qv_upper=0.18967484752234487
INFO:root:eta=0.8722975088037768, l=0.6895506989695079, r=0.962
INFO:root:Iter 21: Q=0.0070, term1=0.0044, term2=0.0074, penalty=0.0
INFO:root:U_1-Qu_upper=0.41664043817477114, U_2-Qv_upper=0.19203997362976996
INFO:root:eta=0.8760416619778685, l=0.7031731640210326, r=0.962
INFO:root:Iter 22: Q=0.0068, term1=0.0043, term2=0.0071, penalty=0.0
INFO:root:U_1-Qu_upper=0.4192850132128744, U_2-Qv_upper=0.19540413469575
INFO:root:eta=0.8797212838512203, l=0.7161145058199809, r=0.962
INFO:root:Iter 23: Q=0.0065, term1=0.0042, term2=0.0069, penalty=0.0
INFO:root:U_1-Qu_upper=0.42005800038323055, U_2-Qv_upper=0.19852593775202765
INFO:root:eta=0.8830864600544553, l=0.7284087805289818, r=0.962
INFO:root:Iter 24: Q=0.0063, term1=0.0042, term2=0.0066, penalty=0.0
INFO:root:U_1-Qu_upper=0.4229243411395878, U_2-Qv_upper=0.20176298580983382
INFO:root:eta=0.8865541571499677, l=0.7400883415025328, r=0.962
INFO:root:Iter 25: Q=0.0061, term1=0.0041, term2=0.0064, penalty=0.0
INFO:root:U_1-Qu_upper=0.4210204143672122, U_2-Qv_upper=0.20183159753152147
INFO:root:eta=0.8900908085872969, l=0.7511839244274061, r=0.962
INFO:root:Iter 26: Q=0.0059, term1=0.0041, term2=0.0061, penalty=0.0
INFO:root:U_1-Qu_upper=0.42226611480420917, U_2-Qv_upper=0.20462745185844256
INFO:root:eta=0.8931864746277882, l=0.7617247282060358, r=0.962
INFO:root:Iter 27: Q=0.0057, term1=0.0040, term2=0.0060, penalty=0.0
INFO:root:U_1-Qu_upper=0.42398970420133103, U_2-Qv_upper=0.2056458045258321
INFO:root:eta=0.8965879182100793, l=0.771738491795734, r=0.962
INFO:root:Iter 28: Q=0.0056, term1=0.0040, term2=0.0058, penalty=0.0
INFO:root:U_1-Qu_upper=0.42308073992976114, U_2-Qv_upper=0.20432989272809282
INFO:root:eta=0.900037209543334, l=0.7812515672059472, r=0.962
INFO:root:Iter 29: Q=0.0054, term1=0.0040, term2=0.0056, penalty=0.0
INFO:root:U_1-Qu_upper=0.42327886517389485, U_2-Qv_upper=0.2072443192936485
INFO:root:eta=0.9025904701990772, l=0.7902889888456499, r=0.962
INFO:root:Iter 30: Q=0.0052, term1=0.0040, term2=0.0054, penalty=0.0
INFO:root:U_1-Qu_upper=0.4234476185639319, U_2-Qv_upper=0.20922503828160333
INFO:root:eta=0.905215116864276, l=0.7988745394033674, r=0.962
INFO:root:Iter 31: Q=0.0051, term1=0.0040, term2=0.0052, penalty=0.0
INFO:root:U_1-Qu_upper=0.42691390951851566, U_2-Qv_upper=0.2145744854563258
INFO:root:eta=0.9074353936149985, l=0.8070308124331991, r=0.962
INFO:root:Iter 32: Q=0.0049, term1=0.0039, term2=0.0050, penalty=0.0
INFO:root:U_1-Qu_upper=0.4267513850632245, U_2-Qv_upper=0.2141475681973487
INFO:root:eta=0.91021917793107, l=0.8147792718115391, r=0.962
INFO:root:Iter 33: Q=0.0048, term1=0.0039, term2=0.0049, penalty=0.0
INFO:root:U_1-Qu_upper=0.42307645823419526, U_2-Qv_upper=0.21724640118449193
INFO:root:eta=0.9120514890133093, l=0.8221403082209622, r=0.962
INFO:root:Iter 34: Q=0.0047, term1=0.0039, term2=0.0048, penalty=0.0
INFO:root:U_1-Qu_upper=0.4218169133096826, U_2-Qv_upper=0.21426614016207013
INFO:root:eta=0.9148879190253698, l=0.8291332928099141, r=0.962
INFO:root:Iter 35: Q=0.0046, term1=0.0039, term2=0.0046, penalty=0.0
INFO:root:U_1-Qu_upper=0.4251199853714416, U_2-Qv_upper=0.21583788787224506
INFO:root:eta=0.9172581056484734, l=0.8357766281694184, r=0.962
INFO:root:Iter 36: Q=0.0044, term1=0.0039, term2=0.0045, penalty=0.0
INFO:root:U_1-Qu_upper=0.4246212073516891, U_2-Qv_upper=0.21748488257435494
INFO:root:eta=0.9192474461286063, l=0.8420877967609475, r=0.962
INFO:root:Iter 37: Q=0.0043, term1=0.0039, term2=0.0044, penalty=0.0
INFO:root:U_1-Qu_upper=0.42454988129944765, U_2-Qv_upper=0.21976386705599982
INFO:root:eta=0.9211000974939907, l=0.8480834069229001, r=0.962
INFO:root:Iter 38: Q=0.0042, term1=0.0039, term2=0.0042, penalty=0.0
INFO:root:U_1-Qu_upper=0.42342642534261044, U_2-Qv_upper=0.2192869824637218
INFO:root:eta=0.9231328694173558, l=0.853779236576755, r=0.962
INFO:root:Iter 39: Q=0.0041, term1=0.0039, term2=0.0041, penalty=0.0
INFO:root:U_1-Qu_upper=0.42575950838346543, U_2-Qv_upper=0.22269151612913102
INFO:root:eta=0.9248347477722177, l=0.8591902747479173, r=0.962
INFO:root:Iter 40: Q=0.0040, term1=0.0039, term2=0.0040, penalty=0.0
INFO:root:U_1-Qu_upper=0.42276759479693177, U_2-Qv_upper=0.223869072017291
INFO:root:eta=0.9264067233305394, l=0.8643307610105214, r=0.962
INFO:root:Iter 41: Q=0.0039, term1=0.0039, term2=0.0039, penalty=0.0
INFO:root:U_1-Qu_upper=0.423129487327783, U_2-Qv_upper=0.2242071469700102
INFO:root:eta=0.9281719416755745, l=0.8692142229599954, r=0.962
INFO:root:Iter 42: Q=0.0038, term1=0.0039, term2=0.0038, penalty=0.0
INFO:root:U_1-Qu_upper=0.4244376525322977, U_2-Qv_upper=0.22562829942443396
INFO:root:eta=0.9297954259544048, l=0.8738535118119957, r=0.962
INFO:root:Iter 43: Q=0.0037, term1=0.0039, term2=0.0037, penalty=0.0
INFO:root:U_1-Qu_upper=0.4229504629884974, U_2-Qv_upper=0.22726954615723874
INFO:root:eta=0.9311904092706073, l=0.8782608362213958, r=0.962
INFO:root:Iter 44: Q=0.0037, term1=0.0039, term2=0.0036, penalty=0.0
INFO:root:U_1-Qu_upper=0.42653814538845264, U_2-Qv_upper=0.2283282498338703
INFO:root:eta=0.9328031793238842, l=0.8824477944103261, r=0.962
INFO:root:Iter 45: Q=0.0036, term1=0.0039, term2=0.0036, penalty=0.0
INFO:root:U_1-Qu_upper=0.4247443323599236, U_2-Qv_upper=0.22630992833204022
INFO:root:eta=0.9343472296663566, l=0.8864254046898098, r=0.962
INFO:root:Iter 46: Q=0.0035, term1=0.0039, term2=0.0035, penalty=0.0
INFO:root:U_1-Qu_upper=0.42293620432278567, U_2-Qv_upper=0.23041296119538646
INFO:root:eta=0.9353475341890835, l=0.8902041344553193, r=0.962
INFO:root:Iter 47: Q=0.0034, term1=0.0039, term2=0.0034, penalty=0.0
INFO:root:U_1-Qu_upper=0.424031162585361, U_2-Qv_upper=0.23136393268931366
INFO:root:eta=0.9366550227137588, l=0.8937939277325534, r=0.962
INFO:root:Iter 48: Q=0.0034, term1=0.0039, term2=0.0033, penalty=0.0
INFO:root:U_1-Qu_upper=0.42331987580218106, U_2-Qv_upper=0.2286573435941192
INFO:root:eta=0.9380791959631598, l=0.8972042313459258, r=0.962
INFO:root:Iter 49: Q=0.0033, term1=0.0039, term2=0.0033, penalty=0.0
INFO:root:U_1-Qu_upper=0.4250200288695442, U_2-Qv_upper=0.23131951411032964
INFO:root:eta=0.9391634577227881, l=0.9004440197786294, r=0.962
INFO:root:Iter 50: Q=0.0032, term1=0.0039, term2=0.0032, penalty=0.0
/zhome/c3/3/213266/SC/distributional-counterfactual-explanation/cardio_new.py:290: DeprecationWarning: __array_wrap__ must accept context and return_scalar arguments (positionally) in the future. (Deprecated NumPy 2.0)
  #     best_X_MeanConstraint = best_X_MeanConstraint * std.values + mean.values
INFO:root:Optimization started
INFO:root:U_1-Qu_upper=0.5, U_2-Qv_upper=-0.33963636255879
INFO:root:eta=1, l=0.24000000000000002, r=1
INFO:root:Iter 1: Q=0.0239, term1=0.1989, term2=0.0159, penalty=0.008002720773220062
INFO:root:U_1-Qu_upper=0.04098211815826336, U_2-Qv_upper=0.16010060726406575
INFO:root:eta=0.3948935132784983, l=0.24000000000000002, r=0.962
INFO:root:Iter 2: Q=1.4813, term1=0.0165, term2=0.3342, penalty=1.3393654823303223
INFO:root:U_1-Qu_upper=0.3619616279184991, U_2-Qv_upper=-0.4161046742257953
INFO:root:eta=0.962, l=0.2761, r=0.962
INFO:root:Iter 3: Q=0.9793, term1=0.0715, term2=0.1021, penalty=0.8782863616943359
INFO:root:U_1-Qu_upper=0.24873950015549917, U_2-Qv_upper=-0.16352961253091264
INFO:root:eta=0.962, l=0.31039500000000003, r=0.962
INFO:root:Iter 4: Q=0.6963, term1=0.0594, term2=0.0504, penalty=0.6455610394477844
INFO:root:U_1-Qu_upper=0.188601352736801, U_2-Qv_upper=-0.02767205339166512
INFO:root:eta=0.962, l=0.34297525, r=0.962
INFO:root:Iter 5: Q=0.5034, term1=0.0547, term2=0.0346, penalty=0.46811312437057495
INFO:root:U_1-Qu_upper=0.18086023073671537, U_2-Qv_upper=0.028123225808451724
INFO:root:eta=0.8786968854230439, l=0.3739264875, r=0.962
INFO:root:Iter 6: Q=0.4517, term1=0.0348, term2=0.0274, penalty=0.42347609996795654
INFO:root:U_1-Qu_upper=0.22484169484735028, U_2-Qv_upper=0.05818666137100398
INFO:root:eta=0.8411003318879631, l=0.40333016312500003, r=0.962
INFO:root:Iter 7: Q=0.4381, term1=0.0244, term2=0.0254, penalty=0.41286954283714294
INFO:root:U_1-Qu_upper=0.2716123181265516, U_2-Qv_upper=0.07121091041301322
INFO:root:eta=0.8459536402663363, l=0.43126365496875, r=0.962
INFO:root:Iter 8: Q=0.3965, term1=0.0190, term2=0.0214, penalty=0.3754630982875824
INFO:root:U_1-Qu_upper=0.29974877229798563, U_2-Qv_upper=0.09251110437673993
INFO:root:eta=0.8368304164373408, l=0.4578004722203125, r=0.962
INFO:root:Iter 9: Q=0.3583, term1=0.0154, term2=0.0189, penalty=0.33999836444854736
INFO:root:U_1-Qu_upper=0.3237857082976172, U_2-Qv_upper=0.10319651500464613
INFO:root:eta=0.8401409827054591, l=0.48301044860929687, r=0.962
INFO:root:Iter 10: Q=0.3232, term1=0.0126, term2=0.0191, penalty=0.30515456199645996
INFO:root:U_1-Qu_upper=0.3420760092502536, U_2-Qv_upper=0.10383800116522318
INFO:root:eta=0.8504598455448951, l=0.506959926178832, r=0.962
INFO:root:Iter 11: Q=0.2865, term1=0.0110, term2=0.0189, penalty=0.2687467932701111
INFO:root:U_1-Qu_upper=0.35185225289507405, U_2-Qv_upper=0.10493449653644032
INFO:root:eta=0.8574667553081289, l=0.5297119298698905, r=0.962
INFO:root:Iter 12: Q=0.2543, term1=0.0100, term2=0.0186, penalty=0.23687076568603516
INFO:root:U_1-Qu_upper=0.3598594561390276, U_2-Qv_upper=0.10752759795058303
INFO:root:eta=0.8625473142718415, l=0.5513263333763959, r=0.962
INFO:root:Iter 13: Q=0.2278, term1=0.0093, term2=0.0182, penalty=0.21076235175132751
INFO:root:U_1-Qu_upper=0.36696360018415775, U_2-Qv_upper=0.11019087779057493
INFO:root:eta=0.8671617580897455, l=0.5718600167075761, r=0.962
INFO:root:Iter 14: Q=0.2060, term1=0.0086, term2=0.0178, penalty=0.18939349055290222
INFO:root:U_1-Qu_upper=0.37116901431415494, U_2-Qv_upper=0.11125719710596851
INFO:root:eta=0.8720258651114539, l=0.5913670158721973, r=0.962
INFO:root:Iter 15: Q=0.1877, term1=0.0082, term2=0.0175, penalty=0.1713915914297104
INFO:root:U_1-Qu_upper=0.3755136214994167, U_2-Qv_upper=0.11296369257343666
INFO:root:eta=0.8762886081494786, l=0.6098986650785875, r=0.962
INFO:root:Iter 16: Q=0.1720, term1=0.0078, term2=0.0171, penalty=0.1560283899307251
INFO:root:U_1-Qu_upper=0.37886832979889873, U_2-Qv_upper=0.11676183225642994
INFO:root:eta=0.8790510591307201, l=0.6275037318246581, r=0.962
INFO:root:Iter 17: Q=0.1594, term1=0.0076, term2=0.0166, penalty=0.14392614364624023
INFO:root:U_1-Qu_upper=0.38109856509771667, U_2-Qv_upper=0.11909524056009524
INFO:root:eta=0.8823570434615711, l=0.6442285452334252, r=0.962
INFO:root:Iter 18: Q=0.1477, term1=0.0074, term2=0.0149, penalty=0.133672833442688
INFO:root:U_1-Qu_upper=0.38431843943795013, U_2-Qv_upper=0.130916109168016
INFO:root:eta=0.8812573507051145, l=0.660117117971754, r=0.962
INFO:root:Iter 19: Q=0.1390, term1=0.0078, term2=0.0136, penalty=0.1260674148797989
INFO:root:U_1-Qu_upper=0.3829001557996369, U_2-Qv_upper=0.15380412565184204
INFO:root:eta=0.875488983926039, l=0.6752112620731663, r=0.962
INFO:root:Iter 20: Q=0.1326, term1=0.0068, term2=0.0116, penalty=0.12154048681259155
INFO:root:U_1-Qu_upper=0.38961838564919576, U_2-Qv_upper=0.1547444345828804
INFO:root:eta=0.8804754001452453, l=0.6895506989695079, r=0.962
INFO:root:Iter 21: Q=0.1265, term1=0.0064, term2=0.0116, penalty=0.11560150980949402
INFO:root:U_1-Qu_upper=0.3971174113167075, U_2-Qv_upper=0.1554453805859092
INFO:root:eta=0.8853553436647003, l=0.7031731640210326, r=0.962
INFO:root:Iter 22: Q=0.1199, term1=0.0063, term2=0.0114, penalty=0.1091524064540863
INFO:root:U_1-Qu_upper=0.3936413148950514, U_2-Qv_upper=0.15701913551093208
INFO:root:eta=0.8881963229745586, l=0.7161145058199809, r=0.962
INFO:root:Iter 23: Q=0.1141, term1=0.0061, term2=0.0112, penalty=0.1034773513674736
INFO:root:U_1-Qu_upper=0.394227967009005, U_2-Qv_upper=0.15756762635213997
INFO:root:eta=0.8917863300495565, l=0.7284087805289818, r=0.962
INFO:root:Iter 24: Q=0.1084, term1=0.0059, term2=0.0111, penalty=0.09785112738609314
INFO:root:U_1-Qu_upper=0.3981689426145003, U_2-Qv_upper=0.15500787671275737
INFO:root:eta=0.8965444753216866, l=0.7400883415025328, r=0.962
INFO:root:Iter 25: Q=0.1027, term1=0.0058, term2=0.0109, penalty=0.09240507334470749
INFO:root:U_1-Qu_upper=0.39926269630969546, U_2-Qv_upper=0.1597240558919665
INFO:root:eta=0.898591287708834, l=0.7511839244274061, r=0.962
INFO:root:Iter 26: Q=0.0979, term1=0.0058, term2=0.0106, penalty=0.08771836012601852
INFO:root:U_1-Qu_upper=0.40027087861402594, U_2-Qv_upper=0.15992397728090468
INFO:root:eta=0.9018163961601168, l=0.7617247282060358, r=0.962
INFO:root:Iter 27: Q=0.0934, term1=0.0057, term2=0.0105, penalty=0.08339978754520416
INFO:root:U_1-Qu_upper=0.40012186859694854, U_2-Qv_upper=0.15943731460954816
INFO:root:eta=0.9049348092644147, l=0.771738491795734, r=0.962
INFO:root:Iter 28: Q=0.0891, term1=0.0056, term2=0.0103, penalty=0.07930021733045578
INFO:root:U_1-Qu_upper=0.4016039161202406, U_2-Qv_upper=0.1607149741264363
INFO:root:eta=0.9076218279366508, l=0.7812515672059472, r=0.962
INFO:root:Iter 29: Q=0.0852, term1=0.0056, term2=0.0101, penalty=0.0755215436220169
INFO:root:U_1-Qu_upper=0.40353717327694005, U_2-Qv_upper=0.1630923265612593
INFO:root:eta=0.9099753834999746, l=0.7902889888456499, r=0.962
INFO:root:Iter 30: Q=0.0816, term1=0.0055, term2=0.0100, penalty=0.07204541563987732
INFO:root:U_1-Qu_upper=0.40317169630223215, U_2-Qv_upper=0.16446499971871828
INFO:root:eta=0.9122490737488214, l=0.7988745394033674, r=0.962
INFO:root:Iter 31: Q=0.0783, term1=0.0055, term2=0.0098, penalty=0.06883299350738525
INFO:root:U_1-Qu_upper=0.4041772695232728, U_2-Qv_upper=0.16280987952379156
INFO:root:eta=0.9151586621819603, l=0.8070308124331991, r=0.962
INFO:root:Iter 32: Q=0.0750, term1=0.0054, term2=0.0096, penalty=0.0657239481806755
INFO:root:U_1-Qu_upper=0.4009016144128805, U_2-Qv_upper=0.16729189197385771
INFO:root:eta=0.9163727826976327, l=0.8147792718115391, r=0.962
INFO:root:Iter 33: Q=0.0722, term1=0.0054, term2=0.0095, penalty=0.0630563497543335
INFO:root:U_1-Qu_upper=0.40344930131104595, U_2-Qv_upper=0.166649532495478
INFO:root:eta=0.9189648908726287, l=0.8221403082209622, r=0.962
INFO:root:Iter 34: Q=0.0695, term1=0.0054, term2=0.0094, penalty=0.06047919765114784
INFO:root:U_1-Qu_upper=0.4035033758834313, U_2-Qv_upper=0.16642868570409866
INFO:root:eta=0.9211588783039699, l=0.8291332928099141, r=0.962
INFO:root:Iter 35: Q=0.0670, term1=0.0053, term2=0.0092, penalty=0.05804578587412834
INFO:root:U_1-Qu_upper=0.40553355554204895, U_2-Qv_upper=0.16817977168816634
INFO:root:eta=0.9230511183554562, l=0.8357766281694184, r=0.962
INFO:root:Iter 36: Q=0.0646, term1=0.0053, term2=0.0091, penalty=0.0557703897356987
INFO:root:U_1-Qu_upper=0.4038654366859349, U_2-Qv_upper=0.17007529492451331
INFO:root:eta=0.9245963518389503, l=0.8420877967609475, r=0.962
INFO:root:Iter 37: Q=0.0624, term1=0.0053, term2=0.0090, penalty=0.05372590571641922
INFO:root:U_1-Qu_upper=0.4052601053148425, U_2-Qv_upper=0.1691491155567652
INFO:root:eta=0.9266888622512512, l=0.8480834069229001, r=0.962
INFO:root:Iter 38: Q=0.0603, term1=0.0053, term2=0.0088, penalty=0.05173791944980621
INFO:root:U_1-Qu_upper=0.40480910958606814, U_2-Qv_upper=0.17273840878758906
INFO:root:eta=0.9279287411050556, l=0.853779236576755, r=0.962
INFO:root:Iter 39: Q=0.0585, term1=0.0053, term2=0.0087, penalty=0.04997760429978371
INFO:root:U_1-Qu_upper=0.404202326384862, U_2-Qv_upper=0.1694439227830904
INFO:root:eta=0.9300336954915805, l=0.8591902747479173, r=0.962
INFO:root:Iter 40: Q=0.0565, term1=0.0053, term2=0.0086, penalty=0.04815800487995148
INFO:root:U_1-Qu_upper=0.40332322579616564, U_2-Qv_upper=0.17048132230245674
INFO:root:eta=0.9314545155408652, l=0.8643307610105214, r=0.962
INFO:root:Iter 41: Q=0.0548, term1=0.0052, term2=0.0085, penalty=0.046500060707330704
INFO:root:U_1-Qu_upper=0.40581076978736547, U_2-Qv_upper=0.17293141058833267
INFO:root:eta=0.9328158834067095, l=0.8692142229599954, r=0.962
INFO:root:Iter 42: Q=0.0532, term1=0.0052, term2=0.0084, penalty=0.04496065527200699
INFO:root:U_1-Qu_upper=0.4055399807239292, U_2-Qv_upper=0.17352911022823275
INFO:root:eta=0.9341949701975765, l=0.8738535118119957, r=0.962
INFO:root:Iter 43: Q=0.0516, term1=0.0052, term2=0.0083, penalty=0.04351171478629112
INFO:root:U_1-Qu_upper=0.404344846995584, U_2-Qv_upper=0.17250602160428366
INFO:root:eta=0.9356399807586159, l=0.8782608362213958, r=0.962
INFO:root:Iter 44: Q=0.0502, term1=0.0052, term2=0.0083, penalty=0.04209785908460617
INFO:root:U_1-Qu_upper=0.40543730346406187, U_2-Qv_upper=0.17332184133840534
INFO:root:eta=0.9369225110504308, l=0.8824477944103261, r=0.962
INFO:root:Iter 45: Q=0.0487, term1=0.0052, term2=0.0082, penalty=0.04075078293681145
INFO:root:U_1-Qu_upper=0.405177621195098, U_2-Qv_upper=0.1748637011174696
INFO:root:eta=0.938017582599103, l=0.8864254046898098, r=0.962
INFO:root:Iter 46: Q=0.0474, term1=0.0052, term2=0.0081, penalty=0.03949550911784172
INFO:root:U_1-Qu_upper=0.4064927610724452, U_2-Qv_upper=0.17469028103940396
INFO:root:eta=0.9392840115117543, l=0.8902041344553193, r=0.962
INFO:root:Iter 47: Q=0.0462, term1=0.0052, term2=0.0080, penalty=0.03831448778510094
INFO:root:U_1-Qu_upper=0.40574807591130646, U_2-Qv_upper=0.17604189729469913
INFO:root:eta=0.9402755273028307, l=0.8937939277325534, r=0.962
INFO:root:Iter 48: Q=0.0450, term1=0.0052, term2=0.0079, penalty=0.03721417859196663
INFO:root:U_1-Qu_upper=0.40649144742775556, U_2-Qv_upper=0.17593893322560894
INFO:root:eta=0.9413965012937997, l=0.8972042313459258, r=0.962
INFO:root:Iter 49: Q=0.0438, term1=0.0052, term2=0.0079, penalty=0.03612922877073288
INFO:root:U_1-Qu_upper=0.40391472017575764, U_2-Qv_upper=0.17604554228553604
INFO:root:eta=0.9423314003236972, l=0.9004440197786294, r=0.962
INFO:root:Iter 50: Q=0.0428, term1=0.0052, term2=0.0078, penalty=0.035127997398376465
/zhome/c3/3/213266/SC/distributional-counterfactual-explanation/cardio_new.py:290: DeprecationWarning: __array_wrap__ must accept context and return_scalar arguments (positionally) in the future. (Deprecated NumPy 2.0)
  #     best_X_MeanConstraint = best_X_MeanConstraint * std.values + mean.values
INFO:root:Optimization started
INFO:root:U_1-Qu_upper=0.5, U_2-Qv_upper=-0.32246807502458336
INFO:root:eta=1, l=0.24000000000000002, r=1
INFO:root:Iter 1: Q=0.0294, term1=0.0420, term2=0.0172, penalty=0.012198193930089474
INFO:root:U_1-Qu_upper=0.2755221133950172, U_2-Qv_upper=0.14443846886521483
INFO:root:eta=0.7386106197234926, l=0.278, r=1
INFO:root:Iter 2: Q=0.2267, term1=0.0143, term2=0.0080, penalty=0.21708989143371582
INFO:root:U_1-Qu_upper=0.3399577716156944, U_2-Qv_upper=0.18580952457341432
INFO:root:eta=0.7448405830594829, l=0.31410000000000005, r=1
INFO:root:Iter 3: Q=0.2342, term1=0.0105, term2=0.0069, penalty=0.2263430804014206
INFO:root:U_1-Qu_upper=0.3695127625308011, U_2-Qv_upper=0.19524569537860548
INFO:root:eta=0.7628738081127285, l=0.34839500000000007, r=1
INFO:root:Iter 4: Q=0.2193, term1=0.0083, term2=0.0067, penalty=0.212222620844841
INFO:root:U_1-Qu_upper=0.38609446223797494, U_2-Qv_upper=0.19152226636670194
INFO:root:eta=0.7839452006915709, l=0.38097525000000004, r=1
INFO:root:Iter 5: Q=0.2000, term1=0.0073, term2=0.0064, penalty=0.19341039657592773
INFO:root:U_1-Qu_upper=0.3925941659842314, U_2-Qv_upper=0.19701318673661553
INFO:root:eta=0.7931571950323395, l=0.41192648750000005, r=1
INFO:root:Iter 6: Q=0.1836, term1=0.0066, term2=0.0061, penalty=0.17742128670215607
INFO:root:U_1-Qu_upper=0.4020709896854038, U_2-Qv_upper=0.19942892650831634
INFO:root:eta=0.8050226340046922, l=0.44133016312500006, r=1
INFO:root:Iter 7: Q=0.1690, term1=0.0060, term2=0.0058, penalty=0.16312338411808014
INFO:root:U_1-Qu_upper=0.4079782794837567, U_2-Qv_upper=0.2020304629157471
INFO:root:eta=0.8149726095449924, l=0.46926365496875005, r=1
INFO:root:Iter 8: Q=0.1567, term1=0.0057, term2=0.0055, penalty=0.15118379890918732
INFO:root:U_1-Qu_upper=0.4138878200672918, U_2-Qv_upper=0.20548938499108982
INFO:root:eta=0.8239187941658096, l=0.49580047222031254, r=1
INFO:root:Iter 9: Q=0.1451, term1=0.0053, term2=0.0052, penalty=0.1398897022008896
INFO:root:U_1-Qu_upper=0.4184341115854367, U_2-Qv_upper=0.20545096515439426
INFO:root:eta=0.833962562217329, l=0.5210104486092969, r=1
INFO:root:Iter 10: Q=0.1336, term1=0.0052, term2=0.0050, penalty=0.12856683135032654
INFO:root:U_1-Qu_upper=0.41971027313595727, U_2-Qv_upper=0.21218601687555774
INFO:root:eta=0.839158914775791, l=0.544959926178832, r=1
INFO:root:Iter 11: Q=0.1243, term1=0.0050, term2=0.0047, penalty=0.11958562582731247
INFO:root:U_1-Qu_upper=0.41955493474662864, U_2-Qv_upper=0.2152010337060299
INFO:root:eta=0.8457279661305195, l=0.5677119298698905, r=1
INFO:root:Iter 12: Q=0.1160, term1=0.0048, term2=0.0045, penalty=0.11147189885377884
INFO:root:U_1-Qu_upper=0.4253154822509076, U_2-Qv_upper=0.21443033617858337
INFO:root:eta=0.8551054598034754, l=0.589326333376396, r=1
INFO:root:Iter 13: Q=0.1079, term1=0.0047, term2=0.0043, penalty=0.10354117304086685
INFO:root:U_1-Qu_upper=0.4249622345259656, U_2-Qv_upper=0.21833738635689803
INFO:root:eta=0.8606164031417505, l=0.6098600167075762, r=1
INFO:root:Iter 14: Q=0.1005, term1=0.0046, term2=0.0041, penalty=0.09638644009828568
INFO:root:U_1-Qu_upper=0.4300575307845551, U_2-Qv_upper=0.22121029017080296
INFO:root:eta=0.8674846566428698, l=0.6293670158721973, r=1
INFO:root:Iter 15: Q=0.0934, term1=0.0045, term2=0.0039, penalty=0.08938531577587128
INFO:root:U_1-Qu_upper=0.4260837170989322, U_2-Qv_upper=0.22568421033558622
INFO:root:eta=0.8716628897705176, l=0.6478986650785875, r=1
INFO:root:Iter 16: Q=0.0869, term1=0.0045, term2=0.0037, penalty=0.08311161398887634
INFO:root:U_1-Qu_upper=0.42197967366260897, U_2-Qv_upper=0.2245337849698078
INFO:root:eta=0.8777153911226209, l=0.6655037318246582, r=1
INFO:root:Iter 17: Q=0.0811, term1=0.0044, term2=0.0035, penalty=0.07742755115032196
INFO:root:U_1-Qu_upper=0.432446010713906, U_2-Qv_upper=0.224600602841595
INFO:root:eta=0.8856579397405273, l=0.6822285452334252, r=1
INFO:root:Iter 18: Q=0.0751, term1=0.0044, term2=0.0034, penalty=0.0716155543923378
INFO:root:U_1-Qu_upper=0.4306411316456043, U_2-Qv_upper=0.22638425369466758
INFO:root:eta=0.8905088673315977, l=0.698117117971754, r=1
INFO:root:Iter 19: Q=0.0697, term1=0.0044, term2=0.0032, penalty=0.06633476912975311
INFO:root:U_1-Qu_upper=0.4297189125133749, U_2-Qv_upper=0.23086081956901566
INFO:root:eta=0.8944973238291772, l=0.7132112620731663, r=1
INFO:root:Iter 20: Q=0.0648, term1=0.0043, term2=0.0031, penalty=0.06161113828420639
INFO:root:U_1-Qu_upper=0.43305412036850943, U_2-Qv_upper=0.23213564894227837
INFO:root:eta=0.8999174478330287, l=0.727550698969508, r=1
INFO:root:Iter 21: Q=0.0602, term1=0.0043, term2=0.0030, penalty=0.05708844214677811
INFO:root:U_1-Qu_upper=0.42842025298605513, U_2-Qv_upper=0.2353218473020025
INFO:root:eta=0.9034063489617274, l=0.7411731640210326, r=1
INFO:root:Iter 22: Q=0.0561, term1=0.0043, term2=0.0028, penalty=0.05312105640769005
INFO:root:U_1-Qu_upper=0.4342518381192744, U_2-Qv_upper=0.2354296390417665
INFO:root:eta=0.9090082215993599, l=0.754114505819981, r=1
INFO:root:Iter 23: Q=0.0520, term1=0.0043, term2=0.0027, penalty=0.04917542263865471
INFO:root:U_1-Qu_upper=0.4356412780464963, U_2-Qv_upper=0.23505334050767634
INFO:root:eta=0.9138263448214532, l=0.7664087805289819, r=1
INFO:root:Iter 24: Q=0.0482, term1=0.0043, term2=0.0026, penalty=0.04541609436273575
INFO:root:U_1-Qu_upper=0.43632457065894886, U_2-Qv_upper=0.2381736801926812
INFO:root:eta=0.9175160494013693, l=0.7780883415025328, r=1
INFO:root:Iter 25: Q=0.0447, term1=0.0043, term2=0.0025, penalty=0.04209214076399803
INFO:root:U_1-Qu_upper=0.42747733836949947, U_2-Qv_upper=0.24118797447344548
INFO:root:eta=0.9199563333149624, l=0.7891839244274061, r=1
INFO:root:Iter 26: Q=0.0416, term1=0.0042, term2=0.0024, penalty=0.03908134251832962
INFO:root:U_1-Qu_upper=0.42838139468897296, U_2-Qv_upper=0.24050896298134877
INFO:root:eta=0.9241981064096121, l=0.7997247282060358, r=1
INFO:root:Iter 27: Q=0.0387, term1=0.0043, term2=0.0023, penalty=0.03621697425842285
INFO:root:U_1-Qu_upper=0.43508872589419456, U_2-Qv_upper=0.24313974627212087
INFO:root:eta=0.928202839062434, l=0.809738491795734, r=1
INFO:root:Iter 28: Q=0.0358, term1=0.0043, term2=0.0022, penalty=0.03345960006117821
INFO:root:U_1-Qu_upper=0.43585319095122194, U_2-Qv_upper=0.24240520193012988
INFO:root:eta=0.9320017565579111, l=0.8192515672059473, r=1
INFO:root:Iter 29: Q=0.0332, term1=0.0043, term2=0.0021, penalty=0.03091929852962494
INFO:root:U_1-Qu_upper=0.4317447857560246, U_2-Qv_upper=0.24635114893245308
INFO:root:eta=0.934334388677597, l=0.8282889888456499, r=1
INFO:root:Iter 30: Q=0.0308, term1=0.0043, term2=0.0020, penalty=0.0286300890147686
INFO:root:U_1-Qu_upper=0.4291902975613926, U_2-Qv_upper=0.24441456989449872
INFO:root:eta=0.9376954131938661, l=0.8368745394033674, r=1
INFO:root:Iter 31: Q=0.0286, term1=0.0043, term2=0.0020, penalty=0.026501823216676712
INFO:root:U_1-Qu_upper=0.4382513855673355, U_2-Qv_upper=0.2458114154933928
INFO:root:eta=0.9413824281775115, l=0.8450308124331991, r=1
INFO:root:Iter 32: Q=0.0265, term1=0.0043, term2=0.0019, penalty=0.024421129375696182
INFO:root:U_1-Qu_upper=0.43190166093372473, U_2-Qv_upper=0.2477772193742072
INFO:root:eta=0.9435059180203076, l=0.8527792718115391, r=1
INFO:root:Iter 33: Q=0.0246, term1=0.0043, term2=0.0018, penalty=0.02263021096587181
INFO:root:U_1-Qu_upper=0.4333341530165191, U_2-Qv_upper=0.2499146176872542
INFO:root:eta=0.9461504892823144, l=0.8601403082209622, r=1
INFO:root:Iter 34: Q=0.0229, term1=0.0043, term2=0.0018, penalty=0.020960768684744835
INFO:root:U_1-Qu_upper=0.429448581133103, U_2-Qv_upper=0.25010274914356356
INFO:root:eta=0.9485258995901492, l=0.8671332928099141, r=1
INFO:root:Iter 35: Q=0.0213, term1=0.0043, term2=0.0017, penalty=0.019428223371505737
INFO:root:U_1-Qu_upper=0.42696118139211314, U_2-Qv_upper=0.25177142550930237
INFO:root:eta=0.9507139631545154, l=0.8737766281694185, r=1
INFO:root:Iter 36: Q=0.0198, term1=0.0044, term2=0.0016, penalty=0.018016662448644638
INFO:root:U_1-Qu_upper=0.4309156854008641, U_2-Qv_upper=0.25348019145363254
INFO:root:eta=0.9532505593040839, l=0.8800877967609475, r=1
INFO:root:Iter 37: Q=0.0184, term1=0.0044, term2=0.0016, penalty=0.016677990555763245
INFO:root:U_1-Qu_upper=0.4322991942638881, U_2-Qv_upper=0.2553881438440293
INFO:root:eta=0.9554679091609742, l=0.8860834069229001, r=1
INFO:root:Iter 38: Q=0.0171, term1=0.0044, term2=0.0015, penalty=0.01543115172535181
INFO:root:U_1-Qu_upper=0.4279197525992997, U_2-Qv_upper=0.2562485811929773
INFO:root:eta=0.957333650348092, l=0.8917792365767551, r=1
INFO:root:Iter 39: Q=0.0159, term1=0.0044, term2=0.0015, penalty=0.014300782233476639
INFO:root:U_1-Qu_upper=0.42802304264155766, U_2-Qv_upper=0.25875222412769455
INFO:root:eta=0.959226307953268, l=0.8971902747479173, r=1
INFO:root:Iter 40: Q=0.0148, term1=0.0044, term2=0.0014, penalty=0.01325839664787054
INFO:root:U_1-Qu_upper=0.43051262421652153, U_2-Qv_upper=0.25508288073057495
INFO:root:eta=0.9617485810580922, l=0.9023307610105215, r=1
INFO:root:Iter 41: Q=0.0137, term1=0.0045, term2=0.0014, penalty=0.012239702045917511
INFO:root:U_1-Qu_upper=0.4270077502445859, U_2-Qv_upper=0.2600986463225655
INFO:root:eta=0.9630280885530429, l=0.9072142229599954, r=1
INFO:root:Iter 42: Q=0.0128, term1=0.0045, term2=0.0013, penalty=0.011349069885909557
INFO:root:U_1-Qu_upper=0.43250984116036734, U_2-Qv_upper=0.25866033478976563
INFO:root:eta=0.9652762792898233, l=0.9118535118119957, r=1
INFO:root:Iter 43: Q=0.0119, term1=0.0045, term2=0.0013, penalty=0.01048418041318655
INFO:root:U_1-Qu_upper=0.4270528172948828, U_2-Qv_upper=0.2617501664879806
INFO:root:eta=0.9665036904575689, l=0.9162608362213959, r=1
INFO:root:Iter 44: Q=0.0111, term1=0.0045, term2=0.0013, penalty=0.009719626978039742
INFO:root:U_1-Qu_upper=0.42980083973739464, U_2-Qv_upper=0.26048955214458797
INFO:root:eta=0.9683999987162211, l=0.9204477944103261, r=1
INFO:root:Iter 45: Q=0.0103, term1=0.0046, term2=0.0012, penalty=0.008987003937363625
INFO:root:U_1-Qu_upper=0.4279768911817658, U_2-Qv_upper=0.2633944214865225
INFO:root:eta=0.9696926864257639, l=0.9244254046898098, r=1
INFO:root:Iter 46: Q=0.0096, term1=0.0046, term2=0.0012, penalty=0.00832250714302063
INFO:root:U_1-Qu_upper=0.4264043448053755, U_2-Qv_upper=0.26350459113524294
INFO:root:eta=0.9711349544845769, l=0.9282041344553194, r=1
INFO:root:Iter 47: Q=0.0090, term1=0.0046, term2=0.0011, penalty=0.007715885527431965
INFO:root:U_1-Qu_upper=0.4328113452045854, U_2-Qv_upper=0.263907334482487
INFO:root:eta=0.9728047258453443, l=0.9317939277325534, r=1
INFO:root:Iter 48: Q=0.0083, term1=0.0046, term2=0.0011, penalty=0.007134631741791964
INFO:root:U_1-Qu_upper=0.42868400390939826, U_2-Qv_upper=0.2645113735814103
INFO:root:eta=0.9739737418224569, l=0.9352042313459258, r=1
INFO:root:Iter 49: Q=0.0078, term1=0.0047, term2=0.0011, penalty=0.006606157869100571
INFO:root:U_1-Qu_upper=0.4284303834167661, U_2-Qv_upper=0.26273345487277794
INFO:root:eta=0.975369058367185, l=0.9384440197786295, r=1
INFO:root:Iter 50: Q=0.0072, term1=0.0047, term2=0.0010, penalty=0.006110328249633312
/zhome/c3/3/213266/SC/distributional-counterfactual-explanation/cardio_new.py:290: DeprecationWarning: __array_wrap__ must accept context and return_scalar arguments (positionally) in the future. (Deprecated NumPy 2.0)
  #     best_X_MeanConstraint = best_X_MeanConstraint * std.values + mean.values
INFO:root:Optimization started
INFO:root:U_1-Qu_upper=0.5, U_2-Qv_upper=-0.3335065059003192
INFO:root:eta=1, l=0.24000000000000002, r=1
INFO:root:Iter 1: Q=0.0264, term1=0.2999, term2=0.0156, penalty=0.01080078911036253
INFO:root:U_1-Qu_upper=-0.07152627022004887, U_2-Qv_upper=0.16726595091782595
INFO:root:eta=0.24000000000000002, l=0.24000000000000002, r=0.962
INFO:root:Iter 2: Q=0.8303, term1=0.1650, term2=0.7366, penalty=0.5281422138214111
INFO:root:U_1-Qu_upper=-0.030915084107021595, U_2-Qv_upper=-0.7334161304494224
INFO:root:eta=0.9327970964678935, l=0.2761, r=0.962
INFO:root:Iter 3: Q=0.7491, term1=0.0778, term2=0.6088, penalty=0.1760576069355011
INFO:root:U_1-Qu_upper=0.11880111058798654, U_2-Qv_upper=-0.6557936899542729
INFO:root:eta=0.962, l=0.31039500000000003, r=0.962
INFO:root:Iter 4: Q=0.5213, term1=0.0501, term2=0.4602, penalty=0.07665662467479706
INFO:root:U_1-Qu_upper=0.23186185097924772, U_2-Qv_upper=-0.5606776426008584
INFO:root:eta=0.962, l=0.34297525, r=0.962
INFO:root:Iter 5: Q=0.3267, term1=0.0928, term2=0.2967, penalty=0.03778604045510292
INFO:root:U_1-Qu_upper=0.266624857238966, U_2-Qv_upper=-0.4262508282722372
INFO:root:eta=0.962, l=0.3739264875, r=0.962
INFO:root:Iter 6: Q=0.2332, term1=0.0659, term2=0.2197, penalty=0.019290773198008537
INFO:root:U_1-Qu_upper=0.2263438420355291, U_2-Qv_upper=-0.3339422208412222
INFO:root:eta=0.962, l=0.40333016312500003, r=0.962
INFO:root:Iter 7: Q=0.1654, term1=0.0467, term2=0.1577, penalty=0.011995542794466019
INFO:root:U_1-Qu_upper=0.21275324439607757, U_2-Qv_upper=-0.2740110813302356
INFO:root:eta=0.962, l=0.43126365496875, r=0.962
INFO:root:Iter 8: Q=0.1200, term1=0.0459, term2=0.1168, penalty=0.005950659513473511
INFO:root:U_1-Qu_upper=0.2010682483264638, U_2-Qv_upper=-0.19343743291966742
INFO:root:eta=0.962, l=0.4578004722203125, r=0.962
INFO:root:Iter 9: Q=0.0959, term1=0.0413, term2=0.0950, penalty=0.0029447022825479507
INFO:root:U_1-Qu_upper=0.20483146871829477, U_2-Qv_upper=-0.15477436430489117
INFO:root:eta=0.962, l=0.48301044860929687, r=0.962
INFO:root:Iter 10: Q=0.0824, term1=0.0396, term2=0.0829, penalty=0.0011504829162731767
INFO:root:U_1-Qu_upper=0.20890836659602585, U_2-Qv_upper=-0.13208568615485083
INFO:root:eta=0.962, l=0.506959926178832, r=0.962
INFO:root:Iter 11: Q=0.0723, term1=0.0378, term2=0.0733, penalty=0.0003054498811252415
INFO:root:U_1-Qu_upper=0.21563206693730574, U_2-Qv_upper=-0.10041942306787804
INFO:root:eta=0.962, l=0.5297119298698905, r=0.962
INFO:root:Iter 12: Q=0.0571, term1=0.0408, term2=0.0577, penalty=2.5627605282352306e-05
INFO:root:U_1-Qu_upper=0.21372647742747092, U_2-Qv_upper=-0.06052956126251463
INFO:root:eta=0.962, l=0.5513263333763959, r=0.962
INFO:root:Iter 13: Q=0.0561, term1=0.0344, term2=0.0569, penalty=0.0
INFO:root:U_1-Qu_upper=0.2243489248078812, U_2-Qv_upper=-0.05833819387144146
INFO:root:eta=0.962, l=0.5718600167075761, r=0.962
INFO:root:Iter 14: Q=0.0552, term1=0.0321, term2=0.0561, penalty=0.0
INFO:root:U_1-Qu_upper=0.23595671813617147, U_2-Qv_upper=-0.05672811132889172
INFO:root:eta=0.962, l=0.5913670158721973, r=0.962
INFO:root:Iter 15: Q=0.0528, term1=0.0304, term2=0.0537, penalty=0.0
INFO:root:U_1-Qu_upper=0.24312372126107734, U_2-Qv_upper=-0.05076166440240171
INFO:root:eta=0.962, l=0.6098986650785875, r=0.962
INFO:root:Iter 16: Q=0.0425, term1=0.0295, term2=0.0430, penalty=0.0
INFO:root:U_1-Qu_upper=0.24874593672407969, U_2-Qv_upper=-0.015818930730822522
INFO:root:eta=0.962, l=0.6275037318246581, r=0.962
INFO:root:Iter 17: Q=0.0387, term1=0.0291, term2=0.0390, penalty=0.0
INFO:root:U_1-Qu_upper=0.25331802337512555, U_2-Qv_upper=0.004325215823476947
INFO:root:eta=0.9563846050200806, l=0.6442285452334252, r=0.962
INFO:root:Iter 18: Q=0.0363, term1=0.0266, term2=0.0367, penalty=0.0
INFO:root:U_1-Qu_upper=0.2622075385399204, U_2-Qv_upper=0.009131453064683437
INFO:root:eta=0.9513059412237901, l=0.660117117971754, r=0.962
INFO:root:Iter 19: Q=0.0318, term1=0.0275, term2=0.0320, penalty=0.0
INFO:root:U_1-Qu_upper=0.26572411254979256, U_2-Qv_upper=0.029809949576469208
INFO:root:eta=0.9315496572323481, l=0.6752112620731663, r=0.962
INFO:root:Iter 20: Q=0.0313, term1=0.0223, term2=0.0319, penalty=0.0
INFO:root:U_1-Qu_upper=0.2815140451296056, U_2-Qv_upper=0.02814751048898001
INFO:root:eta=0.9359315750940043, l=0.6895506989695079, r=0.962
INFO:root:Iter 21: Q=0.0315, term1=0.0202, term2=0.0323, penalty=0.0
INFO:root:U_1-Qu_upper=0.29635247874078485, U_2-Qv_upper=0.027732391823010294
INFO:root:eta=0.9386861354714318, l=0.7031731640210326, r=0.962
INFO:root:Iter 22: Q=0.0316, term1=0.0187, term2=0.0324, penalty=0.0
INFO:root:U_1-Qu_upper=0.30144054102370166, U_2-Qv_upper=0.025797897793945312
INFO:root:eta=0.9415953425122026, l=0.7161145058199809, r=0.962
INFO:root:Iter 23: Q=0.0316, term1=0.0176, term2=0.0325, penalty=0.0
INFO:root:U_1-Qu_upper=0.31085455595901823, U_2-Qv_upper=0.027557131296514603
INFO:root:eta=0.941977349771875, l=0.7284087805289818, r=0.962
INFO:root:Iter 24: Q=0.0316, term1=0.0167, term2=0.0325, penalty=0.0
INFO:root:U_1-Qu_upper=0.31550181411339906, U_2-Qv_upper=0.026907670375926507
INFO:root:eta=0.943643628985304, l=0.7400883415025328, r=0.962
INFO:root:Iter 25: Q=0.0315, term1=0.0160, term2=0.0324, penalty=0.0
INFO:root:U_1-Qu_upper=0.3223779826304648, U_2-Qv_upper=0.026849463872867907
INFO:root:eta=0.9449388866268874, l=0.7511839244274061, r=0.962
INFO:root:Iter 26: Q=0.0314, term1=0.0154, term2=0.0323, penalty=0.0
INFO:root:U_1-Qu_upper=0.324870003447434, U_2-Qv_upper=0.02868582293874533
INFO:root:eta=0.9448953953939054, l=0.7617247282060358, r=0.962
INFO:root:Iter 27: Q=0.0312, term1=0.0149, term2=0.0321, penalty=0.0
INFO:root:U_1-Qu_upper=0.32793449868098945, U_2-Qv_upper=0.027642456312078956
INFO:root:eta=0.9464306545370402, l=0.771738491795734, r=0.962
INFO:root:Iter 28: Q=0.0297, term1=0.0147, term2=0.0305, penalty=0.0
INFO:root:U_1-Qu_upper=0.3321297621637853, U_2-Qv_upper=0.039062361981377025
INFO:root:eta=0.9419778513035171, l=0.7812515672059472, r=0.962
INFO:root:Iter 29: Q=0.0253, term1=0.0162, term2=0.0258, penalty=0.0
INFO:root:U_1-Qu_upper=0.3296066433960937, U_2-Qv_upper=0.060519761497302954
INFO:root:eta=0.933960749371229, l=0.7902889888456499, r=0.962
INFO:root:Iter 30: Q=0.0244, term1=0.0138, term2=0.0252, penalty=0.0
INFO:root:U_1-Qu_upper=0.3374567791741985, U_2-Qv_upper=0.06180706282967399
INFO:root:eta=0.9354186967652812, l=0.7988745394033674, r=0.962
INFO:root:Iter 31: Q=0.0245, term1=0.0131, term2=0.0253, penalty=0.0
INFO:root:U_1-Qu_upper=0.34160461443493945, U_2-Qv_upper=0.059959194877965666
INFO:root:eta=0.937643045875556, l=0.8070308124331991, r=0.962
INFO:root:Iter 32: Q=0.0245, term1=0.0125, term2=0.0253, penalty=0.0
INFO:root:U_1-Qu_upper=0.34465782787878585, U_2-Qv_upper=0.06244991681155068
INFO:root:eta=0.9382278831633093, l=0.8147792718115391, r=0.962
INFO:root:Iter 33: Q=0.0245, term1=0.0121, term2=0.0253, penalty=0.0
INFO:root:U_1-Qu_upper=0.35057590321306076, U_2-Qv_upper=0.060842038768655765
INFO:root:eta=0.9402284428120781, l=0.8221403082209622, r=0.962
INFO:root:Iter 34: Q=0.0244, term1=0.0117, term2=0.0253, penalty=0.0
INFO:root:U_1-Qu_upper=0.3512444634520795, U_2-Qv_upper=0.05945780885485999
INFO:root:eta=0.9417523622803751, l=0.8291332928099141, r=0.962
INFO:root:Iter 35: Q=0.0244, term1=0.0115, term2=0.0252, penalty=0.0
INFO:root:U_1-Qu_upper=0.35399131887373986, U_2-Qv_upper=0.06108416746962417
INFO:root:eta=0.9424468043520574, l=0.8357766281694184, r=0.962
INFO:root:Iter 36: Q=0.0243, term1=0.0112, term2=0.0252, penalty=0.0
INFO:root:U_1-Qu_upper=0.35676937935593617, U_2-Qv_upper=0.06367187352219889
INFO:root:eta=0.9428846574599287, l=0.8420877967609475, r=0.962
INFO:root:Iter 37: Q=0.0243, term1=0.0110, term2=0.0251, penalty=0.0
INFO:root:U_1-Qu_upper=0.35644711337683904, U_2-Qv_upper=0.061734554842286876
INFO:root:eta=0.9442978216174657, l=0.8480834069229001, r=0.962
INFO:root:Iter 38: Q=0.0243, term1=0.0108, term2=0.0251, penalty=0.0
INFO:root:U_1-Qu_upper=0.3579144276721469, U_2-Qv_upper=0.06101270164601705
INFO:root:eta=0.9454091453631659, l=0.853779236576755, r=0.962
INFO:root:Iter 39: Q=0.0242, term1=0.0106, term2=0.0250, penalty=0.0
INFO:root:U_1-Qu_upper=0.3600925260051983, U_2-Qv_upper=0.06176297860149607
INFO:root:eta=0.9461556252732102, l=0.8591902747479173, r=0.962
INFO:root:Iter 40: Q=0.0242, term1=0.0105, term2=0.0249, penalty=0.0
INFO:root:U_1-Qu_upper=0.36408570413620955, U_2-Qv_upper=0.06245686909371134
INFO:root:eta=0.9469459961217785, l=0.8643307610105214, r=0.962
INFO:root:Iter 41: Q=0.0241, term1=0.0103, term2=0.0249, penalty=0.0
INFO:root:U_1-Qu_upper=0.3623217087416356, U_2-Qv_upper=0.06315674865133158
INFO:root:eta=0.9475022705130093, l=0.8692142229599954, r=0.962
INFO:root:Iter 42: Q=0.0240, term1=0.0102, term2=0.0248, penalty=0.0
INFO:root:U_1-Qu_upper=0.36495657213973776, U_2-Qv_upper=0.0632880316303546
INFO:root:eta=0.9482876749865424, l=0.8738535118119957, r=0.962
INFO:root:Iter 43: Q=0.0240, term1=0.0101, term2=0.0247, penalty=0.0
INFO:root:U_1-Qu_upper=0.3656299512970176, U_2-Qv_upper=0.06468322158187248
INFO:root:eta=0.9487501178525778, l=0.8782608362213958, r=0.962
INFO:root:Iter 44: Q=0.0239, term1=0.0100, term2=0.0247, penalty=0.0
INFO:root:U_1-Qu_upper=0.36669866700732007, U_2-Qv_upper=0.06352874522724739
INFO:root:eta=0.9496348092893411, l=0.8824477944103261, r=0.962
INFO:root:Iter 45: Q=0.0239, term1=0.0099, term2=0.0246, penalty=0.0
INFO:root:U_1-Qu_upper=0.36443214414432235, U_2-Qv_upper=0.06183778607352439
INFO:root:eta=0.9504595841221611, l=0.8864254046898098, r=0.962
INFO:root:Iter 46: Q=0.0238, term1=0.0098, term2=0.0246, penalty=0.0
INFO:root:U_1-Qu_upper=0.36728330349399674, U_2-Qv_upper=0.06266160182052355
INFO:root:eta=0.9509855068857949, l=0.8902041344553193, r=0.962
INFO:root:Iter 47: Q=0.0238, term1=0.0097, term2=0.0245, penalty=0.0
INFO:root:U_1-Qu_upper=0.37193073125560816, U_2-Qv_upper=0.06447831481510913
INFO:root:eta=0.9513923454092126, l=0.8937939277325534, r=0.962
INFO:root:Iter 48: Q=0.0238, term1=0.0096, term2=0.0245, penalty=0.0
INFO:root:U_1-Qu_upper=0.37476670642516247, U_2-Qv_upper=0.06422111467781891
INFO:root:eta=0.9520218872181793, l=0.8972042313459258, r=0.962
INFO:root:Iter 49: Q=0.0237, term1=0.0095, term2=0.0244, penalty=0.0
INFO:root:U_1-Qu_upper=0.3724847254137633, U_2-Qv_upper=0.06401296582555516
INFO:root:eta=0.9524976145172329, l=0.9004440197786294, r=0.962
INFO:root:Iter 50: Q=0.0237, term1=0.0094, term2=0.0244, penalty=0.0
/zhome/c3/3/213266/SC/distributional-counterfactual-explanation/cardio_new.py:290: DeprecationWarning: __array_wrap__ must accept context and return_scalar arguments (positionally) in the future. (Deprecated NumPy 2.0)
  #     best_X_MeanConstraint = best_X_MeanConstraint * std.values + mean.values
Using device: cuda
Test Accuracy: 73.60%
X Sliced Wasserstein Distance (SWD) with Mean constraint: 0.074166
Y Wasserstein Distance (WD) with Mean constraint: 0.002379
X Sliced Wasserstein Distance (SWD) with Mean constraint: 0.069772
Y Wasserstein Distance (WD) with Mean constraint: 0.003984
X Sliced Wasserstein Distance (SWD) with Mean constraint: 0.080823
Y Wasserstein Distance (WD) with Mean constraint: 0.009738
X Sliced Wasserstein Distance (SWD) with Mean constraint: 0.076783
Y Wasserstein Distance (WD) with Mean constraint: 0.001304
X Sliced Wasserstein Distance (SWD) with Mean constraint: 0.108976
Y Wasserstein Distance (WD) with Mean constraint: 0.030541

------------------------------------------------------------
Sender: LSF System <lsfadmin@hpc.dtu.dk>
Subject: Job 27592810: <NONAME> in cluster <dcc> Done

Job <NONAME> was submitted from host <hpclogin1> by user <s242612> in cluster <dcc> at Sat Jan 10 05:23:35 2026
Job was executed on host(s) <4*n-62-20-6>, in queue <gpuv100>, as user <s242612> in cluster <dcc> at Sat Jan 10 05:23:37 2026
</zhome/c3/3/213266> was used as the home directory.
</zhome/c3/3/213266/SC/distributional-counterfactual-explanation> was used as the working directory.
Started at Sat Jan 10 05:23:37 2026
Terminated at Sat Jan 10 07:29:10 2026
Results reported at Sat Jan 10 07:29:10 2026

Your job looked like:

------------------------------------------------------------
# LSBATCH: User input
#!/bin/bash
#BSUB -q gpuv100              # 指定队列类型
#BSUB -gpu "num=1"             # 请求一个 GPU
#BSUB -n 4                     # 请求 4 个 CPU 核心
#BSUB -R "rusage[mem=4096]"     # 请求 4096MB 内存
#BSUB -W 6:00                  # 设置最大运行时长为 1 小时
#BSUB -o output_%J.log         # 输出日志文件名设置为 output_<job_id>.log

# 激活虚拟环境
source ~/myenv/bin/activate

# 运行你的 Python 脚本
# python HELOC.py
# python Cardio.py
# python Cardio.py
python cardio_new.py
# python HELOC_new.py
# python market_new.py




------------------------------------------------------------

Successfully completed.

Resource usage summary:

    CPU time :                                   7537.59 sec.
    Max Memory :                                 7946 MB
    Average Memory :                             7691.98 MB
    Total Requested Memory :                     16384.00 MB
    Delta Memory :                               8438.00 MB
    Max Swap :                                   -
    Max Processes :                              4
    Max Threads :                                8
    Run time :                                   7560 sec.
    Turnaround time :                            7535 sec.

The output (if any) is above this job summary.

