/zhome/c3/3/213266/myenv/lib64/python3.9/site-packages/networkx/utils/backends.py:135: RuntimeWarning: networkx backend defined more than once: nx-loopback
  backends.update(_get_backends("networkx.backends"))
INFO:root:Optimization started
INFO:root:U_1-Qu_upper=0.5, U_2-Qv_upper=-0.3172660593543814
INFO:root:eta=1, l=0.24000000000000002, r=1
INFO:root:Iter 1: Q=6.8617, term1=0.0001, term2=0.2105, penalty=6.65125846862793
INFO:root:U_1-Qu_upper=0.5, U_2-Qv_upper=-0.2787904514811758
INFO:root:eta=1, l=0.278, r=1
INFO:root:Iter 2: Q=6.4096, term1=0.0003, term2=0.1889, penalty=6.220638751983643
INFO:root:U_1-Qu_upper=0.5, U_2-Qv_upper=-0.2648456597856497
INFO:root:eta=1, l=0.31410000000000005, r=1
INFO:root:Iter 3: Q=5.9826, term1=0.0005, term2=0.1722, penalty=5.8104376792907715
INFO:root:U_1-Qu_upper=0.5, U_2-Qv_upper=-0.24341645959043284
INFO:root:eta=1, l=0.34839500000000007, r=1
INFO:root:Iter 4: Q=5.5925, term1=0.0007, term2=0.1604, penalty=5.432064056396484
INFO:root:U_1-Qu_upper=0.5, U_2-Qv_upper=-0.22061939117128287
INFO:root:eta=1, l=0.38097525000000004, r=1
INFO:root:Iter 5: Q=5.2364, term1=0.0009, term2=0.1504, penalty=5.085981369018555
INFO:root:U_1-Qu_upper=0.5, U_2-Qv_upper=-0.20617410008406117
INFO:root:eta=1, l=0.41192648750000005, r=1
INFO:root:Iter 6: Q=4.8977, term1=0.0011, term2=0.1416, penalty=4.756078720092773
INFO:root:U_1-Qu_upper=0.4875142404271794, U_2-Qv_upper=-0.20077851695685195
INFO:root:eta=1, l=0.44133016312500006, r=1
INFO:root:Iter 7: Q=4.5756, term1=0.0014, term2=0.1340, penalty=4.4415764808654785
INFO:root:U_1-Qu_upper=0.4772965157847844, U_2-Qv_upper=-0.18659370899561623
INFO:root:eta=1, l=0.46926365496875005, r=1
INFO:root:Iter 8: Q=4.2693, term1=0.0017, term2=0.1273, penalty=4.141977787017822
INFO:root:U_1-Qu_upper=0.47817197989655497, U_2-Qv_upper=-0.17226940000490915
INFO:root:eta=1, l=0.49580047222031254, r=1
INFO:root:Iter 9: Q=3.9829, term1=0.0020, term2=0.1213, penalty=3.861588954925537
INFO:root:U_1-Qu_upper=0.47131720109322867, U_2-Qv_upper=-0.15418840234278908
INFO:root:eta=1, l=0.5210104486092969, r=1
INFO:root:Iter 10: Q=3.7308, term1=0.0023, term2=0.1160, penalty=3.6148688793182373
INFO:root:U_1-Qu_upper=0.4624354978707229, U_2-Qv_upper=-0.15048380356867802
INFO:root:eta=1, l=0.544959926178832, r=1
INFO:root:Iter 11: Q=3.4997, term1=0.0026, term2=0.1112, penalty=3.388446807861328
INFO:root:U_1-Qu_upper=0.45350124587037166, U_2-Qv_upper=-0.1382389221134357
INFO:root:eta=1, l=0.5677119298698905, r=1
INFO:root:Iter 12: Q=3.2877, term1=0.0029, term2=0.1069, penalty=3.180856704711914
INFO:root:U_1-Qu_upper=0.44805179022591823, U_2-Qv_upper=-0.13425684606662996
INFO:root:eta=1, l=0.589326333376396, r=1
INFO:root:Iter 13: Q=3.0871, term1=0.0032, term2=0.1028, penalty=2.984318256378174
INFO:root:U_1-Qu_upper=0.444535034987352, U_2-Qv_upper=-0.12406008784719186
INFO:root:eta=1, l=0.6098600167075762, r=1
INFO:root:Iter 14: Q=2.8965, term1=0.0035, term2=0.0992, penalty=2.7972447872161865
INFO:root:U_1-Qu_upper=0.435231650623356, U_2-Qv_upper=-0.12006754743743009
INFO:root:eta=1, l=0.6293670158721973, r=1
INFO:root:Iter 15: Q=2.7154, term1=0.0038, term2=0.0961, penalty=2.619265556335449
INFO:root:U_1-Qu_upper=0.42884031709056114, U_2-Qv_upper=-0.10570890126486165
INFO:root:eta=1, l=0.6478986650785875, r=1
INFO:root:Iter 16: Q=2.5433, term1=0.0042, term2=0.0933, penalty=2.449988842010498
INFO:root:U_1-Qu_upper=0.42496575758332117, U_2-Qv_upper=-0.09587610169511263
INFO:root:eta=1, l=0.6655037318246582, r=1
INFO:root:Iter 17: Q=2.3793, term1=0.0045, term2=0.0905, penalty=2.288823366165161
INFO:root:U_1-Qu_upper=0.42111813733689607, U_2-Qv_upper=-0.09306057303702842
INFO:root:eta=1, l=0.6822285452334252, r=1
INFO:root:Iter 18: Q=2.2234, term1=0.0049, term2=0.0880, penalty=2.135472059249878
INFO:root:U_1-Qu_upper=0.41473620501579456, U_2-Qv_upper=-0.08712062208271776
INFO:root:eta=1, l=0.698117117971754, r=1
INFO:root:Iter 19: Q=2.0752, term1=0.0053, term2=0.0855, penalty=1.9896609783172607
INFO:root:U_1-Qu_upper=0.41159081347908527, U_2-Qv_upper=-0.07821585813835275
INFO:root:eta=1, l=0.7132112620731663, r=1
INFO:root:Iter 20: Q=1.9343, term1=0.0057, term2=0.0834, penalty=1.8509190082550049
INFO:root:U_1-Qu_upper=0.40234974895723474, U_2-Qv_upper=-0.07574125853341485
INFO:root:eta=1, l=0.727550698969508, r=1
INFO:root:Iter 21: Q=1.8004, term1=0.0061, term2=0.0814, penalty=1.7189831733703613
INFO:root:U_1-Qu_upper=0.40061779481859244, U_2-Qv_upper=-0.07455841939573327
INFO:root:eta=1, l=0.7411731640210326, r=1
INFO:root:Iter 22: Q=1.6729, term1=0.0064, term2=0.0795, penalty=1.5933419466018677
INFO:root:U_1-Qu_upper=0.399276079710198, U_2-Qv_upper=-0.06939696728610018
INFO:root:eta=1, l=0.754114505819981, r=1
INFO:root:Iter 23: Q=1.5514, term1=0.0068, term2=0.0777, penalty=1.4736508131027222
INFO:root:U_1-Qu_upper=0.39103017790355804, U_2-Qv_upper=-0.06882544855412476
INFO:root:eta=1, l=0.7664087805289819, r=1
INFO:root:Iter 24: Q=1.4358, term1=0.0071, term2=0.0760, penalty=1.3597661256790161
INFO:root:U_1-Qu_upper=0.3894511009911712, U_2-Qv_upper=-0.058624283731037174
INFO:root:eta=1, l=0.7780883415025328, r=1
INFO:root:Iter 25: Q=1.3257, term1=0.0075, term2=0.0743, penalty=1.251373529434204
INFO:root:U_1-Qu_upper=0.3852354410728738, U_2-Qv_upper=-0.05535524057227359
INFO:root:eta=1, l=0.7891839244274061, r=1
INFO:root:Iter 26: Q=1.2210, term1=0.0078, term2=0.0728, penalty=1.1481682062149048
INFO:root:U_1-Qu_upper=0.3818387599190542, U_2-Qv_upper=-0.04907606448039259
INFO:root:eta=1, l=0.7997247282060358, r=1
INFO:root:Iter 27: Q=1.1214, term1=0.0081, term2=0.0713, penalty=1.0500200986862183
INFO:root:U_1-Qu_upper=0.37919189887764443, U_2-Qv_upper=-0.046441087954015525
INFO:root:eta=1, l=0.809738491795734, r=1
INFO:root:Iter 28: Q=1.0266, term1=0.0084, term2=0.0700, penalty=0.9566804766654968
INFO:root:U_1-Qu_upper=0.37649701023047843, U_2-Qv_upper=-0.04337519754618313
INFO:root:eta=1, l=0.8192515672059473, r=1
INFO:root:Iter 29: Q=0.9365, term1=0.0087, term2=0.0687, penalty=0.8678379654884338
INFO:root:U_1-Qu_upper=0.3743225772699079, U_2-Qv_upper=-0.04450155228039643
INFO:root:eta=1, l=0.8282889888456499, r=1
INFO:root:Iter 30: Q=0.8507, term1=0.0090, term2=0.0674, penalty=0.7833555936813354
INFO:root:U_1-Qu_upper=0.37012620294057075, U_2-Qv_upper=-0.03375771845775638
INFO:root:eta=1, l=0.8368745394033674, r=1
INFO:root:Iter 31: Q=0.7692, term1=0.0093, term2=0.0662, penalty=0.7029657959938049
INFO:root:U_1-Qu_upper=0.3692033673303059, U_2-Qv_upper=-0.0378211867916472
INFO:root:eta=1, l=0.8450308124331991, r=1
INFO:root:Iter 32: Q=0.6915, term1=0.0096, term2=0.0651, penalty=0.6264418363571167
INFO:root:U_1-Qu_upper=0.3650054431008593, U_2-Qv_upper=-0.03398430110417494
INFO:root:eta=1, l=0.8527792718115391, r=1
INFO:root:Iter 33: Q=0.6175, term1=0.0099, term2=0.0639, penalty=0.553564727306366
INFO:root:U_1-Qu_upper=0.36287908321826573, U_2-Qv_upper=-0.02586286606492788
INFO:root:eta=1, l=0.8601403082209622, r=1
INFO:root:Iter 34: Q=0.5470, term1=0.0102, term2=0.0628, penalty=0.48419103026390076
INFO:root:U_1-Qu_upper=0.35980760937587675, U_2-Qv_upper=-0.02797808608083352
INFO:root:eta=1, l=0.8671332928099141, r=1
INFO:root:Iter 35: Q=0.4799, term1=0.0105, term2=0.0617, penalty=0.4181798994541168
INFO:root:U_1-Qu_upper=0.35787563371434283, U_2-Qv_upper=-0.020276338146793693
INFO:root:eta=1, l=0.8737766281694185, r=1
INFO:root:Iter 36: Q=0.4163, term1=0.0108, term2=0.0608, penalty=0.35550829768180847
INFO:root:U_1-Qu_upper=0.35454618711435215, U_2-Qv_upper=-0.01638970449538757
INFO:root:eta=1, l=0.8800877967609475, r=1
INFO:root:Iter 37: Q=0.3557, term1=0.0111, term2=0.0599, penalty=0.29586461186408997
INFO:root:U_1-Qu_upper=0.3518603367256023, U_2-Qv_upper=-0.019361020336758794
INFO:root:eta=1, l=0.8860834069229001, r=1
INFO:root:Iter 38: Q=0.2981, term1=0.0115, term2=0.0590, penalty=0.23913545906543732
INFO:root:U_1-Qu_upper=0.34999699898660247, U_2-Qv_upper=-0.016301621545430134
INFO:root:eta=1, l=0.8917792365767551, r=1
INFO:root:Iter 39: Q=0.2433, term1=0.0118, term2=0.0581, penalty=0.1851423680782318
INFO:root:U_1-Qu_upper=0.3487106118379542, U_2-Qv_upper=-0.00829495061073976
INFO:root:eta=1, l=0.8971902747479173, r=1
INFO:root:Iter 40: Q=0.1911, term1=0.0121, term2=0.0573, penalty=0.13375717401504517
INFO:root:U_1-Qu_upper=0.3458676172475532, U_2-Qv_upper=-0.011442974515517401
INFO:root:eta=1, l=0.9023307610105215, r=1
INFO:root:Iter 41: Q=0.1413, term1=0.0123, term2=0.0565, penalty=0.08479959517717361
INFO:root:U_1-Qu_upper=0.3439678187215357, U_2-Qv_upper=-0.009760030741644221
INFO:root:eta=1, l=0.9072142229599954, r=1
INFO:root:Iter 42: Q=0.0939, term1=0.0126, term2=0.0557, penalty=0.03821469098329544
INFO:root:U_1-Qu_upper=0.3421324912885717, U_2-Qv_upper=-0.009769839297823213
INFO:root:eta=1, l=0.9118535118119957, r=1
INFO:root:Iter 43: Q=0.0593, term1=0.0129, term2=0.0550, penalty=0.004288077354431152
INFO:root:U_1-Qu_upper=0.3408121794671338, U_2-Qv_upper=-0.00555009606374629
INFO:root:eta=1, l=0.9162608362213959, r=1
INFO:root:Iter 44: Q=0.0543, term1=0.0130, term2=0.0543, penalty=0.0
INFO:root:U_1-Qu_upper=0.3392665896825481, U_2-Qv_upper=-0.0025155808834100846
INFO:root:eta=1, l=0.9204477944103261, r=1
INFO:root:Iter 45: Q=0.0537, term1=0.0130, term2=0.0537, penalty=0.0
INFO:root:U_1-Qu_upper=0.3363597457615316, U_2-Qv_upper=-0.001339621713995931
INFO:root:eta=1, l=0.9244254046898098, r=1
INFO:root:Iter 46: Q=0.0530, term1=0.0130, term2=0.0530, penalty=0.0
INFO:root:U_1-Qu_upper=0.3392346074751521, U_2-Qv_upper=0.005253560096317611
INFO:root:eta=0.9988474620739054, l=0.9282041344553194, r=1
INFO:root:Iter 47: Q=0.0524, term1=0.0131, term2=0.0524, penalty=0.0
INFO:root:U_1-Qu_upper=0.33876938291194186, U_2-Qv_upper=0.007411294594944218
INFO:root:eta=0.9984629404677272, l=0.9317939277325534, r=1
INFO:root:Iter 48: Q=0.0518, term1=0.0131, term2=0.0518, penalty=0.0
INFO:root:U_1-Qu_upper=0.33790115311279295, U_2-Qv_upper=0.006894029169213334
INFO:root:eta=0.9986362493564522, l=0.9352042313459258, r=1
INFO:root:Iter 49: Q=0.0512, term1=0.0131, term2=0.0512, penalty=0.0
INFO:root:U_1-Qu_upper=0.3385115869957361, U_2-Qv_upper=0.010409255960204034
INFO:root:eta=0.9980669663200843, l=0.9384440197786295, r=1
INFO:root:Iter 50: Q=0.0506, term1=0.0132, term2=0.0507, penalty=0.0
/zhome/c3/3/213266/SC/distributional-counterfactual-explanation/cardio_new.py:505: DeprecationWarning: __array_wrap__ must accept context and return_scalar arguments (positionally) in the future. (Deprecated NumPy 2.0)
  best_X_lsc_hinge = best_X_lsc_hinge * std.values + mean.values  # 恢复 X_s 到原始 scale
INFO:root:Optimization started
INFO:root:U_1-Qu_upper=0.5, U_2-Qv_upper=-0.3277522615093292
INFO:root:eta=1, l=0.24000000000000002, r=1
INFO:root:Iter 1: Q=6.8687, term1=0.0001, term2=0.2115, penalty=6.657196998596191
INFO:root:U_1-Qu_upper=0.5, U_2-Qv_upper=-0.2903566861742756
INFO:root:eta=1, l=0.278, r=1
INFO:root:Iter 2: Q=6.4173, term1=0.0002, term2=0.1909, penalty=6.226386070251465
INFO:root:U_1-Qu_upper=0.5, U_2-Qv_upper=-0.2642526376129772
INFO:root:eta=1, l=0.31410000000000005, r=1
INFO:root:Iter 3: Q=5.9907, term1=0.0004, term2=0.1746, penalty=5.8160834312438965
INFO:root:U_1-Qu_upper=0.5, U_2-Qv_upper=-0.23919303840756684
INFO:root:eta=1, l=0.34839500000000007, r=1
INFO:root:Iter 4: Q=5.5937, term1=0.0006, term2=0.1622, penalty=5.431501388549805
INFO:root:U_1-Qu_upper=0.5, U_2-Qv_upper=-0.22928005452191952
INFO:root:eta=1, l=0.38097525000000004, r=1
INFO:root:Iter 5: Q=5.2347, term1=0.0007, term2=0.1518, penalty=5.082916736602783
INFO:root:U_1-Qu_upper=0.49065737881749133, U_2-Qv_upper=-0.20570399832801128
INFO:root:eta=1, l=0.41192648750000005, r=1
INFO:root:Iter 6: Q=4.8960, term1=0.0010, term2=0.1427, penalty=4.753303050994873
INFO:root:U_1-Qu_upper=0.48883411265475357, U_2-Qv_upper=-0.21053864159399088
INFO:root:eta=1, l=0.44133016312500006, r=1
INFO:root:Iter 7: Q=4.5740, term1=0.0012, term2=0.1350, penalty=4.439035892486572
INFO:root:U_1-Qu_upper=0.482737191725546, U_2-Qv_upper=-0.18582182596812413
INFO:root:eta=1, l=0.46926365496875005, r=1
INFO:root:Iter 8: Q=4.2680, term1=0.0014, term2=0.1283, penalty=4.139636516571045
INFO:root:U_1-Qu_upper=0.47617127115030805, U_2-Qv_upper=-0.17361918007020105
INFO:root:eta=1, l=0.49580047222031254, r=1
INFO:root:Iter 9: Q=3.9833, term1=0.0016, term2=0.1223, penalty=3.8610458374023438
INFO:root:U_1-Qu_upper=0.4727468998680504, U_2-Qv_upper=-0.1621875098720444
INFO:root:eta=1, l=0.5210104486092969, r=1
INFO:root:Iter 10: Q=3.7291, term1=0.0018, term2=0.1169, penalty=3.612247943878174
INFO:root:U_1-Qu_upper=0.468972019171263, U_2-Qv_upper=-0.15017340124764655
INFO:root:eta=1, l=0.544959926178832, r=1
INFO:root:Iter 11: Q=3.4998, term1=0.0020, term2=0.1121, penalty=3.387690782546997
INFO:root:U_1-Qu_upper=0.46694235787014104, U_2-Qv_upper=-0.15101548927690983
INFO:root:eta=1, l=0.5677119298698905, r=1
INFO:root:Iter 12: Q=3.2887, term1=0.0022, term2=0.1076, penalty=3.181091547012329
INFO:root:U_1-Qu_upper=0.46077262483275294, U_2-Qv_upper=-0.12779714132539133
INFO:root:eta=1, l=0.589326333376396, r=1
INFO:root:Iter 13: Q=3.0876, term1=0.0024, term2=0.1033, penalty=2.984281063079834
INFO:root:U_1-Qu_upper=0.4544467638850637, U_2-Qv_upper=-0.12126180735724096
INFO:root:eta=1, l=0.6098600167075762, r=1
INFO:root:Iter 14: Q=2.8964, term1=0.0026, term2=0.0994, penalty=2.797020435333252
INFO:root:U_1-Qu_upper=0.4530170172768877, U_2-Qv_upper=-0.10781379778059913
INFO:root:eta=1, l=0.6293670158721973, r=1
INFO:root:Iter 15: Q=2.7146, term1=0.0028, term2=0.0958, penalty=2.618833541870117
INFO:root:U_1-Qu_upper=0.4531175811095653, U_2-Qv_upper=-0.10982595700512232
INFO:root:eta=1, l=0.6478986650785875, r=1
INFO:root:Iter 16: Q=2.5421, term1=0.0030, term2=0.0927, penalty=2.4493865966796875
INFO:root:U_1-Qu_upper=0.4483270675418821, U_2-Qv_upper=-0.09097653711886577
INFO:root:eta=1, l=0.6655037318246582, r=1
INFO:root:Iter 17: Q=2.3781, term1=0.0031, term2=0.0900, penalty=2.288094997406006
INFO:root:U_1-Qu_upper=0.4433405125194994, U_2-Qv_upper=-0.09734619133874695
INFO:root:eta=1, l=0.6822285452334252, r=1
INFO:root:Iter 18: Q=2.2221, term1=0.0033, term2=0.0875, penalty=2.1346435546875
INFO:root:U_1-Qu_upper=0.43907173361044094, U_2-Qv_upper=-0.08182871462924773
INFO:root:eta=1, l=0.698117117971754, r=1
INFO:root:Iter 19: Q=2.0740, term1=0.0035, term2=0.0853, penalty=1.9887436628341675
INFO:root:U_1-Qu_upper=0.43710018268684575, U_2-Qv_upper=-0.08418274797268771
INFO:root:eta=1, l=0.7132112620731663, r=1
INFO:root:Iter 20: Q=1.9331, term1=0.0037, term2=0.0831, penalty=1.8499376773834229
INFO:root:U_1-Qu_upper=0.4346536581480283, U_2-Qv_upper=-0.07349638245243328
INFO:root:eta=1, l=0.727550698969508, r=1
INFO:root:Iter 21: Q=1.7988, term1=0.0039, term2=0.0811, penalty=1.7177703380584717
INFO:root:U_1-Qu_upper=0.4309070798249959, U_2-Qv_upper=-0.06940465547068903
INFO:root:eta=1, l=0.7411731640210326, r=1
INFO:root:Iter 22: Q=1.6711, term1=0.0041, term2=0.0791, penalty=1.5919616222381592
INFO:root:U_1-Qu_upper=0.4298518995933284, U_2-Qv_upper=-0.07032311367465838
INFO:root:eta=1, l=0.754114505819981, r=1
INFO:root:Iter 23: Q=1.5497, term1=0.0043, term2=0.0774, penalty=1.4722954034805298
INFO:root:U_1-Qu_upper=0.4261679008951304, U_2-Qv_upper=-0.058330033034366846
INFO:root:eta=1, l=0.7664087805289819, r=1
INFO:root:Iter 24: Q=1.4345, term1=0.0045, term2=0.0758, penalty=1.3586424589157104
INFO:root:U_1-Qu_upper=0.422191898956328, U_2-Qv_upper=-0.056081279738822376
INFO:root:eta=1, l=0.7780883415025328, r=1
INFO:root:Iter 25: Q=1.3249, term1=0.0047, term2=0.0744, penalty=1.2504875659942627
INFO:root:U_1-Qu_upper=0.42022915925424187, U_2-Qv_upper=-0.0562378241576863
INFO:root:eta=1, l=0.7891839244274061, r=1
INFO:root:Iter 26: Q=1.2205, term1=0.0049, term2=0.0729, penalty=1.147540807723999
INFO:root:U_1-Qu_upper=0.41970031873420693, U_2-Qv_upper=-0.04529024404118226
INFO:root:eta=1, l=0.7997247282060358, r=1
INFO:root:Iter 27: Q=1.1213, term1=0.0051, term2=0.0716, penalty=1.0496689081192017
INFO:root:U_1-Qu_upper=0.4122101824188106, U_2-Qv_upper=-0.04431102308777801
INFO:root:eta=1, l=0.809738491795734, r=1
INFO:root:Iter 28: Q=1.0268, term1=0.0052, term2=0.0703, penalty=0.9565020203590393
INFO:root:U_1-Qu_upper=0.41207865605547844, U_2-Qv_upper=-0.043638413101648454
INFO:root:eta=1, l=0.8192515672059473, r=1
INFO:root:Iter 29: Q=0.9370, term1=0.0054, term2=0.0691, penalty=0.867846667766571
INFO:root:U_1-Qu_upper=0.41227410663821207, U_2-Qv_upper=-0.03618379202980554
INFO:root:eta=1, l=0.8282889888456499, r=1
INFO:root:Iter 30: Q=0.8514, term1=0.0056, term2=0.0679, penalty=0.7834928035736084
INFO:root:U_1-Qu_upper=0.4081179166945601, U_2-Qv_upper=-0.038446199515764
INFO:root:eta=1, l=0.8368745394033674, r=1
INFO:root:Iter 31: Q=0.7701, term1=0.0058, term2=0.0668, penalty=0.7032371163368225
INFO:root:U_1-Qu_upper=0.4069463450092941, U_2-Qv_upper=-0.03104881236396695
INFO:root:eta=1, l=0.8450308124331991, r=1
INFO:root:Iter 32: Q=0.6928, term1=0.0060, term2=0.0658, penalty=0.62699294090271
INFO:root:U_1-Qu_upper=0.40358839820347747, U_2-Qv_upper=-0.03286088739483195
INFO:root:eta=1, l=0.8527792718115391, r=1
INFO:root:Iter 33: Q=0.6193, term1=0.0062, term2=0.0649, penalty=0.5544121861457825
INFO:root:U_1-Qu_upper=0.39994078736692795, U_2-Qv_upper=-0.033570234594423765
INFO:root:eta=1, l=0.8601403082209622, r=1
INFO:root:Iter 34: Q=0.5492, term1=0.0063, term2=0.0639, penalty=0.4853236973285675
INFO:root:U_1-Qu_upper=0.40098978578603217, U_2-Qv_upper=-0.02529678966622423
INFO:root:eta=1, l=0.8671332928099141, r=1
INFO:root:Iter 35: Q=0.4825, term1=0.0065, term2=0.0630, penalty=0.4195560812950134
INFO:root:U_1-Qu_upper=0.39729162929017975, U_2-Qv_upper=-0.025769996763170988
INFO:root:eta=1, l=0.8737766281694185, r=1
INFO:root:Iter 36: Q=0.4190, term1=0.0067, term2=0.0621, penalty=0.3569509983062744
INFO:root:U_1-Qu_upper=0.39361323660353703, U_2-Qv_upper=-0.025591893276074196
INFO:root:eta=1, l=0.8800877967609475, r=1
INFO:root:Iter 37: Q=0.3586, term1=0.0069, term2=0.0612, penalty=0.29735395312309265
INFO:root:U_1-Qu_upper=0.39254164273674974, U_2-Qv_upper=-0.019194824642730368
INFO:root:eta=1, l=0.8860834069229001, r=1
INFO:root:Iter 38: Q=0.3010, term1=0.0070, term2=0.0604, penalty=0.24060167372226715
INFO:root:U_1-Qu_upper=0.38968425433380394, U_2-Qv_upper=-0.019890988929374576
INFO:root:eta=1, l=0.8917792365767551, r=1
INFO:root:Iter 39: Q=0.2460, term1=0.0072, term2=0.0595, penalty=0.1864805519580841
INFO:root:U_1-Qu_upper=0.38761172495863594, U_2-Qv_upper=-0.015455199765904426
INFO:root:eta=1, l=0.8971902747479173, r=1
INFO:root:Iter 40: Q=0.1936, term1=0.0074, term2=0.0586, penalty=0.1349705159664154
INFO:root:U_1-Qu_upper=0.3881966020059083, U_2-Qv_upper=-0.013966097762479368
INFO:root:eta=1, l=0.9023307610105215, r=1
INFO:root:Iter 41: Q=0.1437, term1=0.0076, term2=0.0577, penalty=0.08597290515899658
INFO:root:U_1-Qu_upper=0.3863016492017092, U_2-Qv_upper=-0.015876053973140847
INFO:root:eta=1, l=0.9072142229599954, r=1
INFO:root:Iter 42: Q=0.0963, term1=0.0078, term2=0.0569, penalty=0.0393650121986866
INFO:root:U_1-Qu_upper=0.38212832502910976, U_2-Qv_upper=-0.010736674062656382
INFO:root:eta=1, l=0.9118535118119957, r=1
INFO:root:Iter 43: Q=0.0610, term1=0.0079, term2=0.0561, penalty=0.004896908532828093
INFO:root:U_1-Qu_upper=0.38286431978765567, U_2-Qv_upper=-0.011369960521552924
INFO:root:eta=1, l=0.9162608362213959, r=1
INFO:root:Iter 44: Q=0.0554, term1=0.0080, term2=0.0554, penalty=0.0
INFO:root:U_1-Qu_upper=0.3796144076785667, U_2-Qv_upper=-0.006752046308409365
INFO:root:eta=1, l=0.9204477944103261, r=1
INFO:root:Iter 45: Q=0.0547, term1=0.0081, term2=0.0547, penalty=0.0
INFO:root:U_1-Qu_upper=0.37983408696575427, U_2-Qv_upper=-0.002944153582336073
INFO:root:eta=1, l=0.9244254046898098, r=1
INFO:root:Iter 46: Q=0.0541, term1=0.0082, term2=0.0541, penalty=0.0
INFO:root:U_1-Qu_upper=0.37748781685346583, U_2-Qv_upper=-0.004363962785781328
INFO:root:eta=1, l=0.9282041344553194, r=1
INFO:root:Iter 47: Q=0.0534, term1=0.0082, term2=0.0534, penalty=0.0
INFO:root:U_1-Qu_upper=0.37864419966170426, U_2-Qv_upper=0.0024833249572468463
INFO:root:eta=0.9995321973533333, l=0.9317939277325534, r=1
INFO:root:Iter 48: Q=0.0528, term1=0.0083, term2=0.0528, penalty=0.0
INFO:root:U_1-Qu_upper=0.37811878822574463, U_2-Qv_upper=0.00045463519650923434
INFO:root:eta=0.9999180901797381, l=0.9352042313459258, r=1
INFO:root:Iter 49: Q=0.0521, term1=0.0083, term2=0.0521, penalty=0.0
INFO:root:U_1-Qu_upper=0.3769171943507047, U_2-Qv_upper=0.0024966283346149476
INFO:root:eta=0.999573629260948, l=0.9384440197786295, r=1
INFO:root:Iter 50: Q=0.0515, term1=0.0084, term2=0.0515, penalty=0.0
/zhome/c3/3/213266/SC/distributional-counterfactual-explanation/cardio_new.py:505: DeprecationWarning: __array_wrap__ must accept context and return_scalar arguments (positionally) in the future. (Deprecated NumPy 2.0)
  best_X_lsc_hinge = best_X_lsc_hinge * std.values + mean.values  # 恢复 X_s 到原始 scale
INFO:root:Optimization started
INFO:root:U_1-Qu_upper=0.5, U_2-Qv_upper=-0.33963636255879
INFO:root:eta=1, l=0.24000000000000002, r=1
INFO:root:Iter 1: Q=6.8712, term1=0.0001, term2=0.2162, penalty=6.6549224853515625
INFO:root:U_1-Qu_upper=0.5, U_2-Qv_upper=-0.2977908307060106
INFO:root:eta=1, l=0.278, r=1
INFO:root:Iter 2: Q=6.4172, term1=0.0002, term2=0.1931, penalty=6.224082946777344
INFO:root:U_1-Qu_upper=0.5, U_2-Qv_upper=-0.2688989797859445
INFO:root:eta=1, l=0.31410000000000005, r=1
INFO:root:Iter 3: Q=5.9894, term1=0.0003, term2=0.1756, penalty=5.813789367675781
INFO:root:U_1-Qu_upper=0.5, U_2-Qv_upper=-0.24358519647737703
INFO:root:eta=1, l=0.34839500000000007, r=1
INFO:root:Iter 4: Q=5.5927, term1=0.0004, term2=0.1628, penalty=5.429879188537598
INFO:root:U_1-Qu_upper=0.49247921029355607, U_2-Qv_upper=-0.2223723666259823
INFO:root:eta=1, l=0.38097525000000004, r=1
INFO:root:Iter 5: Q=5.2312, term1=0.0005, term2=0.1526, penalty=5.078635215759277
INFO:root:U_1-Qu_upper=0.5, U_2-Qv_upper=-0.21783570951557457
INFO:root:eta=1, l=0.41192648750000005, r=1
INFO:root:Iter 6: Q=4.8926, term1=0.0006, term2=0.1437, penalty=4.748866081237793
INFO:root:U_1-Qu_upper=0.4889011604203102, U_2-Qv_upper=-0.188855746665341
INFO:root:eta=1, l=0.44133016312500006, r=1
INFO:root:Iter 7: Q=4.5704, term1=0.0008, term2=0.1359, penalty=4.434460163116455
INFO:root:U_1-Qu_upper=0.48735958508975474, U_2-Qv_upper=-0.1727926193505802
INFO:root:eta=1, l=0.46926365496875005, r=1
INFO:root:Iter 8: Q=4.2646, term1=0.0009, term2=0.1294, penalty=4.135149955749512
INFO:root:U_1-Qu_upper=0.4852083615977762, U_2-Qv_upper=-0.17844814953640514
INFO:root:eta=1, l=0.49580047222031254, r=1
INFO:root:Iter 9: Q=3.9767, term1=0.0011, term2=0.1235, penalty=3.853196620941162
INFO:root:U_1-Qu_upper=0.4819405562117441, U_2-Qv_upper=-0.1560627575146028
INFO:root:eta=1, l=0.5210104486092969, r=1
INFO:root:Iter 10: Q=3.7261, term1=0.0012, term2=0.1183, penalty=3.607818126678467
INFO:root:U_1-Qu_upper=0.47987787057123443, U_2-Qv_upper=-0.1594611088419563
INFO:root:eta=1, l=0.544959926178832, r=1
INFO:root:Iter 11: Q=3.4931, term1=0.0014, term2=0.1132, penalty=3.3799028396606445
INFO:root:U_1-Qu_upper=0.47335692156369696, U_2-Qv_upper=-0.14550422694608417
INFO:root:eta=1, l=0.5677119298698905, r=1
INFO:root:Iter 12: Q=3.2801, term1=0.0015, term2=0.1086, penalty=3.1714348793029785
INFO:root:U_1-Qu_upper=0.4768749805826876, U_2-Qv_upper=-0.12452042682387249
INFO:root:eta=1, l=0.589326333376396, r=1
INFO:root:Iter 13: Q=3.0793, term1=0.0017, term2=0.1044, penalty=2.9749202728271484
INFO:root:U_1-Qu_upper=0.4666634011775765, U_2-Qv_upper=-0.1249811191957963
INFO:root:eta=1, l=0.6098600167075762, r=1
INFO:root:Iter 14: Q=2.8885, term1=0.0018, term2=0.1005, penalty=2.7879762649536133
INFO:root:U_1-Qu_upper=0.4684962758656268, U_2-Qv_upper=-0.11624653412046138
INFO:root:eta=1, l=0.6293670158721973, r=1
INFO:root:Iter 15: Q=2.7070, term1=0.0020, term2=0.0969, penalty=2.6100330352783203
INFO:root:U_1-Qu_upper=0.4611192798930305, U_2-Qv_upper=-0.1125558181858593
INFO:root:eta=1, l=0.6478986650785875, r=1
INFO:root:Iter 16: Q=2.5345, term1=0.0022, term2=0.0937, penalty=2.4408299922943115
INFO:root:U_1-Qu_upper=0.4576759510984108, U_2-Qv_upper=-0.10738137753448163
INFO:root:eta=1, l=0.6655037318246582, r=1
INFO:root:Iter 17: Q=2.3707, term1=0.0024, term2=0.0907, penalty=2.2799432277679443
INFO:root:U_1-Qu_upper=0.45656935224755224, U_2-Qv_upper=-0.0960971668009511
INFO:root:eta=1, l=0.6822285452334252, r=1
INFO:root:Iter 18: Q=2.2150, term1=0.0025, term2=0.0881, penalty=2.126976728439331
INFO:root:U_1-Qu_upper=0.4485028193845938, U_2-Qv_upper=-0.08346959933972686
INFO:root:eta=1, l=0.698117117971754, r=1
INFO:root:Iter 19: Q=2.0669, term1=0.0027, term2=0.0855, penalty=1.9814274311065674
INFO:root:U_1-Qu_upper=0.44828898616775836, U_2-Qv_upper=-0.0780118576933973
INFO:root:eta=1, l=0.7132112620731663, r=1
INFO:root:Iter 20: Q=1.9261, term1=0.0029, term2=0.0832, penalty=1.8428577184677124
INFO:root:U_1-Qu_upper=0.44445574111847747, U_2-Qv_upper=-0.07634678979859344
INFO:root:eta=1, l=0.727550698969508, r=1
INFO:root:Iter 21: Q=1.7920, term1=0.0031, term2=0.0810, penalty=1.7110377550125122
INFO:root:U_1-Qu_upper=0.44188198618114816, U_2-Qv_upper=-0.07196939381325224
INFO:root:eta=1, l=0.7411731640210326, r=1
INFO:root:Iter 22: Q=1.6648, term1=0.0032, term2=0.0790, penalty=1.5857443809509277
INFO:root:U_1-Qu_upper=0.4345900581916319, U_2-Qv_upper=-0.05918272358377119
INFO:root:eta=1, l=0.754114505819981, r=1
INFO:root:Iter 23: Q=1.5435, term1=0.0034, term2=0.0771, penalty=1.4664053916931152
INFO:root:U_1-Qu_upper=0.43696457723739757, U_2-Qv_upper=-0.06375698067948976
INFO:root:eta=1, l=0.7664087805289819, r=1
INFO:root:Iter 24: Q=1.4284, term1=0.0036, term2=0.0755, penalty=1.3528727293014526
INFO:root:U_1-Qu_upper=0.4320959404355912, U_2-Qv_upper=-0.0619324519924892
INFO:root:eta=1, l=0.7780883415025328, r=1
INFO:root:Iter 25: Q=1.3189, term1=0.0038, term2=0.0740, penalty=1.244921088218689
INFO:root:U_1-Qu_upper=0.42622992057883397, U_2-Qv_upper=-0.05713057803168736
INFO:root:eta=1, l=0.7891839244274061, r=1
INFO:root:Iter 26: Q=1.2146, term1=0.0039, term2=0.0725, penalty=1.1421540975570679
INFO:root:U_1-Qu_upper=0.42728118509627644, U_2-Qv_upper=-0.05141025306330649
INFO:root:eta=1, l=0.7997247282060358, r=1
INFO:root:Iter 27: Q=1.1155, term1=0.0041, term2=0.0711, penalty=1.0444083213806152
INFO:root:U_1-Qu_upper=0.4251101927986026, U_2-Qv_upper=-0.04738656993611029
INFO:root:eta=1, l=0.809738491795734, r=1
INFO:root:Iter 28: Q=1.0211, term1=0.0043, term2=0.0697, penalty=0.951404869556427
INFO:root:U_1-Qu_upper=0.421366082196778, U_2-Qv_upper=-0.03999769831831129
INFO:root:eta=1, l=0.8192515672059473, r=1
INFO:root:Iter 29: Q=0.9314, term1=0.0044, term2=0.0684, penalty=0.8629158735275269
INFO:root:U_1-Qu_upper=0.4226674355925868, U_2-Qv_upper=-0.04597014632170243
INFO:root:eta=1, l=0.8282889888456499, r=1
INFO:root:Iter 30: Q=0.8458, term1=0.0046, term2=0.0672, penalty=0.7786930799484253
INFO:root:U_1-Qu_upper=0.41810900750375285, U_2-Qv_upper=-0.031369576036900826
INFO:root:eta=1, l=0.8368745394033674, r=1
INFO:root:Iter 31: Q=0.7645, term1=0.0048, term2=0.0660, penalty=0.6985381841659546
INFO:root:U_1-Qu_upper=0.41572873520715076, U_2-Qv_upper=-0.03802921010978544
INFO:root:eta=1, l=0.8450308124331991, r=1
INFO:root:Iter 32: Q=0.6872, term1=0.0049, term2=0.0648, penalty=0.6223851442337036
INFO:root:U_1-Qu_upper=0.4130839520383832, U_2-Qv_upper=-0.029211753995834255
INFO:root:eta=1, l=0.8527792718115391, r=1
INFO:root:Iter 33: Q=0.6137, term1=0.0051, term2=0.0638, penalty=0.5499140620231628
INFO:root:U_1-Qu_upper=0.4114948649995359, U_2-Qv_upper=-0.022187546606088238
INFO:root:eta=1, l=0.8601403082209622, r=1
INFO:root:Iter 34: Q=0.5437, term1=0.0052, term2=0.0628, penalty=0.4809184670448303
INFO:root:U_1-Qu_upper=0.4098970401119898, U_2-Qv_upper=-0.027278424956570513
INFO:root:eta=1, l=0.8671332928099141, r=1
INFO:root:Iter 35: Q=0.4771, term1=0.0054, term2=0.0618, penalty=0.41526085138320923
INFO:root:U_1-Qu_upper=0.4081869900361517, U_2-Qv_upper=-0.01836127371309587
INFO:root:eta=1, l=0.8737766281694185, r=1
INFO:root:Iter 36: Q=0.4137, term1=0.0056, term2=0.0609, penalty=0.3527713119983673
INFO:root:U_1-Qu_upper=0.40572534349103867, U_2-Qv_upper=-0.01702234294570515
INFO:root:eta=1, l=0.8800877967609475, r=1
INFO:root:Iter 37: Q=0.3532, term1=0.0057, term2=0.0600, penalty=0.29326409101486206
INFO:root:U_1-Qu_upper=0.40448219789025813, U_2-Qv_upper=-0.016315031000854685
INFO:root:eta=1, l=0.8860834069229001, r=1
INFO:root:Iter 38: Q=0.2957, term1=0.0058, term2=0.0591, penalty=0.23665151000022888
INFO:root:U_1-Qu_upper=0.40105704138366194, U_2-Qv_upper=-0.01765341344304322
INFO:root:eta=1, l=0.8917792365767551, r=1
INFO:root:Iter 39: Q=0.2410, term1=0.0060, term2=0.0583, penalty=0.1827704906463623
INFO:root:U_1-Qu_upper=0.40199452874994823, U_2-Qv_upper=-0.0158354616100006
INFO:root:eta=1, l=0.8971902747479173, r=1
INFO:root:Iter 40: Q=0.1889, term1=0.0061, term2=0.0574, penalty=0.1314869374036789
INFO:root:U_1-Qu_upper=0.40095782228578214, U_2-Qv_upper=-0.007804089790752866
INFO:root:eta=1, l=0.9023307610105215, r=1
INFO:root:Iter 41: Q=0.1393, term1=0.0063, term2=0.0566, penalty=0.08267879486083984
INFO:root:U_1-Qu_upper=0.3955949563715113, U_2-Qv_upper=-0.005369800080577525
INFO:root:eta=1, l=0.9072142229599954, r=1
INFO:root:Iter 42: Q=0.0921, term1=0.0064, term2=0.0559, penalty=0.03624565526843071
INFO:root:U_1-Qu_upper=0.397339823958062, U_2-Qv_upper=-0.006377076373997925
INFO:root:eta=1, l=0.9118535118119957, r=1
INFO:root:Iter 43: Q=0.0602, term1=0.0066, term2=0.0551, penalty=0.005112141370773315
INFO:root:U_1-Qu_upper=0.39259233897788204, U_2-Qv_upper=-0.005451979201162749
INFO:root:eta=1, l=0.9162608362213959, r=1
INFO:root:Iter 44: Q=0.0545, term1=0.0067, term2=0.0545, penalty=0.0
INFO:root:U_1-Qu_upper=0.3925978955873578, U_2-Qv_upper=-0.00296564927858034
INFO:root:eta=1, l=0.9204477944103261, r=1
INFO:root:Iter 45: Q=0.0539, term1=0.0067, term2=0.0539, penalty=0.0
INFO:root:U_1-Qu_upper=0.394173979058831, U_2-Qv_upper=0.002551191787645346
INFO:root:eta=0.999488429400241, l=0.9244254046898098, r=1
INFO:root:Iter 46: Q=0.0533, term1=0.0068, term2=0.0533, penalty=0.0
INFO:root:U_1-Qu_upper=0.3909934509887689, U_2-Qv_upper=0.003925928616278884
INFO:root:eta=0.9992487062379954, l=0.9282041344553194, r=1
INFO:root:Iter 47: Q=0.0527, term1=0.0068, term2=0.0527, penalty=0.0
INFO:root:U_1-Qu_upper=0.3947306103715474, U_2-Qv_upper=-0.0005997955741658401
INFO:root:eta=1, l=0.9317939277325534, r=1
INFO:root:Iter 48: Q=0.0521, term1=0.0069, term2=0.0521, penalty=0.0
INFO:root:U_1-Qu_upper=0.39365318218048084, U_2-Qv_upper=-0.0001812419994072778
INFO:root:eta=1, l=0.9352042313459258, r=1
INFO:root:Iter 49: Q=0.0515, term1=0.0069, term2=0.0515, penalty=0.0
INFO:root:U_1-Qu_upper=0.3905074409180344, U_2-Qv_upper=0.0038667530922955606
INFO:root:eta=0.9993646915984461, l=0.9384440197786295, r=1
INFO:root:Iter 50: Q=0.0509, term1=0.0070, term2=0.0510, penalty=0.0
/zhome/c3/3/213266/SC/distributional-counterfactual-explanation/cardio_new.py:505: DeprecationWarning: __array_wrap__ must accept context and return_scalar arguments (positionally) in the future. (Deprecated NumPy 2.0)
  best_X_lsc_hinge = best_X_lsc_hinge * std.values + mean.values  # 恢复 X_s 到原始 scale
INFO:root:Optimization started
INFO:root:U_1-Qu_upper=0.5, U_2-Qv_upper=-0.32246807502458336
INFO:root:eta=1, l=0.24000000000000002, r=1
INFO:root:Iter 1: Q=6.8509, term1=0.0001, term2=0.2104, penalty=6.640504837036133
INFO:root:U_1-Qu_upper=0.5, U_2-Qv_upper=-0.28171499287992713
INFO:root:eta=1, l=0.278, r=1
INFO:root:Iter 2: Q=6.3992, term1=0.0002, term2=0.1888, penalty=6.210399150848389
INFO:root:U_1-Qu_upper=0.5, U_2-Qv_upper=-0.2616210580639073
INFO:root:eta=1, l=0.31410000000000005, r=1
INFO:root:Iter 3: Q=5.9743, term1=0.0003, term2=0.1735, penalty=5.800842761993408
INFO:root:U_1-Qu_upper=0.5, U_2-Qv_upper=-0.23397312738478765
INFO:root:eta=1, l=0.34839500000000007, r=1
INFO:root:Iter 4: Q=5.5779, term1=0.0004, term2=0.1617, penalty=5.416282653808594
INFO:root:U_1-Qu_upper=0.5, U_2-Qv_upper=-0.2219458745325225
INFO:root:eta=1, l=0.38097525000000004, r=1
INFO:root:Iter 5: Q=5.2178, term1=0.0005, term2=0.1520, penalty=5.065784931182861
INFO:root:U_1-Qu_upper=0.5, U_2-Qv_upper=-0.2098724204038726
INFO:root:eta=1, l=0.41192648750000005, r=1
INFO:root:Iter 6: Q=4.8806, term1=0.0006, term2=0.1432, penalty=4.737410545349121
INFO:root:U_1-Qu_upper=0.5, U_2-Qv_upper=-0.18860292729681666
INFO:root:eta=1, l=0.44133016312500006, r=1
INFO:root:Iter 7: Q=4.5599, term1=0.0007, term2=0.1357, penalty=4.424194812774658
INFO:root:U_1-Qu_upper=0.5, U_2-Qv_upper=-0.17869222749171693
INFO:root:eta=1, l=0.46926365496875005, r=1
INFO:root:Iter 8: Q=4.2552, term1=0.0008, term2=0.1293, penalty=4.125918388366699
INFO:root:U_1-Qu_upper=0.492001945834169, U_2-Qv_upper=-0.1810004244752818
INFO:root:eta=1, l=0.49580047222031254, r=1
INFO:root:Iter 9: Q=3.9717, term1=0.0009, term2=0.1234, penalty=3.848240613937378
INFO:root:U_1-Qu_upper=0.5, U_2-Qv_upper=-0.1691631328414811
INFO:root:eta=1, l=0.5210104486092969, r=1
INFO:root:Iter 10: Q=3.7191, term1=0.0010, term2=0.1182, penalty=3.6008808612823486
INFO:root:U_1-Qu_upper=0.48514694505119926, U_2-Qv_upper=-0.16168273734507033
INFO:root:eta=1, l=0.544959926178832, r=1
INFO:root:Iter 11: Q=3.4908, term1=0.0011, term2=0.1135, penalty=3.377260684967041
INFO:root:U_1-Qu_upper=0.48074854662695243, U_2-Qv_upper=-0.14242662208673856
INFO:root:eta=1, l=0.5677119298698905, r=1
INFO:root:Iter 12: Q=3.2807, term1=0.0012, term2=0.1093, penalty=3.171405553817749
INFO:root:U_1-Qu_upper=0.47940429768103343, U_2-Qv_upper=-0.1271292593199802
INFO:root:eta=1, l=0.589326333376396, r=1
INFO:root:Iter 13: Q=3.0808, term1=0.0013, term2=0.1053, penalty=2.9755330085754395
INFO:root:U_1-Qu_upper=0.47223427878685725, U_2-Qv_upper=-0.12678237228954076
INFO:root:eta=1, l=0.6098600167075762, r=1
INFO:root:Iter 14: Q=2.8909, term1=0.0014, term2=0.1017, penalty=2.789181709289551
INFO:root:U_1-Qu_upper=0.4742006758016416, U_2-Qv_upper=-0.10818912377141843
INFO:root:eta=1, l=0.6293670158721973, r=1
INFO:root:Iter 15: Q=2.7100, term1=0.0015, term2=0.0983, penalty=2.611616849899292
INFO:root:U_1-Qu_upper=0.4718486932781202, U_2-Qv_upper=-0.10991545307188422
INFO:root:eta=1, l=0.6478986650785875, r=1
INFO:root:Iter 16: Q=2.5377, term1=0.0016, term2=0.0952, penalty=2.442444324493408
INFO:root:U_1-Qu_upper=0.46903937138436097, U_2-Qv_upper=-0.10349121075284717
INFO:root:eta=1, l=0.6655037318246582, r=1
INFO:root:Iter 17: Q=2.3737, term1=0.0018, term2=0.0923, penalty=2.2814056873321533
INFO:root:U_1-Qu_upper=0.46980986800403024, U_2-Qv_upper=-0.0986277936930684
INFO:root:eta=1, l=0.6822285452334252, r=1
INFO:root:Iter 18: Q=2.2180, term1=0.0019, term2=0.0897, penalty=2.1282742023468018
INFO:root:U_1-Qu_upper=0.4651807986213113, U_2-Qv_upper=-0.08820251610658847
INFO:root:eta=1, l=0.698117117971754, r=1
INFO:root:Iter 19: Q=2.0701, term1=0.0020, term2=0.0874, penalty=1.9826743602752686
INFO:root:U_1-Qu_upper=0.45687612981463266, U_2-Qv_upper=-0.08819328991758174
INFO:root:eta=1, l=0.7132112620731663, r=1
INFO:root:Iter 20: Q=1.9294, term1=0.0022, term2=0.0852, penalty=1.8441855907440186
INFO:root:U_1-Qu_upper=0.4534658510645992, U_2-Qv_upper=-0.0791867884097473
INFO:root:eta=1, l=0.727550698969508, r=1
INFO:root:Iter 21: Q=1.7954, term1=0.0023, term2=0.0831, penalty=1.712316870689392
INFO:root:U_1-Qu_upper=0.4513229294256125, U_2-Qv_upper=-0.08026654565891483
INFO:root:eta=1, l=0.7411731640210326, r=1
INFO:root:Iter 22: Q=1.6678, term1=0.0025, term2=0.0811, penalty=1.5867246389389038
INFO:root:U_1-Qu_upper=0.4495469367454058, U_2-Qv_upper=-0.07248513621218838
INFO:root:eta=1, l=0.754114505819981, r=1
INFO:root:Iter 23: Q=1.5466, term1=0.0026, term2=0.0793, penalty=1.467305302619934
INFO:root:U_1-Qu_upper=0.44605017531626967, U_2-Qv_upper=-0.07512255903535553
INFO:root:eta=1, l=0.7664087805289819, r=1
INFO:root:Iter 24: Q=1.4312, term1=0.0028, term2=0.0775, penalty=1.3536821603775024
INFO:root:U_1-Qu_upper=0.4465591754787626, U_2-Qv_upper=-0.06486323006472705
INFO:root:eta=1, l=0.7780883415025328, r=1
INFO:root:Iter 25: Q=1.3215, term1=0.0029, term2=0.0759, penalty=1.2455620765686035
INFO:root:U_1-Qu_upper=0.4441965179209062, U_2-Qv_upper=-0.06301334331530811
INFO:root:eta=1, l=0.7891839244274061, r=1
INFO:root:Iter 26: Q=1.2170, term1=0.0031, term2=0.0743, penalty=1.1426565647125244
INFO:root:U_1-Qu_upper=0.4381317078477449, U_2-Qv_upper=-0.05543409141891975
INFO:root:eta=1, l=0.7997247282060358, r=1
INFO:root:Iter 27: Q=1.1175, term1=0.0032, term2=0.0728, penalty=1.0447142124176025
INFO:root:U_1-Qu_upper=0.4353076843513389, U_2-Qv_upper=-0.053324231610511585
INFO:root:eta=1, l=0.809738491795734, r=1
INFO:root:Iter 28: Q=1.0227, term1=0.0034, term2=0.0713, penalty=0.9514428377151489
INFO:root:U_1-Qu_upper=0.4325364095102545, U_2-Qv_upper=-0.04629150834594109
INFO:root:eta=1, l=0.8192515672059473, r=1
INFO:root:Iter 29: Q=0.9325, term1=0.0035, term2=0.0698, penalty=0.8626368641853333
INFO:root:U_1-Qu_upper=0.42892765950562367, U_2-Qv_upper=-0.04842386916680613
INFO:root:eta=1, l=0.8282889888456499, r=1
INFO:root:Iter 30: Q=0.8465, term1=0.0036, term2=0.0684, penalty=0.7781286239624023
INFO:root:U_1-Qu_upper=0.42911177529525196, U_2-Qv_upper=-0.04701812571291353
INFO:root:eta=1, l=0.8368745394033674, r=1
INFO:root:Iter 31: Q=0.7649, term1=0.0038, term2=0.0671, penalty=0.6977677941322327
INFO:root:U_1-Qu_upper=0.42898917937294556, U_2-Qv_upper=-0.037416069342280256
INFO:root:eta=1, l=0.8450308124331991, r=1
INFO:root:Iter 32: Q=0.6874, term1=0.0039, term2=0.0660, penalty=0.6214706301689148
INFO:root:U_1-Qu_upper=0.4287673158035047, U_2-Qv_upper=-0.034635111762871484
INFO:root:eta=1, l=0.8527792718115391, r=1
INFO:root:Iter 33: Q=0.6136, term1=0.0040, term2=0.0648, penalty=0.5488439202308655
INFO:root:U_1-Qu_upper=0.42309205599077904, U_2-Qv_upper=-0.03278743633850251
INFO:root:eta=1, l=0.8601403082209622, r=1
INFO:root:Iter 34: Q=0.5434, term1=0.0042, term2=0.0637, penalty=0.47973865270614624
INFO:root:U_1-Qu_upper=0.4186424531772764, U_2-Qv_upper=-0.02576070756204668
INFO:root:eta=1, l=0.8671332928099141, r=1
INFO:root:Iter 35: Q=0.4767, term1=0.0043, term2=0.0627, penalty=0.4140453338623047
INFO:root:U_1-Qu_upper=0.42300992144705885, U_2-Qv_upper=-0.019352140073918667
INFO:root:eta=1, l=0.8737766281694185, r=1
INFO:root:Iter 36: Q=0.4132, term1=0.0044, term2=0.0617, penalty=0.3515254259109497
INFO:root:U_1-Qu_upper=0.4177485145799441, U_2-Qv_upper=-0.023848534252655318
INFO:root:eta=1, l=0.8800877967609475, r=1
INFO:root:Iter 37: Q=0.3527, term1=0.0045, term2=0.0607, penalty=0.2919985055923462
INFO:root:U_1-Qu_upper=0.4175806946852773, U_2-Qv_upper=-0.02555721009768752
INFO:root:eta=1, l=0.8860834069229001, r=1
INFO:root:Iter 38: Q=0.2951, term1=0.0046, term2=0.0598, penalty=0.2353629469871521
INFO:root:U_1-Qu_upper=0.4143882183508136, U_2-Qv_upper=-0.014713617940216639
INFO:root:eta=1, l=0.8917792365767551, r=1
INFO:root:Iter 39: Q=0.2403, term1=0.0047, term2=0.0589, penalty=0.18148452043533325
INFO:root:U_1-Qu_upper=0.4147837811139068, U_2-Qv_upper=-0.012821458048509426
INFO:root:eta=1, l=0.8971902747479173, r=1
INFO:root:Iter 40: Q=0.1882, term1=0.0048, term2=0.0580, penalty=0.1302163153886795
INFO:root:U_1-Qu_upper=0.4121503383264672, U_2-Qv_upper=-0.013115563451507606
INFO:root:eta=1, l=0.9023307610105215, r=1
INFO:root:Iter 41: Q=0.1385, term1=0.0049, term2=0.0571, penalty=0.08142726123332977
INFO:root:U_1-Qu_upper=0.41018731763245353, U_2-Qv_upper=-0.00890526651033896
INFO:root:eta=1, l=0.9072142229599954, r=1
INFO:root:Iter 42: Q=0.0913, term1=0.0050, term2=0.0563, penalty=0.03499621897935867
INFO:root:U_1-Qu_upper=0.4131994063854368, U_2-Qv_upper=-0.0036757720202098
INFO:root:eta=1, l=0.9118535118119957, r=1
INFO:root:Iter 43: Q=0.0579, term1=0.0051, term2=0.0554, penalty=0.0024566291831433773
INFO:root:U_1-Qu_upper=0.40797895606522444, U_2-Qv_upper=-0.0023887487126216245
INFO:root:eta=1, l=0.9162608362213959, r=1
INFO:root:Iter 44: Q=0.0548, term1=0.0051, term2=0.0548, penalty=0.0
INFO:root:U_1-Qu_upper=0.4075562344305508, U_2-Qv_upper=0.0019766538427984925
INFO:root:eta=0.9995958240604959, l=0.9204477944103261, r=1
INFO:root:Iter 45: Q=0.0541, term1=0.0051, term2=0.0541, penalty=0.0
INFO:root:U_1-Qu_upper=0.409684971676869, U_2-Qv_upper=0.0004450350086846466
INFO:root:eta=0.9999136773317524, l=0.9244254046898098, r=1
INFO:root:Iter 46: Q=0.0535, term1=0.0051, term2=0.0535, penalty=0.0
INFO:root:U_1-Qu_upper=0.4073966975404479, U_2-Qv_upper=0.002097966921322192
INFO:root:eta=0.9996128081393649, l=0.9282041344553194, r=1
INFO:root:Iter 47: Q=0.0529, term1=0.0052, term2=0.0529, penalty=0.0
INFO:root:U_1-Qu_upper=0.4110780989570839, U_2-Qv_upper=0.0011271326362717882
INFO:root:eta=0.9998036816202163, l=0.9317939277325534, r=1
INFO:root:Iter 48: Q=0.0523, term1=0.0052, term2=0.0523, penalty=0.0
INFO:root:U_1-Qu_upper=0.4065640253719969, U_2-Qv_upper=0.003232870751566308
INFO:root:eta=0.9994619251190078, l=0.9352042313459258, r=1
INFO:root:Iter 49: Q=0.0516, term1=0.0052, term2=0.0517, penalty=0.0
INFO:root:U_1-Qu_upper=0.4097730031542523, U_2-Qv_upper=0.009114264986718412
INFO:root:eta=0.9985901557520421, l=0.9384440197786295, r=1
INFO:root:Iter 50: Q=0.0510, term1=0.0052, term2=0.0511, penalty=0.0
/zhome/c3/3/213266/SC/distributional-counterfactual-explanation/cardio_new.py:505: DeprecationWarning: __array_wrap__ must accept context and return_scalar arguments (positionally) in the future. (Deprecated NumPy 2.0)
  best_X_lsc_hinge = best_X_lsc_hinge * std.values + mean.values  # 恢复 X_s 到原始 scale
INFO:root:Optimization started
INFO:root:U_1-Qu_upper=0.5, U_2-Qv_upper=-0.3335065059003192
INFO:root:eta=1, l=0.24000000000000002, r=1
INFO:root:Iter 1: Q=6.8630, term1=0.0001, term2=0.2103, penalty=6.652715682983398
INFO:root:U_1-Qu_upper=0.5, U_2-Qv_upper=-0.28461020499556294
INFO:root:eta=1, l=0.278, r=1
INFO:root:Iter 2: Q=6.4104, term1=0.0002, term2=0.1884, penalty=6.2220659255981445
INFO:root:U_1-Qu_upper=0.5, U_2-Qv_upper=-0.25316124059198303
INFO:root:eta=1, l=0.31410000000000005, r=1
INFO:root:Iter 3: Q=5.9848, term1=0.0003, term2=0.1727, penalty=5.812163829803467
INFO:root:U_1-Qu_upper=0.5, U_2-Qv_upper=-0.2363873782423142
INFO:root:eta=1, l=0.34839500000000007, r=1
INFO:root:Iter 4: Q=5.5952, term1=0.0005, term2=0.1611, penalty=5.4340691566467285
INFO:root:U_1-Qu_upper=0.5, U_2-Qv_upper=-0.22243367168547185
INFO:root:eta=1, l=0.38097525000000004, r=1
INFO:root:Iter 5: Q=5.2382, term1=0.0006, term2=0.1512, penalty=5.0869035720825195
INFO:root:U_1-Qu_upper=0.5, U_2-Qv_upper=-0.21843909000661071
INFO:root:eta=1, l=0.41192648750000005, r=1
INFO:root:Iter 6: Q=4.9001, term1=0.0008, term2=0.1427, penalty=4.75742769241333
INFO:root:U_1-Qu_upper=0.5, U_2-Qv_upper=-0.19158659708752912
INFO:root:eta=1, l=0.44133016312500006, r=1
INFO:root:Iter 7: Q=4.5780, term1=0.0009, term2=0.1349, penalty=4.443167686462402
INFO:root:U_1-Qu_upper=0.4854996437874123, U_2-Qv_upper=-0.17905886040292268
INFO:root:eta=1, l=0.46926365496875005, r=1
INFO:root:Iter 8: Q=4.2722, term1=0.0011, term2=0.1283, penalty=4.143914222717285
INFO:root:U_1-Qu_upper=0.4830962939390773, U_2-Qv_upper=-0.16463974114353946
INFO:root:eta=1, l=0.49580047222031254, r=1
INFO:root:Iter 9: Q=3.9941, term1=0.0013, term2=0.1225, penalty=3.871622323989868
INFO:root:U_1-Qu_upper=0.47718557637232245, U_2-Qv_upper=-0.16042239453850887
INFO:root:eta=1, l=0.5210104486092969, r=1
INFO:root:Iter 10: Q=3.7439, term1=0.0014, term2=0.1174, penalty=3.626498222351074
INFO:root:U_1-Qu_upper=0.47234548216174865, U_2-Qv_upper=-0.14723666047341016
INFO:root:eta=1, l=0.544959926178832, r=1
INFO:root:Iter 11: Q=3.5080, term1=0.0016, term2=0.1125, penalty=3.3955023288726807
INFO:root:U_1-Qu_upper=0.46964558357191016, U_2-Qv_upper=-0.14052216601431394
INFO:root:eta=1, l=0.5677119298698905, r=1
INFO:root:Iter 12: Q=3.2955, term1=0.0017, term2=0.1078, penalty=3.1876840591430664
INFO:root:U_1-Qu_upper=0.46372118339079915, U_2-Qv_upper=-0.13120824034613032
INFO:root:eta=1, l=0.589326333376396, r=1
INFO:root:Iter 13: Q=3.0943, term1=0.0019, term2=0.1037, penalty=2.990673542022705
INFO:root:U_1-Qu_upper=0.4633938260724209, U_2-Qv_upper=-0.11741746995990865
INFO:root:eta=1, l=0.6098600167075762, r=1
INFO:root:Iter 14: Q=2.9029, term1=0.0020, term2=0.0998, penalty=2.8031527996063232
INFO:root:U_1-Qu_upper=0.4583191115302153, U_2-Qv_upper=-0.11100840872364753
INFO:root:eta=1, l=0.6293670158721973, r=1
INFO:root:Iter 15: Q=2.7213, term1=0.0022, term2=0.0964, penalty=2.6248364448547363
INFO:root:U_1-Qu_upper=0.45427497450103904, U_2-Qv_upper=-0.10605615566955218
INFO:root:eta=1, l=0.6478986650785875, r=1
INFO:root:Iter 16: Q=2.5482, term1=0.0023, term2=0.0932, penalty=2.454981803894043
INFO:root:U_1-Qu_upper=0.44942686486934136, U_2-Qv_upper=-0.09681619843090133
INFO:root:eta=1, l=0.6655037318246582, r=1
INFO:root:Iter 17: Q=2.3840, term1=0.0025, term2=0.0904, penalty=2.2936389446258545
INFO:root:U_1-Qu_upper=0.4486669279181644, U_2-Qv_upper=-0.09507129033026573
INFO:root:eta=1, l=0.6822285452334252, r=1
INFO:root:Iter 18: Q=2.2280, term1=0.0026, term2=0.0878, penalty=2.140202760696411
INFO:root:U_1-Qu_upper=0.4424756595706593, U_2-Qv_upper=-0.08731640549370095
INFO:root:eta=1, l=0.698117117971754, r=1
INFO:root:Iter 19: Q=2.0796, term1=0.0028, term2=0.0854, penalty=1.9941911697387695
INFO:root:U_1-Qu_upper=0.4430398834607013, U_2-Qv_upper=-0.08614981625444496
INFO:root:eta=1, l=0.7132112620731663, r=1
INFO:root:Iter 20: Q=1.9382, term1=0.0029, term2=0.0830, penalty=1.8552019596099854
INFO:root:U_1-Qu_upper=0.4374383396617214, U_2-Qv_upper=-0.07684778090496847
INFO:root:eta=1, l=0.727550698969508, r=1
INFO:root:Iter 21: Q=1.8038, term1=0.0031, term2=0.0809, penalty=1.7229539155960083
INFO:root:U_1-Qu_upper=0.43634045591531007, U_2-Qv_upper=-0.06565443148713779
INFO:root:eta=1, l=0.7411731640210326, r=1
INFO:root:Iter 22: Q=1.6758, term1=0.0033, term2=0.0788, penalty=1.5970652103424072
INFO:root:U_1-Qu_upper=0.43381593882362895, U_2-Qv_upper=-0.06523209917919992
INFO:root:eta=1, l=0.754114505819981, r=1
INFO:root:Iter 23: Q=1.5541, term1=0.0034, term2=0.0769, penalty=1.477222204208374
INFO:root:U_1-Qu_upper=0.4309161072549538, U_2-Qv_upper=-0.06429081734045211
INFO:root:eta=1, l=0.7664087805289819, r=1
INFO:root:Iter 24: Q=1.4382, term1=0.0036, term2=0.0751, penalty=1.3631401062011719
INFO:root:U_1-Qu_upper=0.4293094312945401, U_2-Qv_upper=-0.05609183669570106
INFO:root:eta=1, l=0.7780883415025328, r=1
INFO:root:Iter 25: Q=1.3282, term1=0.0037, term2=0.0734, penalty=1.2547345161437988
INFO:root:U_1-Qu_upper=0.42651380569051967, U_2-Qv_upper=-0.052122923883613614
INFO:root:eta=1, l=0.7891839244274061, r=1
INFO:root:Iter 26: Q=1.2233, term1=0.0039, term2=0.0718, penalty=1.1515482664108276
INFO:root:U_1-Qu_upper=0.42499068224358927, U_2-Qv_upper=-0.040703401762253566
INFO:root:eta=1, l=0.7997247282060358, r=1
INFO:root:Iter 27: Q=1.1238, term1=0.0040, term2=0.0703, penalty=1.0534782409667969
INFO:root:U_1-Qu_upper=0.42178277702559175, U_2-Qv_upper=-0.04485847445597635
INFO:root:eta=1, l=0.809738491795734, r=1
INFO:root:Iter 28: Q=1.0293, term1=0.0042, term2=0.0690, penalty=0.9602936506271362
INFO:root:U_1-Qu_upper=0.421969213635516, U_2-Qv_upper=-0.03645510248157485
INFO:root:eta=1, l=0.8192515672059473, r=1
INFO:root:Iter 29: Q=0.9393, term1=0.0043, term2=0.0677, penalty=0.8715617656707764
INFO:root:U_1-Qu_upper=0.4216980704946375, U_2-Qv_upper=-0.03667909929188945
INFO:root:eta=1, l=0.8282889888456499, r=1
INFO:root:Iter 30: Q=0.8537, term1=0.0044, term2=0.0666, penalty=0.7870991230010986
INFO:root:U_1-Qu_upper=0.41807962845047336, U_2-Qv_upper=-0.03328836402820773
INFO:root:eta=1, l=0.8368745394033674, r=1
INFO:root:Iter 31: Q=0.7721, term1=0.0046, term2=0.0655, penalty=0.7066735029220581
INFO:root:U_1-Qu_upper=0.41570356480070286, U_2-Qv_upper=-0.03222328873467284
INFO:root:eta=1, l=0.8450308124331991, r=1
INFO:root:Iter 32: Q=0.6945, term1=0.0047, term2=0.0644, penalty=0.6301366090774536
INFO:root:U_1-Qu_upper=0.41354205389073934, U_2-Qv_upper=-0.02857125610143324
INFO:root:eta=1, l=0.8527792718115391, r=1
INFO:root:Iter 33: Q=0.6207, term1=0.0049, term2=0.0634, penalty=0.5573073625564575
INFO:root:U_1-Qu_upper=0.4120252137511978, U_2-Qv_upper=-0.0289635053157955
INFO:root:eta=1, l=0.8601403082209622, r=1
INFO:root:Iter 34: Q=0.5503, term1=0.0050, term2=0.0623, penalty=0.48796796798706055
INFO:root:U_1-Qu_upper=0.41077521207972945, U_2-Qv_upper=-0.02518162669918833
INFO:root:eta=1, l=0.8671332928099141, r=1
INFO:root:Iter 35: Q=0.4832, term1=0.0052, term2=0.0613, penalty=0.42192816734313965
INFO:root:U_1-Qu_upper=0.40955197699696655, U_2-Qv_upper=-0.014318937493994821
INFO:root:eta=1, l=0.8737766281694185, r=1
INFO:root:Iter 36: Q=0.4195, term1=0.0053, term2=0.0604, penalty=0.3591211140155792
INFO:root:U_1-Qu_upper=0.40665043996997685, U_2-Qv_upper=-0.01488854356435676
INFO:root:eta=1, l=0.8800877967609475, r=1
INFO:root:Iter 37: Q=0.3589, term1=0.0054, term2=0.0595, penalty=0.29943376779556274
INFO:root:U_1-Qu_upper=0.40818390763587376, U_2-Qv_upper=-0.014594239652835628
INFO:root:eta=1, l=0.8860834069229001, r=1
INFO:root:Iter 38: Q=0.3013, term1=0.0055, term2=0.0587, penalty=0.2426200807094574
INFO:root:U_1-Qu_upper=0.4053934607438094, U_2-Qv_upper=-0.00906978751665638
INFO:root:eta=1, l=0.8917792365767551, r=1
INFO:root:Iter 39: Q=0.2465, term1=0.0057, term2=0.0579, penalty=0.18856990337371826
INFO:root:U_1-Qu_upper=0.4036739581826233, U_2-Qv_upper=-0.01043720483108268
INFO:root:eta=1, l=0.8971902747479173, r=1
INFO:root:Iter 40: Q=0.1942, term1=0.0058, term2=0.0571, penalty=0.13710550963878632
INFO:root:U_1-Qu_upper=0.40106209052928554, U_2-Qv_upper=-0.006749973572212631
INFO:root:eta=1, l=0.9023307610105215, r=1
INFO:root:Iter 41: Q=0.1444, term1=0.0059, term2=0.0563, penalty=0.08811936527490616
INFO:root:U_1-Qu_upper=0.4000468336395424, U_2-Qv_upper=-0.009372541960912084
INFO:root:eta=1, l=0.9072142229599954, r=1
INFO:root:Iter 42: Q=0.0970, term1=0.0060, term2=0.0555, penalty=0.04148952290415764
INFO:root:U_1-Qu_upper=0.39800812811815417, U_2-Qv_upper=-0.002728229737206378
INFO:root:eta=1, l=0.9118535118119957, r=1
INFO:root:Iter 43: Q=0.0599, term1=0.0062, term2=0.0548, penalty=0.005074614193290472
INFO:root:U_1-Qu_upper=0.3984102788659568, U_2-Qv_upper=0.002620251333259882
INFO:root:eta=0.9994240689029784, l=0.9162608362213959, r=1
INFO:root:Iter 44: Q=0.0541, term1=0.0063, term2=0.0541, penalty=0.0
INFO:root:U_1-Qu_upper=0.395548304028459, U_2-Qv_upper=-0.0007338305349133822
INFO:root:eta=1, l=0.9204477944103261, r=1
INFO:root:Iter 45: Q=0.0535, term1=0.0063, term2=0.0535, penalty=0.0
INFO:root:U_1-Qu_upper=0.3970361453514389, U_2-Qv_upper=0.003561427898885916
INFO:root:eta=0.9992927579612971, l=0.9244254046898098, r=1
INFO:root:Iter 46: Q=0.0529, term1=0.0064, term2=0.0529, penalty=0.0
INFO:root:U_1-Qu_upper=0.3949491576251299, U_2-Qv_upper=0.007454381215992012
INFO:root:eta=0.9986000077302777, l=0.9282041344553194, r=1
INFO:root:Iter 47: Q=0.0522, term1=0.0065, term2=0.0523, penalty=0.0
INFO:root:U_1-Qu_upper=0.39639395500543884, U_2-Qv_upper=0.005546372653937259
INFO:root:eta=0.9990092891956335, l=0.9317939277325534, r=1
INFO:root:Iter 48: Q=0.0517, term1=0.0065, term2=0.0517, penalty=0.0
INFO:root:U_1-Qu_upper=0.39306221900008464, U_2-Qv_upper=0.009011772984632405
INFO:root:eta=0.9984712822721669, l=0.9352042313459258, r=1
INFO:root:Iter 49: Q=0.0511, term1=0.0066, term2=0.0512, penalty=0.0
INFO:root:U_1-Qu_upper=0.3924894190479478, U_2-Qv_upper=0.008930808075340524
INFO:root:eta=0.9985584219856316, l=0.9384440197786295, r=1
INFO:root:Iter 50: Q=0.0505, term1=0.0067, term2=0.0506, penalty=0.0
/zhome/c3/3/213266/SC/distributional-counterfactual-explanation/cardio_new.py:505: DeprecationWarning: __array_wrap__ must accept context and return_scalar arguments (positionally) in the future. (Deprecated NumPy 2.0)
  best_X_lsc_hinge = best_X_lsc_hinge * std.values + mean.values  # 恢复 X_s 到原始 scale
Using device: cuda
Test Accuracy: 73.60%
X Sliced Wasserstein Distance (SWD) with LSC constraint: 0.128270
Y Wasserstein Distance (WD) with LSC constraint: 0.063343
X Sliced Wasserstein Distance (SWD) with LSC constraint: 0.101627
Y Wasserstein Distance (WD) with LSC constraint: 0.065981
X Sliced Wasserstein Distance (SWD) with LSC constraint: 0.092020
Y Wasserstein Distance (WD) with LSC constraint: 0.066619
X Sliced Wasserstein Distance (SWD) with LSC constraint: 0.080788
Y Wasserstein Distance (WD) with LSC constraint: 0.063842
X Sliced Wasserstein Distance (SWD) with LSC constraint: 0.089978
Y Wasserstein Distance (WD) with LSC constraint: 0.065404

------------------------------------------------------------
Sender: LSF System <lsfadmin@hpc.dtu.dk>
Subject: Job 27595560: <NONAME> in cluster <dcc> Done

Job <NONAME> was submitted from host <hpclogin1> by user <s242612> in cluster <dcc> at Mon Jan 12 04:48:40 2026
Job was executed on host(s) <4*n-62-20-2>, in queue <gpuv100>, as user <s242612> in cluster <dcc> at Mon Jan 12 05:28:24 2026
</zhome/c3/3/213266> was used as the home directory.
</zhome/c3/3/213266/SC/distributional-counterfactual-explanation> was used as the working directory.
Started at Mon Jan 12 05:28:24 2026
Terminated at Mon Jan 12 07:33:09 2026
Results reported at Mon Jan 12 07:33:09 2026

Your job looked like:

------------------------------------------------------------
# LSBATCH: User input
#!/bin/bash
#BSUB -q gpuv100              # 指定队列类型
#BSUB -gpu "num=1"             # 请求一个 GPU
#BSUB -n 4                     # 请求 4 个 CPU 核心
#BSUB -R "rusage[mem=4096]"     # 请求 4096MB 内存
#BSUB -W 6:00                  # 设置最大运行时长为 1 小时
#BSUB -o output_%J.log         # 输出日志文件名设置为 output_<job_id>.log

# 激活虚拟环境
source ~/myenv/bin/activate

# 运行你的 Python 脚本
# python HELOC.py
# python Cardio.py
# python Cardio.py
python cardio_new.py
# python HELOC_new.py
# python market_new.py




------------------------------------------------------------

Successfully completed.

Resource usage summary:

    CPU time :                                   7493.99 sec.
    Max Memory :                                 8009 MB
    Average Memory :                             7753.49 MB
    Total Requested Memory :                     16384.00 MB
    Delta Memory :                               8375.00 MB
    Max Swap :                                   -
    Max Processes :                              4
    Max Threads :                                8
    Run time :                                   7485 sec.
    Turnaround time :                            9869 sec.

The output (if any) is above this job summary.

