/zhome/c3/3/213266/myenv/lib64/python3.9/site-packages/networkx/utils/backends.py:135: RuntimeWarning: networkx backend defined more than once: nx-loopback
  backends.update(_get_backends("networkx.backends"))
INFO:root:Optimization started
INFO:root:U_1-Qu_upper=0.5, U_2-Qv_upper=-0.3172660593543814
INFO:root:eta=1, l=0.24000000000000002, r=1
INFO:root:Iter 1: Q=2.9053, term1=0.0001, term2=0.2110, penalty=2.694333076477051
INFO:root:U_1-Qu_upper=0.5, U_2-Qv_upper=-0.27950668734675715
INFO:root:eta=1, l=0.278, r=1
INFO:root:Iter 2: Q=2.2755, term1=0.0001, term2=0.1895, penalty=2.085970163345337
INFO:root:U_1-Qu_upper=0.5, U_2-Qv_upper=-0.2673530872850977
INFO:root:eta=1, l=0.31410000000000005, r=1
INFO:root:Iter 3: Q=2.4805, term1=0.0002, term2=0.1735, penalty=2.307055711746216
INFO:root:U_1-Qu_upper=0.5, U_2-Qv_upper=-0.2465539405342278
INFO:root:eta=1, l=0.34839500000000007, r=1
INFO:root:Iter 4: Q=2.6597, term1=0.0003, term2=0.1625, penalty=2.4972214698791504
INFO:root:U_1-Qu_upper=0.5, U_2-Qv_upper=-0.22369680458290958
INFO:root:eta=1, l=0.38097525000000004, r=1
INFO:root:Iter 5: Q=2.8172, term1=0.0004, term2=0.1533, penalty=2.6638684272766113
INFO:root:U_1-Qu_upper=0.5, U_2-Qv_upper=-0.21341243926088488
INFO:root:eta=1, l=0.41192648750000005, r=1
INFO:root:Iter 6: Q=2.6429, term1=0.0004, term2=0.1456, penalty=2.4973034858703613
INFO:root:U_1-Qu_upper=0.5, U_2-Qv_upper=-0.21027915636584288
INFO:root:eta=1, l=0.44133016312500006, r=1
INFO:root:Iter 7: Q=3.0429, term1=0.0005, term2=0.1390, penalty=2.9039225578308105
INFO:root:U_1-Qu_upper=0.5, U_2-Qv_upper=-0.19510030567198133
INFO:root:eta=1, l=0.46926365496875005, r=1
INFO:root:Iter 8: Q=3.0424, term1=0.0006, term2=0.1337, penalty=2.9087448120117188
INFO:root:U_1-Qu_upper=0.5, U_2-Qv_upper=-0.18724314849571339
INFO:root:eta=1, l=0.49580047222031254, r=1
INFO:root:Iter 9: Q=3.1923, term1=0.0007, term2=0.1287, penalty=3.0635650157928467
INFO:root:U_1-Qu_upper=0.5, U_2-Qv_upper=-0.16922675087821254
INFO:root:eta=1, l=0.5210104486092969, r=1
INFO:root:Iter 10: Q=3.2353, term1=0.0008, term2=0.1244, penalty=3.1108176708221436
INFO:root:U_1-Qu_upper=0.5, U_2-Qv_upper=-0.17063093284746655
INFO:root:eta=1, l=0.544959926178832, r=1
INFO:root:Iter 11: Q=3.6759, term1=0.0010, term2=0.1207, penalty=3.5552101135253906
INFO:root:U_1-Qu_upper=0.5, U_2-Qv_upper=-0.15791375835463856
INFO:root:eta=1, l=0.5677119298698905, r=1
INFO:root:Iter 12: Q=3.6526, term1=0.0011, term2=0.1171, penalty=3.53551983833313
INFO:root:U_1-Qu_upper=0.5, U_2-Qv_upper=-0.15685171468661002
INFO:root:eta=1, l=0.589326333376396, r=1
INFO:root:Iter 13: Q=3.8498, term1=0.0012, term2=0.1137, penalty=3.73610258102417
INFO:root:U_1-Qu_upper=0.5, U_2-Qv_upper=-0.14953547673298467
INFO:root:eta=1, l=0.6098600167075762, r=1
INFO:root:Iter 14: Q=3.7769, term1=0.0014, term2=0.1105, penalty=3.666391372680664
INFO:root:U_1-Qu_upper=0.48472866658866126, U_2-Qv_upper=-0.14862785826535407
INFO:root:eta=1, l=0.6293670158721973, r=1
INFO:root:Iter 15: Q=3.7333, term1=0.0015, term2=0.1075, penalty=3.6258325576782227
INFO:root:U_1-Qu_upper=0.4943476127952916, U_2-Qv_upper=-0.13021111749143777
INFO:root:eta=1, l=0.6478986650785875, r=1
INFO:root:Iter 16: Q=3.8672, term1=0.0017, term2=0.1046, penalty=3.762667655944824
INFO:root:U_1-Qu_upper=0.48086865991364636, U_2-Qv_upper=-0.12599630546206025
INFO:root:eta=1, l=0.6655037318246582, r=1
INFO:root:Iter 17: Q=3.9608, term1=0.0019, term2=0.1018, penalty=3.858933210372925
INFO:root:U_1-Qu_upper=0.47545467126762647, U_2-Qv_upper=-0.12170767401919735
INFO:root:eta=1, l=0.6822285452334252, r=1
INFO:root:Iter 18: Q=3.8934, term1=0.0021, term2=0.0993, penalty=3.7940754890441895
INFO:root:U_1-Qu_upper=0.47717278879730163, U_2-Qv_upper=-0.11050035619647663
INFO:root:eta=1, l=0.698117117971754, r=1
INFO:root:Iter 19: Q=3.7736, term1=0.0022, term2=0.0971, penalty=3.6765313148498535
INFO:root:U_1-Qu_upper=0.471043998776599, U_2-Qv_upper=-0.1091757844725122
INFO:root:eta=1, l=0.7132112620731663, r=1
INFO:root:Iter 20: Q=3.9333, term1=0.0024, term2=0.0950, penalty=3.8383216857910156
INFO:root:U_1-Qu_upper=0.46493453834078696, U_2-Qv_upper=-0.10926091086753215
INFO:root:eta=1, l=0.727550698969508, r=1
INFO:root:Iter 21: Q=3.8239, term1=0.0027, term2=0.0929, penalty=3.731018543243408
INFO:root:U_1-Qu_upper=0.464029423796436, U_2-Qv_upper=-0.10917853512294434
INFO:root:eta=1, l=0.7411731640210326, r=1
INFO:root:Iter 22: Q=4.1280, term1=0.0029, term2=0.0910, penalty=4.036932468414307
INFO:root:U_1-Qu_upper=0.4587297680194292, U_2-Qv_upper=-0.10149431512511664
INFO:root:eta=1, l=0.754114505819981, r=1
INFO:root:Iter 23: Q=4.0958, term1=0.0031, term2=0.0892, penalty=4.006592273712158
INFO:root:U_1-Qu_upper=0.45532107162247093, U_2-Qv_upper=-0.10070764609824706
INFO:root:eta=1, l=0.7664087805289819, r=1
INFO:root:Iter 24: Q=4.0293, term1=0.0034, term2=0.0875, penalty=3.941795825958252
INFO:root:U_1-Qu_upper=0.45813517366200607, U_2-Qv_upper=-0.093517241814499
INFO:root:eta=1, l=0.7780883415025328, r=1
INFO:root:Iter 25: Q=3.9774, term1=0.0036, term2=0.0860, penalty=3.8913886547088623
INFO:root:U_1-Qu_upper=0.4380782033012598, U_2-Qv_upper=-0.0918518392730085
INFO:root:eta=1, l=0.7891839244274061, r=1
INFO:root:Iter 26: Q=3.9330, term1=0.0039, term2=0.0844, penalty=3.8485729694366455
INFO:root:U_1-Qu_upper=0.4405891412705911, U_2-Qv_upper=-0.08605896702391619
INFO:root:eta=1, l=0.7997247282060358, r=1
INFO:root:Iter 27: Q=3.8059, term1=0.0041, term2=0.0827, penalty=3.7231943607330322
INFO:root:U_1-Qu_upper=0.4314765558118135, U_2-Qv_upper=-0.0798336516983374
INFO:root:eta=1, l=0.809738491795734, r=1
INFO:root:Iter 28: Q=3.8933, term1=0.0044, term2=0.0811, penalty=3.8122382164001465
INFO:root:U_1-Qu_upper=0.43071640792933863, U_2-Qv_upper=-0.07909060447141947
INFO:root:eta=1, l=0.8192515672059473, r=1
INFO:root:Iter 29: Q=4.0800, term1=0.0047, term2=0.0796, penalty=4.0003767013549805
INFO:root:U_1-Qu_upper=0.42592388397573144, U_2-Qv_upper=-0.08060688513700093
INFO:root:eta=1, l=0.8282889888456499, r=1
INFO:root:Iter 30: Q=3.9140, term1=0.0049, term2=0.0782, penalty=3.8358635902404785
INFO:root:U_1-Qu_upper=0.4187980339849829, U_2-Qv_upper=-0.07005406850523499
INFO:root:eta=1, l=0.8368745394033674, r=1
INFO:root:Iter 31: Q=3.8997, term1=0.0052, term2=0.0768, penalty=3.822838306427002
INFO:root:U_1-Qu_upper=0.4155176661362543, U_2-Qv_upper=-0.07314750190496816
INFO:root:eta=1, l=0.8450308124331991, r=1
INFO:root:Iter 32: Q=3.8492, term1=0.0055, term2=0.0754, penalty=3.773775100708008
INFO:root:U_1-Qu_upper=0.41067077083848696, U_2-Qv_upper=-0.07058620628989737
INFO:root:eta=1, l=0.8527792718115391, r=1
INFO:root:Iter 33: Q=3.8688, term1=0.0058, term2=0.0741, penalty=3.7946314811706543
INFO:root:U_1-Qu_upper=0.4114233520940406, U_2-Qv_upper=-0.061820298533025175
INFO:root:eta=1, l=0.8601403082209622, r=1
INFO:root:Iter 34: Q=3.6573, term1=0.0061, term2=0.0729, penalty=3.584364891052246
INFO:root:U_1-Qu_upper=0.405743468177235, U_2-Qv_upper=-0.06363620234819112
INFO:root:eta=1, l=0.8671332928099141, r=1
INFO:root:Iter 35: Q=3.7575, term1=0.0064, term2=0.0717, penalty=3.6857497692108154
INFO:root:U_1-Qu_upper=0.40056827895917, U_2-Qv_upper=-0.05468009678953922
INFO:root:eta=1, l=0.8737766281694185, r=1
INFO:root:Iter 36: Q=3.6197, term1=0.0067, term2=0.0705, penalty=3.5491244792938232
INFO:root:U_1-Qu_upper=0.3954943460010231, U_2-Qv_upper=-0.05236086687519276
INFO:root:eta=1, l=0.8800877967609475, r=1
INFO:root:Iter 37: Q=3.5977, term1=0.0070, term2=0.0693, penalty=3.528357982635498
INFO:root:U_1-Qu_upper=0.3938152165355817, U_2-Qv_upper=-0.053981825567429864
INFO:root:eta=1, l=0.8860834069229001, r=1
INFO:root:Iter 38: Q=3.5373, term1=0.0073, term2=0.0681, penalty=3.4692046642303467
INFO:root:U_1-Qu_upper=0.3932064197164741, U_2-Qv_upper=-0.050465176884493645
INFO:root:eta=1, l=0.8917792365767551, r=1
INFO:root:Iter 39: Q=3.4623, term1=0.0077, term2=0.0669, penalty=3.3953981399536133
INFO:root:U_1-Qu_upper=0.38814236444711003, U_2-Qv_upper=-0.04074613835201252
INFO:root:eta=1, l=0.8971902747479173, r=1
INFO:root:Iter 40: Q=3.3673, term1=0.0080, term2=0.0658, penalty=3.3015193939208984
INFO:root:U_1-Qu_upper=0.3828147024200195, U_2-Qv_upper=-0.043686594046272564
INFO:root:eta=1, l=0.9023307610105215, r=1
INFO:root:Iter 41: Q=3.2801, term1=0.0083, term2=0.0647, penalty=3.2153446674346924
INFO:root:U_1-Qu_upper=0.3834523686863722, U_2-Qv_upper=-0.037977508306001106
INFO:root:eta=1, l=0.9072142229599954, r=1
INFO:root:Iter 42: Q=3.2054, term1=0.0086, term2=0.0637, penalty=3.141730308532715
INFO:root:U_1-Qu_upper=0.3752272928032834, U_2-Qv_upper=-0.04033408732183125
INFO:root:eta=1, l=0.9118535118119957, r=1
INFO:root:Iter 43: Q=3.2178, term1=0.0090, term2=0.0626, penalty=3.155186176300049
INFO:root:U_1-Qu_upper=0.37245096230887376, U_2-Qv_upper=-0.033035526073322996
INFO:root:eta=1, l=0.9162608362213959, r=1
INFO:root:Iter 44: Q=3.2163, term1=0.0093, term2=0.0616, penalty=3.1546630859375
INFO:root:U_1-Qu_upper=0.3717514234954813, U_2-Qv_upper=-0.03026540665813998
INFO:root:eta=1, l=0.9204477944103261, r=1
INFO:root:Iter 45: Q=3.0224, term1=0.0097, term2=0.0606, penalty=2.9617841243743896
INFO:root:U_1-Qu_upper=0.36549340079538495, U_2-Qv_upper=-0.02574335019034163
INFO:root:eta=1, l=0.9244254046898098, r=1
INFO:root:Iter 46: Q=3.1152, term1=0.0100, term2=0.0597, penalty=3.0554816722869873
INFO:root:U_1-Qu_upper=0.36391772701792396, U_2-Qv_upper=-0.025212718595164163
INFO:root:eta=1, l=0.9282041344553194, r=1
INFO:root:Iter 47: Q=3.1746, term1=0.0104, term2=0.0589, penalty=3.1157124042510986
INFO:root:U_1-Qu_upper=0.36222670273144764, U_2-Qv_upper=-0.020112717651385725
INFO:root:eta=1, l=0.9317939277325534, r=1
INFO:root:Iter 48: Q=3.0815, term1=0.0108, term2=0.0580, penalty=3.0234439373016357
INFO:root:U_1-Qu_upper=0.3572466538870734, U_2-Qv_upper=-0.01882469436311285
INFO:root:eta=1, l=0.9352042313459258, r=1
INFO:root:Iter 49: Q=3.0237, term1=0.0111, term2=0.0572, penalty=2.9664785861968994
INFO:root:U_1-Qu_upper=0.3560094027176632, U_2-Qv_upper=-0.010964066751879775
INFO:root:eta=1, l=0.9384440197786295, r=1
INFO:root:Iter 50: Q=2.9494, term1=0.0115, term2=0.0564, penalty=2.89294171333313
/zhome/c3/3/213266/SC/distributional-counterfactual-explanation/cardio_new.py:618: DeprecationWarning: __array_wrap__ must accept context and return_scalar arguments (positionally) in the future. (Deprecated NumPy 2.0)
  best_X_fsd = best_X_fsd * std.values + mean.values  # 恢复 X_s 到原始 scale
INFO:root:Optimization started
INFO:root:U_1-Qu_upper=0.5, U_2-Qv_upper=-0.3277522615093292
INFO:root:eta=1, l=0.24000000000000002, r=1
INFO:root:Iter 1: Q=2.3866, term1=0.0001, term2=0.2120, penalty=2.1746160984039307
INFO:root:U_1-Qu_upper=0.5, U_2-Qv_upper=-0.2909796627572792
INFO:root:eta=1, l=0.278, r=1
INFO:root:Iter 2: Q=2.2332, term1=0.0001, term2=0.1918, penalty=2.041426181793213
INFO:root:U_1-Qu_upper=0.5, U_2-Qv_upper=-0.26565946512176314
INFO:root:eta=1, l=0.31410000000000005, r=1
INFO:root:Iter 3: Q=2.2568, term1=0.0002, term2=0.1760, penalty=2.0808255672454834
INFO:root:U_1-Qu_upper=0.5, U_2-Qv_upper=-0.24127507960258715
INFO:root:eta=1, l=0.34839500000000007, r=1
INFO:root:Iter 4: Q=2.4874, term1=0.0003, term2=0.1641, penalty=2.323326587677002
INFO:root:U_1-Qu_upper=0.5, U_2-Qv_upper=-0.2332625013694361
INFO:root:eta=1, l=0.38097525000000004, r=1
INFO:root:Iter 5: Q=2.5946, term1=0.0003, term2=0.1545, penalty=2.440049171447754
INFO:root:U_1-Qu_upper=0.5, U_2-Qv_upper=-0.2082400022698246
INFO:root:eta=1, l=0.41192648750000005, r=1
INFO:root:Iter 6: Q=2.6375, term1=0.0004, term2=0.1466, penalty=2.4908981323242188
INFO:root:U_1-Qu_upper=0.5, U_2-Qv_upper=-0.2181175249858161
INFO:root:eta=1, l=0.44133016312500006, r=1
INFO:root:Iter 7: Q=2.7550, term1=0.0005, term2=0.1402, penalty=2.614792823791504
INFO:root:U_1-Qu_upper=0.4926091192337751, U_2-Qv_upper=-0.19983609072173208
INFO:root:eta=1, l=0.46926365496875005, r=1
INFO:root:Iter 8: Q=3.0702, term1=0.0006, term2=0.1350, penalty=2.935184955596924
INFO:root:U_1-Qu_upper=0.4883778641746224, U_2-Qv_upper=-0.19297121073052764
INFO:root:eta=1, l=0.49580047222031254, r=1
INFO:root:Iter 9: Q=3.2639, term1=0.0007, term2=0.1303, penalty=3.1335442066192627
INFO:root:U_1-Qu_upper=0.4909113926046486, U_2-Qv_upper=-0.1787524830187931
INFO:root:eta=1, l=0.5210104486092969, r=1
INFO:root:Iter 10: Q=3.5002, term1=0.0008, term2=0.1262, penalty=3.3740782737731934
INFO:root:U_1-Qu_upper=0.4854193438204131, U_2-Qv_upper=-0.16928995743021158
INFO:root:eta=1, l=0.544959926178832, r=1
INFO:root:Iter 11: Q=3.5499, term1=0.0010, term2=0.1225, penalty=3.4273948669433594
INFO:root:U_1-Qu_upper=0.48354217280060197, U_2-Qv_upper=-0.1762073901813076
INFO:root:eta=1, l=0.5677119298698905, r=1
INFO:root:Iter 12: Q=3.9159, term1=0.0011, term2=0.1189, penalty=3.7969703674316406
INFO:root:U_1-Qu_upper=0.48210625726809775, U_2-Qv_upper=-0.1537729481208978
INFO:root:eta=1, l=0.589326333376396, r=1
INFO:root:Iter 13: Q=3.7523, term1=0.0012, term2=0.1155, penalty=3.636883497238159
INFO:root:U_1-Qu_upper=0.477520513020526, U_2-Qv_upper=-0.15435243711241925
INFO:root:eta=1, l=0.6098600167075762, r=1
INFO:root:Iter 14: Q=3.7658, term1=0.0014, term2=0.1121, penalty=3.6537132263183594
INFO:root:U_1-Qu_upper=0.4771388935175119, U_2-Qv_upper=-0.13157044612632263
INFO:root:eta=1, l=0.6293670158721973, r=1
INFO:root:Iter 15: Q=4.1577, term1=0.0015, term2=0.1089, penalty=4.048856258392334
INFO:root:U_1-Qu_upper=0.4723917639069872, U_2-Qv_upper=-0.14457270256347238
INFO:root:eta=1, l=0.6478986650785875, r=1
INFO:root:Iter 16: Q=4.2027, term1=0.0017, term2=0.1060, penalty=4.0966796875
INFO:root:U_1-Qu_upper=0.4673919393051336, U_2-Qv_upper=-0.1225103362641779
INFO:root:eta=1, l=0.6655037318246582, r=1
INFO:root:Iter 17: Q=4.2050, term1=0.0019, term2=0.1035, penalty=4.101595401763916
INFO:root:U_1-Qu_upper=0.4571850077597905, U_2-Qv_upper=-0.13423970108441807
INFO:root:eta=1, l=0.6822285452334252, r=1
INFO:root:Iter 18: Q=4.1961, term1=0.0021, term2=0.1011, penalty=4.0950140953063965
INFO:root:U_1-Qu_upper=0.4567540187026347, U_2-Qv_upper=-0.11801055182224318
INFO:root:eta=1, l=0.698117117971754, r=1
INFO:root:Iter 19: Q=4.1498, term1=0.0023, term2=0.0988, penalty=4.051015377044678
INFO:root:U_1-Qu_upper=0.4509036797342695, U_2-Qv_upper=-0.12493724223777258
INFO:root:eta=1, l=0.7132112620731663, r=1
INFO:root:Iter 20: Q=4.1360, term1=0.0026, term2=0.0967, penalty=4.039281845092773
INFO:root:U_1-Qu_upper=0.44864444159528505, U_2-Qv_upper=-0.11186213489354374
INFO:root:eta=1, l=0.727550698969508, r=1
INFO:root:Iter 21: Q=4.2580, term1=0.0028, term2=0.0947, penalty=4.163270473480225
INFO:root:U_1-Qu_upper=0.44644826701353324, U_2-Qv_upper=-0.10582526107658491
INFO:root:eta=1, l=0.7411731640210326, r=1
INFO:root:Iter 22: Q=4.0766, term1=0.0030, term2=0.0928, penalty=3.9837656021118164
INFO:root:U_1-Qu_upper=0.4411981277959981, U_2-Qv_upper=-0.10428127290963451
INFO:root:eta=1, l=0.754114505819981, r=1
INFO:root:Iter 23: Q=4.0123, term1=0.0033, term2=0.0910, penalty=3.921372413635254
INFO:root:U_1-Qu_upper=0.437082983624611, U_2-Qv_upper=-0.09551898728584429
INFO:root:eta=1, l=0.7664087805289819, r=1
INFO:root:Iter 24: Q=3.9471, term1=0.0035, term2=0.0891, penalty=3.8579726219177246
INFO:root:U_1-Qu_upper=0.43355251127641026, U_2-Qv_upper=-0.09541909482598632
INFO:root:eta=1, l=0.7780883415025328, r=1
INFO:root:Iter 25: Q=3.8420, term1=0.0038, term2=0.0874, penalty=3.7546095848083496
INFO:root:U_1-Qu_upper=0.43059713906858366, U_2-Qv_upper=-0.09609690745823868
INFO:root:eta=1, l=0.7891839244274061, r=1
INFO:root:Iter 26: Q=3.9113, term1=0.0040, term2=0.0856, penalty=3.8256871700286865
INFO:root:U_1-Qu_upper=0.4273181266920502, U_2-Qv_upper=-0.08408338772989826
INFO:root:eta=1, l=0.7997247282060358, r=1
INFO:root:Iter 27: Q=4.0620, term1=0.0043, term2=0.0839, penalty=3.9781486988067627
INFO:root:U_1-Qu_upper=0.420239020806759, U_2-Qv_upper=-0.08296333620827617
INFO:root:eta=1, l=0.809738491795734, r=1
INFO:root:Iter 28: Q=4.1204, term1=0.0046, term2=0.0822, penalty=4.03812837600708
INFO:root:U_1-Qu_upper=0.41687257566775426, U_2-Qv_upper=-0.078587000842201
INFO:root:eta=1, l=0.8192515672059473, r=1
INFO:root:Iter 29: Q=4.2707, term1=0.0049, term2=0.0807, penalty=4.190029144287109
INFO:root:U_1-Qu_upper=0.41411526797327175, U_2-Qv_upper=-0.06889766917615942
INFO:root:eta=1, l=0.8282889888456499, r=1
INFO:root:Iter 30: Q=4.3812, term1=0.0052, term2=0.0791, penalty=4.302159309387207
INFO:root:U_1-Qu_upper=0.4096323163564831, U_2-Qv_upper=-0.07395591051566258
INFO:root:eta=1, l=0.8368745394033674, r=1
INFO:root:Iter 31: Q=4.2728, term1=0.0056, term2=0.0776, penalty=4.195243835449219
INFO:root:U_1-Qu_upper=0.40437912142300486, U_2-Qv_upper=-0.06651605623548129
INFO:root:eta=1, l=0.8450308124331991, r=1
INFO:root:Iter 32: Q=4.1800, term1=0.0059, term2=0.0761, penalty=4.103943824768066
INFO:root:U_1-Qu_upper=0.40249477239083553, U_2-Qv_upper=-0.07174443556962828
INFO:root:eta=1, l=0.8527792718115391, r=1
INFO:root:Iter 33: Q=4.1548, term1=0.0063, term2=0.0747, penalty=4.080104351043701
INFO:root:U_1-Qu_upper=0.3954131525059912, U_2-Qv_upper=-0.07132586121746926
INFO:root:eta=1, l=0.8601403082209622, r=1
INFO:root:Iter 34: Q=4.0310, term1=0.0066, term2=0.0731, penalty=3.9578797817230225
INFO:root:U_1-Qu_upper=0.39347006307503557, U_2-Qv_upper=-0.05378844708943764
INFO:root:eta=1, l=0.8671332928099141, r=1
INFO:root:Iter 35: Q=4.0778, term1=0.0070, term2=0.0717, penalty=4.006140232086182
INFO:root:U_1-Qu_upper=0.38923868506237724, U_2-Qv_upper=-0.053946296739783295
INFO:root:eta=1, l=0.8737766281694185, r=1
INFO:root:Iter 36: Q=3.9022, term1=0.0074, term2=0.0704, penalty=3.8318369388580322
INFO:root:U_1-Qu_upper=0.384243984173826, U_2-Qv_upper=-0.05428123989010153
INFO:root:eta=1, l=0.8800877967609475, r=1
INFO:root:Iter 37: Q=3.9388, term1=0.0078, term2=0.0691, penalty=3.869699478149414
INFO:root:U_1-Qu_upper=0.3815250431199893, U_2-Qv_upper=-0.046086762139233406
INFO:root:eta=1, l=0.8860834069229001, r=1
INFO:root:Iter 38: Q=3.8135, term1=0.0081, term2=0.0680, penalty=3.7455780506134033
INFO:root:U_1-Qu_upper=0.3801950478124285, U_2-Qv_upper=-0.04502806203527854
INFO:root:eta=1, l=0.8917792365767551, r=1
INFO:root:Iter 39: Q=3.6351, term1=0.0085, term2=0.0668, penalty=3.5682947635650635
INFO:root:U_1-Qu_upper=0.37275315048387503, U_2-Qv_upper=-0.037527650124349
INFO:root:eta=1, l=0.8971902747479173, r=1
INFO:root:Iter 40: Q=3.5315, term1=0.0089, term2=0.0657, penalty=3.465837001800537
INFO:root:U_1-Qu_upper=0.37105067971315114, U_2-Qv_upper=-0.043099980892657874
INFO:root:eta=1, l=0.9023307610105215, r=1
INFO:root:Iter 41: Q=3.5606, term1=0.0093, term2=0.0646, penalty=3.495980739593506
INFO:root:U_1-Qu_upper=0.367317007536449, U_2-Qv_upper=-0.03927956219310702
INFO:root:eta=1, l=0.9072142229599954, r=1
INFO:root:Iter 42: Q=3.4958, term1=0.0097, term2=0.0636, penalty=3.432194471359253
INFO:root:U_1-Qu_upper=0.36482579331038045, U_2-Qv_upper=-0.036352514474771946
INFO:root:eta=1, l=0.9118535118119957, r=1
INFO:root:Iter 43: Q=3.4486, term1=0.0101, term2=0.0625, penalty=3.3861498832702637
INFO:root:U_1-Qu_upper=0.3613277647197729, U_2-Qv_upper=-0.03372607769691921
INFO:root:eta=1, l=0.9162608362213959, r=1
INFO:root:Iter 44: Q=3.2925, term1=0.0105, term2=0.0615, penalty=3.2310171127319336
INFO:root:U_1-Qu_upper=0.3571614698219887, U_2-Qv_upper=-0.030742885102959694
INFO:root:eta=1, l=0.9204477944103261, r=1
INFO:root:Iter 45: Q=3.2209, term1=0.0109, term2=0.0605, penalty=3.1604413986206055
INFO:root:U_1-Qu_upper=0.3521294168150496, U_2-Qv_upper=-0.023120938924415413
INFO:root:eta=1, l=0.9244254046898098, r=1
INFO:root:Iter 46: Q=3.1710, term1=0.0113, term2=0.0595, penalty=3.111485242843628
INFO:root:U_1-Qu_upper=0.3523132716948799, U_2-Qv_upper=-0.024212255613937084
INFO:root:eta=1, l=0.9282041344553194, r=1
INFO:root:Iter 47: Q=3.1223, term1=0.0117, term2=0.0586, penalty=3.063689708709717
INFO:root:U_1-Qu_upper=0.3480264932294129, U_2-Qv_upper=-0.019538950040371317
INFO:root:eta=1, l=0.9317939277325534, r=1
INFO:root:Iter 48: Q=2.9915, term1=0.0121, term2=0.0576, penalty=2.9339048862457275
INFO:root:U_1-Qu_upper=0.34391554381569933, U_2-Qv_upper=-0.018507302178777774
INFO:root:eta=1, l=0.9352042313459258, r=1
INFO:root:Iter 49: Q=2.9269, term1=0.0125, term2=0.0567, penalty=2.870194435119629
INFO:root:U_1-Qu_upper=0.3382834006620027, U_2-Qv_upper=-0.01673228984867342
INFO:root:eta=1, l=0.9384440197786295, r=1
INFO:root:Iter 50: Q=2.9234, term1=0.0129, term2=0.0558, penalty=2.8675901889801025
/zhome/c3/3/213266/SC/distributional-counterfactual-explanation/cardio_new.py:618: DeprecationWarning: __array_wrap__ must accept context and return_scalar arguments (positionally) in the future. (Deprecated NumPy 2.0)
  best_X_fsd = best_X_fsd * std.values + mean.values  # 恢复 X_s 到原始 scale
INFO:root:Optimization started
INFO:root:U_1-Qu_upper=0.5, U_2-Qv_upper=-0.33963636255879
INFO:root:eta=1, l=0.24000000000000002, r=1
INFO:root:Iter 1: Q=2.3529, term1=0.0001, term2=0.2167, penalty=2.136141777038574
INFO:root:U_1-Qu_upper=0.5, U_2-Qv_upper=-0.29853830384932883
INFO:root:eta=1, l=0.278, r=1
INFO:root:Iter 2: Q=2.4333, term1=0.0001, term2=0.1940, penalty=2.239237070083618
INFO:root:U_1-Qu_upper=0.5, U_2-Qv_upper=-0.27072384383487075
INFO:root:eta=1, l=0.31410000000000005, r=1
INFO:root:Iter 3: Q=2.6175, term1=0.0002, term2=0.1770, penalty=2.4405667781829834
INFO:root:U_1-Qu_upper=0.5, U_2-Qv_upper=-0.24570437685823582
INFO:root:eta=1, l=0.34839500000000007, r=1
INFO:root:Iter 4: Q=2.6844, term1=0.0002, term2=0.1648, penalty=2.519595146179199
INFO:root:U_1-Qu_upper=0.4948139434708401, U_2-Qv_upper=-0.22862955375247068
INFO:root:eta=1, l=0.38097525000000004, r=1
INFO:root:Iter 5: Q=2.8222, term1=0.0003, term2=0.1555, penalty=2.6667869091033936
INFO:root:U_1-Qu_upper=0.5, U_2-Qv_upper=-0.2242551859502852
INFO:root:eta=1, l=0.41192648750000005, r=1
INFO:root:Iter 6: Q=3.0416, term1=0.0004, term2=0.1478, penalty=2.8938405513763428
INFO:root:U_1-Qu_upper=0.49215021555961247, U_2-Qv_upper=-0.19728187806416958
INFO:root:eta=1, l=0.44133016312500006, r=1
INFO:root:Iter 7: Q=3.2685, term1=0.0004, term2=0.1413, penalty=3.1271207332611084
INFO:root:U_1-Qu_upper=0.4911624728061519, U_2-Qv_upper=-0.18485599331790403
INFO:root:eta=1, l=0.46926365496875005, r=1
INFO:root:Iter 8: Q=3.2382, term1=0.0005, term2=0.1363, penalty=3.1019396781921387
INFO:root:U_1-Qu_upper=0.48938250899174135, U_2-Qv_upper=-0.19181665080807364
INFO:root:eta=1, l=0.49580047222031254, r=1
INFO:root:Iter 9: Q=3.5341, term1=0.0006, term2=0.1317, penalty=3.4023680686950684
INFO:root:U_1-Qu_upper=0.486502014971442, U_2-Qv_upper=-0.1685967675729118
INFO:root:eta=1, l=0.5210104486092969, r=1
INFO:root:Iter 10: Q=3.5067, term1=0.0007, term2=0.1276, penalty=3.3790321350097656
INFO:root:U_1-Qu_upper=0.4839472771740767, U_2-Qv_upper=-0.18050317544035488
INFO:root:eta=1, l=0.544959926178832, r=1
INFO:root:Iter 11: Q=3.4722, term1=0.0008, term2=0.1236, penalty=3.3486108779907227
INFO:root:U_1-Qu_upper=0.48251817327002167, U_2-Qv_upper=-0.17053401746573832
INFO:root:eta=1, l=0.5677119298698905, r=1
INFO:root:Iter 12: Q=3.5771, term1=0.0009, term2=0.1196, penalty=3.4574806690216064
INFO:root:U_1-Qu_upper=0.48248004650136544, U_2-Qv_upper=-0.15024195696304632
INFO:root:eta=1, l=0.589326333376396, r=1
INFO:root:Iter 13: Q=3.5131, term1=0.0010, term2=0.1160, penalty=3.397062063217163
INFO:root:U_1-Qu_upper=0.4804442944925964, U_2-Qv_upper=-0.15246475722656772
INFO:root:eta=1, l=0.6098600167075762, r=1
INFO:root:Iter 14: Q=3.7052, term1=0.0011, term2=0.1127, penalty=3.5925357341766357
INFO:root:U_1-Qu_upper=0.4746135901009074, U_2-Qv_upper=-0.14416732816851185
INFO:root:eta=1, l=0.6293670158721973, r=1
INFO:root:Iter 15: Q=3.7536, term1=0.0012, term2=0.1096, penalty=3.6439592838287354
INFO:root:U_1-Qu_upper=0.4750736472840399, U_2-Qv_upper=-0.14578425929360456
INFO:root:eta=1, l=0.6478986650785875, r=1
INFO:root:Iter 16: Q=3.8174, term1=0.0014, term2=0.1069, penalty=3.7104554176330566
INFO:root:U_1-Qu_upper=0.471785548191609, U_2-Qv_upper=-0.13413649626047686
INFO:root:eta=1, l=0.6655037318246582, r=1
INFO:root:Iter 17: Q=3.8063, term1=0.0015, term2=0.1043, penalty=3.702009916305542
INFO:root:U_1-Qu_upper=0.47245982277990206, U_2-Qv_upper=-0.13582073762125357
INFO:root:eta=1, l=0.6822285452334252, r=1
INFO:root:Iter 18: Q=3.7813, term1=0.0016, term2=0.1018, penalty=3.6795010566711426
INFO:root:U_1-Qu_upper=0.46907837349241616, U_2-Qv_upper=-0.11757280053722124
INFO:root:eta=1, l=0.698117117971754, r=1
INFO:root:Iter 19: Q=3.7243, term1=0.0018, term2=0.0994, penalty=3.624925136566162
INFO:root:U_1-Qu_upper=0.4644461390338769, U_2-Qv_upper=-0.11388156441942604
INFO:root:eta=1, l=0.7132112620731663, r=1
INFO:root:Iter 20: Q=3.7436, term1=0.0019, term2=0.0972, penalty=3.6464927196502686
INFO:root:U_1-Qu_upper=0.46403640142586894, U_2-Qv_upper=-0.11950831918898774
INFO:root:eta=1, l=0.727550698969508, r=1
INFO:root:Iter 21: Q=3.6228, term1=0.0021, term2=0.0950, penalty=3.5277750492095947
INFO:root:U_1-Qu_upper=0.46262759034613693, U_2-Qv_upper=-0.11316676217122523
INFO:root:eta=1, l=0.7411731640210326, r=1
INFO:root:Iter 22: Q=3.5194, term1=0.0023, term2=0.0930, penalty=3.4263861179351807
INFO:root:U_1-Qu_upper=0.45655067531401644, U_2-Qv_upper=-0.09995948327395593
INFO:root:eta=1, l=0.754114505819981, r=1
INFO:root:Iter 23: Q=3.5195, term1=0.0024, term2=0.0911, penalty=3.428466320037842
INFO:root:U_1-Qu_upper=0.4565219195022335, U_2-Qv_upper=-0.10799542052614014
INFO:root:eta=1, l=0.7664087805289819, r=1
INFO:root:Iter 24: Q=3.5429, term1=0.0026, term2=0.0892, penalty=3.453726291656494
INFO:root:U_1-Qu_upper=0.4502678561212878, U_2-Qv_upper=-0.10292845525659478
INFO:root:eta=1, l=0.7780883415025328, r=1
INFO:root:Iter 25: Q=3.8436, term1=0.0028, term2=0.0874, penalty=3.756192207336426
INFO:root:U_1-Qu_upper=0.4496801771452944, U_2-Qv_upper=-0.10158561148818668
INFO:root:eta=1, l=0.7891839244274061, r=1
INFO:root:Iter 26: Q=3.7334, term1=0.0030, term2=0.0856, penalty=3.6478071212768555
INFO:root:U_1-Qu_upper=0.44195232398107226, U_2-Qv_upper=-0.0933105424943731
INFO:root:eta=1, l=0.7997247282060358, r=1
INFO:root:Iter 27: Q=3.7301, term1=0.0032, term2=0.0837, penalty=3.646392822265625
INFO:root:U_1-Qu_upper=0.44619073797466124, U_2-Qv_upper=-0.08405044550908031
INFO:root:eta=1, l=0.809738491795734, r=1
INFO:root:Iter 28: Q=3.5795, term1=0.0034, term2=0.0821, penalty=3.4974255561828613
INFO:root:U_1-Qu_upper=0.4356673339569623, U_2-Qv_upper=-0.0718244125514948
INFO:root:eta=1, l=0.8192515672059473, r=1
INFO:root:Iter 29: Q=3.6027, term1=0.0036, term2=0.0804, penalty=3.5222537517547607
INFO:root:U_1-Qu_upper=0.4358037843092285, U_2-Qv_upper=-0.08741988168093251
INFO:root:eta=1, l=0.8282889888456499, r=1
INFO:root:Iter 30: Q=3.5523, term1=0.0038, term2=0.0788, penalty=3.47349214553833
INFO:root:U_1-Qu_upper=0.42802411610226737, U_2-Qv_upper=-0.06975240559142792
INFO:root:eta=1, l=0.8368745394033674, r=1
INFO:root:Iter 31: Q=3.5853, term1=0.0040, term2=0.0773, penalty=3.5080299377441406
INFO:root:U_1-Qu_upper=0.4266860487012314, U_2-Qv_upper=-0.07595103994662272
INFO:root:eta=1, l=0.8450308124331991, r=1
INFO:root:Iter 32: Q=3.5144, term1=0.0042, term2=0.0757, penalty=3.4386494159698486
INFO:root:U_1-Qu_upper=0.42829363268096127, U_2-Qv_upper=-0.06653558734928083
INFO:root:eta=1, l=0.8527792718115391, r=1
INFO:root:Iter 33: Q=3.4276, term1=0.0045, term2=0.0743, penalty=3.3533830642700195
INFO:root:U_1-Qu_upper=0.42166511934746753, U_2-Qv_upper=-0.053301137985908964
INFO:root:eta=1, l=0.8601403082209622, r=1
INFO:root:Iter 34: Q=3.3619, term1=0.0047, term2=0.0729, penalty=3.288954019546509
INFO:root:U_1-Qu_upper=0.4189027481453197, U_2-Qv_upper=-0.06001127297828185
INFO:root:eta=1, l=0.8671332928099141, r=1
INFO:root:Iter 35: Q=3.4031, term1=0.0050, term2=0.0716, penalty=3.331483840942383
INFO:root:U_1-Qu_upper=0.4139940804368504, U_2-Qv_upper=-0.05364999680591748
INFO:root:eta=1, l=0.8737766281694185, r=1
INFO:root:Iter 36: Q=3.2817, term1=0.0052, term2=0.0704, penalty=3.211301803588867
INFO:root:U_1-Qu_upper=0.41270364521762876, U_2-Qv_upper=-0.04784526856740123
INFO:root:eta=1, l=0.8800877967609475, r=1
INFO:root:Iter 37: Q=3.1901, term1=0.0054, term2=0.0692, penalty=3.1208837032318115
INFO:root:U_1-Qu_upper=0.40986533122621815, U_2-Qv_upper=-0.04843918688754939
INFO:root:eta=1, l=0.8860834069229001, r=1
INFO:root:Iter 38: Q=3.1884, term1=0.0057, term2=0.0680, penalty=3.120361566543579
INFO:root:U_1-Qu_upper=0.4074311066960046, U_2-Qv_upper=-0.04736487790679972
INFO:root:eta=1, l=0.8917792365767551, r=1
INFO:root:Iter 39: Q=3.1185, term1=0.0059, term2=0.0668, penalty=3.051734447479248
INFO:root:U_1-Qu_upper=0.4036464351795549, U_2-Qv_upper=-0.044798204498910366
INFO:root:eta=1, l=0.8971902747479173, r=1
INFO:root:Iter 40: Q=2.9438, term1=0.0062, term2=0.0656, penalty=2.8782079219818115
INFO:root:U_1-Qu_upper=0.40085440149865614, U_2-Qv_upper=-0.037808489601456996
INFO:root:eta=1, l=0.9023307610105215, r=1
INFO:root:Iter 41: Q=2.9069, term1=0.0065, term2=0.0644, penalty=2.842499256134033
INFO:root:U_1-Qu_upper=0.3959085040090554, U_2-Qv_upper=-0.03504057985611314
INFO:root:eta=1, l=0.9072142229599954, r=1
INFO:root:Iter 42: Q=2.8242, term1=0.0067, term2=0.0633, penalty=2.7609074115753174
INFO:root:U_1-Qu_upper=0.39491516922251857, U_2-Qv_upper=-0.034190497036829526
INFO:root:eta=1, l=0.9118535118119957, r=1
INFO:root:Iter 43: Q=2.8697, term1=0.0070, term2=0.0622, penalty=2.8075056076049805
INFO:root:U_1-Qu_upper=0.39198861415880004, U_2-Qv_upper=-0.03475372338921806
INFO:root:eta=1, l=0.9162608362213959, r=1
INFO:root:Iter 44: Q=2.8508, term1=0.0072, term2=0.0611, penalty=2.789652109146118
INFO:root:U_1-Qu_upper=0.3908322691874968, U_2-Qv_upper=-0.028065243030985676
INFO:root:eta=1, l=0.9204477944103261, r=1
INFO:root:Iter 45: Q=2.7204, term1=0.0075, term2=0.0601, penalty=2.660264015197754
INFO:root:U_1-Qu_upper=0.38486040443110764, U_2-Qv_upper=-0.024011347684834372
INFO:root:eta=1, l=0.9244254046898098, r=1
INFO:root:Iter 46: Q=2.7107, term1=0.0078, term2=0.0591, penalty=2.6515696048736572
INFO:root:U_1-Qu_upper=0.3838997695519541, U_2-Qv_upper=-0.01686514878384282
INFO:root:eta=1, l=0.9282041344553194, r=1
INFO:root:Iter 47: Q=2.7153, term1=0.0080, term2=0.0582, penalty=2.6571595668792725
INFO:root:U_1-Qu_upper=0.38201638150935247, U_2-Qv_upper=-0.020152901803712542
INFO:root:eta=1, l=0.9317939277325534, r=1
INFO:root:Iter 48: Q=2.7031, term1=0.0083, term2=0.0573, penalty=2.645777940750122
INFO:root:U_1-Qu_upper=0.37930396582842096, U_2-Qv_upper=-0.01943360170943398
INFO:root:eta=1, l=0.9352042313459258, r=1
INFO:root:Iter 49: Q=2.6219, term1=0.0085, term2=0.0565, penalty=2.5654690265655518
INFO:root:U_1-Qu_upper=0.37475568155646166, U_2-Qv_upper=-0.016822253744087245
INFO:root:eta=1, l=0.9384440197786295, r=1
INFO:root:Iter 50: Q=2.5939, term1=0.0088, term2=0.0556, penalty=2.538306474685669
/zhome/c3/3/213266/SC/distributional-counterfactual-explanation/cardio_new.py:618: DeprecationWarning: __array_wrap__ must accept context and return_scalar arguments (positionally) in the future. (Deprecated NumPy 2.0)
  best_X_fsd = best_X_fsd * std.values + mean.values  # 恢复 X_s 到原始 scale
INFO:root:Optimization started
INFO:root:U_1-Qu_upper=0.5, U_2-Qv_upper=-0.32246807502458336
INFO:root:eta=1, l=0.24000000000000002, r=1
INFO:root:Iter 1: Q=3.4980, term1=0.0001, term2=0.2108, penalty=3.28713321685791
INFO:root:U_1-Qu_upper=0.5, U_2-Qv_upper=-0.283020187770549
INFO:root:eta=1, l=0.278, r=1
INFO:root:Iter 2: Q=3.2985, term1=0.0001, term2=0.1896, penalty=3.10891056060791
INFO:root:U_1-Qu_upper=0.5, U_2-Qv_upper=-0.26271136140826595
INFO:root:eta=1, l=0.31410000000000005, r=1
INFO:root:Iter 3: Q=3.3460, term1=0.0001, term2=0.1748, penalty=3.1712560653686523
INFO:root:U_1-Qu_upper=0.5, U_2-Qv_upper=-0.23634774706315248
INFO:root:eta=1, l=0.34839500000000007, r=1
INFO:root:Iter 4: Q=3.2320, term1=0.0001, term2=0.1633, penalty=3.068681001663208
INFO:root:U_1-Qu_upper=0.5, U_2-Qv_upper=-0.22528936090912927
INFO:root:eta=1, l=0.38097525000000004, r=1
INFO:root:Iter 5: Q=3.5827, term1=0.0002, term2=0.1541, penalty=3.4286365509033203
INFO:root:U_1-Qu_upper=0.5, U_2-Qv_upper=-0.2127251672680866
INFO:root:eta=1, l=0.41192648750000005, r=1
INFO:root:Iter 6: Q=3.5074, term1=0.0002, term2=0.1462, penalty=3.3611464500427246
INFO:root:U_1-Qu_upper=0.5, U_2-Qv_upper=-0.194225587438755
INFO:root:eta=1, l=0.44133016312500006, r=1
INFO:root:Iter 7: Q=3.6894, term1=0.0002, term2=0.1399, penalty=3.5494370460510254
INFO:root:U_1-Qu_upper=0.5, U_2-Qv_upper=-0.1839034303768391
INFO:root:eta=1, l=0.46926365496875005, r=1
INFO:root:Iter 8: Q=3.7406, term1=0.0003, term2=0.1348, penalty=3.6057450771331787
INFO:root:U_1-Qu_upper=0.5, U_2-Qv_upper=-0.19167700777015334
INFO:root:eta=1, l=0.49580047222031254, r=1
INFO:root:Iter 9: Q=3.9120, term1=0.0003, term2=0.1303, penalty=3.781649589538574
INFO:root:U_1-Qu_upper=0.5, U_2-Qv_upper=-0.18219050909575674
INFO:root:eta=1, l=0.5210104486092969, r=1
INFO:root:Iter 10: Q=3.9824, term1=0.0004, term2=0.1264, penalty=3.856043815612793
INFO:root:U_1-Qu_upper=0.5, U_2-Qv_upper=-0.17738826648707762
INFO:root:eta=1, l=0.544959926178832, r=1
INFO:root:Iter 11: Q=4.1064, term1=0.0004, term2=0.1227, penalty=3.9836997985839844
INFO:root:U_1-Qu_upper=0.5, U_2-Qv_upper=-0.15930290795860846
INFO:root:eta=1, l=0.5677119298698905, r=1
INFO:root:Iter 12: Q=3.8769, term1=0.0005, term2=0.1193, penalty=3.7576169967651367
INFO:root:U_1-Qu_upper=0.5, U_2-Qv_upper=-0.14953668621569688
INFO:root:eta=1, l=0.589326333376396, r=1
INFO:root:Iter 13: Q=3.9184, term1=0.0006, term2=0.1158, penalty=3.8026137351989746
INFO:root:U_1-Qu_upper=0.5, U_2-Qv_upper=-0.15287101961124483
INFO:root:eta=1, l=0.6098600167075762, r=1
INFO:root:Iter 14: Q=3.7746, term1=0.0006, term2=0.1126, penalty=3.662025213241577
INFO:root:U_1-Qu_upper=0.5, U_2-Qv_upper=-0.13379643939365682
INFO:root:eta=1, l=0.6293670158721973, r=1
INFO:root:Iter 15: Q=4.1893, term1=0.0007, term2=0.1096, penalty=4.079768657684326
INFO:root:U_1-Qu_upper=0.5, U_2-Qv_upper=-0.13841937102075158
INFO:root:eta=1, l=0.6478986650785875, r=1
INFO:root:Iter 16: Q=4.2037, term1=0.0008, term2=0.1067, penalty=4.096986293792725
INFO:root:U_1-Qu_upper=0.4977588489224651, U_2-Qv_upper=-0.13415944854062228
INFO:root:eta=1, l=0.6655037318246582, r=1
INFO:root:Iter 17: Q=4.0275, term1=0.0008, term2=0.1041, penalty=3.923379421234131
INFO:root:U_1-Qu_upper=0.4925121934646466, U_2-Qv_upper=-0.12944514137058827
INFO:root:eta=1, l=0.6822285452334252, r=1
INFO:root:Iter 18: Q=4.0274, term1=0.0009, term2=0.1017, penalty=3.9256725311279297
INFO:root:U_1-Qu_upper=0.5, U_2-Qv_upper=-0.12219569392938917
INFO:root:eta=1, l=0.698117117971754, r=1
INFO:root:Iter 19: Q=3.9762, term1=0.0010, term2=0.0995, penalty=3.876641035079956
INFO:root:U_1-Qu_upper=0.494110726749784, U_2-Qv_upper=-0.12495278900901274
INFO:root:eta=1, l=0.7132112620731663, r=1
INFO:root:Iter 20: Q=3.9314, term1=0.0011, term2=0.0975, penalty=3.833883047103882
INFO:root:U_1-Qu_upper=0.48853965932701543, U_2-Qv_upper=-0.11326423408979225
INFO:root:eta=1, l=0.727550698969508, r=1
INFO:root:Iter 21: Q=4.0765, term1=0.0012, term2=0.0955, penalty=3.980957508087158
INFO:root:U_1-Qu_upper=0.4967947435129363, U_2-Qv_upper=-0.11232542277663526
INFO:root:eta=1, l=0.7411731640210326, r=1
INFO:root:Iter 22: Q=4.2174, term1=0.0013, term2=0.0936, penalty=4.123847484588623
INFO:root:U_1-Qu_upper=0.4823036754499675, U_2-Qv_upper=-0.10547553573104723
INFO:root:eta=1, l=0.754114505819981, r=1
INFO:root:Iter 23: Q=4.1004, term1=0.0014, term2=0.0918, penalty=4.0086565017700195
INFO:root:U_1-Qu_upper=0.48399927193896036, U_2-Qv_upper=-0.11241328922500499
INFO:root:eta=1, l=0.7664087805289819, r=1
INFO:root:Iter 24: Q=4.1209, term1=0.0015, term2=0.0901, penalty=4.030790328979492
INFO:root:U_1-Qu_upper=0.48437894465275794, U_2-Qv_upper=-0.10301996147598891
INFO:root:eta=1, l=0.7780883415025328, r=1
INFO:root:Iter 25: Q=4.0765, term1=0.0016, term2=0.0884, penalty=3.9881346225738525
INFO:root:U_1-Qu_upper=0.477878259470562, U_2-Qv_upper=-0.10254012507502475
INFO:root:eta=1, l=0.7891839244274061, r=1
INFO:root:Iter 26: Q=4.1093, term1=0.0017, term2=0.0868, penalty=4.022491931915283
INFO:root:U_1-Qu_upper=0.4699100633351222, U_2-Qv_upper=-0.09242561637580371
INFO:root:eta=1, l=0.7997247282060358, r=1
INFO:root:Iter 27: Q=4.0155, term1=0.0018, term2=0.0852, penalty=3.9302871227264404
INFO:root:U_1-Qu_upper=0.47322900567522747, U_2-Qv_upper=-0.09056291468282834
INFO:root:eta=1, l=0.809738491795734, r=1
INFO:root:Iter 28: Q=4.0478, term1=0.0019, term2=0.0837, penalty=3.9641366004943848
INFO:root:U_1-Qu_upper=0.4688351780745949, U_2-Qv_upper=-0.08546393716476458
INFO:root:eta=1, l=0.8192515672059473, r=1
INFO:root:Iter 29: Q=3.6808, term1=0.0020, term2=0.0823, penalty=3.5985653400421143
INFO:root:U_1-Qu_upper=0.4688363817360458, U_2-Qv_upper=-0.08763669601404228
INFO:root:eta=1, l=0.8282889888456499, r=1
INFO:root:Iter 30: Q=3.8626, term1=0.0022, term2=0.0809, penalty=3.7816991806030273
INFO:root:U_1-Qu_upper=0.4626603123604218, U_2-Qv_upper=-0.08701435541106195
INFO:root:eta=1, l=0.8368745394033674, r=1
INFO:root:Iter 31: Q=3.9248, term1=0.0023, term2=0.0795, penalty=3.845240831375122
INFO:root:U_1-Qu_upper=0.46144608961289946, U_2-Qv_upper=-0.07716790921436611
INFO:root:eta=1, l=0.8450308124331991, r=1
INFO:root:Iter 32: Q=4.0220, term1=0.0025, term2=0.0782, penalty=3.9438164234161377
INFO:root:U_1-Qu_upper=0.45864479732668834, U_2-Qv_upper=-0.07628009297675603
INFO:root:eta=1, l=0.8527792718115391, r=1
INFO:root:Iter 33: Q=4.0315, term1=0.0026, term2=0.0769, penalty=3.954583168029785
INFO:root:U_1-Qu_upper=0.45342545419282876, U_2-Qv_upper=-0.07539907891502379
INFO:root:eta=1, l=0.8601403082209622, r=1
INFO:root:Iter 34: Q=3.9965, term1=0.0028, term2=0.0755, penalty=3.920989990234375
INFO:root:U_1-Qu_upper=0.4543899989133921, U_2-Qv_upper=-0.06561043880476941
INFO:root:eta=1, l=0.8671332928099141, r=1
INFO:root:Iter 35: Q=3.9582, term1=0.0029, term2=0.0742, penalty=3.883943796157837
INFO:root:U_1-Qu_upper=0.44823357083243753, U_2-Qv_upper=-0.05931820213290834
INFO:root:eta=1, l=0.8737766281694185, r=1
INFO:root:Iter 36: Q=3.9061, term1=0.0031, term2=0.0730, penalty=3.8330979347229004
INFO:root:U_1-Qu_upper=0.44319757791311754, U_2-Qv_upper=-0.05909646139854979
INFO:root:eta=1, l=0.8800877967609475, r=1
INFO:root:Iter 37: Q=3.6577, term1=0.0032, term2=0.0719, penalty=3.5857973098754883
INFO:root:U_1-Qu_upper=0.44113314869943615, U_2-Qv_upper=-0.06108603357606662
INFO:root:eta=1, l=0.8860834069229001, r=1
INFO:root:Iter 38: Q=3.6318, term1=0.0034, term2=0.0707, penalty=3.5610742568969727
INFO:root:U_1-Qu_upper=0.44478332886887784, U_2-Qv_upper=-0.05467339473985111
INFO:root:eta=1, l=0.8917792365767551, r=1
INFO:root:Iter 39: Q=3.6206, term1=0.0036, term2=0.0696, penalty=3.5509748458862305
INFO:root:U_1-Qu_upper=0.4384509104286149, U_2-Qv_upper=-0.05154179353134469
INFO:root:eta=1, l=0.8971902747479173, r=1
INFO:root:Iter 40: Q=3.5496, term1=0.0038, term2=0.0685, penalty=3.481050491333008
INFO:root:U_1-Qu_upper=0.43874521144415796, U_2-Qv_upper=-0.049160257557009646
INFO:root:eta=1, l=0.9023307610105215, r=1
INFO:root:Iter 41: Q=3.5952, term1=0.0039, term2=0.0674, penalty=3.5278444290161133
INFO:root:U_1-Qu_upper=0.43452022464095047, U_2-Qv_upper=-0.04595428384299327
INFO:root:eta=1, l=0.9072142229599954, r=1
INFO:root:Iter 42: Q=3.4203, term1=0.0041, term2=0.0663, penalty=3.3540446758270264
INFO:root:U_1-Qu_upper=0.43247759163043964, U_2-Qv_upper=-0.04619636236175412
INFO:root:eta=1, l=0.9118535118119957, r=1
INFO:root:Iter 43: Q=3.2485, term1=0.0043, term2=0.0651, penalty=3.1833367347717285
INFO:root:U_1-Qu_upper=0.4316927616710655, U_2-Qv_upper=-0.038744813111314835
INFO:root:eta=1, l=0.9162608362213959, r=1
INFO:root:Iter 44: Q=3.2821, term1=0.0045, term2=0.0641, penalty=3.2180256843566895
INFO:root:U_1-Qu_upper=0.4267547296409916, U_2-Qv_upper=-0.03560152788350979
INFO:root:eta=1, l=0.9204477944103261, r=1
INFO:root:Iter 45: Q=3.2123, term1=0.0047, term2=0.0630, penalty=3.1492319107055664
INFO:root:U_1-Qu_upper=0.4274944321373617, U_2-Qv_upper=-0.035812369595794646
INFO:root:eta=1, l=0.9244254046898098, r=1
INFO:root:Iter 46: Q=3.1659, term1=0.0048, term2=0.0621, penalty=3.1038079261779785
INFO:root:U_1-Qu_upper=0.4227177423861413, U_2-Qv_upper=-0.030491635643879078
INFO:root:eta=1, l=0.9282041344553194, r=1
INFO:root:Iter 47: Q=3.0985, term1=0.0050, term2=0.0611, penalty=3.0373682975769043
INFO:root:U_1-Qu_upper=0.4207675887417535, U_2-Qv_upper=-0.03298473991382822
INFO:root:eta=1, l=0.9317939277325534, r=1
INFO:root:Iter 48: Q=3.0034, term1=0.0052, term2=0.0602, penalty=2.943228244781494
INFO:root:U_1-Qu_upper=0.41488177167167467, U_2-Qv_upper=-0.02929693444908754
INFO:root:eta=1, l=0.9352042313459258, r=1
INFO:root:Iter 49: Q=2.9747, term1=0.0054, term2=0.0594, penalty=2.9153802394866943
INFO:root:U_1-Qu_upper=0.41382386671621446, U_2-Qv_upper=-0.021770983591159865
INFO:root:eta=1, l=0.9384440197786295, r=1
INFO:root:Iter 50: Q=2.8596, term1=0.0056, term2=0.0585, penalty=2.8010900020599365
/zhome/c3/3/213266/SC/distributional-counterfactual-explanation/cardio_new.py:618: DeprecationWarning: __array_wrap__ must accept context and return_scalar arguments (positionally) in the future. (Deprecated NumPy 2.0)
  best_X_fsd = best_X_fsd * std.values + mean.values  # 恢复 X_s 到原始 scale
INFO:root:Optimization started
INFO:root:U_1-Qu_upper=0.5, U_2-Qv_upper=-0.3335065059003192
INFO:root:eta=1, l=0.24000000000000002, r=1
INFO:root:Iter 1: Q=3.8306, term1=0.0001, term2=0.2107, penalty=3.61983060836792
INFO:root:U_1-Qu_upper=0.5, U_2-Qv_upper=-0.2852016208564064
INFO:root:eta=1, l=0.278, r=1
INFO:root:Iter 2: Q=4.0842, term1=0.0002, term2=0.1893, penalty=3.8949549198150635
INFO:root:U_1-Qu_upper=0.5, U_2-Qv_upper=-0.2543139042432751
INFO:root:eta=1, l=0.31410000000000005, r=1
INFO:root:Iter 3: Q=3.5951, term1=0.0002, term2=0.1740, penalty=3.4210643768310547
INFO:root:U_1-Qu_upper=0.5, U_2-Qv_upper=-0.23881353800474187
INFO:root:eta=1, l=0.34839500000000007, r=1
INFO:root:Iter 4: Q=3.7464, term1=0.0003, term2=0.1630, penalty=3.5833699703216553
INFO:root:U_1-Qu_upper=0.5, U_2-Qv_upper=-0.22667016420027958
INFO:root:eta=1, l=0.38097525000000004, r=1
INFO:root:Iter 5: Q=3.9872, term1=0.0004, term2=0.1540, penalty=3.8332393169403076
INFO:root:U_1-Qu_upper=0.5, U_2-Qv_upper=-0.22509378073881287
INFO:root:eta=1, l=0.41192648750000005, r=1
INFO:root:Iter 6: Q=4.4078, term1=0.0006, term2=0.1464, penalty=4.261369705200195
INFO:root:U_1-Qu_upper=0.5, U_2-Qv_upper=-0.19833334874266212
INFO:root:eta=1, l=0.44133016312500006, r=1
INFO:root:Iter 7: Q=4.5249, term1=0.0007, term2=0.1398, penalty=4.385169982910156
INFO:root:U_1-Qu_upper=0.4864698095459284, U_2-Qv_upper=-0.19092603255312324
INFO:root:eta=1, l=0.46926365496875005, r=1
INFO:root:Iter 8: Q=4.8114, term1=0.0008, term2=0.1343, penalty=4.67714786529541
INFO:root:U_1-Qu_upper=0.48702991869356527, U_2-Qv_upper=-0.17837174704864617
INFO:root:eta=1, l=0.49580047222031254, r=1
INFO:root:Iter 9: Q=5.0195, term1=0.0009, term2=0.1296, penalty=4.889889717102051
INFO:root:U_1-Qu_upper=0.48623516413602963, U_2-Qv_upper=-0.17662726532840206
INFO:root:eta=1, l=0.5210104486092969, r=1
INFO:root:Iter 10: Q=5.1086, term1=0.0011, term2=0.1253, penalty=4.983295917510986
INFO:root:U_1-Qu_upper=0.47516555531358723, U_2-Qv_upper=-0.1678294988418817
INFO:root:eta=1, l=0.544959926178832, r=1
INFO:root:Iter 11: Q=4.9035, term1=0.0012, term2=0.1214, penalty=4.782134532928467
INFO:root:U_1-Qu_upper=0.47146130388825663, U_2-Qv_upper=-0.1629511017063623
INFO:root:eta=1, l=0.5677119298698905, r=1
INFO:root:Iter 12: Q=5.1500, term1=0.0014, term2=0.1178, penalty=5.032200813293457
INFO:root:U_1-Qu_upper=0.46485498192024244, U_2-Qv_upper=-0.15497358660416827
INFO:root:eta=1, l=0.589326333376396, r=1
INFO:root:Iter 13: Q=5.1113, term1=0.0015, term2=0.1144, penalty=4.996891498565674
INFO:root:U_1-Qu_upper=0.46345569781600393, U_2-Qv_upper=-0.14567152846605458
INFO:root:eta=1, l=0.6098600167075762, r=1
INFO:root:Iter 14: Q=5.0807, term1=0.0017, term2=0.1110, penalty=4.969738006591797
INFO:root:U_1-Qu_upper=0.4600236642962468, U_2-Qv_upper=-0.13597773273141095
INFO:root:eta=1, l=0.6293670158721973, r=1
INFO:root:Iter 15: Q=4.9142, term1=0.0019, term2=0.1076, penalty=4.8066229820251465
INFO:root:U_1-Qu_upper=0.4558091983335734, U_2-Qv_upper=-0.1357848500902865
INFO:root:eta=1, l=0.6478986650785875, r=1
INFO:root:Iter 16: Q=4.8612, term1=0.0021, term2=0.1044, penalty=4.756757736206055
INFO:root:U_1-Qu_upper=0.45113672543024735, U_2-Qv_upper=-0.12884890176413516
INFO:root:eta=1, l=0.6655037318246582, r=1
INFO:root:Iter 17: Q=4.6956, term1=0.0023, term2=0.1015, penalty=4.594079971313477
INFO:root:U_1-Qu_upper=0.44727155343570624, U_2-Qv_upper=-0.12188600177018227
INFO:root:eta=1, l=0.6822285452334252, r=1
INFO:root:Iter 18: Q=4.5562, term1=0.0025, term2=0.0988, penalty=4.457401752471924
INFO:root:U_1-Qu_upper=0.4415949888549274, U_2-Qv_upper=-0.11582935085122392
INFO:root:eta=1, l=0.698117117971754, r=1
INFO:root:Iter 19: Q=4.6513, term1=0.0027, term2=0.0962, penalty=4.555097579956055
INFO:root:U_1-Qu_upper=0.44055379425977387, U_2-Qv_upper=-0.11237367114354235
INFO:root:eta=1, l=0.7132112620731663, r=1
INFO:root:Iter 20: Q=4.4376, term1=0.0029, term2=0.0938, penalty=4.343759059906006
INFO:root:U_1-Qu_upper=0.43642017670290995, U_2-Qv_upper=-0.10308233795902583
INFO:root:eta=1, l=0.727550698969508, r=1
INFO:root:Iter 21: Q=4.4260, term1=0.0031, term2=0.0915, penalty=4.334507942199707
INFO:root:U_1-Qu_upper=0.43389132321243257, U_2-Qv_upper=-0.09769024595887521
INFO:root:eta=1, l=0.7411731640210326, r=1
INFO:root:Iter 22: Q=4.4328, term1=0.0034, term2=0.0893, penalty=4.343438148498535
INFO:root:U_1-Qu_upper=0.43189680282884374, U_2-Qv_upper=-0.09484324724311055
INFO:root:eta=1, l=0.754114505819981, r=1
INFO:root:Iter 23: Q=4.3738, term1=0.0036, term2=0.0875, penalty=4.286344528198242
INFO:root:U_1-Qu_upper=0.4272637750862175, U_2-Qv_upper=-0.0940580989102563
INFO:root:eta=1, l=0.7664087805289819, r=1
INFO:root:Iter 24: Q=4.3362, term1=0.0039, term2=0.0858, penalty=4.250343322753906
INFO:root:U_1-Qu_upper=0.4247712231050632, U_2-Qv_upper=-0.0857396639970735
INFO:root:eta=1, l=0.7780883415025328, r=1
INFO:root:Iter 25: Q=4.2073, term1=0.0041, term2=0.0843, penalty=4.122970104217529
INFO:root:U_1-Qu_upper=0.42048921976683484, U_2-Qv_upper=-0.0859756886887656
INFO:root:eta=1, l=0.7891839244274061, r=1
INFO:root:Iter 26: Q=4.3448, term1=0.0043, term2=0.0829, penalty=4.26199197769165
INFO:root:U_1-Qu_upper=0.41666462857075426, U_2-Qv_upper=-0.0755960515684373
INFO:root:eta=1, l=0.7997247282060358, r=1
INFO:root:Iter 27: Q=4.3312, term1=0.0046, term2=0.0814, penalty=4.249810218811035
INFO:root:U_1-Qu_upper=0.41299543094628427, U_2-Qv_upper=-0.0752706764036628
INFO:root:eta=1, l=0.809738491795734, r=1
INFO:root:Iter 28: Q=4.2092, term1=0.0048, term2=0.0800, penalty=4.129245758056641
INFO:root:U_1-Qu_upper=0.41057245649746477, U_2-Qv_upper=-0.07146773616940927
INFO:root:eta=1, l=0.8192515672059473, r=1
INFO:root:Iter 29: Q=4.1087, term1=0.0051, term2=0.0786, penalty=4.030150413513184
INFO:root:U_1-Qu_upper=0.40805060541026983, U_2-Qv_upper=-0.06944815702520435
INFO:root:eta=1, l=0.8282889888456499, r=1
INFO:root:Iter 30: Q=4.0401, term1=0.0054, term2=0.0771, penalty=3.963015079498291
INFO:root:U_1-Qu_upper=0.4069353165340666, U_2-Qv_upper=-0.06652102134397703
INFO:root:eta=1, l=0.8368745394033674, r=1
INFO:root:Iter 31: Q=4.0392, term1=0.0056, term2=0.0756, penalty=3.963622808456421
INFO:root:U_1-Qu_upper=0.4008649515901527, U_2-Qv_upper=-0.06528608866361246
INFO:root:eta=1, l=0.8450308124331991, r=1
INFO:root:Iter 32: Q=3.9456, term1=0.0059, term2=0.0741, penalty=3.8714847564697266
INFO:root:U_1-Qu_upper=0.3987971099037283, U_2-Qv_upper=-0.05553830901966794
INFO:root:eta=1, l=0.8527792718115391, r=1
INFO:root:Iter 33: Q=3.8525, term1=0.0062, term2=0.0726, penalty=3.779893159866333
INFO:root:U_1-Qu_upper=0.3949575608282371, U_2-Qv_upper=-0.056978357537421864
INFO:root:eta=1, l=0.8601403082209622, r=1
INFO:root:Iter 34: Q=3.9137, term1=0.0065, term2=0.0712, penalty=3.8425121307373047
INFO:root:U_1-Qu_upper=0.39166523348132887, U_2-Qv_upper=-0.055557367654698486
INFO:root:eta=1, l=0.8671332928099141, r=1
INFO:root:Iter 35: Q=3.9747, term1=0.0068, term2=0.0698, penalty=3.9048573970794678
INFO:root:U_1-Qu_upper=0.3917922656187002, U_2-Qv_upper=-0.0431012960338637
INFO:root:eta=1, l=0.8737766281694185, r=1
INFO:root:Iter 36: Q=3.8662, term1=0.0071, term2=0.0686, penalty=3.797640800476074
INFO:root:U_1-Qu_upper=0.38639026015885825, U_2-Qv_upper=-0.04419903998215258
INFO:root:eta=1, l=0.8800877967609475, r=1
INFO:root:Iter 37: Q=3.7487, term1=0.0074, term2=0.0674, penalty=3.6813387870788574
INFO:root:U_1-Qu_upper=0.38470336095410707, U_2-Qv_upper=-0.041284487586561724
INFO:root:eta=1, l=0.8860834069229001, r=1
INFO:root:Iter 38: Q=3.7851, term1=0.0077, term2=0.0662, penalty=3.718869209289551
INFO:root:U_1-Qu_upper=0.3814040640252965, U_2-Qv_upper=-0.039774601714253566
INFO:root:eta=1, l=0.8917792365767551, r=1
INFO:root:Iter 39: Q=3.7149, term1=0.0080, term2=0.0651, penalty=3.6497268676757812
INFO:root:U_1-Qu_upper=0.37821579846076725, U_2-Qv_upper=-0.03702030469402712
INFO:root:eta=1, l=0.8971902747479173, r=1
INFO:root:Iter 40: Q=3.6122, term1=0.0083, term2=0.0641, penalty=3.548146963119507
INFO:root:U_1-Qu_upper=0.3753302395971174, U_2-Qv_upper=-0.03250072400854098
INFO:root:eta=1, l=0.9023307610105215, r=1
INFO:root:Iter 41: Q=3.5343, term1=0.0086, term2=0.0631, penalty=3.4712655544281006
INFO:root:U_1-Qu_upper=0.3700756245360518, U_2-Qv_upper=-0.03515811460594315
INFO:root:eta=1, l=0.9072142229599954, r=1
INFO:root:Iter 42: Q=3.4947, term1=0.0090, term2=0.0621, penalty=3.432568311691284
INFO:root:U_1-Qu_upper=0.36777987659556627, U_2-Qv_upper=-0.027205866142880508
INFO:root:eta=1, l=0.9118535118119957, r=1
INFO:root:Iter 43: Q=3.5682, term1=0.0093, term2=0.0612, penalty=3.5069870948791504
INFO:root:U_1-Qu_upper=0.36708387586119096, U_2-Qv_upper=-0.020092832152002138
INFO:root:eta=1, l=0.9162608362213959, r=1
INFO:root:Iter 44: Q=3.2701, term1=0.0096, term2=0.0603, penalty=3.209766387939453
INFO:root:U_1-Qu_upper=0.36108823323525213, U_2-Qv_upper=-0.023059029131419606
INFO:root:eta=1, l=0.9204477944103261, r=1
INFO:root:Iter 45: Q=3.2138, term1=0.0099, term2=0.0595, penalty=3.15438175201416
INFO:root:U_1-Qu_upper=0.35935828080614274, U_2-Qv_upper=-0.019910347239454784
INFO:root:eta=1, l=0.9244254046898098, r=1
INFO:root:Iter 46: Q=3.0771, term1=0.0103, term2=0.0586, penalty=3.0184755325317383
INFO:root:U_1-Qu_upper=0.35623092013455393, U_2-Qv_upper=-0.015015127144244134
INFO:root:eta=1, l=0.9282041344553194, r=1
INFO:root:Iter 47: Q=2.9462, term1=0.0106, term2=0.0578, penalty=2.8883438110351562
INFO:root:U_1-Qu_upper=0.3546266286948036, U_2-Qv_upper=-0.01702960108506346
INFO:root:eta=1, l=0.9317939277325534, r=1
INFO:root:Iter 48: Q=2.9819, term1=0.0109, term2=0.0570, penalty=2.924931287765503
INFO:root:U_1-Qu_upper=0.35174787106268257, U_2-Qv_upper=-0.014313548813526589
INFO:root:eta=1, l=0.9352042313459258, r=1
INFO:root:Iter 49: Q=2.8478, term1=0.0112, term2=0.0561, penalty=2.7916319370269775
INFO:root:U_1-Qu_upper=0.3493512440302792, U_2-Qv_upper=-0.01143773254257241
INFO:root:eta=1, l=0.9384440197786295, r=1
INFO:root:Iter 50: Q=2.8787, term1=0.0116, term2=0.0553, penalty=2.823343515396118
/zhome/c3/3/213266/SC/distributional-counterfactual-explanation/cardio_new.py:618: DeprecationWarning: __array_wrap__ must accept context and return_scalar arguments (positionally) in the future. (Deprecated NumPy 2.0)
  best_X_fsd = best_X_fsd * std.values + mean.values  # 恢复 X_s 到原始 scale
Using device: cuda
Test Accuracy: 73.60%
X Sliced Wasserstein Distance (SWD) with FSD constraint: 0.119736
Y Wasserstein Distance (WD) with FSD constraint: 0.070554
X Sliced Wasserstein Distance (SWD) with FSD constraint: 0.127194
Y Wasserstein Distance (WD) with FSD constraint: 0.069816
X Sliced Wasserstein Distance (SWD) with FSD constraint: 0.104990
Y Wasserstein Distance (WD) with FSD constraint: 0.069534
X Sliced Wasserstein Distance (SWD) with FSD constraint: 0.083935
Y Wasserstein Distance (WD) with FSD constraint: 0.073125
X Sliced Wasserstein Distance (SWD) with FSD constraint: 0.120231
Y Wasserstein Distance (WD) with FSD constraint: 0.069179

------------------------------------------------------------
Sender: LSF System <lsfadmin@hpc.dtu.dk>
Subject: Job 27592812: <NONAME> in cluster <dcc> Done

Job <NONAME> was submitted from host <hpclogin1> by user <s242612> in cluster <dcc> at Sat Jan 10 05:24:59 2026
Job was executed on host(s) <4*n-62-20-2>, in queue <gpuv100>, as user <s242612> in cluster <dcc> at Sat Jan 10 06:29:15 2026
</zhome/c3/3/213266> was used as the home directory.
</zhome/c3/3/213266/SC/distributional-counterfactual-explanation> was used as the working directory.
Started at Sat Jan 10 06:29:15 2026
Terminated at Sat Jan 10 08:31:31 2026
Results reported at Sat Jan 10 08:31:31 2026

Your job looked like:

------------------------------------------------------------
# LSBATCH: User input
#!/bin/bash
#BSUB -q gpuv100              # 指定队列类型
#BSUB -gpu "num=1"             # 请求一个 GPU
#BSUB -n 4                     # 请求 4 个 CPU 核心
#BSUB -R "rusage[mem=4096]"     # 请求 4096MB 内存
#BSUB -W 6:00                  # 设置最大运行时长为 1 小时
#BSUB -o output_%J.log         # 输出日志文件名设置为 output_<job_id>.log

# 激活虚拟环境
source ~/myenv/bin/activate

# 运行你的 Python 脚本
# python HELOC.py
# python Cardio.py
# python Cardio.py
python cardio_new.py
# python HELOC_new.py
# python market_new.py




------------------------------------------------------------

Successfully completed.

Resource usage summary:

    CPU time :                                   7338.14 sec.
    Max Memory :                                 7999 MB
    Average Memory :                             7757.21 MB
    Total Requested Memory :                     16384.00 MB
    Delta Memory :                               8385.00 MB
    Max Swap :                                   -
    Max Processes :                              4
    Max Threads :                                8
    Run time :                                   7337 sec.
    Turnaround time :                            11192 sec.

The output (if any) is above this job summary.

