/zhome/c3/3/213266/myenv/lib64/python3.9/site-packages/networkx/utils/backends.py:135: RuntimeWarning: networkx backend defined more than once: nx-loopback
  backends.update(_get_backends("networkx.backends"))
INFO:root:Optimization started
INFO:root:U_1-Qu_upper=0.5, U_2-Qv_upper=-0.3172660593543814
INFO:root:eta=1, l=0.24000000000000002, r=1
INFO:root:Iter 1: Q = 0.01664683222770691, term1 = 0.17165949940681458, term2 = 0.01664683222770691
INFO:root:U_1-Qu_upper=0.05427941006883508, U_2-Qv_upper=0.15150257531207725
INFO:root:eta=0.44046629240141977, l=0.24000000000000002, r=0.962
INFO:root:Iter 2: Q = 0.1356312781572342, term1 = 0.040178269147872925, term2 = 0.2568872570991516
INFO:root:U_1-Qu_upper=0.24306742593185732, U_2-Qv_upper=-0.3483923881993634
INFO:root:eta=0.962, l=0.2761, r=0.962
INFO:root:Iter 3: Q = 0.02897133305668831, term1 = 0.10504873842000961, term2 = 0.02596619725227356
INFO:root:U_1-Qu_upper=0.18945595469073323, U_2-Qv_upper=0.10626842697924391
INFO:root:eta=0.7155221355322445, l=0.31039500000000003, r=0.962
INFO:root:Iter 4: Q = 0.018040088936686516, term1 = 0.02625284530222416, term2 = 0.014774855226278305
INFO:root:U_1-Qu_upper=0.2719750176981892, U_2-Qv_upper=0.1331845049899172
INFO:root:eta=0.7478036538344887, l=0.34297525, r=0.962
INFO:root:Iter 5: Q = 0.014138943515717983, term1 = 0.01861431822180748, term2 = 0.012629627250134945
INFO:root:U_1-Qu_upper=0.3113689239722442, U_2-Qv_upper=0.1479313698258307
INFO:root:eta=0.7626246012464967, l=0.3739264875, r=0.962
INFO:root:Iter 6: Q = 0.0117741534486413, term1 = 0.013910496607422829, term2 = 0.011109192855656147
INFO:root:U_1-Qu_upper=0.33604005782904456, U_2-Qv_upper=0.14956391297131502
INFO:root:eta=0.7808759134334895, l=0.40333016312500003, r=0.962
INFO:root:Iter 7: Q = 0.00960282888263464, term1 = 0.011711794883012772, term2 = 0.009011024609208107
INFO:root:U_1-Qu_upper=0.35420210083392967, U_2-Qv_upper=0.1749796077944599
INFO:root:eta=0.7772698263204142, l=0.43126365496875, r=0.962
INFO:root:Iter 8: Q = 0.008427849039435387, term1 = 0.009623595513403416, term2 = 0.008085202425718307
INFO:root:U_1-Qu_upper=0.3689609080736312, U_2-Qv_upper=0.17879401186341048
INFO:root:eta=0.7887610624460163, l=0.4578004722203125, r=0.962
INFO:root:Iter 9: Q = 0.00721382163465023, term1 = 0.008568582125008106, term2 = 0.006851002108305693
INFO:root:U_1-Qu_upper=0.3794172601606147, U_2-Qv_upper=0.1898892087563805
INFO:root:eta=0.7938268724970614, l=0.48301044860929687, r=0.962
INFO:root:Iter 10: Q = 0.006764707621186972, term1 = 0.0077863773331046104, term2 = 0.006499359384179115
INFO:root:U_1-Qu_upper=0.3899724151209445, U_2-Qv_upper=0.19261988801421298
INFO:root:eta=0.8036338265158114, l=0.506959926178832, r=0.962
INFO:root:Iter 11: Q = 0.00648140674456954, term1 = 0.007072994019836187, term2 = 0.006336853839457035
INFO:root:U_1-Qu_upper=0.3922252106835059, U_2-Qv_upper=0.19366217307037403
INFO:root:eta=0.8115887572016228, l=0.5297119298698905, r=0.962
INFO:root:Iter 12: Q = 0.006139299366623163, term1 = 0.006632953882217407, term2 = 0.0060246968641877174
INFO:root:U_1-Qu_upper=0.39794907261805296, U_2-Qv_upper=0.19625669205981428
INFO:root:eta=0.8192221413795107, l=0.5513263333763959, r=0.962
INFO:root:Iter 13: Q = 0.005817715544253588, term1 = 0.006202378775924444, term2 = 0.005732832010835409
INFO:root:U_1-Qu_upper=0.4024884132543135, U_2-Qv_upper=0.20199487175508413
INFO:root:eta=0.8247687866976579, l=0.5718600167075761, r=0.962
INFO:root:Iter 14: Q = 0.005628187675029039, term1 = 0.005913530010730028, term2 = 0.005567563232034445
INFO:root:U_1-Qu_upper=0.40314025629152295, U_2-Qv_upper=0.20447245892531646
INFO:root:eta=0.8307109737649003, l=0.5913670158721973, r=0.962
INFO:root:Iter 15: Q = 0.005367670673877001, term1 = 0.005668251775205135, term2 = 0.005306416191160679
INFO:root:U_1-Qu_upper=0.40702326024927765, U_2-Qv_upper=0.20730773216480233
INFO:root:eta=0.8369288504832286, l=0.6098986650785875, r=0.962
INFO:root:Iter 16: Q = 0.005138198379427195, term1 = 0.005453477613627911, term2 = 0.00507676787674427
INFO:root:U_1-Qu_upper=0.4066779533073721, U_2-Qv_upper=0.20637050186088315
INFO:root:eta=0.8434721273970491, l=0.6275037318246581, r=0.962
INFO:root:Iter 17: Q = 0.004910071846097708, term1 = 0.0053518228232860565, term2 = 0.004828093573451042
INFO:root:U_1-Qu_upper=0.412709659099994, U_2-Qv_upper=0.21123167830631367
INFO:root:eta=0.8487582513324241, l=0.6442285452334252, r=0.962
INFO:root:Iter 18: Q = 0.004780123941600323, term1 = 0.005209543742239475, term2 = 0.004703604616224766
INFO:root:U_1-Qu_upper=0.4077404213586535, U_2-Qv_upper=0.21266983617821306
INFO:root:eta=0.8530714282906515, l=0.660117117971754, r=0.962
INFO:root:Iter 19: Q = 0.0045249806717038155, term1 = 0.005097002722322941, term2 = 0.004426458850502968
INFO:root:U_1-Qu_upper=0.4084364098964034, U_2-Qv_upper=0.2180156350011079
INFO:root:eta=0.8569397822907256, l=0.6752112620731663, r=0.962
INFO:root:Iter 20: Q = 0.004349013324826956, term1 = 0.004946650937199593, term2 = 0.004249241668730974
INFO:root:U_1-Qu_upper=0.41216181691795556, U_2-Qv_upper=0.21988137469048585
INFO:root:eta=0.862229125511777, l=0.6895506989695079, r=0.962
INFO:root:Iter 21: Q = 0.004165356978774071, term1 = 0.004911197815090418, term2 = 0.004046183079481125
INFO:root:U_1-Qu_upper=0.41250667522711676, U_2-Qv_upper=0.21739564182475868
INFO:root:eta=0.8679706734538764, l=0.7031731640210326, r=0.962
INFO:root:Iter 22: Q = 0.004042956978082657, term1 = 0.004818069748580456, term2 = 0.003925052471458912
INFO:root:U_1-Qu_upper=0.41423489961966053, U_2-Qv_upper=0.21847072819144783
INFO:root:eta=0.8726281264994611, l=0.7161145058199809, r=0.962
INFO:root:Iter 23: Q = 0.003881600918248296, term1 = 0.0047304704785346985, term2 = 0.003757696831598878
INFO:root:U_1-Qu_upper=0.4153289545058897, U_2-Qv_upper=0.22307565518974426
INFO:root:eta=0.8760810281084708, l=0.7284087805289818, r=0.962
INFO:root:Iter 24: Q = 0.003771016141399741, term1 = 0.004676998592913151, term2 = 0.003642867784947157
INFO:root:U_1-Qu_upper=0.41956758358729307, U_2-Qv_upper=0.22468937014584567
INFO:root:eta=0.8805333372493432, l=0.7400883415025328, r=0.962
INFO:root:Iter 25: Q = 0.003618896007537842, term1 = 0.004617960657924414, term2 = 0.0034833475947380066
INFO:root:U_1-Qu_upper=0.4145140793833555, U_2-Qv_upper=0.22501609259793381
INFO:root:eta=0.8839212845856348, l=0.7511839244274061, r=0.962
INFO:root:Iter 26: Q = 0.0035433631855994463, term1 = 0.004599467851221561, term2 = 0.0034046731889247894
INFO:root:U_1-Qu_upper=0.42136431914303935, U_2-Qv_upper=0.22550218275616785
INFO:root:eta=0.8885080429081847, l=0.7617247282060358, r=0.962
INFO:root:Iter 27: Q = 0.0034077041782438755, term1 = 0.0045577362179756165, term2 = 0.003263395745307207
INFO:root:U_1-Qu_upper=0.4165092013808357, U_2-Qv_upper=0.2303763305702624
INFO:root:eta=0.8906756621674708, l=0.771738491795734, r=0.962
INFO:root:Iter 28: Q = 0.0033242003992199898, term1 = 0.004520111717283726, term2 = 0.0031774104572832584
INFO:root:U_1-Qu_upper=0.4232115620796616, U_2-Qv_upper=0.22898620036882192
INFO:root:eta=0.895199311085374, l=0.7812515672059472, r=0.962
INFO:root:Iter 29: Q = 0.0032061394304037094, term1 = 0.004489028826355934, term2 = 0.003055952023714781
INFO:root:U_1-Qu_upper=0.4210822547213027, U_2-Qv_upper=0.23111358412168906
INFO:root:eta=0.8979495788848966, l=0.7902889888456499, r=0.962
INFO:root:Iter 30: Q = 0.0031285297591239214, term1 = 0.004467243328690529, term2 = 0.0029763872735202312
INFO:root:U_1-Qu_upper=0.4189628815133579, U_2-Qv_upper=0.22915302028613316
INFO:root:eta=0.901288487270324, l=0.7988745394033674, r=0.962
INFO:root:Iter 31: Q = 0.003022718010470271, term1 = 0.004438851960003376, term2 = 0.002867619041353464
INFO:root:U_1-Qu_upper=0.4184609533956243, U_2-Qv_upper=0.23325168367941151
INFO:root:eta=0.9036164638054069, l=0.8070308124331991, r=0.962
INFO:root:Iter 32: Q = 0.0029433683957904577, term1 = 0.004414036404341459, term2 = 0.0027865006122738123
INFO:root:U_1-Qu_upper=0.42140973727999287, U_2-Qv_upper=0.23590608862067103
INFO:root:eta=0.9063826339560369, l=0.8147792718115391, r=0.962
INFO:root:Iter 33: Q = 0.002855948405340314, term1 = 0.004416448064148426, term2 = 0.0026947695296257734
INFO:root:U_1-Qu_upper=0.4176342968873339, U_2-Qv_upper=0.23777872517936077
INFO:root:eta=0.9085894697083586, l=0.8221403082209622, r=0.962
INFO:root:Iter 34: Q = 0.002784844022244215, term1 = 0.004387143068015575, term2 = 0.002623641397804022
INFO:root:U_1-Qu_upper=0.42032123807224214, U_2-Qv_upper=0.2370252804514591
INFO:root:eta=0.9115695470598498, l=0.8291332928099141, r=0.962
INFO:root:Iter 35: Q = 0.0026980077382177114, term1 = 0.004390696529299021, term2 = 0.002533801831305027
INFO:root:U_1-Qu_upper=0.41789949884368116, U_2-Qv_upper=0.2399726823603542
INFO:root:eta=0.9135340805831947, l=0.8357766281694184, r=0.962
INFO:root:Iter 36: Q = 0.0026233734097331762, term1 = 0.0043512629345059395, term2 = 0.0024598287418484688
INFO:root:U_1-Qu_upper=0.42185570362840724, U_2-Qv_upper=0.24006679722803398
INFO:root:eta=0.9162211655118475, l=0.8420877967609475, r=0.962
INFO:root:Iter 37: Q = 0.0025487567763775587, term1 = 0.0043668365105986595, term2 = 0.0023825124371796846
INFO:root:U_1-Qu_upper=0.4187124303975345, U_2-Qv_upper=0.2406011762346529
INFO:root:eta=0.9182408285617257, l=0.8480834069229001, r=0.962
INFO:root:Iter 38: Q = 0.002483614720404148, term1 = 0.004342197440564632, term2 = 0.0023181287106126547
INFO:root:U_1-Qu_upper=0.4200746371834446, U_2-Qv_upper=0.24270097841164862
INFO:root:eta=0.9202850244538501, l=0.853779236576755, r=0.962
INFO:root:Iter 39: Q = 0.002416259841993451, term1 = 0.004356146324425936, term2 = 0.002248226897791028
INFO:root:U_1-Qu_upper=0.4197332782332155, U_2-Qv_upper=0.24462731306284125
INFO:root:eta=0.9221515277686897, l=0.8591902747479173, r=0.962
INFO:root:Iter 40: Q = 0.002354249358177185, term1 = 0.004331427626311779, term2 = 0.002187334932386875
INFO:root:U_1-Qu_upper=0.4192174325490751, U_2-Qv_upper=0.24549199289288226
INFO:root:eta=0.9240300790467618, l=0.8643307610105214, r=0.962
INFO:root:Iter 41: Q = 0.0022952058352530003, term1 = 0.004348034970462322, term2 = 0.0021264308597892523
INFO:root:U_1-Qu_upper=0.4215768652295162, U_2-Qv_upper=0.24467067771928847
INFO:root:eta=0.9261322521204117, l=0.8692142229599954, r=0.962
INFO:root:Iter 42: Q = 0.002236976521089673, term1 = 0.0043275016359984875, term2 = 0.0020702374167740345
INFO:root:U_1-Qu_upper=0.41726882817059063, U_2-Qv_upper=0.24274956138147807
INFO:root:eta=0.9278741225465145, l=0.8738535118119957, r=0.962
INFO:root:Iter 43: Q = 0.0021814515348523855, term1 = 0.004347885958850384, term2 = 0.0020130493212491274
INFO:root:U_1-Qu_upper=0.42086902838239093, U_2-Qv_upper=0.24453900122316768
INFO:root:eta=0.9296059602172191, l=0.8782608362213958, r=0.962
INFO:root:Iter 44: Q = 0.0021270220167934895, term1 = 0.004304479341953993, term2 = 0.001962134847417474
INFO:root:U_1-Qu_upper=0.4250964896011318, U_2-Qv_upper=0.2465102543829174
INFO:root:eta=0.9312639141137529, l=0.8824477944103261, r=0.962
INFO:root:Iter 45: Q = 0.002077873097732663, term1 = 0.004328676499426365, term2 = 0.001911742496304214
INFO:root:U_1-Qu_upper=0.4254873459996227, U_2-Qv_upper=0.24604106243697693
INFO:root:eta=0.9328528947746875, l=0.8864254046898098, r=0.962
INFO:root:Iter 46: Q = 0.0020360511261969805, term1 = 0.004331749863922596, term2 = 0.0018708058632910252
INFO:root:U_1-Qu_upper=0.41980466503633934, U_2-Qv_upper=0.2492473010285332
INFO:root:eta=0.9338455891876684, l=0.8902041344553193, r=0.962
INFO:root:Iter 47: Q = 0.001983498688787222, term1 = 0.004310287535190582, term2 = 0.0018186669331043959
INFO:root:U_1-Qu_upper=0.42326933240348835, U_2-Qv_upper=0.24953575500639857
INFO:root:eta=0.935371730014706, l=0.8937939277325534, r=0.962
INFO:root:Iter 48: Q = 0.0019409195519983768, term1 = 0.0043171243742108345, term2 = 0.001776738790795207
INFO:root:U_1-Qu_upper=0.4190192394059843, U_2-Qv_upper=0.2504493475147604
INFO:root:eta=0.936483991288528, l=0.8972042313459258, r=0.962
INFO:root:Iter 49: Q = 0.001900500850751996, term1 = 0.004338734783232212, term2 = 0.001735130324959755
INFO:root:U_1-Qu_upper=0.4209610712327192, U_2-Qv_upper=0.24978994797430423
INFO:root:eta=0.9378698366195687, l=0.9004440197786294, r=0.962
INFO:root:Iter 50: Q = 0.0018629757687449455, term1 = 0.0043238690122962, term2 = 0.0016999513609334826
/zhome/c3/3/213266/SC/distributional-counterfactual-explanation/cardio_new.py:182: DeprecationWarning: __array_wrap__ must accept context and return_scalar arguments (positionally) in the future. (Deprecated NumPy 2.0)
  X_s = X_s * std.values + mean.values
INFO:root:Optimization started
INFO:root:U_1-Qu_upper=0.5, U_2-Qv_upper=-0.3277522615093292
INFO:root:eta=1, l=0.24000000000000002, r=1
INFO:root:Iter 1: Q = 0.015210111625492573, term1 = 0.1892453134059906, term2 = 0.015210111625492573
INFO:root:U_1-Qu_upper=0.04897572315785309, U_2-Qv_upper=0.16679047207685738
INFO:root:eta=0.4125087174081128, l=0.24000000000000002, r=0.962
INFO:root:Iter 2: Q = 0.18317770957946777, term1 = 0.026550060138106346, term2 = 0.4062454402446747
INFO:root:U_1-Qu_upper=0.29254625218688834, U_2-Qv_upper=-0.5054801324064164
INFO:root:eta=0.962, l=0.2761, r=0.962
INFO:root:Iter 3: Q = 0.09716828912496567, term1 = 0.08189792186021805, term2 = 0.09777148067951202
INFO:root:U_1-Qu_upper=0.21743578193992363, U_2-Qv_upper=-0.15980577949833052
INFO:root:eta=0.962, l=0.31039500000000003, r=0.962
INFO:root:Iter 4: Q = 0.02970358543097973, term1 = 0.06758879870176315, term2 = 0.0282070804387331
INFO:root:U_1-Qu_upper=0.16629506126374283, U_2-Qv_upper=0.060775110991904635
INFO:root:eta=0.7875985548234194, l=0.34297525, r=0.962
INFO:root:Iter 5: Q = 0.022303491830825806, term1 = 0.03275016322731972, term2 = 0.019486209377646446
INFO:root:U_1-Qu_upper=0.23694393406198533, U_2-Qv_upper=0.11521078632310763
INFO:root:eta=0.759480129975324, l=0.3739264875, r=0.962
INFO:root:Iter 6: Q = 0.01782725565135479, term1 = 0.018627997487783432, term2 = 0.01757366955280304
INFO:root:U_1-Qu_upper=0.3043077500458673, U_2-Qv_upper=0.11799908819699653
INFO:root:eta=0.7976831289861841, l=0.40333016312500003, r=0.962
INFO:root:Iter 7: Q = 0.017424017190933228, term1 = 0.016309820115566254, term2 = 0.0177066121250391
INFO:root:U_1-Qu_upper=0.3228895315996805, U_2-Qv_upper=0.14202842305658397
INFO:root:eta=0.7913311859738774, l=0.43126365496875, r=0.962
INFO:root:Iter 8: Q = 0.014464505016803741, term1 = 0.011001570150256157, term2 = 0.015377659350633621
INFO:root:U_1-Qu_upper=0.35351852542609474, U_2-Qv_upper=0.13615205203380262
INFO:root:eta=0.8144296827475959, l=0.4578004722203125, r=0.962
INFO:root:Iter 9: Q = 0.013471830636262894, term1 = 0.009386449120938778, term2 = 0.01440269686281681
INFO:root:U_1-Qu_upper=0.3668153925626726, U_2-Qv_upper=0.1422217559253878
INFO:root:eta=0.8211298446673967, l=0.48301044860929687, r=0.962
INFO:root:Iter 10: Q = 0.012572658248245716, term1 = 0.008066213689744473, term2 = 0.013554316014051437
INFO:root:U_1-Qu_upper=0.3770291133076885, U_2-Qv_upper=0.14427604587499637
INFO:root:eta=0.8294351917053031, l=0.506959926178832, r=0.962
INFO:root:Iter 11: Q = 0.010867435485124588, term1 = 0.007380438502877951, term2 = 0.011584499850869179
INFO:root:U_1-Qu_upper=0.38385922312188725, U_2-Qv_upper=0.16318491438428198
INFO:root:eta=0.826260175008114, l=0.5297119298698905, r=0.962
INFO:root:Iter 12: Q = 0.010292069986462593, term1 = 0.006678218953311443, term2 = 0.0110519640147686
INFO:root:U_1-Qu_upper=0.39181220694635305, U_2-Qv_upper=0.16518640110876465
INFO:root:eta=0.8337984039558319, l=0.5513263333763959, r=0.962
INFO:root:Iter 13: Q = 0.00984799675643444, term1 = 0.00607765419408679, term2 = 0.01059954147785902
INFO:root:U_1-Qu_upper=0.39719294218018725, U_2-Qv_upper=0.17342470649121527
INFO:root:eta=0.8371861947072667, l=0.5718600167075761, r=0.962
INFO:root:Iter 14: Q = 0.009474332444369793, term1 = 0.0056136962957680225, term2 = 0.010225138626992702
INFO:root:U_1-Qu_upper=0.40464513476225283, U_2-Qv_upper=0.16972905051278098
INFO:root:eta=0.8467126304961157, l=0.5913670158721973, r=0.962
INFO:root:Iter 15: Q = 0.009045642800629139, term1 = 0.0053479792550206184, term2 = 0.009715060703456402
INFO:root:U_1-Qu_upper=0.4063835281633844, U_2-Qv_upper=0.17628273317410545
INFO:root:eta=0.849866863448474, l=0.6098986650785875, r=0.962
INFO:root:Iter 16: Q = 0.008583431132137775, term1 = 0.005106640513986349, term2 = 0.00919762346893549
INFO:root:U_1-Qu_upper=0.40858961434090457, U_2-Qv_upper=0.18014248367816305
INFO:root:eta=0.8542626960674298, l=0.6275037318246581, r=0.962
INFO:root:Iter 17: Q = 0.008221260271966457, term1 = 0.0048697469756007195, term2 = 0.008793029002845287
INFO:root:U_1-Qu_upper=0.4116430963610518, U_2-Qv_upper=0.18265457423412398
INFO:root:eta=0.8591941562798271, l=0.6442285452334252, r=0.962
INFO:root:Iter 18: Q = 0.007883984595537186, term1 = 0.004706281702965498, term2 = 0.008404750376939774
INFO:root:U_1-Qu_upper=0.41364019378258726, U_2-Qv_upper=0.18612283566140136
INFO:root:eta=0.8633868455542622, l=0.660117117971754, r=0.962
INFO:root:Iter 19: Q = 0.007586298976093531, term1 = 0.004561040550470352, term2 = 0.008064983412623405
INFO:root:U_1-Qu_upper=0.41622072392597453, U_2-Qv_upper=0.18650845032213909
INFO:root:eta=0.8685853937199797, l=0.6752112620731663, r=0.962
INFO:root:Iter 20: Q = 0.007272960618138313, term1 = 0.0044656842947006226, term2 = 0.007697693537920713
INFO:root:U_1-Qu_upper=0.41668401529334864, U_2-Qv_upper=0.1895144091275881
INFO:root:eta=0.8723419012271958, l=0.6895506989695079, r=0.962
INFO:root:Iter 21: Q = 0.007009190507233143, term1 = 0.00436572078615427, term2 = 0.0073960344307124615
INFO:root:U_1-Qu_upper=0.41634148847253377, U_2-Qv_upper=0.19209703926843108
INFO:root:eta=0.8759819362310456, l=0.7031731640210326, r=0.962
INFO:root:Iter 22: Q = 0.006747238337993622, term1 = 0.004271436482667923, term2 = 0.0070977527648210526
INFO:root:U_1-Qu_upper=0.4189017284180033, U_2-Qv_upper=0.19569932782909732
INFO:root:eta=0.8795851760904699, l=0.7161145058199809, r=0.962
INFO:root:Iter 23: Q = 0.006518050096929073, term1 = 0.004209966864436865, term2 = 0.006834025494754314
INFO:root:U_1-Qu_upper=0.4200798023546487, U_2-Qv_upper=0.19859515130156383
INFO:root:eta=0.8830705611550009, l=0.7284087805289818, r=0.962
INFO:root:Iter 24: Q = 0.006295152939856052, term1 = 0.004122628364712, term2 = 0.006582821719348431
INFO:root:U_1-Qu_upper=0.42246188029056475, U_2-Qv_upper=0.20191470642170176
INFO:root:eta=0.8864598476209145, l=0.7400883415025328, r=0.962
INFO:root:Iter 25: Q = 0.006104017607867718, term1 = 0.0040789456106722355, term2 = 0.006363394670188427
INFO:root:U_1-Qu_upper=0.4214802867245112, U_2-Qv_upper=0.20180734371928322
INFO:root:eta=0.8901497014310586, l=0.7511839244274061, r=0.962
INFO:root:Iter 26: Q = 0.0059049115516245365, term1 = 0.004035482183098793, term2 = 0.006135611329227686
INFO:root:U_1-Qu_upper=0.42251272170144216, U_2-Qv_upper=0.2049216464402157
INFO:root:eta=0.8931469382361801, l=0.7617247282060358, r=0.962
INFO:root:Iter 27: Q = 0.005727624520659447, term1 = 0.003997928462922573, term2 = 0.005934559740126133
INFO:root:U_1-Qu_upper=0.423940319973401, U_2-Qv_upper=0.20593320477696647
INFO:root:eta=0.8965212539700653, l=0.771738491795734, r=0.962
INFO:root:Iter 28: Q = 0.005553684197366238, term1 = 0.003966356627643108, term2 = 0.005736897699534893
INFO:root:U_1-Qu_upper=0.4240173458698744, U_2-Qv_upper=0.20432735236258492
INFO:root:eta=0.900130089523716, l=0.7812515672059472, r=0.962
INFO:root:Iter 29: Q = 0.0053864759393036366, term1 = 0.003958035726100206, term2 = 0.005544961895793676
INFO:root:U_1-Qu_upper=0.4230304308495129, U_2-Qv_upper=0.20727724135670447
INFO:root:eta=0.9025607163276896, l=0.7902889888456499, r=0.962
INFO:root:Iter 30: Q = 0.005219425540417433, term1 = 0.0039397357031702995, term2 = 0.005357579328119755
INFO:root:U_1-Qu_upper=0.4232135156059326, U_2-Qv_upper=0.20961283929091598
INFO:root:eta=0.9051236826547081, l=0.7988745394033674, r=0.962
INFO:root:Iter 31: Q = 0.005069931503385305, term1 = 0.003938678652048111, term2 = 0.005188511218875647
INFO:root:U_1-Qu_upper=0.4266606260880937, U_2-Qv_upper=0.21482600038358465
INFO:root:eta=0.907371284739867, l=0.8070308124331991, r=0.962
INFO:root:Iter 32: Q = 0.004935186356306076, term1 = 0.003921303898096085, term2 = 0.005038687959313393
INFO:root:U_1-Qu_upper=0.4265247328764117, U_2-Qv_upper=0.21429557987148937
INFO:root:eta=0.9101770298924564, l=0.8147792718115391, r=0.962
INFO:root:Iter 33: Q = 0.004795057233422995, term1 = 0.003924316726624966, term2 = 0.004880988039076328
INFO:root:U_1-Qu_upper=0.423161785582368, U_2-Qv_upper=0.21731947536398033
INFO:root:eta=0.9120470453025485, l=0.8221403082209622, r=0.962
INFO:root:Iter 34: Q = 0.004678697790950537, term1 = 0.0039059307891875505, term2 = 0.0047532194294035435
INFO:root:U_1-Qu_upper=0.4221051455601184, U_2-Qv_upper=0.21439968674818324
INFO:root:eta=0.9148897934719857, l=0.8291332928099141, r=0.962
INFO:root:Iter 35: Q = 0.004549052566289902, term1 = 0.003900372888892889, term2 = 0.004609397612512112
INFO:root:U_1-Qu_upper=0.42437856874236324, U_2-Qv_upper=0.21584028248006037
INFO:root:eta=0.917205961902955, l=0.8357766281694184, r=0.962
INFO:root:Iter 36: Q = 0.004432280082255602, term1 = 0.003895539091899991, term2 = 0.004480730276554823
INFO:root:U_1-Qu_upper=0.4248095831521753, U_2-Qv_upper=0.21752521032087985
INFO:root:eta=0.9192547435015916, l=0.8420877967609475, r=0.962
INFO:root:Iter 37: Q = 0.004321862943470478, term1 = 0.0038913204334676266, term2 = 0.0043596806935966015
INFO:root:U_1-Qu_upper=0.4241311915277312, U_2-Qv_upper=0.2199654363278702
INFO:root:eta=0.9210487840398572, l=0.8480834069229001, r=0.962
INFO:root:Iter 38: Q = 0.004214549902826548, term1 = 0.0038812675047665834, term2 = 0.004243118688464165
INFO:root:U_1-Qu_upper=0.42375644236460847, U_2-Qv_upper=0.21957219211144757
INFO:root:eta=0.9231195356162286, l=0.853779236576755, r=0.962
INFO:root:Iter 39: Q = 0.0041120052337646484, term1 = 0.003864624071866274, term2 = 0.004132607951760292
INFO:root:U_1-Qu_upper=0.42608545397618497, U_2-Qv_upper=0.22264659817187116
INFO:root:eta=0.924858340746436, l=0.8591902747479173, r=0.962
INFO:root:Iter 40: Q = 0.004006779287010431, term1 = 0.003869651583954692, term2 = 0.004017920698970556
INFO:root:U_1-Qu_upper=0.4224348323050006, U_2-Qv_upper=0.22380565247324885
INFO:root:eta=0.9263949919842406, l=0.8643307610105214, r=0.962
INFO:root:Iter 41: Q = 0.00390957947820425, term1 = 0.0038656953256577253, term2 = 0.003913066349923611
INFO:root:U_1-Qu_upper=0.4239200988410886, U_2-Qv_upper=0.2243948291420061
INFO:root:eta=0.9281947130175517, l=0.8692142229599954, r=0.962
INFO:root:Iter 42: Q = 0.0038203606382012367, term1 = 0.003862302750349045, term2 = 0.00381711614318192
INFO:root:U_1-Qu_upper=0.42471770562454314, U_2-Qv_upper=0.22555351379394062
INFO:root:eta=0.9298162627892566, l=0.8738535118119957, r=0.962
INFO:root:Iter 43: Q = 0.003728223964571953, term1 = 0.0038593392819166183, term2 = 0.0037183272652328014
INFO:root:U_1-Qu_upper=0.42290051218157776, U_2-Qv_upper=0.22719385890948884
INFO:root:eta=0.9311947174267302, l=0.8782608362213958, r=0.962
INFO:root:Iter 44: Q = 0.0036426803562790155, term1 = 0.0038624885492026806, term2 = 0.0036264387890696526
INFO:root:U_1-Qu_upper=0.426475610911012, U_2-Qv_upper=0.22834291655374894
INFO:root:eta=0.9327991694110892, l=0.8824477944103261, r=0.962
INFO:root:Iter 45: Q = 0.0035633505322039127, term1 = 0.0038710429798811674, term2 = 0.003541183890774846
INFO:root:U_1-Qu_upper=0.4249003664465846, U_2-Qv_upper=0.22664928339093887
INFO:root:eta=0.9343268205369084, l=0.8864254046898098, r=0.962
INFO:root:Iter 46: Q = 0.0034907732624560595, term1 = 0.003872844623401761, term2 = 0.0034639176446944475
INFO:root:U_1-Qu_upper=0.4227886608515242, U_2-Qv_upper=0.23043350164017762
INFO:root:eta=0.9353399758423112, l=0.8902041344553193, r=0.962
INFO:root:Iter 47: Q = 0.003419158048927784, term1 = 0.0038733133114874363, term2 = 0.0033877622336149216
INFO:root:U_1-Qu_upper=0.4239190394271103, U_2-Qv_upper=0.23146158894554203
INFO:root:eta=0.9366437651659683, l=0.8937939277325534, r=0.962
INFO:root:Iter 48: Q = 0.0033543689642101526, term1 = 0.0038786649238318205, term2 = 0.0033189046662300825
INFO:root:U_1-Qu_upper=0.4227682725215791, U_2-Qv_upper=0.22880421075230467
INFO:root:eta=0.938048963186329, l=0.8972042313459258, r=0.962
INFO:root:Iter 49: Q = 0.003282666439190507, term1 = 0.0038833501748740673, term2 = 0.003242995822802186
INFO:root:U_1-Qu_upper=0.42527600400058785, U_2-Qv_upper=0.2314623457772605
INFO:root:eta=0.9391632330985605, l=0.9004440197786294, r=0.962
INFO:root:Iter 50: Q = 0.003221116028726101, term1 = 0.0038883760571479797, term2 = 0.0031778926495462656
/zhome/c3/3/213266/SC/distributional-counterfactual-explanation/cardio_new.py:182: DeprecationWarning: __array_wrap__ must accept context and return_scalar arguments (positionally) in the future. (Deprecated NumPy 2.0)
  #     X_s = X_s * std.values + mean.values
INFO:root:Optimization started
INFO:root:U_1-Qu_upper=0.5, U_2-Qv_upper=-0.33963636255879
INFO:root:eta=1, l=0.24000000000000002, r=1
INFO:root:Iter 1: Q = 0.015857864171266556, term1 = 0.1988806277513504, term2 = 0.015857864171266556
INFO:root:U_1-Qu_upper=0.04098211815826336, U_2-Qv_upper=0.16010060726406575
INFO:root:eta=0.3948935132784983, l=0.24000000000000002, r=0.962
INFO:root:Iter 2: Q = 0.14194771647453308, term1 = 0.016500180587172508, term2 = 0.3341745138168335
INFO:root:U_1-Qu_upper=0.3616699410509496, U_2-Qv_upper=-0.4160827467903527
INFO:root:eta=0.962, l=0.2761, r=0.962
INFO:root:Iter 3: Q = 0.10073010623455048, term1 = 0.07142838835716248, term2 = 0.10188755393028259
INFO:root:U_1-Qu_upper=0.24917296091994, U_2-Qv_upper=-0.16313470771077326
INFO:root:eta=0.962, l=0.31039500000000003, r=0.962
INFO:root:Iter 4: Q = 0.04987695813179016, term1 = 0.05911461263895035, term2 = 0.04951206222176552
INFO:root:U_1-Qu_upper=0.19004686963140693, U_2-Qv_upper=-0.02398673410731883
INFO:root:eta=0.962, l=0.34297525, r=0.962
INFO:root:Iter 5: Q = 0.035191524773836136, term1 = 0.05290905758738518, term2 = 0.03449166566133499
INFO:root:U_1-Qu_upper=0.18316443699357365, U_2-Qv_upper=0.028448467533725874
INFO:root:eta=0.8787805690192398, l=0.3739264875, r=0.962
INFO:root:Iter 6: Q = 0.028015315532684326, term1 = 0.03439002111554146, term2 = 0.02713598497211933
INFO:root:U_1-Qu_upper=0.22739011328934972, U_2-Qv_upper=0.05879947061252433
INFO:root:eta=0.8411765558172668, l=0.40333016312500003, r=0.962
INFO:root:Iter 7: Q = 0.024929359555244446, term1 = 0.024257848039269447, term2 = 0.025056147947907448
INFO:root:U_1-Qu_upper=0.2734881217499582, U_2-Qv_upper=0.07230215793014774
INFO:root:eta=0.845186320870806, l=0.43126365496875, r=0.962
INFO:root:Iter 8: Q = 0.020668543875217438, term1 = 0.018933217972517014, term2 = 0.02098640613257885
INFO:root:U_1-Qu_upper=0.3020932309703339, U_2-Qv_upper=0.09424358606953226
INFO:root:eta=0.8357980064866131, l=0.4578004722203125, r=0.962
INFO:root:Iter 9: Q = 0.01781969889998436, term1 = 0.015418467111885548, term2 = 0.018291447311639786
INFO:root:U_1-Qu_upper=0.32425924224017116, U_2-Qv_upper=0.10597551193371962
INFO:root:eta=0.8378054700257995, l=0.48301044860929687, r=0.962
INFO:root:Iter 10: Q = 0.017546916380524635, term1 = 0.012606708332896233, term2 = 0.01850331388413906
INFO:root:U_1-Qu_upper=0.34380723848705186, U_2-Qv_upper=0.10633223145877152
INFO:root:eta=0.8488527839806197, l=0.506959926178832, r=0.962
INFO:root:Iter 11: Q = 0.017170457169413567, term1 = 0.011052219197154045, term2 = 0.018259873613715172
INFO:root:U_1-Qu_upper=0.3540084277880292, U_2-Qv_upper=0.10757169746974996
INFO:root:eta=0.855952467883303, l=0.5297119298698905, r=0.962
INFO:root:Iter 12: Q = 0.01681116409599781, term1 = 0.010050378739833832, term2 = 0.017948931083083153
INFO:root:U_1-Qu_upper=0.3625847598906706, U_2-Qv_upper=0.1108026679766003
INFO:root:eta=0.8608171871807678, l=0.5513263333763959, r=0.962
INFO:root:Iter 13: Q = 0.016370780766010284, term1 = 0.009298277087509632, term2 = 0.017514310777187347
INFO:root:U_1-Qu_upper=0.36954072699909624, U_2-Qv_upper=0.11358921852977269
INFO:root:eta=0.865446057744429, l=0.5718600167075761, r=0.962
INFO:root:Iter 14: Q = 0.015854287892580032, term1 = 0.008720950223505497, term2 = 0.016963334754109383
INFO:root:U_1-Qu_upper=0.3734844202437062, U_2-Qv_upper=0.11581218840807364
INFO:root:eta=0.8696573095916541, l=0.5913670158721973, r=0.962
INFO:root:Iter 15: Q = 0.013908465392887592, term1 = 0.008333512581884861, term2 = 0.014744028449058533
INFO:root:U_1-Qu_upper=0.3784410226576784, U_2-Qv_upper=0.1309212069454106
INFO:root:eta=0.8667363255544048, l=0.6098986650785875, r=0.962
INFO:root:Iter 16: Q = 0.013667051680386066, term1 = 0.009375061839818954, term2 = 0.014326958917081356
INFO:root:U_1-Qu_upper=0.37735838128117855, U_2-Qv_upper=0.1529950502141394
INFO:root:eta=0.8604266750855507, l=0.6275037318246581, r=0.962
INFO:root:Iter 17: Q = 0.011323587968945503, term1 = 0.007449465803802013, term2 = 0.011952025815844536
INFO:root:U_1-Qu_upper=0.3864916535677011, U_2-Qv_upper=0.15084403395185278
INFO:root:eta=0.8680982406243524, l=0.6442285452334252, r=0.962
INFO:root:Iter 18: Q = 0.011186111718416214, term1 = 0.006984304636716843, term2 = 0.011824548244476318
INFO:root:U_1-Qu_upper=0.39008486127378333, U_2-Qv_upper=0.15378313370685623
INFO:root:eta=0.8721475163686917, l=0.660117117971754, r=0.962
INFO:root:Iter 19: Q = 0.011000045575201511, term1 = 0.006647720001637936, term2 = 0.011638075113296509
INFO:root:U_1-Qu_upper=0.39329529088300036, U_2-Qv_upper=0.15314047647183215
INFO:root:eta=0.8773962987886271, l=0.6752112620731663, r=0.962
INFO:root:Iter 20: Q = 0.010821067728102207, term1 = 0.006401588674634695, term2 = 0.011438627727329731
INFO:root:U_1-Qu_upper=0.39511788555915117, U_2-Qv_upper=0.1555091957997445
INFO:root:eta=0.8810045540634122, l=0.6895506989695079, r=0.962
INFO:root:Iter 21: Q = 0.010634192265570164, term1 = 0.0061882007867097855, term2 = 0.011234702542424202
INFO:root:U_1-Qu_upper=0.40134742002531043, U_2-Qv_upper=0.15707171210145174
INFO:root:eta=0.8853656661964281, l=0.7031731640210326, r=0.962
INFO:root:Iter 22: Q = 0.010431379079818726, term1 = 0.0060666329227387905, term2 = 0.01099651213735342
INFO:root:U_1-Qu_upper=0.400541039414231, U_2-Qv_upper=0.15894765874518416
INFO:root:eta=0.8884687209328423, l=0.7161145058199809, r=0.962
INFO:root:Iter 23: Q = 0.010238631628453732, term1 = 0.005876876413822174, term2 = 0.010786171071231365
INFO:root:U_1-Qu_upper=0.3994999289874595, U_2-Qv_upper=0.15917961618938478
INFO:root:eta=0.8919420232438915, l=0.7284087805289818, r=0.962
INFO:root:Iter 24: Q = 0.010066748596727848, term1 = 0.0057501038536429405, term2 = 0.010589705780148506
INFO:root:U_1-Qu_upper=0.402973658725751, U_2-Qv_upper=0.15690609204360007
INFO:root:eta=0.8965361475700243, l=0.7400883415025328, r=0.962
INFO:root:Iter 25: Q = 0.009889001958072186, term1 = 0.005632326006889343, term2 = 0.01038023829460144
INFO:root:U_1-Qu_upper=0.40450876615527653, U_2-Qv_upper=0.16266735068771254
INFO:root:eta=0.8983552510366153, l=0.7511839244274061, r=0.962
INFO:root:Iter 26: Q = 0.009716273285448551, term1 = 0.005536660086363554, term2 = 0.010189177468419075
INFO:root:U_1-Qu_upper=0.4043753300715164, U_2-Qv_upper=0.16201101884223007
INFO:root:eta=0.901697474599555, l=0.7617247282060358, r=0.962
INFO:root:Iter 27: Q = 0.00953698717057705, term1 = 0.0054824938997626305, term2 = 0.009979004971683025
INFO:root:U_1-Qu_upper=0.40458185161067617, U_2-Qv_upper=0.1619061029042587
INFO:root:eta=0.904759967787811, l=0.771738491795734, r=0.962
INFO:root:Iter 28: Q = 0.009374232962727547, term1 = 0.005398381967097521, term2 = 0.009792753495275974
INFO:root:U_1-Qu_upper=0.40890702929687484, U_2-Qv_upper=0.163176815801917
INFO:root:eta=0.9077312641417428, l=0.7812515672059472, r=0.962
INFO:root:Iter 29: Q = 0.009230880066752434, term1 = 0.0053600226528942585, term2 = 0.009624344296753407
INFO:root:U_1-Qu_upper=0.40811000139533343, U_2-Qv_upper=0.16573334922884653
INFO:root:eta=0.9097975250523689, l=0.7902889888456499, r=0.962
INFO:root:Iter 30: Q = 0.009090051986277103, term1 = 0.0052912295795977116, term2 = 0.009466688148677349
INFO:root:U_1-Qu_upper=0.4079458980361383, U_2-Qv_upper=0.16719586630132813
INFO:root:eta=0.9120829655511101, l=0.7988745394033674, r=0.962
INFO:root:Iter 31: Q = 0.008957833051681519, term1 = 0.005238853394985199, term2 = 0.009316311217844486
INFO:root:U_1-Qu_upper=0.4096033185017815, U_2-Qv_upper=0.16527948750175459
INFO:root:eta=0.9151012369054341, l=0.8070308124331991, r=0.962
INFO:root:Iter 32: Q = 0.008839425630867481, term1 = 0.005198105704039335, term2 = 0.009177249856293201
INFO:root:U_1-Qu_upper=0.406308090946782, U_2-Qv_upper=0.1698744037208657
INFO:root:eta=0.916310832806189, l=0.8147792718115391, r=0.962
INFO:root:Iter 33: Q = 0.008720212616026402, term1 = 0.005138297099620104, term2 = 0.009047359228134155
INFO:root:U_1-Qu_upper=0.4092930311438946, U_2-Qv_upper=0.1698090755259016
INFO:root:eta=0.9188307290476025, l=0.8221403082209622, r=0.962
INFO:root:Iter 34: Q = 0.008605754934251308, term1 = 0.005096319131553173, term2 = 0.008915777318179607
INFO:root:U_1-Qu_upper=0.4098723609431731, U_2-Qv_upper=0.1684032159805499
INFO:root:eta=0.9212705920472495, l=0.8291332928099141, r=0.962
INFO:root:Iter 35: Q = 0.008487517945468426, term1 = 0.005075925961136818, term2 = 0.008779063820838928
INFO:root:U_1-Qu_upper=0.4127806093906, U_2-Qv_upper=0.17082725062227297
INFO:root:eta=0.9231087241216793, l=0.8357766281694184, r=0.962
INFO:root:Iter 36: Q = 0.00838295929133892, term1 = 0.005057673901319504, term2 = 0.00865994207561016
INFO:root:U_1-Qu_upper=0.4101212763289682, U_2-Qv_upper=0.17133332053416458
INFO:root:eta=0.9248066068418362, l=0.8420877967609475, r=0.962
INFO:root:Iter 37: Q = 0.008281009271740913, term1 = 0.0050154877826571465, term2 = 0.00854652002453804
INFO:root:U_1-Qu_upper=0.41240295193810483, U_2-Qv_upper=0.17157373645505913
INFO:root:eta=0.9267695102129978, l=0.8480834069229001, r=0.962
INFO:root:Iter 38: Q = 0.008188458159565926, term1 = 0.0050023822113871574, term2 = 0.008440213277935982
INFO:root:U_1-Qu_upper=0.4110871308331972, U_2-Qv_upper=0.17500083418841356
INFO:root:eta=0.9279854833981116, l=0.853779236576755, r=0.962
INFO:root:Iter 39: Q = 0.008094167336821556, term1 = 0.004973978735506535, term2 = 0.008336303755640984
INFO:root:U_1-Qu_upper=0.4125286692203123, U_2-Qv_upper=0.17234310864651387
INFO:root:eta=0.9301107834327615, l=0.8591902747479173, r=0.962
INFO:root:Iter 40: Q = 0.00800641905516386, term1 = 0.004946316592395306, term2 = 0.008236357010900974
INFO:root:U_1-Qu_upper=0.41141904097818593, U_2-Qv_upper=0.17340244932912385
INFO:root:eta=0.9315164106158317, l=0.8643307610105214, r=0.962
INFO:root:Iter 41: Q = 0.007918895222246647, term1 = 0.004925674758851528, term2 = 0.00813895184546709
INFO:root:U_1-Qu_upper=0.41225334757503107, U_2-Qv_upper=0.17512039291039205
INFO:root:eta=0.932880762403574, l=0.8692142229599954, r=0.962
INFO:root:Iter 42: Q = 0.00783583614975214, term1 = 0.004915227182209492, term2 = 0.008045969530940056
INFO:root:U_1-Qu_upper=0.4141297779332476, U_2-Qv_upper=0.17585559838899414
INFO:root:eta=0.9343435546062657, l=0.8738535118119957, r=0.962
INFO:root:Iter 43: Q = 0.007754553575068712, term1 = 0.004892289638519287, term2 = 0.007955685257911682
INFO:root:U_1-Qu_upper=0.4117662753017687, U_2-Qv_upper=0.1748853495867278
INFO:root:eta=0.9357228556990164, l=0.8782608362213958, r=0.962
INFO:root:Iter 44: Q = 0.007684269919991493, term1 = 0.004890813492238522, term2 = 0.007876159623265266
INFO:root:U_1-Qu_upper=0.4125589101572428, U_2-Qv_upper=0.17598076915741304
INFO:root:eta=0.9369609364189043, l=0.8824477944103261, r=0.962
INFO:root:Iter 45: Q = 0.007616092450916767, term1 = 0.004879024811089039, term2 = 0.007800243329256773
INFO:root:U_1-Qu_upper=0.41318344783473393, U_2-Qv_upper=0.177521925186786
INFO:root:eta=0.9380925474286833, l=0.8864254046898098, r=0.962
INFO:root:Iter 46: Q = 0.007545473985373974, term1 = 0.004863884765654802, term2 = 0.007722440175712109
INFO:root:U_1-Qu_upper=0.412691669967465, U_2-Qv_upper=0.17681095138014918
INFO:root:eta=0.9393327282813132, l=0.8902041344553193, r=0.962
INFO:root:Iter 47: Q = 0.007481532171368599, term1 = 0.004850839730352163, term2 = 0.007651436608284712
INFO:root:U_1-Qu_upper=0.4138360434201832, U_2-Qv_upper=0.17891155435274098
INFO:root:eta=0.9403295454102877, l=0.8937939277325534, r=0.962
INFO:root:Iter 48: Q = 0.007421005517244339, term1 = 0.004832470323890448, term2 = 0.007585266139358282
INFO:root:U_1-Qu_upper=0.4159735702513086, U_2-Qv_upper=0.17827022214978544
INFO:root:eta=0.941538512962917, l=0.8972042313459258, r=0.962
INFO:root:Iter 49: Q = 0.007361766882240772, term1 = 0.004837125539779663, term2 = 0.007518525701016188
INFO:root:U_1-Qu_upper=0.4109601383337923, U_2-Qv_upper=0.17805827943906113
INFO:root:eta=0.9424124578564109, l=0.9004440197786294, r=0.962
INFO:root:Iter 50: Q = 0.007302449084818363, term1 = 0.004818291403353214, term2 = 0.007454247213900089
/zhome/c3/3/213266/SC/distributional-counterfactual-explanation/cardio_new.py:182: DeprecationWarning: __array_wrap__ must accept context and return_scalar arguments (positionally) in the future. (Deprecated NumPy 2.0)
  #     X_s = X_s * std.values + mean.values
INFO:root:Optimization started
INFO:root:U_1-Qu_upper=0.5, U_2-Qv_upper=-0.32246807502458336
INFO:root:eta=1, l=0.24000000000000002, r=1
INFO:root:Iter 1: Q = 0.017183322459459305, term1 = 0.042024947702884674, term2 = 0.017183322459459305
INFO:root:U_1-Qu_upper=0.2755221133950172, U_2-Qv_upper=0.14443846886521483
INFO:root:eta=0.7386106197234926, l=0.278, r=1
INFO:root:Iter 2: Q = 0.009632548317313194, term1 = 0.014326578006148338, term2 = 0.007971362210810184
INFO:root:U_1-Qu_upper=0.3401492198019704, U_2-Qv_upper=0.18588705213983803
INFO:root:eta=0.7448646437449283, l=0.31410000000000005, r=1
INFO:root:Iter 3: Q = 0.007789679802954197, term1 = 0.01041122991591692, term2 = 0.006891731638461351
INFO:root:U_1-Qu_upper=0.37005082811509793, U_2-Qv_upper=0.19556766200780473
INFO:root:eta=0.7628439279946344, l=0.34839500000000007, r=1
INFO:root:Iter 4: Q = 0.007000249344855547, term1 = 0.008233360014855862, term2 = 0.0066168950870633125
INFO:root:U_1-Qu_upper=0.3866243249094159, U_2-Qv_upper=0.1923304082638298
INFO:root:eta=0.7835349665597239, l=0.38097525000000004, r=1
INFO:root:Iter 5: Q = 0.006466185208410025, term1 = 0.0071619912050664425, term2 = 0.006273957435041666
INFO:root:U_1-Qu_upper=0.3932413802885575, U_2-Qv_upper=0.19790191075714603
INFO:root:eta=0.7927639834763966, l=0.41192648750000005, r=1
INFO:root:Iter 6: Q = 0.006088391877710819, term1 = 0.006433776579797268, term2 = 0.005998104810714722
INFO:root:U_1-Qu_upper=0.40238974310329656, U_2-Qv_upper=0.20048728635459842
INFO:root:eta=0.8044356362289031, l=0.44133016312500006, r=1
INFO:root:Iter 7: Q = 0.005700094625353813, term1 = 0.005815506912767887, term2 = 0.00567203713580966
INFO:root:U_1-Qu_upper=0.41006275419542104, U_2-Qv_upper=0.20325223388801175
INFO:root:eta=0.8148571377563533, l=0.46926365496875005, r=1
INFO:root:Iter 8: Q = 0.005368640646338463, term1 = 0.00543033704161644, term2 = 0.005354622378945351
INFO:root:U_1-Qu_upper=0.4159713676424377, U_2-Qv_upper=0.20722480323853357
INFO:root:eta=0.8235198805615809, l=0.49580047222031254, r=1
INFO:root:Iter 9: Q = 0.005083046387881041, term1 = 0.005148783326148987, term2 = 0.005068959202617407
INFO:root:U_1-Qu_upper=0.4204910257525319, U_2-Qv_upper=0.20716492203527956
INFO:root:eta=0.8335832612901242, l=0.5210104486092969, r=1
INFO:root:Iter 10: Q = 0.004811083432286978, term1 = 0.004927706904709339, term2 = 0.004787800833582878
INFO:root:U_1-Qu_upper=0.42225878496856617, U_2-Qv_upper=0.21409936769148724
INFO:root:eta=0.838846474025827, l=0.544959926178832, r=1
INFO:root:Iter 11: Q = 0.004570254124701023, term1 = 0.0047231400385499, term2 = 0.004540883004665375
INFO:root:U_1-Qu_upper=0.42354393166409654, U_2-Qv_upper=0.21715982183854987
INFO:root:eta=0.8457689363919151, l=0.5677119298698905, r=1
INFO:root:Iter 12: Q = 0.004342567641288042, term1 = 0.004505072720348835, term2 = 0.004312933888286352
INFO:root:U_1-Qu_upper=0.43145746147603214, U_2-Qv_upper=0.21617015334695866
INFO:root:eta=0.8557075450903562, l=0.589326333376396, r=1
INFO:root:Iter 13: Q = 0.0041368515230715275, term1 = 0.004388767294585705, term2 = 0.004094372503459454
INFO:root:U_1-Qu_upper=0.43031188744903204, U_2-Qv_upper=0.22148137575007698
INFO:root:eta=0.8604518122484199, l=0.6098600167075762, r=1
INFO:root:Iter 14: Q = 0.003951055929064751, term1 = 0.0042793285101652145, term2 = 0.003897816874086857
INFO:root:U_1-Qu_upper=0.434420428078388, U_2-Qv_upper=0.2230238357168246
INFO:root:eta=0.8676533961402435, l=0.6293670158721973, r=1
INFO:root:Iter 15: Q = 0.0037753325887024403, term1 = 0.004197774920612574, term2 = 0.003710896009579301
INFO:root:U_1-Qu_upper=0.42983704385562116, U_2-Qv_upper=0.22780634599307745
INFO:root:eta=0.8716134806158546, l=0.6478986650785875, r=1
INFO:root:Iter 16: Q = 0.0036100344732403755, term1 = 0.0040865265764296055, term2 = 0.0035398483742028475
INFO:root:U_1-Qu_upper=0.4293618529498698, U_2-Qv_upper=0.22679948152285223
INFO:root:eta=0.8782976136991499, l=0.6655037318246582, r=1
INFO:root:Iter 17: Q = 0.0034592936281114817, term1 = 0.0040175169706344604, term2 = 0.003381942631676793
INFO:root:U_1-Qu_upper=0.43555557429796565, U_2-Qv_upper=0.22699423227984644
INFO:root:eta=0.8853992215511755, l=0.6822285452334252, r=1
INFO:root:Iter 18: Q = 0.003312154207378626, term1 = 0.003984314855188131, term2 = 0.0032251537777483463
INFO:root:U_1-Qu_upper=0.4348294933696098, U_2-Qv_upper=0.2284544084815173
INFO:root:eta=0.8905502010098487, l=0.698117117971754, r=1
INFO:root:Iter 19: Q = 0.0031692686025053263, term1 = 0.003937083296477795, term2 = 0.0030749032739549875
INFO:root:U_1-Qu_upper=0.43633241679699736, U_2-Qv_upper=0.23258287812617948
INFO:root:eta=0.8950348570408767, l=0.7132112620731663, r=1
INFO:root:Iter 20: Q = 0.0030355523340404034, term1 = 0.0038790449034422636, term2 = 0.0029366319067776203
INFO:root:U_1-Qu_upper=0.437041962841922, U_2-Qv_upper=0.2344730846053763
INFO:root:eta=0.8998619014310845, l=0.727550698969508, r=1
INFO:root:Iter 21: Q = 0.002913204487413168, term1 = 0.0038472688756883144, term2 = 0.002809260506182909
INFO:root:U_1-Qu_upper=0.43469290331486427, U_2-Qv_upper=0.23687229422768363
INFO:root:eta=0.9039025678638853, l=0.7411731640210326, r=1
INFO:root:Iter 22: Q = 0.002788072219118476, term1 = 0.0038030159194022417, term2 = 0.0026801694184541702
INFO:root:U_1-Qu_upper=0.4398119306178038, U_2-Qv_upper=0.23686471745318372
INFO:root:eta=0.9093999393237105, l=0.754114505819981, r=1
INFO:root:Iter 23: Q = 0.00267573120072484, term1 = 0.0038059179205447435, term2 = 0.0025631349999457598
INFO:root:U_1-Qu_upper=0.44053699966124565, U_2-Qv_upper=0.23701636267748089
INFO:root:eta=0.9139862795979043, l=0.7664087805289819, r=1
INFO:root:Iter 24: Q = 0.002561383182182908, term1 = 0.003787172492593527, term2 = 0.0024460263084620237
INFO:root:U_1-Qu_upper=0.44113179096386135, U_2-Qv_upper=0.23997075683688618
INFO:root:eta=0.9176995271741224, l=0.7780883415025328, r=1
INFO:root:Iter 25: Q = 0.002462632255628705, term1 = 0.0037868060171604156, term2 = 0.0023438786156475544
INFO:root:U_1-Qu_upper=0.43379515335682395, U_2-Qv_upper=0.2431767827865392
INFO:root:eta=0.9202865579869307, l=0.7891839244274061, r=1
INFO:root:Iter 26: Q = 0.002368022920563817, term1 = 0.0037492711562663317, term2 = 0.0022483819629997015
INFO:root:U_1-Qu_upper=0.4349652731924046, U_2-Qv_upper=0.24250915466271658
INFO:root:eta=0.9245361504813076, l=0.7997247282060358, r=1
INFO:root:Iter 27: Q = 0.002274290891364217, term1 = 0.003750420641154051, term2 = 0.002153803827241063
INFO:root:U_1-Qu_upper=0.44082960454807174, U_2-Qv_upper=0.24546403000015965
INFO:root:eta=0.9283683064373973, l=0.809738491795734, r=1
INFO:root:Iter 28: Q = 0.0021900907158851624, term1 = 0.003755431156605482, term2 = 0.0020693109836429358
INFO:root:U_1-Qu_upper=0.4421466700110251, U_2-Qv_upper=0.24494427697333565
INFO:root:eta=0.9321727818311495, l=0.8192515672059473, r=1
INFO:root:Iter 29: Q = 0.002104481216520071, term1 = 0.0037406738847494125, term2 = 0.0019854276906698942
INFO:root:U_1-Qu_upper=0.4366548463320783, U_2-Qv_upper=0.24838035560498156
INFO:root:eta=0.9344641561696638, l=0.8282889888456499, r=1
INFO:root:Iter 30: Q = 0.002025448251515627, term1 = 0.0037410676013678312, term2 = 0.0019051284762099385
INFO:root:U_1-Qu_upper=0.4351563554428567, U_2-Qv_upper=0.2459423038818161
INFO:root:eta=0.937995764479921, l=0.8368745394033674, r=1
INFO:root:Iter 31: Q = 0.0019464653450995684, term1 = 0.0037294093053787947, term2 = 0.0018286076374351978
INFO:root:U_1-Qu_upper=0.4423403806462658, U_2-Qv_upper=0.24892652329902795
INFO:root:eta=0.9412582122243685, l=0.8450308124331991, r=1
INFO:root:Iter 32: Q = 0.0018718392821028829, term1 = 0.0037185687106102705, term2 = 0.001756589044816792
INFO:root:U_1-Qu_upper=0.4388004664356102, U_2-Qv_upper=0.25072083090892505
INFO:root:eta=0.9436507565151899, l=0.8527792718115391, r=1
INFO:root:Iter 33: Q = 0.0018046072218567133, term1 = 0.0037460438907146454, term2 = 0.0016886760713532567
INFO:root:U_1-Qu_upper=0.4406168777325912, U_2-Qv_upper=0.2517325968777573
INFO:root:eta=0.9464717493402114, l=0.8601403082209622, r=1
INFO:root:Iter 34: Q = 0.0017403295496478677, term1 = 0.003748635295778513, term2 = 0.001626748708076775
INFO:root:U_1-Qu_upper=0.4356176266810187, U_2-Qv_upper=0.2520954966852449
INFO:root:eta=0.9487315316992955, l=0.8671332928099141, r=1
INFO:root:Iter 35: Q = 0.0016786442138254642, term1 = 0.0037498665042221546, term2 = 0.0015667175175622106
INFO:root:U_1-Qu_upper=0.4312581124976498, U_2-Qv_upper=0.2542985759036807
INFO:root:eta=0.9507147767717926, l=0.8737766281694185, r=1
INFO:root:Iter 36: Q = 0.0016196949873119593, term1 = 0.003752760123461485, term2 = 0.0015091164968907833
INFO:root:U_1-Qu_upper=0.4389573808426059, U_2-Qv_upper=0.25528382609120887
INFO:root:eta=0.9535856054333633, l=0.8800877967609475, r=1
INFO:root:Iter 37: Q = 0.0015615312149748206, term1 = 0.0037577799521386623, term2 = 0.001454632030799985
INFO:root:U_1-Qu_upper=0.4398764095246472, U_2-Qv_upper=0.2580738053552693
INFO:root:eta=0.9556613094477504, l=0.8860834069229001, r=1
INFO:root:Iter 38: Q = 0.001509049441665411, term1 = 0.00376913882791996, term2 = 0.001404190668836236
INFO:root:U_1-Qu_upper=0.43532449110687166, U_2-Qv_upper=0.25874313069808874
INFO:root:eta=0.9575327604901416, l=0.8917792365767551, r=1
INFO:root:Iter 39: Q = 0.0014586416073143482, term1 = 0.0037777076940983534, term2 = 0.001355789485387504
INFO:root:U_1-Qu_upper=0.4345266430264108, U_2-Qv_upper=0.25994084817859164
INFO:root:eta=0.9594927085989848, l=0.8971902747479173, r=1
INFO:root:Iter 40: Q = 0.0014108391478657722, term1 = 0.003788065630942583, term2 = 0.0013104788959026337
INFO:root:U_1-Qu_upper=0.4391502390654328, U_2-Qv_upper=0.25710632450801757
INFO:root:eta=0.9620355024768774, l=0.9023307610105215, r=1
INFO:root:Iter 41: Q = 0.0013624471612274647, term1 = 0.003805681364610791, term2 = 0.0012660307111218572
INFO:root:U_1-Qu_upper=0.4341381812232629, U_2-Qv_upper=0.2620610287704903
INFO:root:eta=0.9632356646181152, l=0.9072142229599954, r=1
INFO:root:Iter 42: Q = 0.0013200724497437477, term1 = 0.003822905942797661, term2 = 0.001224545412696898
INFO:root:U_1-Qu_upper=0.44192226828307274, U_2-Qv_upper=0.26065299092354893
INFO:root:eta=0.9655767976686891, l=0.9118535118119957, r=1
INFO:root:Iter 43: Q = 0.0012754477793350816, term1 = 0.0038379475008696318, term2 = 0.0011840937659144402
INFO:root:U_1-Qu_upper=0.434587939452746, U_2-Qv_upper=0.2636989892172473
INFO:root:eta=0.9667126235879867, l=0.9162608362213959, r=1
INFO:root:Iter 44: Q = 0.0012365402653813362, term1 = 0.003855297341942787, term2 = 0.0011463670525699854
INFO:root:U_1-Qu_upper=0.43820756087583485, U_2-Qv_upper=0.26211198376082256
INFO:root:eta=0.9686585380851108, l=0.9204477944103261, r=1
INFO:root:Iter 45: Q = 0.0011958384420722723, term1 = 0.003866456914693117, term2 = 0.001109429053030908
INFO:root:U_1-Qu_upper=0.43697061697129996, U_2-Qv_upper=0.26586033315845115
INFO:root:eta=0.9699077340324074, l=0.9244254046898098, r=1
INFO:root:Iter 46: Q = 0.001160233630798757, term1 = 0.003886723192408681, term2 = 0.0010756418341770768
INFO:root:U_1-Qu_upper=0.43512485518740407, U_2-Qv_upper=0.2662754949634114
INFO:root:eta=0.9713093060638572, l=0.9282041344553194, r=1
INFO:root:Iter 47: Q = 0.0011241931933909655, term1 = 0.003900751005858183, term2 = 0.0010421787155792117
INFO:root:U_1-Qu_upper=0.44417926878436326, U_2-Qv_upper=0.2660135451184594
INFO:root:eta=0.9731077640543374, l=0.9317939277325534, r=1
INFO:root:Iter 48: Q = 0.0010889503173530102, term1 = 0.003923564217984676, term2 = 0.0010106146801263094
INFO:root:U_1-Qu_upper=0.43747032692038057, U_2-Qv_upper=0.26666154173445855
INFO:root:eta=0.9741697014491971, l=0.9352042313459258, r=1
INFO:root:Iter 49: Q = 0.0010568412253633142, term1 = 0.003947964869439602, term2 = 0.0009801824344322085
INFO:root:U_1-Qu_upper=0.43650130181126506, U_2-Qv_upper=0.2665276501386693
INFO:root:eta=0.9754350600919077, l=0.9384440197786295, r=1
INFO:root:Iter 50: Q = 0.0010253307409584522, term1 = 0.00396279850974679, term2 = 0.0009513548575341702
/zhome/c3/3/213266/SC/distributional-counterfactual-explanation/cardio_new.py:182: DeprecationWarning: __array_wrap__ must accept context and return_scalar arguments (positionally) in the future. (Deprecated NumPy 2.0)
  #     X_s = X_s * std.values + mean.values
INFO:root:Optimization started
INFO:root:U_1-Qu_upper=0.5, U_2-Qv_upper=-0.3335065059003192
INFO:root:eta=1, l=0.24000000000000002, r=1
INFO:root:Iter 1: Q = 0.015589993447065353, term1 = 0.29993265867233276, term2 = 0.015589993447065353
INFO:root:U_1-Qu_upper=-0.07152627022004887, U_2-Qv_upper=0.16726595091782595
INFO:root:eta=0.24000000000000002, l=0.24000000000000002, r=0.962
INFO:root:Iter 2: Q = 0.3022521734237671, term1 = 0.16509094834327698, term2 = 0.7365960478782654
INFO:root:U_1-Qu_upper=-0.03110446662866795, U_2-Qv_upper=-0.7334143417308303
INFO:root:eta=0.9326254121411515, l=0.2761, r=0.962
INFO:root:Iter 3: Q = 0.572916567325592, term1 = 0.07826759666204453, term2 = 0.6086509227752686
INFO:root:U_1-Qu_upper=0.11743845292096794, U_2-Qv_upper=-0.6557460742705672
INFO:root:eta=0.962, l=0.31039500000000003, r=0.962
INFO:root:Iter 4: Q = 0.4442857503890991, term1 = 0.050666820257902145, term2 = 0.45983409881591797
INFO:root:U_1-Qu_upper=0.2292600666219044, U_2-Qv_upper=-0.5603682006543438
INFO:root:eta=0.962, l=0.34297525, r=0.962
INFO:root:Iter 5: Q = 0.28864723443984985, term1 = 0.09387229382991791, term2 = 0.29634103178977966
INFO:root:U_1-Qu_upper=0.2634648658117932, U_2-Qv_upper=-0.425961198970042
INFO:root:eta=0.962, l=0.3739264875, r=0.962
INFO:root:Iter 6: Q = 0.21391572058200836, term1 = 0.06921187043190002, term2 = 0.21963167190551758
INFO:root:U_1-Qu_upper=0.22258969245297222, U_2-Qv_upper=-0.3338441137142499
INFO:root:eta=0.962, l=0.40333016312500003, r=0.962
INFO:root:Iter 7: Q = 0.15354236960411072, term1 = 0.047402944415807724, term2 = 0.15773499011993408
INFO:root:U_1-Qu_upper=0.20995600571956063, U_2-Qv_upper=-0.27386241710399833
INFO:root:eta=0.962, l=0.43126365496875, r=0.962
INFO:root:Iter 8: Q = 0.11389679461717606, term1 = 0.04755974933505058, term2 = 0.11651717126369476
INFO:root:U_1-Qu_upper=0.19580251696382994, U_2-Qv_upper=-0.1944434625136865
INFO:root:eta=0.962, l=0.4578004722203125, r=0.962
INFO:root:Iter 9: Q = 0.09302878379821777, term1 = 0.04262096434831619, term2 = 0.09501994401216507
INFO:root:U_1-Qu_upper=0.20023071546922838, U_2-Qv_upper=-0.15470800841017446
INFO:root:eta=0.962, l=0.48301044860929687, r=0.962
INFO:root:Iter 10: Q = 0.08119947463274002, term1 = 0.04072745889425278, term2 = 0.08279816061258316
INFO:root:U_1-Qu_upper=0.2047566857902881, U_2-Qv_upper=-0.13216428342502867
INFO:root:eta=0.962, l=0.506959926178832, r=0.962
INFO:root:Iter 11: Q = 0.07268628478050232, term1 = 0.03874608129262924, term2 = 0.07402695715427399
INFO:root:U_1-Qu_upper=0.2117952153413568, U_2-Qv_upper=-0.10149363500587244
INFO:root:eta=0.962, l=0.5297119298698905, r=0.962
INFO:root:Iter 12: Q = 0.05692020431160927, term1 = 0.04024604335427284, term2 = 0.05757885053753853
INFO:root:U_1-Qu_upper=0.21284499892146452, U_2-Qv_upper=-0.06029025321276649
INFO:root:eta=0.962, l=0.5513263333763959, r=0.962
INFO:root:Iter 13: Q = 0.0560036264359951, term1 = 0.03468381240963936, term2 = 0.056845780462026596
INFO:root:U_1-Qu_upper=0.22350772520915552, U_2-Qv_upper=-0.05819046862383298
INFO:root:eta=0.962, l=0.5718600167075761, r=0.962
INFO:root:Iter 14: Q = 0.054987646639347076, term1 = 0.03242245689034462, term2 = 0.05587899312376976
INFO:root:U_1-Qu_upper=0.23417605740637631, U_2-Qv_upper=-0.05623564327846131
INFO:root:eta=0.962, l=0.5913670158721973, r=0.962
INFO:root:Iter 15: Q = 0.052176617085933685, term1 = 0.030762363225221634, term2 = 0.05302250012755394
INFO:root:U_1-Qu_upper=0.24192187320827185, U_2-Qv_upper=-0.0483070566645985
INFO:root:eta=0.962, l=0.6098986650785875, r=0.962
INFO:root:Iter 16: Q = 0.04303073137998581, term1 = 0.031588755548000336, term2 = 0.0434826985001564
INFO:root:U_1-Qu_upper=0.24441869323864535, U_2-Qv_upper=-0.015959526317917916
INFO:root:eta=0.962, l=0.6275037318246581, r=0.962
INFO:root:Iter 17: Q = 0.0386970192193985, term1 = 0.030307075008749962, term2 = 0.03902842849493027
INFO:root:U_1-Qu_upper=0.2482094617074979, U_2-Qv_upper=0.004443579856139301
INFO:root:eta=0.9561169879847129, l=0.6442285452334252, r=0.962
INFO:root:Iter 18: Q = 0.03676025569438934, term1 = 0.02739274501800537, term2 = 0.03719019889831543
INFO:root:U_1-Qu_upper=0.2580288915016742, U_2-Qv_upper=0.006942213395605856
INFO:root:eta=0.9536744233267364, l=0.660117117971754, r=0.962
INFO:root:Iter 19: Q = 0.031633321195840836, term1 = 0.027494540438055992, term2 = 0.03183436766266823
INFO:root:U_1-Qu_upper=0.26148835710725105, U_2-Qv_upper=0.03005952147018154
INFO:root:eta=0.930874906522778, l=0.6752112620731663, r=0.962
INFO:root:Iter 20: Q = 0.031241843476891518, term1 = 0.022714385762810707, term2 = 0.03187507763504982
INFO:root:U_1-Qu_upper=0.27944176917512664, U_2-Qv_upper=0.02820531908615498
INFO:root:eta=0.9357069903399438, l=0.6895506989695079, r=0.962
INFO:root:Iter 21: Q = 0.03146371990442276, term1 = 0.02044636383652687, term2 = 0.03222072869539261
INFO:root:U_1-Qu_upper=0.29454599955115196, U_2-Qv_upper=0.02758012503359064
INFO:root:eta=0.9386731562135111, l=0.7031731640210326, r=0.962
INFO:root:Iter 22: Q = 0.03159022331237793, term1 = 0.018940307199954987, term2 = 0.0324166901409626
INFO:root:U_1-Qu_upper=0.3003659583486723, U_2-Qv_upper=0.02599231632026755
INFO:root:eta=0.9413861240387921, l=0.7161145058199809, r=0.962
INFO:root:Iter 23: Q = 0.031623367220163345, term1 = 0.01778590865433216, term2 = 0.032484933733940125
INFO:root:U_1-Qu_upper=0.30870175903846053, U_2-Qv_upper=0.02765341906013602
INFO:root:eta=0.9417845401108244, l=0.7284087805289818, r=0.962
INFO:root:Iter 24: Q = 0.03161143511533737, term1 = 0.016903746873140335, term2 = 0.03252057731151581
INFO:root:U_1-Qu_upper=0.3140365137309037, U_2-Qv_upper=0.02675247030592809
INFO:root:eta=0.9436627225193741, l=0.7400883415025328, r=0.962
INFO:root:Iter 25: Q = 0.031558211892843246, term1 = 0.016224455088377, term2 = 0.032473646104335785
INFO:root:U_1-Qu_upper=0.3208495901192405, U_2-Qv_upper=0.02653931767097667
INFO:root:eta=0.9450467125815252, l=0.7511839244274061, r=0.962
INFO:root:Iter 26: Q = 0.0314481295645237, term1 = 0.015624222345650196, term2 = 0.03236826881766319
INFO:root:U_1-Qu_upper=0.32266236596196973, U_2-Qv_upper=0.02841166438781345
INFO:root:eta=0.9449391095070266, l=0.7617247282060358, r=0.962
INFO:root:Iter 27: Q = 0.031260084360837936, term1 = 0.015132924541831017, term2 = 0.03219980001449585
INFO:root:U_1-Qu_upper=0.32606684280617576, U_2-Qv_upper=0.02711531509734466
INFO:root:eta=0.9466240049805031, l=0.771738491795734, r=0.962
INFO:root:Iter 28: Q = 0.030086306855082512, term1 = 0.01483933161944151, term2 = 0.030946018174290657
INFO:root:U_1-Qu_upper=0.33077812350961905, U_2-Qv_upper=0.03687725071569958
INFO:root:eta=0.9429160375953164, l=0.7812515672059472, r=0.962
INFO:root:Iter 29: Q = 0.02520712837576866, term1 = 0.015855757519602776, term2 = 0.02577325887978077
INFO:root:U_1-Qu_upper=0.32775173179578543, U_2-Qv_upper=0.060394708468746006
INFO:root:eta=0.9338759525468278, l=0.7902889888456499, r=0.962
INFO:root:Iter 30: Q = 0.0244876891374588, term1 = 0.01388743706047535, term2 = 0.02523825131356716
INFO:root:U_1-Qu_upper=0.336479591046556, U_2-Qv_upper=0.06156068303080564
INFO:root:eta=0.9354432724048481, l=0.7988745394033674, r=0.962
INFO:root:Iter 31: Q = 0.02453301101922989, term1 = 0.013224628753960133, term2 = 0.025313422083854675
INFO:root:U_1-Qu_upper=0.3407641683608058, U_2-Qv_upper=0.06002460440236257
INFO:root:eta=0.9375693225317665, l=0.8070308124331991, r=0.962
INFO:root:Iter 32: Q = 0.02455594576895237, term1 = 0.012659363448619843, term2 = 0.025348111987113953
INFO:root:U_1-Qu_upper=0.34272317886855064, U_2-Qv_upper=0.06257704289200611
INFO:root:eta=0.9380732588420932, l=0.8147792718115391, r=0.962
INFO:root:Iter 33: Q = 0.02454134076833725, term1 = 0.012237892486155033, term2 = 0.025353550910949707
INFO:root:U_1-Qu_upper=0.34921221007082337, U_2-Qv_upper=0.060877386553813057
INFO:root:eta=0.9401452315483481, l=0.8221403082209622, r=0.962
INFO:root:Iter 34: Q = 0.024512633681297302, term1 = 0.011881724931299686, term2 = 0.025316784158349037
INFO:root:U_1-Qu_upper=0.3512992192684403, U_2-Qv_upper=0.059243756445708035
INFO:root:eta=0.9418174271477529, l=0.8291332928099141, r=0.962
INFO:root:Iter 35: Q = 0.02445993386209011, term1 = 0.011600131168961525, term2 = 0.025254372507333755
INFO:root:U_1-Qu_upper=0.3519715952849516, U_2-Qv_upper=0.060511757721059684
INFO:root:eta=0.9425083091569897, l=0.8357766281694184, r=0.962
INFO:root:Iter 36: Q = 0.024401767179369926, term1 = 0.011341155506670475, term2 = 0.025198446586728096
INFO:root:U_1-Qu_upper=0.35563858146890814, U_2-Qv_upper=0.06258759804318795
INFO:root:eta=0.9431106572309642, l=0.8420877967609475, r=0.962
INFO:root:Iter 37: Q = 0.024344490841031075, term1 = 0.01114638615399599, term2 = 0.025140613317489624
INFO:root:U_1-Qu_upper=0.35578587983071097, U_2-Qv_upper=0.06181700398831769
INFO:root:eta=0.944249612172006, l=0.8480834069229001, r=0.962
INFO:root:Iter 38: Q = 0.024295242503285408, term1 = 0.01096538919955492, term2 = 0.025082264095544815
INFO:root:U_1-Qu_upper=0.35652047813812116, U_2-Qv_upper=0.06138459833167256
INFO:root:eta=0.9452671946260605, l=0.853779236576755, r=0.962
INFO:root:Iter 39: Q = 0.024236923083662987, term1 = 0.010786140337586403, term2 = 0.025015749037265778
INFO:root:U_1-Qu_upper=0.3582828178933285, U_2-Qv_upper=0.061488161306074485
INFO:root:eta=0.9461477946600162, l=0.8591902747479173, r=0.962
INFO:root:Iter 40: Q = 0.024188704788684845, term1 = 0.010648869909346104, term2 = 0.02495935559272766
INFO:root:U_1-Qu_upper=0.3619400325453026, U_2-Qv_upper=0.062130042736664504
INFO:root:eta=0.9469374596417597, l=0.8643307610105214, r=0.962
INFO:root:Iter 41: Q = 0.02413010410964489, term1 = 0.010509563609957695, term2 = 0.024893343448638916
INFO:root:U_1-Qu_upper=0.3603073374131738, U_2-Qv_upper=0.06294096241025979
INFO:root:eta=0.9474756749112991, l=0.8692142229599954, r=0.962
INFO:root:Iter 42: Q = 0.024080196395516396, term1 = 0.010385452769696712, term2 = 0.024839378893375397
INFO:root:U_1-Qu_upper=0.36295029269883927, U_2-Qv_upper=0.06324743826699611
INFO:root:eta=0.9482306570893889, l=0.8738535118119957, r=0.962
INFO:root:Iter 43: Q = 0.024028047919273376, term1 = 0.010264059528708458, term2 = 0.02477950230240822
INFO:root:U_1-Qu_upper=0.36393022429493543, U_2-Qv_upper=0.06462034535578828
INFO:root:eta=0.9487085545744318, l=0.8782608362213958, r=0.962
INFO:root:Iter 44: Q = 0.023981641978025436, term1 = 0.010151616297662258, term2 = 0.024729356169700623
INFO:root:U_1-Qu_upper=0.3647087276108903, U_2-Qv_upper=0.06338233861685075
INFO:root:eta=0.9496017407210179, l=0.8824477944103261, r=0.962
INFO:root:Iter 45: Q = 0.023935984820127487, term1 = 0.010058620944619179, term2 = 0.0246724970638752
INFO:root:U_1-Qu_upper=0.3636162173127683, U_2-Qv_upper=0.06242921221104261
INFO:root:eta=0.9503430705261522, l=0.8864254046898098, r=0.962
INFO:root:Iter 46: Q = 0.023891737684607506, term1 = 0.00997515581548214, term2 = 0.024618901312351227
INFO:root:U_1-Qu_upper=0.36529930710606673, U_2-Qv_upper=0.06255223649086661
INFO:root:eta=0.9509509339646135, l=0.8902041344553193, r=0.962
INFO:root:Iter 47: Q = 0.02385156787931919, term1 = 0.00988809484988451, term2 = 0.024571791291236877
INFO:root:U_1-Qu_upper=0.3698981687965365, U_2-Qv_upper=0.06435637225242458
INFO:root:eta=0.9513598776468349, l=0.8937939277325534, r=0.962
INFO:root:Iter 48: Q = 0.023804713040590286, term1 = 0.00982406735420227, term2 = 0.024519501253962517
INFO:root:U_1-Qu_upper=0.37177306429507884, U_2-Qv_upper=0.06321138751523214
INFO:root:eta=0.9520883802925681, l=0.8972042313459258, r=0.962
INFO:root:Iter 49: Q = 0.023762082681059837, term1 = 0.009724004194140434, term2 = 0.024468516930937767
INFO:root:U_1-Qu_upper=0.3698933100827892, U_2-Qv_upper=0.06368316527609041
INFO:root:eta=0.9524828793098766, l=0.9004440197786294, r=0.962
INFO:root:Iter 50: Q = 0.02371690608561039, term1 = 0.009648999199271202, term2 = 0.024418720975518227
/zhome/c3/3/213266/SC/distributional-counterfactual-explanation/cardio_new.py:182: DeprecationWarning: __array_wrap__ must accept context and return_scalar arguments (positionally) in the future. (Deprecated NumPy 2.0)
  #     X_s = X_s * std.values + mean.values
Using device: cuda
Test Accuracy: 73.60%
X Sliced Wasserstein Distance (SWD): 0.200722
Y Wasserstein Distance (WD): 0.304139
X Sliced Wasserstein Distance (SWD): 0.159251
Y Wasserstein Distance (WD): 0.488598
X Sliced Wasserstein Distance (SWD): 0.115351
Y Wasserstein Distance (WD): 0.400591
X Sliced Wasserstein Distance (SWD): 0.132524
Y Wasserstein Distance (WD): 0.009117
X Sliced Wasserstein Distance (SWD): 0.184887
Y Wasserstein Distance (WD): 0.046487

------------------------------------------------------------
Sender: LSF System <lsfadmin@hpc.dtu.dk>
Subject: Job 27592807: <NONAME> in cluster <dcc> Done

Job <NONAME> was submitted from host <hpclogin1> by user <s242612> in cluster <dcc> at Sat Jan 10 05:10:39 2026
Job was executed on host(s) <4*n-62-20-4>, in queue <gpuv100>, as user <s242612> in cluster <dcc> at Sat Jan 10 05:10:40 2026
</zhome/c3/3/213266> was used as the home directory.
</zhome/c3/3/213266/SC/distributional-counterfactual-explanation> was used as the working directory.
Started at Sat Jan 10 05:10:40 2026
Terminated at Sat Jan 10 07:11:00 2026
Results reported at Sat Jan 10 07:11:00 2026

Your job looked like:

------------------------------------------------------------
# LSBATCH: User input
#!/bin/bash
#BSUB -q gpuv100              # 指定队列类型
#BSUB -gpu "num=1"             # 请求一个 GPU
#BSUB -n 4                     # 请求 4 个 CPU 核心
#BSUB -R "rusage[mem=4096]"     # 请求 4096MB 内存
#BSUB -W 6:00                  # 设置最大运行时长为 1 小时
#BSUB -o output_%J.log         # 输出日志文件名设置为 output_<job_id>.log

# 激活虚拟环境
source ~/myenv/bin/activate

# 运行你的 Python 脚本
# python HELOC.py
# python Cardio.py
# python Cardio.py
python cardio_new.py
# python HELOC_new.py
# python market_new.py




------------------------------------------------------------

Successfully completed.

Resource usage summary:

    CPU time :                                   7225.09 sec.
    Max Memory :                                 3280 MB
    Average Memory :                             3128.10 MB
    Total Requested Memory :                     16384.00 MB
    Delta Memory :                               13104.00 MB
    Max Swap :                                   -
    Max Processes :                              4
    Max Threads :                                8
    Run time :                                   7295 sec.
    Turnaround time :                            7221 sec.

The output (if any) is above this job summary.

