/zhome/c3/3/213266/myenv/lib64/python3.9/site-packages/networkx/utils/backends.py:135: RuntimeWarning: networkx backend defined more than once: nx-loopback
  backends.update(_get_backends("networkx.backends"))
INFO:root:Optimization started
INFO:root:U_1-Qu_upper=0.5, U_2-Qv_upper=-0.3172660593543814
INFO:root:eta=1, l=0.24000000000000002, r=1
INFO:root:Iter 1: Q=1.9577, term1=0.1717, term2=0.0166, penalty=1.9410464763641357
INFO:root:U_1-Qu_upper=0.05427941006883508, U_2-Qv_upper=0.15150257531207725
INFO:root:eta=0.44046629240141977, l=0.24000000000000002, r=0.962
INFO:root:Iter 2: Q=1.5811, term1=0.0402, term2=0.2521, penalty=1.4475440979003906
INFO:root:U_1-Qu_upper=0.24278061013669888, U_2-Qv_upper=-0.3411939333457152
INFO:root:eta=0.962, l=0.2761, r=0.962
INFO:root:Iter 3: Q=2.0716, term1=0.0992, term2=0.0255, penalty=2.0433547496795654
INFO:root:U_1-Qu_upper=0.1964094743624386, U_2-Qv_upper=0.11209920838315882
INFO:root:eta=0.7127725022656405, l=0.31039500000000003, r=0.962
INFO:root:Iter 4: Q=1.5818, term1=0.0249, term2=0.0139, penalty=1.5647664070129395
INFO:root:U_1-Qu_upper=0.27810086070216344, U_2-Qv_upper=0.13562433408828556
INFO:root:eta=0.7483956671568955, l=0.34297525, r=0.962
INFO:root:Iter 5: Q=1.2351, term1=0.0179, term2=0.0119, penalty=1.2216877937316895
INFO:root:U_1-Qu_upper=0.3150707852873008, U_2-Qv_upper=0.1570767630781374
INFO:root:eta=0.7560592843659231, l=0.3739264875, r=0.962
INFO:root:Iter 6: Q=1.0204, term1=0.0135, term2=0.0089, penalty=1.0103987455368042
INFO:root:U_1-Qu_upper=0.3394303495521309, U_2-Qv_upper=0.17494814707710274
INFO:root:eta=0.7619870289462032, l=0.40333016312500003, r=0.962
INFO:root:Iter 7: Q=0.8777, term1=0.0107, term2=0.0081, penalty=0.8690556287765503
INFO:root:U_1-Qu_upper=0.36132912648001836, U_2-Qv_upper=0.17473935511136307
INFO:root:eta=0.7798934028616887, l=0.43126365496875, r=0.962
INFO:root:Iter 8: Q=0.7600, term1=0.0093, term2=0.0071, penalty=0.7524015307426453
INFO:root:U_1-Qu_upper=0.37343668887053727, U_2-Qv_upper=0.18675521844633833
INFO:root:eta=0.7850645949020184, l=0.4578004722203125, r=0.962
INFO:root:Iter 9: Q=0.6657, term1=0.0082, term2=0.0063, penalty=0.6589356064796448
INFO:root:U_1-Qu_upper=0.38172752728322784, U_2-Qv_upper=0.19339567559282891
INFO:root:eta=0.7924537048393923, l=0.48301044860929687, r=0.962
INFO:root:Iter 10: Q=0.5870, term1=0.0074, term2=0.0061, penalty=0.5806353688240051
INFO:root:U_1-Qu_upper=0.3951508921363652, U_2-Qv_upper=0.19528047278471244
INFO:root:eta=0.8035780197127284, l=0.506959926178832, r=0.962
INFO:root:Iter 11: Q=0.5223, term1=0.0069, term2=0.0058, penalty=0.5162405967712402
INFO:root:U_1-Qu_upper=0.39509896554438484, U_2-Qv_upper=0.19689051540389862
INFO:root:eta=0.8106576576993185, l=0.5297119298698905, r=0.962
INFO:root:Iter 12: Q=0.4710, term1=0.0064, term2=0.0056, penalty=0.46519869565963745
INFO:root:U_1-Qu_upper=0.39799479047158115, U_2-Qv_upper=0.20149958805326795
INFO:root:eta=0.81670110951516, l=0.5513263333763959, r=0.962
INFO:root:Iter 13: Q=0.4309, term1=0.0061, term2=0.0054, penalty=0.4254627823829651
INFO:root:U_1-Qu_upper=0.40365795293823414, U_2-Qv_upper=0.2049284213674349
INFO:root:eta=0.823714442268992, l=0.5718600167075761, r=0.962
INFO:root:Iter 14: Q=0.3933, term1=0.0058, term2=0.0052, penalty=0.38791730999946594
INFO:root:U_1-Qu_upper=0.40431684117558153, U_2-Qv_upper=0.20658818927149983
INFO:root:eta=0.8300673612201058, l=0.5913670158721973, r=0.962
INFO:root:Iter 15: Q=0.3611, term1=0.0055, term2=0.0050, penalty=0.3560411334037781
INFO:root:U_1-Qu_upper=0.40720955737640213, U_2-Qv_upper=0.21143714358353372
INFO:root:eta=0.8353274106849252, l=0.6098986650785875, r=0.962
INFO:root:Iter 16: Q=0.3325, term1=0.0053, term2=0.0049, penalty=0.32755017280578613
INFO:root:U_1-Qu_upper=0.4084502158742056, U_2-Qv_upper=0.2094512514412304
INFO:root:eta=0.8426475317920397, l=0.6275037318246581, r=0.962
INFO:root:Iter 17: Q=0.3061, term1=0.0052, term2=0.0046, penalty=0.30134183168411255
INFO:root:U_1-Qu_upper=0.41292962473544925, U_2-Qv_upper=0.21357804511614836
INFO:root:eta=0.847969378359791, l=0.6442285452334252, r=0.962
INFO:root:Iter 18: Q=0.2851, term1=0.0050, term2=0.0045, penalty=0.28056544065475464
INFO:root:U_1-Qu_upper=0.41333605822723685, U_2-Qv_upper=0.21575797569408248
INFO:root:eta=0.8530151390461685, l=0.660117117971754, r=0.962
INFO:root:Iter 19: Q=0.2670, term1=0.0049, term2=0.0043, penalty=0.26262354850769043
INFO:root:U_1-Qu_upper=0.4123215038703719, U_2-Qv_upper=0.21937482528060892
INFO:root:eta=0.8571624357400299, l=0.6752112620731663, r=0.962
INFO:root:Iter 20: Q=0.2524, term1=0.0048, term2=0.0042, penalty=0.2481294870376587
INFO:root:U_1-Qu_upper=0.413466240020482, U_2-Qv_upper=0.2214982707988698
INFO:root:eta=0.8619578583479977, l=0.6895506989695079, r=0.962
INFO:root:Iter 21: Q=0.2389, term1=0.0047, term2=0.0040, penalty=0.23482593894004822
INFO:root:U_1-Qu_upper=0.41485405037803186, U_2-Qv_upper=0.21639240728500414
INFO:root:eta=0.8686038955190841, l=0.7031731640210326, r=0.962
INFO:root:Iter 22: Q=0.2249, term1=0.0047, term2=0.0039, penalty=0.22088205814361572
INFO:root:U_1-Qu_upper=0.41531871223038763, U_2-Qv_upper=0.2201520102723402
INFO:root:eta=0.8723322210836324, l=0.7161145058199809, r=0.962
INFO:root:Iter 23: Q=0.2134, term1=0.0046, term2=0.0037, penalty=0.20951128005981445
INFO:root:U_1-Qu_upper=0.4172453948298997, U_2-Qv_upper=0.22384403785462115
INFO:root:eta=0.8761461408330223, l=0.7284087805289818, r=0.962
INFO:root:Iter 24: Q=0.2030, term1=0.0045, term2=0.0036, penalty=0.19925567507743835
INFO:root:U_1-Qu_upper=0.41695357572924796, U_2-Qv_upper=0.22564307995541172
INFO:root:eta=0.8799761647594903, l=0.7400883415025328, r=0.962
INFO:root:Iter 25: Q=0.1931, term1=0.0045, term2=0.0035, penalty=0.1894470602273941
INFO:root:U_1-Qu_upper=0.41557864658649596, U_2-Qv_upper=0.22595134481481893
INFO:root:eta=0.8838411635626506, l=0.7511839244274061, r=0.962
INFO:root:Iter 26: Q=0.1845, term1=0.0045, term2=0.0034, penalty=0.18101656436920166
INFO:root:U_1-Qu_upper=0.42055668993091533, U_2-Qv_upper=0.2266206546990896
INFO:root:eta=0.8881790026122324, l=0.7617247282060358, r=0.962
INFO:root:Iter 27: Q=0.1766, term1=0.0044, term2=0.0033, penalty=0.17315931618213654
INFO:root:U_1-Qu_upper=0.41755443726662717, U_2-Qv_upper=0.23049203217385916
INFO:root:eta=0.8907676786051805, l=0.771738491795734, r=0.962
INFO:root:Iter 28: Q=0.1687, term1=0.0044, term2=0.0031, penalty=0.16543985903263092
INFO:root:U_1-Qu_upper=0.42081191387820116, U_2-Qv_upper=0.22930061761213308
INFO:root:eta=0.8948930312433105, l=0.7812515672059472, r=0.962
INFO:root:Iter 29: Q=0.1614, term1=0.0044, term2=0.0031, penalty=0.15814688801765442
INFO:root:U_1-Qu_upper=0.4197168888415177, U_2-Qv_upper=0.2309239930834167
INFO:root:eta=0.8978491742466502, l=0.7902889888456499, r=0.962
INFO:root:Iter 30: Q=0.1567, term1=0.0044, term2=0.0029, penalty=0.1536249816417694
INFO:root:U_1-Qu_upper=0.4221469422832455, U_2-Qv_upper=0.23079553168398098
INFO:root:eta=0.9013053206133571, l=0.7988745394033674, r=0.962
INFO:root:Iter 31: Q=0.1505, term1=0.0043, term2=0.0028, penalty=0.14750581979751587
INFO:root:U_1-Qu_upper=0.4187711209215743, U_2-Qv_upper=0.23512502559953963
INFO:root:eta=0.9033440829973121, l=0.8070308124331991, r=0.962
INFO:root:Iter 32: Q=0.1458, term1=0.0043, term2=0.0027, penalty=0.1428827941417694
INFO:root:U_1-Qu_upper=0.4244872358359766, U_2-Qv_upper=0.23727544142009327
INFO:root:eta=0.9064356962848215, l=0.8147792718115391, r=0.962
INFO:root:Iter 33: Q=0.1400, term1=0.0043, term2=0.0027, penalty=0.13714325428009033
INFO:root:U_1-Qu_upper=0.417738408715301, U_2-Qv_upper=0.23837652571858634
INFO:root:eta=0.9085124723466238, l=0.8221403082209622, r=0.962
INFO:root:Iter 34: Q=0.1356, term1=0.0043, term2=0.0026, penalty=0.1328338235616684
INFO:root:U_1-Qu_upper=0.41764645745770795, U_2-Qv_upper=0.2387342401938844
INFO:root:eta=0.9111312018009059, l=0.8291332928099141, r=0.962
INFO:root:Iter 35: Q=0.1311, term1=0.0043, term2=0.0025, penalty=0.12837925553321838
INFO:root:U_1-Qu_upper=0.4188831341374101, U_2-Qv_upper=0.2409356342176269
INFO:root:eta=0.9134831558322303, l=0.8357766281694184, r=0.962
INFO:root:Iter 36: Q=0.1273, term1=0.0042, term2=0.0024, penalty=0.12465212494134903
INFO:root:U_1-Qu_upper=0.4204986386707151, U_2-Qv_upper=0.2406369074472703
INFO:root:eta=0.9160578297094655, l=0.8420877967609475, r=0.962
INFO:root:Iter 37: Q=0.1234, term1=0.0042, term2=0.0024, penalty=0.12079834938049316
INFO:root:U_1-Qu_upper=0.42086495652692313, U_2-Qv_upper=0.2406827463369764
INFO:root:eta=0.9183738211621749, l=0.8480834069229001, r=0.962
INFO:root:Iter 38: Q=0.1197, term1=0.0042, term2=0.0023, penalty=0.1172299012541771
INFO:root:U_1-Qu_upper=0.42053231717992345, U_2-Qv_upper=0.2420564595739412
INFO:root:eta=0.9203840714265353, l=0.853779236576755, r=0.962
INFO:root:Iter 39: Q=0.1160, term1=0.0042, term2=0.0023, penalty=0.11359960585832596
INFO:root:U_1-Qu_upper=0.42060103955855016, U_2-Qv_upper=0.24471554771137183
INFO:root:eta=0.9221944338956969, l=0.8591902747479173, r=0.962
INFO:root:Iter 40: Q=0.1127, term1=0.0042, term2=0.0022, penalty=0.11029398441314697
INFO:root:U_1-Qu_upper=0.42207972371176244, U_2-Qv_upper=0.2466924306836632
INFO:root:eta=0.924076200610829, l=0.8643307610105214, r=0.962
INFO:root:Iter 41: Q=0.1099, term1=0.0042, term2=0.0021, penalty=0.10755448788404465
INFO:root:U_1-Qu_upper=0.42298445425616404, U_2-Qv_upper=0.24527989549462534
INFO:root:eta=0.926151460808417, l=0.8692142229599954, r=0.962
INFO:root:Iter 42: Q=0.1072, term1=0.0042, term2=0.0021, penalty=0.1049087643623352
INFO:root:U_1-Qu_upper=0.41805101307795556, U_2-Qv_upper=0.24330902005148053
INFO:root:eta=0.9278648612624882, l=0.8738535118119957, r=0.962
INFO:root:Iter 43: Q=0.1047, term1=0.0042, term2=0.0020, penalty=0.10254797339439392
INFO:root:U_1-Qu_upper=0.4189569129074502, U_2-Qv_upper=0.24577004814298115
INFO:root:eta=0.9294095261438373, l=0.8782608362213958, r=0.962
INFO:root:Iter 44: Q=0.1022, term1=0.0042, term2=0.0020, penalty=0.09999989718198776
INFO:root:U_1-Qu_upper=0.426119156009098, U_2-Qv_upper=0.24615643760451061
INFO:root:eta=0.9313385652557704, l=0.8824477944103261, r=0.962
INFO:root:Iter 45: Q=0.0997, term1=0.0042, term2=0.0019, penalty=0.09755897521972656
INFO:root:U_1-Qu_upper=0.4261485922868545, U_2-Qv_upper=0.24532754785257413
INFO:root:eta=0.9329351585902574, l=0.8864254046898098, r=0.962
INFO:root:Iter 46: Q=0.0974, term1=0.0042, term2=0.0019, penalty=0.09538420289754868
INFO:root:U_1-Qu_upper=0.42400779067015587, U_2-Qv_upper=0.2487478625761252
INFO:root:eta=0.9340566910768365, l=0.8902041344553193, r=0.962
INFO:root:Iter 47: Q=0.0957, term1=0.0042, term2=0.0019, penalty=0.09372027963399887
INFO:root:U_1-Qu_upper=0.421605507783636, U_2-Qv_upper=0.24981340087825368
INFO:root:eta=0.9352870654827709, l=0.8937939277325534, r=0.962
INFO:root:Iter 48: Q=0.0936, term1=0.0042, term2=0.0018, penalty=0.0916624665260315
INFO:root:U_1-Qu_upper=0.42150590107759384, U_2-Qv_upper=0.2497803264703043
INFO:root:eta=0.9366210568620605, l=0.8972042313459258, r=0.962
INFO:root:Iter 49: Q=0.0915, term1=0.0042, term2=0.0018, penalty=0.08951627463102341
INFO:root:U_1-Qu_upper=0.42002542329883275, U_2-Qv_upper=0.24855709394197528
INFO:root:eta=0.937911054296096, l=0.9004440197786294, r=0.962
INFO:root:Iter 50: Q=0.0901, term1=0.0042, term2=0.0017, penalty=0.08816683292388916
/zhome/c3/3/213266/SC/distributional-counterfactual-explanation/cardio_new.py:390: DeprecationWarning: __array_wrap__ must accept context and return_scalar arguments (positionally) in the future. (Deprecated NumPy 2.0)
  best_X_StdConstraint = best_X_StdConstraint * std.values + mean.values  # 恢复 X_s 到原始 scale
INFO:root:Optimization started
INFO:root:U_1-Qu_upper=0.5, U_2-Qv_upper=-0.3277522615093292
INFO:root:eta=1, l=0.24000000000000002, r=1
INFO:root:Iter 1: Q=1.8067, term1=0.1892, term2=0.0152, penalty=1.7914845943450928
INFO:root:U_1-Qu_upper=0.04897572315785309, U_2-Qv_upper=0.16679047207685738
INFO:root:eta=0.4125087174081128, l=0.24000000000000002, r=0.962
INFO:root:Iter 2: Q=1.8344, term1=0.0266, term2=0.4043, penalty=1.651989459991455
INFO:root:U_1-Qu_upper=0.2926189878412421, U_2-Qv_upper=-0.503323523962278
INFO:root:eta=0.962, l=0.2761, r=0.962
INFO:root:Iter 3: Q=1.9975, term1=0.0813, term2=0.0940, penalty=1.9040051698684692
INFO:root:U_1-Qu_upper=0.21907751629312133, U_2-Qv_upper=-0.1509842364772231
INFO:root:eta=0.962, l=0.31039500000000003, r=0.962
INFO:root:Iter 4: Q=1.3809, term1=0.0629, term2=0.0246, penalty=1.3548691272735596
INFO:root:U_1-Qu_upper=0.17120927744610825, U_2-Qv_upper=0.08118956157600762
INFO:root:eta=0.7523971172145569, l=0.34297525, r=0.962
INFO:root:Iter 5: Q=1.0775, term1=0.0342, term2=0.0200, penalty=1.0539180040359497
INFO:root:U_1-Qu_upper=0.24844044980349927, U_2-Qv_upper=0.11372826311595927
INFO:root:eta=0.7676137729960482, l=0.3739264875, r=0.962
INFO:root:Iter 6: Q=0.8557, term1=0.0190, term2=0.0190, penalty=0.8366453647613525
INFO:root:U_1-Qu_upper=0.3064372032293988, U_2-Qv_upper=0.12251697001327516
INFO:root:eta=0.7940357059312176, l=0.40333016312500003, r=0.962
INFO:root:Iter 7: Q=0.6753, term1=0.0135, term2=0.0166, penalty=0.6593404412269592
INFO:root:U_1-Qu_upper=0.33351660534678507, U_2-Qv_upper=0.12571935860302522
INFO:root:eta=0.8090598579460171, l=0.43126365496875, r=0.962
INFO:root:Iter 8: Q=0.5619, term1=0.0109, term2=0.0148, penalty=0.5479063987731934
INFO:root:U_1-Qu_upper=0.35497384974504387, U_2-Qv_upper=0.1389844493123466
INFO:root:eta=0.8126673563639314, l=0.4578004722203125, r=0.962
INFO:root:Iter 9: Q=0.4875, term1=0.0089, term2=0.0144, penalty=0.4741711914539337
INFO:root:U_1-Qu_upper=0.3704057657469747, U_2-Qv_upper=0.1434248740283158
INFO:root:eta=0.8212634456587431, l=0.48301044860929687, r=0.962
INFO:root:Iter 10: Q=0.4276, term1=0.0077, term2=0.0138, penalty=0.4148370921611786
INFO:root:U_1-Qu_upper=0.3806473332970469, U_2-Qv_upper=0.14256186319328454
INFO:root:eta=0.8314869215708902, l=0.506959926178832, r=0.962
INFO:root:Iter 11: Q=0.3807, term1=0.0071, term2=0.0128, penalty=0.3688460886478424
INFO:root:U_1-Qu_upper=0.38625987685360597, U_2-Qv_upper=0.1518902266495463
INFO:root:eta=0.833567171505861, l=0.5297119298698905, r=0.962
INFO:root:Iter 12: Q=0.3438, term1=0.0067, term2=0.0110, penalty=0.33355167508125305
INFO:root:U_1-Qu_upper=0.39235565472723355, U_2-Qv_upper=0.1648369463354981
INFO:root:eta=0.8341141571485253, l=0.5513263333763959, r=0.962
INFO:root:Iter 13: Q=0.3147, term1=0.0062, term2=0.0102, penalty=0.3051592707633972
INFO:root:U_1-Qu_upper=0.3968414499880795, U_2-Qv_upper=0.1752343807753431
INFO:root:eta=0.8362052332896281, l=0.5718600167075761, r=0.962
INFO:root:Iter 14: Q=0.2942, term1=0.0056, term2=0.0099, penalty=0.28500252962112427
INFO:root:U_1-Qu_upper=0.4050042350989531, U_2-Qv_upper=0.1723261006089715
INFO:root:eta=0.8455479484548591, l=0.5913670158721973, r=0.962
INFO:root:Iter 15: Q=0.2749, term1=0.0053, term2=0.0094, penalty=0.26614975929260254
INFO:root:U_1-Qu_upper=0.4055856203035773, U_2-Qv_upper=0.17985746672397987
INFO:root:eta=0.8481356277208243, l=0.6098986650785875, r=0.962
INFO:root:Iter 16: Q=0.2585, term1=0.0050, term2=0.0090, penalty=0.25015658140182495
INFO:root:U_1-Qu_upper=0.41009993896089697, U_2-Qv_upper=0.18207863863842302
INFO:root:eta=0.8537385157950775, l=0.6275037318246581, r=0.962
INFO:root:Iter 17: Q=0.2452, term1=0.0048, term2=0.0086, penalty=0.2371002435684204
INFO:root:U_1-Qu_upper=0.4127793467818631, U_2-Qv_upper=0.18511912105122502
INFO:root:eta=0.8584344976765846, l=0.6442285452334252, r=0.962
INFO:root:Iter 18: Q=0.2326, term1=0.0046, term2=0.0083, penalty=0.2248210906982422
INFO:root:U_1-Qu_upper=0.41587246232528063, U_2-Qv_upper=0.18619162998357297
INFO:root:eta=0.8637274308814152, l=0.660117117971754, r=0.962
INFO:root:Iter 19: Q=0.2212, term1=0.0045, term2=0.0079, penalty=0.213788703083992
INFO:root:U_1-Qu_upper=0.41639970700299495, U_2-Qv_upper=0.18654665028194467
INFO:root:eta=0.8685999159968133, l=0.6752112620731663, r=0.962
INFO:root:Iter 20: Q=0.2098, term1=0.0044, term2=0.0076, penalty=0.2025594264268875
INFO:root:U_1-Qu_upper=0.4179676346599245, U_2-Qv_upper=0.1894057379220695
INFO:root:eta=0.8725666547352009, l=0.6895506989695079, r=0.962
INFO:root:Iter 21: Q=0.1994, term1=0.0043, term2=0.0073, penalty=0.19243872165679932
INFO:root:U_1-Qu_upper=0.41700340878796677, U_2-Qv_upper=0.1931778224264138
INFO:root:eta=0.8757450317999415, l=0.7031731640210326, r=0.962
INFO:root:Iter 22: Q=0.1917, term1=0.0042, term2=0.0071, penalty=0.18494640290737152
INFO:root:U_1-Qu_upper=0.42027932611697955, U_2-Qv_upper=0.1956948365333136
INFO:root:eta=0.8797707793141725, l=0.7161145058199809, r=0.962
INFO:root:Iter 23: Q=0.1848, term1=0.0041, term2=0.0068, penalty=0.1783304214477539
INFO:root:U_1-Qu_upper=0.42260379995960173, U_2-Qv_upper=0.1981842927830506
INFO:root:eta=0.8835019692881266, l=0.7284087805289818, r=0.962
INFO:root:Iter 24: Q=0.1777, term1=0.0041, term2=0.0066, penalty=0.17142349481582642
INFO:root:U_1-Qu_upper=0.4209526718193381, U_2-Qv_upper=0.20237075010663974
INFO:root:eta=0.8861613123463081, l=0.7400883415025328, r=0.962
INFO:root:Iter 25: Q=0.1721, term1=0.0040, term2=0.0063, penalty=0.16602781414985657
INFO:root:U_1-Qu_upper=0.4207144955014053, U_2-Qv_upper=0.20196170109426387
INFO:root:eta=0.8900241379262167, l=0.7511839244274061, r=0.962
INFO:root:Iter 26: Q=0.1678, term1=0.0040, term2=0.0061, penalty=0.16187921166419983
INFO:root:U_1-Qu_upper=0.42321246485533764, U_2-Qv_upper=0.2064012151320671
INFO:root:eta=0.8928898526975659, l=0.7617247282060358, r=0.962
INFO:root:Iter 27: Q=0.1626, term1=0.0040, term2=0.0059, penalty=0.1569337397813797
INFO:root:U_1-Qu_upper=0.4255748740921178, U_2-Qv_upper=0.20634343772838576
INFO:root:eta=0.8966031167305499, l=0.771738491795734, r=0.962
INFO:root:Iter 28: Q=0.1581, term1=0.0040, term2=0.0057, penalty=0.15260058641433716
INFO:root:U_1-Qu_upper=0.4258186189244439, U_2-Qv_upper=0.2061278127415546
INFO:root:eta=0.8999406440643016, l=0.7812515672059472, r=0.962
INFO:root:Iter 29: Q=0.1530, term1=0.0040, term2=0.0055, penalty=0.14767664670944214
INFO:root:U_1-Qu_upper=0.4226988789859826, U_2-Qv_upper=0.20822285530664353
INFO:root:eta=0.9023476648165003, l=0.7902889888456499, r=0.962
INFO:root:Iter 30: Q=0.1489, term1=0.0039, term2=0.0053, penalty=0.14371028542518616
INFO:root:U_1-Qu_upper=0.4250579427318526, U_2-Qv_upper=0.20955416476483213
INFO:root:eta=0.905299604438192, l=0.7988745394033674, r=0.962
INFO:root:Iter 31: Q=0.1446, term1=0.0039, term2=0.0052, penalty=0.139569953083992
INFO:root:U_1-Qu_upper=0.4264644589943174, U_2-Qv_upper=0.21466954132628924
INFO:root:eta=0.9073810470394525, l=0.8070308124331991, r=0.962
INFO:root:Iter 32: Q=0.1412, term1=0.0039, term2=0.0050, penalty=0.13634996116161346
INFO:root:U_1-Qu_upper=0.4263739249757872, U_2-Qv_upper=0.21470298808119834
INFO:root:eta=0.9100992889410912, l=0.8147792718115391, r=0.962
INFO:root:Iter 33: Q=0.1379, term1=0.0039, term2=0.0048, penalty=0.13314266502857208
INFO:root:U_1-Qu_upper=0.4224892565201476, U_2-Qv_upper=0.2177745655928906
INFO:root:eta=0.9119254385142337, l=0.8221403082209622, r=0.962
INFO:root:Iter 34: Q=0.1347, term1=0.0039, term2=0.0047, penalty=0.1300898939371109
INFO:root:U_1-Qu_upper=0.42415988099707885, U_2-Qv_upper=0.21489952320098302
INFO:root:eta=0.914968721090854, l=0.8291332928099141, r=0.962
INFO:root:Iter 35: Q=0.1315, term1=0.0039, term2=0.0046, penalty=0.1269807517528534
INFO:root:U_1-Qu_upper=0.4240338573324299, U_2-Qv_upper=0.21600286045711303
INFO:root:eta=0.9171594650511703, l=0.8357766281694184, r=0.962
INFO:root:Iter 36: Q=0.1289, term1=0.0039, term2=0.0044, penalty=0.12451545149087906
INFO:root:U_1-Qu_upper=0.42477582595976665, U_2-Qv_upper=0.21713894472914544
INFO:root:eta=0.9193027276969614, l=0.8420877967609475, r=0.962
INFO:root:Iter 37: Q=0.1264, term1=0.0039, term2=0.0043, penalty=0.12213011831045151
INFO:root:U_1-Qu_upper=0.4236345308556916, U_2-Qv_upper=0.2199975563988061
INFO:root:eta=0.9210132434081747, l=0.8480834069229001, r=0.962
INFO:root:Iter 38: Q=0.1236, term1=0.0039, term2=0.0042, penalty=0.11938837170600891
INFO:root:U_1-Qu_upper=0.42316919305836487, U_2-Qv_upper=0.2204601321879869
INFO:root:eta=0.9229805423974893, l=0.853779236576755, r=0.962
INFO:root:Iter 39: Q=0.1209, term1=0.0039, term2=0.0041, penalty=0.11684493720531464
INFO:root:U_1-Qu_upper=0.4262660271730423, U_2-Qv_upper=0.22381375628669842
INFO:root:eta=0.924741041659434, l=0.8591902747479173, r=0.962
INFO:root:Iter 40: Q=0.1184, term1=0.0039, term2=0.0040, penalty=0.11441124230623245
INFO:root:U_1-Qu_upper=0.4234331505224899, U_2-Qv_upper=0.22347271651733852
INFO:root:eta=0.9264845258683214, l=0.8643307610105214, r=0.962
INFO:root:Iter 41: Q=0.1158, term1=0.0038, term2=0.0039, penalty=0.11193425953388214
INFO:root:U_1-Qu_upper=0.42507656826575885, U_2-Qv_upper=0.2250993181112098
INFO:root:eta=0.9281856436733098, l=0.8692142229599954, r=0.962
INFO:root:Iter 42: Q=0.1133, term1=0.0038, term2=0.0038, penalty=0.10957033187150955
INFO:root:U_1-Qu_upper=0.425782322928222, U_2-Qv_upper=0.2250823753021632
INFO:root:eta=0.9299127733502782, l=0.8738535118119957, r=0.962
INFO:root:Iter 43: Q=0.1111, term1=0.0038, term2=0.0037, penalty=0.10740646719932556
INFO:root:U_1-Qu_upper=0.4235876204598586, U_2-Qv_upper=0.22668527412307765
INFO:root:eta=0.9312721148238849, l=0.8782608362213958, r=0.962
INFO:root:Iter 44: Q=0.1089, term1=0.0038, term2=0.0036, penalty=0.10526929050683975
INFO:root:U_1-Qu_upper=0.425664342678613, U_2-Qv_upper=0.22807147222051127
INFO:root:eta=0.932785577399568, l=0.8824477944103261, r=0.962
INFO:root:Iter 45: Q=0.1065, term1=0.0038, term2=0.0035, penalty=0.1029711440205574
INFO:root:U_1-Qu_upper=0.42511552794862806, U_2-Qv_upper=0.22741602912076436
INFO:root:eta=0.9342749857734798, l=0.8864254046898098, r=0.962
INFO:root:Iter 46: Q=0.1045, term1=0.0038, term2=0.0034, penalty=0.10100162774324417
INFO:root:U_1-Qu_upper=0.4252604636382221, U_2-Qv_upper=0.23052625013251832
INFO:root:eta=0.9354335452422243, l=0.8902041344553193, r=0.962
INFO:root:Iter 47: Q=0.1027, term1=0.0038, term2=0.0034, penalty=0.09936127066612244
INFO:root:U_1-Qu_upper=0.42471417534476114, U_2-Qv_upper=0.23106591727954723
INFO:root:eta=0.9367025295285004, l=0.8937939277325534, r=0.962
INFO:root:Iter 48: Q=0.1008, term1=0.0038, term2=0.0033, penalty=0.0974852442741394
INFO:root:U_1-Qu_upper=0.42228705214146045, U_2-Qv_upper=0.22949990967983974
INFO:root:eta=0.9379840433425435, l=0.8972042313459258, r=0.962
INFO:root:Iter 49: Q=0.0987, term1=0.0038, term2=0.0032, penalty=0.09544914960861206
INFO:root:U_1-Qu_upper=0.42415779276940413, U_2-Qv_upper=0.23202689456438666
INFO:root:eta=0.9390882172779665, l=0.9004440197786294, r=0.962
INFO:root:Iter 50: Q=0.0968, term1=0.0038, term2=0.0032, penalty=0.09361343085765839
/zhome/c3/3/213266/SC/distributional-counterfactual-explanation/cardio_new.py:390: DeprecationWarning: __array_wrap__ must accept context and return_scalar arguments (positionally) in the future. (Deprecated NumPy 2.0)
  #     best_X_StdConstraint = best_X_StdConstraint * std.values + mean.values  # 恢复 X_s 到原始 scale
INFO:root:Optimization started
INFO:root:U_1-Qu_upper=0.5, U_2-Qv_upper=-0.33963636255879
INFO:root:eta=1, l=0.24000000000000002, r=1
INFO:root:Iter 1: Q=1.9479, term1=0.1989, term2=0.0159, penalty=1.932055115699768
INFO:root:U_1-Qu_upper=0.04098211815826336, U_2-Qv_upper=0.16010060726406575
INFO:root:eta=0.3948935132784983, l=0.24000000000000002, r=0.962
INFO:root:Iter 2: Q=1.8509, term1=0.0165, term2=0.3321, penalty=1.7097145318984985
INFO:root:U_1-Qu_upper=0.36226998015812595, U_2-Qv_upper=-0.4138304167330054
INFO:root:eta=0.962, l=0.2761, r=0.962
INFO:root:Iter 3: Q=2.1431, term1=0.0667, term2=0.0966, penalty=2.047640085220337
INFO:root:U_1-Qu_upper=0.26464304449643183, U_2-Qv_upper=-0.1522596832091992
INFO:root:eta=0.962, l=0.31039500000000003, r=0.962
INFO:root:Iter 4: Q=1.8914, term1=0.0603, term2=0.0460, penalty=1.8449088335037231
INFO:root:U_1-Qu_upper=0.19375787539079997, U_2-Qv_upper=-0.009205350636136644
INFO:root:eta=0.962, l=0.34297525, r=0.962
INFO:root:Iter 5: Q=1.3429, term1=0.0444, term2=0.0317, penalty=1.310716152191162
INFO:root:U_1-Qu_upper=0.1981670236559987, U_2-Qv_upper=0.03758741183344322
INFO:root:eta=0.8633060425987775, l=0.3739264875, r=0.962
INFO:root:Iter 6: Q=0.9682, term1=0.0304, term2=0.0263, penalty=0.9413290023803711
INFO:root:U_1-Qu_upper=0.24443475095402228, U_2-Qv_upper=0.06822458551457114
INFO:root:eta=0.8336779991425567, l=0.40333016312500003, r=0.962
INFO:root:Iter 7: Q=0.7388, term1=0.0216, term2=0.0193, penalty=0.7191369533538818
INFO:root:U_1-Qu_upper=0.2894122545305249, U_2-Qv_upper=0.10289376739089845
INFO:root:eta=0.8154724398004752, l=0.43126365496875, r=0.962
INFO:root:Iter 8: Q=0.5937, term1=0.0164, term2=0.0180, penalty=0.5760427117347717
INFO:root:U_1-Qu_upper=0.3187840225625102, U_2-Qv_upper=0.13351969865278693
INFO:root:eta=0.8053270531972412, l=0.4578004722203125, r=0.962
INFO:root:Iter 9: Q=0.5099, term1=0.0122, term2=0.0153, penalty=0.4952433407306671
INFO:root:U_1-Qu_upper=0.3453887330850798, U_2-Qv_upper=0.1303335011037507
INFO:root:eta=0.8238645819184052, l=0.48301044860929687, r=0.962
INFO:root:Iter 10: Q=0.4472, term1=0.0104, term2=0.0149, penalty=0.43307358026504517
INFO:root:U_1-Qu_upper=0.36011104630293916, U_2-Qv_upper=0.13360408813113409
INFO:root:eta=0.8323807969928836, l=0.506959926178832, r=0.962
INFO:root:Iter 11: Q=0.4017, term1=0.0092, term2=0.0147, penalty=0.387935608625412
INFO:root:U_1-Qu_upper=0.3684842838063803, U_2-Qv_upper=0.13645462582250353
INFO:root:eta=0.8390300291313497, l=0.5297119298698905, r=0.962
INFO:root:Iter 12: Q=0.3668, term1=0.0084, term2=0.0142, penalty=0.3535110056400299
INFO:root:U_1-Qu_upper=0.37559690715316657, U_2-Qv_upper=0.1375025484480924
INFO:root:eta=0.8461536262459213, l=0.5513263333763959, r=0.962
INFO:root:Iter 13: Q=0.3419, term1=0.0079, term2=0.0138, penalty=0.3289923071861267
INFO:root:U_1-Qu_upper=0.3818996395865626, U_2-Qv_upper=0.14149943147701657
INFO:root:eta=0.8509755569650925, l=0.5718600167075761, r=0.962
INFO:root:Iter 14: Q=0.3203, term1=0.0074, term2=0.0134, penalty=0.30775347352027893
INFO:root:U_1-Qu_upper=0.38596516853530416, U_2-Qv_upper=0.14145134817739158
INFO:root:eta=0.8573657595735094, l=0.5913670158721973, r=0.962
INFO:root:Iter 15: Q=0.3021, term1=0.0071, term2=0.0130, penalty=0.2898949384689331
INFO:root:U_1-Qu_upper=0.3901913841026668, U_2-Qv_upper=0.14533058170434734
INFO:root:eta=0.8614171843148581, l=0.6098986650785875, r=0.962
INFO:root:Iter 16: Q=0.2893, term1=0.0068, term2=0.0127, penalty=0.27740633487701416
INFO:root:U_1-Qu_upper=0.3900863161525765, U_2-Qv_upper=0.1481421351238533
INFO:root:eta=0.8650875394797226, l=0.6275037318246581, r=0.962
INFO:root:Iter 17: Q=0.2762, term1=0.0065, term2=0.0124, penalty=0.26460519433021545
INFO:root:U_1-Qu_upper=0.39574789569775093, U_2-Qv_upper=0.14816417529834355
INFO:root:eta=0.8708816623911092, l=0.6442285452334252, r=0.962
INFO:root:Iter 18: Q=0.2647, term1=0.0064, term2=0.0121, penalty=0.25336429476737976
INFO:root:U_1-Qu_upper=0.3961336083148333, U_2-Qv_upper=0.1515843489847085
INFO:root:eta=0.874054774807444, l=0.660117117971754, r=0.962
INFO:root:Iter 19: Q=0.2568, term1=0.0062, term2=0.0118, penalty=0.24571406841278076
INFO:root:U_1-Qu_upper=0.3980453798233111, U_2-Qv_upper=0.1522883627511478
INFO:root:eta=0.8784629636707049, l=0.6752112620731663, r=0.962
INFO:root:Iter 20: Q=0.2494, term1=0.0060, term2=0.0115, penalty=0.2385319471359253
INFO:root:U_1-Qu_upper=0.40039881988475534, U_2-Qv_upper=0.1544223049941082
INFO:root:eta=0.8821786378146972, l=0.6895506989695079, r=0.962
INFO:root:Iter 21: Q=0.2428, term1=0.0059, term2=0.0113, penalty=0.23212072253227234
INFO:root:U_1-Qu_upper=0.4041460959590909, U_2-Qv_upper=0.156452804674979
INFO:root:eta=0.8859644294169213, l=0.7031731640210326, r=0.962
INFO:root:Iter 22: Q=0.2331, term1=0.0058, term2=0.0110, penalty=0.22265982627868652
INFO:root:U_1-Qu_upper=0.40406714843350117, U_2-Qv_upper=0.1575608078362917
INFO:root:eta=0.8893879355340223, l=0.7161145058199809, r=0.962
INFO:root:Iter 23: Q=0.2266, term1=0.0057, term2=0.0108, penalty=0.21637997031211853
INFO:root:U_1-Qu_upper=0.40196512228606185, U_2-Qv_upper=0.1600234413573324
INFO:root:eta=0.8919853315458166, l=0.7284087805289818, r=0.962
INFO:root:Iter 24: Q=0.2217, term1=0.0056, term2=0.0106, penalty=0.21160028874874115
INFO:root:U_1-Qu_upper=0.40502241995416477, U_2-Qv_upper=0.1574230755487455
INFO:root:eta=0.8966200681055692, l=0.7400883415025328, r=0.962
INFO:root:Iter 25: Q=0.2164, term1=0.0055, term2=0.0104, penalty=0.206468865275383
INFO:root:U_1-Qu_upper=0.40739005779533904, U_2-Qv_upper=0.16117622910674348
INFO:root:eta=0.8990928506747624, l=0.7511839244274061, r=0.962
INFO:root:Iter 26: Q=0.2105, term1=0.0055, term2=0.0102, penalty=0.20077335834503174
INFO:root:U_1-Qu_upper=0.40458658288014404, U_2-Qv_upper=0.16250476251899573
INFO:root:eta=0.9015888923820579, l=0.7617247282060358, r=0.962
INFO:root:Iter 27: Q=0.2057, term1=0.0054, term2=0.0100, penalty=0.19612063467502594
INFO:root:U_1-Qu_upper=0.4067302842579228, U_2-Qv_upper=0.162475474571139
INFO:root:eta=0.9048329398906165, l=0.771738491795734, r=0.962
INFO:root:Iter 28: Q=0.2012, term1=0.0054, term2=0.0098, penalty=0.19176137447357178
INFO:root:U_1-Qu_upper=0.4083041593492885, U_2-Qv_upper=0.16194368582214527
INFO:root:eta=0.9079679678413931, l=0.7812515672059472, r=0.962
INFO:root:Iter 29: Q=0.1962, term1=0.0053, term2=0.0097, penalty=0.18690983951091766
INFO:root:U_1-Qu_upper=0.4090929765604445, U_2-Qv_upper=0.1643008323013441
INFO:root:eta=0.9102081642908275, l=0.7902889888456499, r=0.962
INFO:root:Iter 30: Q=0.1920, term1=0.0053, term2=0.0095, penalty=0.18284504115581512
INFO:root:U_1-Qu_upper=0.4075563115223686, U_2-Qv_upper=0.16690717253046902
INFO:root:eta=0.912110320046932, l=0.7988745394033674, r=0.962
INFO:root:Iter 31: Q=0.1866, term1=0.0053, term2=0.0094, penalty=0.17764154076576233
INFO:root:U_1-Qu_upper=0.4091121270547731, U_2-Qv_upper=0.16566618333943553
INFO:root:eta=0.9149829640857584, l=0.8070308124331991, r=0.962
INFO:root:Iter 32: Q=0.1819, term1=0.0052, term2=0.0092, penalty=0.17299261689186096
INFO:root:U_1-Qu_upper=0.40642277776889485, U_2-Qv_upper=0.16944065064025807
INFO:root:eta=0.9164022442212557, l=0.8147792718115391, r=0.962
INFO:root:Iter 33: Q=0.1779, term1=0.0052, term2=0.0091, penalty=0.16917280852794647
INFO:root:U_1-Qu_upper=0.4092540818408915, U_2-Qv_upper=0.16865628139378291
INFO:root:eta=0.9190353775603294, l=0.8221403082209622, r=0.962
INFO:root:Iter 34: Q=0.1733, term1=0.0052, term2=0.0089, penalty=0.16471628844738007
INFO:root:U_1-Qu_upper=0.4094195541897927, U_2-Qv_upper=0.16894244088449442
INFO:root:eta=0.9211462822389137, l=0.8291332928099141, r=0.962
INFO:root:Iter 35: Q=0.1703, term1=0.0052, term2=0.0088, penalty=0.16181965172290802
INFO:root:U_1-Qu_upper=0.40995639014051866, U_2-Qv_upper=0.17193005961839183
INFO:root:eta=0.922741857972538, l=0.8357766281694184, r=0.962
INFO:root:Iter 36: Q=0.1661, term1=0.0052, term2=0.0087, penalty=0.15773159265518188
INFO:root:U_1-Qu_upper=0.41022622452290586, U_2-Qv_upper=0.17152982026272928
INFO:root:eta=0.9247832448375619, l=0.8420877967609475, r=0.962
INFO:root:Iter 37: Q=0.1619, term1=0.0051, term2=0.0086, penalty=0.15355922281742096
INFO:root:U_1-Qu_upper=0.4093374861144447, U_2-Qv_upper=0.17095698866123885
INFO:root:eta=0.926673402797076, l=0.8480834069229001, r=0.962
INFO:root:Iter 38: Q=0.1585, term1=0.0051, term2=0.0085, penalty=0.15028978884220123
INFO:root:U_1-Qu_upper=0.4095786659042342, U_2-Qv_upper=0.17481461168545176
INFO:root:eta=0.9279231450001636, l=0.853779236576755, r=0.962
INFO:root:Iter 39: Q=0.1547, term1=0.0051, term2=0.0084, penalty=0.1465676873922348
INFO:root:U_1-Qu_upper=0.4101128152321154, U_2-Qv_upper=0.17166144824173996
INFO:root:eta=0.9300677985510512, l=0.8591902747479173, r=0.962
INFO:root:Iter 40: Q=0.1507, term1=0.0051, term2=0.0082, penalty=0.14270338416099548
INFO:root:U_1-Qu_upper=0.4085320076555501, U_2-Qv_upper=0.17337305546489443
INFO:root:eta=0.9313688243527612, l=0.8643307610105214, r=0.962
INFO:root:Iter 41: Q=0.1480, term1=0.0051, term2=0.0081, penalty=0.14010563492774963
INFO:root:U_1-Qu_upper=0.41044761075786995, U_2-Qv_upper=0.17578078772747835
INFO:root:eta=0.9327138449609875, l=0.8692142229599954, r=0.962
INFO:root:Iter 42: Q=0.1447, term1=0.0051, term2=0.0081, penalty=0.13683545589447021
INFO:root:U_1-Qu_upper=0.41108502964171206, U_2-Qv_upper=0.17545632314358356
INFO:root:eta=0.9342443247996892, l=0.8738535118119957, r=0.962
INFO:root:Iter 43: Q=0.1419, term1=0.0051, term2=0.0080, penalty=0.13414208590984344
INFO:root:U_1-Qu_upper=0.4095142590693621, U_2-Qv_upper=0.17485070227087776
INFO:root:eta=0.9356252575324918, l=0.8782608362213958, r=0.962
INFO:root:Iter 44: Q=0.1392, term1=0.0051, term2=0.0079, penalty=0.1314927637577057
INFO:root:U_1-Qu_upper=0.4103476985264774, U_2-Qv_upper=0.17654440184822837
INFO:root:eta=0.9368102239387346, l=0.8824477944103261, r=0.962
INFO:root:Iter 45: Q=0.1368, term1=0.0051, term2=0.0078, penalty=0.12913405895233154
INFO:root:U_1-Qu_upper=0.41143942182309057, U_2-Qv_upper=0.17786493921848584
INFO:root:eta=0.9379894052253491, l=0.8864254046898098, r=0.962
INFO:root:Iter 46: Q=0.1347, term1=0.0051, term2=0.0077, penalty=0.1271771788597107
INFO:root:U_1-Qu_upper=0.41039359904973644, U_2-Qv_upper=0.1777287995601151
INFO:root:eta=0.9391615872249205, l=0.8902041344553193, r=0.962
INFO:root:Iter 47: Q=0.1318, term1=0.0051, term2=0.0076, penalty=0.12431521713733673
INFO:root:U_1-Qu_upper=0.41054426744281336, U_2-Qv_upper=0.17876063366185568
INFO:root:eta=0.9402213343296308, l=0.8937939277325534, r=0.962
INFO:root:Iter 48: Q=0.1297, term1=0.0051, term2=0.0076, penalty=0.12232691794633865
INFO:root:U_1-Qu_upper=0.4100056223512026, U_2-Qv_upper=0.17826283295706918
INFO:root:eta=0.9413315321303466, l=0.8972042313459258, r=0.962
INFO:root:Iter 49: Q=0.1277, term1=0.0051, term2=0.0075, penalty=0.12037750333547592
INFO:root:U_1-Qu_upper=0.4090483874319465, U_2-Qv_upper=0.17878211706020575
INFO:root:eta=0.9422930868541318, l=0.9004440197786294, r=0.962
INFO:root:Iter 50: Q=0.1261, term1=0.0051, term2=0.0074, penalty=0.11878812313079834
/zhome/c3/3/213266/SC/distributional-counterfactual-explanation/cardio_new.py:390: DeprecationWarning: __array_wrap__ must accept context and return_scalar arguments (positionally) in the future. (Deprecated NumPy 2.0)
  #     best_X_StdConstraint = best_X_StdConstraint * std.values + mean.values  # 恢复 X_s 到原始 scale
INFO:root:Optimization started
INFO:root:U_1-Qu_upper=0.5, U_2-Qv_upper=-0.32246807502458336
INFO:root:eta=1, l=0.24000000000000002, r=1
INFO:root:Iter 1: Q=1.8747, term1=0.0420, term2=0.0172, penalty=1.8575634956359863
INFO:root:U_1-Qu_upper=0.2755221133950172, U_2-Qv_upper=0.14443846886521483
INFO:root:eta=0.7386106197234926, l=0.278, r=1
INFO:root:Iter 2: Q=1.3123, term1=0.0143, term2=0.0077, penalty=1.3028476238250732
INFO:root:U_1-Qu_upper=0.34030725612172363, U_2-Qv_upper=0.18879396535955245
INFO:root:eta=0.7423758678765013, l=0.31410000000000005, r=1
INFO:root:Iter 3: Q=1.0301, term1=0.0104, term2=0.0067, penalty=1.022517204284668
INFO:root:U_1-Qu_upper=0.37048510791358913, U_2-Qv_upper=0.1971608083927462
INFO:root:eta=0.7617659273292383, l=0.34839500000000007, r=1
INFO:root:Iter 4: Q=0.8563, term1=0.0082, term2=0.0063, penalty=0.8494836091995239
INFO:root:U_1-Qu_upper=0.38743855612301253, U_2-Qv_upper=0.19528778321471585
INFO:root:eta=0.7816290642941492, l=0.38097525000000004, r=1
INFO:root:Iter 5: Q=0.7298, term1=0.0071, term2=0.0060, penalty=0.7235737442970276
INFO:root:U_1-Qu_upper=0.39322591577773336, U_2-Qv_upper=0.1985554426851682
INFO:root:eta=0.7923038103319526, l=0.41192648750000005, r=1
INFO:root:Iter 6: Q=0.6527, term1=0.0064, term2=0.0058, penalty=0.6468333005905151
INFO:root:U_1-Qu_upper=0.4046148408761623, U_2-Qv_upper=0.20251037650962228
INFO:root:eta=0.8038444376524105, l=0.44133016312500006, r=1
INFO:root:Iter 7: Q=0.5746, term1=0.0058, term2=0.0054, penalty=0.5690416097640991
INFO:root:U_1-Qu_upper=0.41123634894460176, U_2-Qv_upper=0.2056471153366169
INFO:root:eta=0.8137592478462874, l=0.46926365496875005, r=1
INFO:root:Iter 8: Q=0.5181, term1=0.0055, term2=0.0052, penalty=0.5128399133682251
INFO:root:U_1-Qu_upper=0.41577536439813934, U_2-Qv_upper=0.2083576202591066
INFO:root:eta=0.8228214746630383, l=0.49580047222031254, r=1
INFO:root:Iter 9: Q=0.4728, term1=0.0052, term2=0.0049, penalty=0.46783146262168884
INFO:root:U_1-Qu_upper=0.4195763380751553, U_2-Qv_upper=0.2084112750223439
INFO:root:eta=0.8326704790689655, l=0.5210104486092969, r=1
INFO:root:Iter 10: Q=0.4354, term1=0.0049, term2=0.0047, penalty=0.4307102859020233
INFO:root:U_1-Qu_upper=0.42436463476157665, U_2-Qv_upper=0.21579059064267408
INFO:root:eta=0.8385369140101954, l=0.544959926178832, r=1
INFO:root:Iter 11: Q=0.3965, term1=0.0047, term2=0.0044, penalty=0.392080694437027
INFO:root:U_1-Qu_upper=0.42373553314932166, U_2-Qv_upper=0.21834774067435564
INFO:root:eta=0.845258432845537, l=0.5677119298698905, r=1
INFO:root:Iter 12: Q=0.3679, term1=0.0046, term2=0.0042, penalty=0.36364054679870605
INFO:root:U_1-Qu_upper=0.42873700281039084, U_2-Qv_upper=0.2160491497047263
INFO:root:eta=0.8551527981567228, l=0.589326333376396, r=1
INFO:root:Iter 13: Q=0.3410, term1=0.0044, term2=0.0040, penalty=0.33699169754981995
INFO:root:U_1-Qu_upper=0.4292880290155374, U_2-Qv_upper=0.22175602967396804
INFO:root:eta=0.8601179742191092, l=0.6098600167075762, r=1
INFO:root:Iter 14: Q=0.3151, term1=0.0043, term2=0.0038, penalty=0.31123632192611694
INFO:root:U_1-Qu_upper=0.4361646204492631, U_2-Qv_upper=0.22470294942429053
INFO:root:eta=0.867347697283853, l=0.6293670158721973, r=1
INFO:root:Iter 15: Q=0.2922, term1=0.0042, term2=0.0036, penalty=0.2884971797466278
INFO:root:U_1-Qu_upper=0.43090978823330106, U_2-Qv_upper=0.22891101716410783
INFO:root:eta=0.8714166441899877, l=0.6478986650785875, r=1
INFO:root:Iter 16: Q=0.2747, term1=0.0041, term2=0.0034, penalty=0.271180123090744
INFO:root:U_1-Qu_upper=0.42903428858973897, U_2-Qv_upper=0.22797596172237972
INFO:root:eta=0.8778243712113937, l=0.6655037318246582, r=1
INFO:root:Iter 17: Q=0.2586, term1=0.0040, term2=0.0033, penalty=0.2552138566970825
INFO:root:U_1-Qu_upper=0.4329031977716216, U_2-Qv_upper=0.22701135288430516
INFO:root:eta=0.8849329048772147, l=0.6822285452334252, r=1
INFO:root:Iter 18: Q=0.2424, term1=0.0040, term2=0.0031, penalty=0.23922476172447205
INFO:root:U_1-Qu_upper=0.4338902318900395, U_2-Qv_upper=0.23014573071970487
INFO:root:eta=0.8898647847750711, l=0.698117117971754, r=1
INFO:root:Iter 19: Q=0.2300, term1=0.0040, term2=0.0030, penalty=0.22688454389572144
INFO:root:U_1-Qu_upper=0.4365078514243239, U_2-Qv_upper=0.23523831416787871
INFO:root:eta=0.8942838472596866, l=0.7132112620731663, r=1
INFO:root:Iter 20: Q=0.2190, term1=0.0039, term2=0.0028, penalty=0.21608921885490417
INFO:root:U_1-Qu_upper=0.43535249252372443, U_2-Qv_upper=0.2361445870703084
INFO:root:eta=0.8991453423221278, l=0.727550698969508, r=1
INFO:root:Iter 21: Q=0.2066, term1=0.0039, term2=0.0027, penalty=0.20376989245414734
INFO:root:U_1-Qu_upper=0.4343964370042643, U_2-Qv_upper=0.23870390565622623
INFO:root:eta=0.9033803608058916, l=0.7411731640210326, r=1
INFO:root:Iter 22: Q=0.1969, term1=0.0039, term2=0.0026, penalty=0.1941659301519394
INFO:root:U_1-Qu_upper=0.4386135772601236, U_2-Qv_upper=0.2385144272642817
INFO:root:eta=0.9088297424834619, l=0.754114505819981, r=1
INFO:root:Iter 23: Q=0.1871, term1=0.0038, term2=0.0025, penalty=0.1845339983701706
INFO:root:U_1-Qu_upper=0.44225079194835665, U_2-Qv_upper=0.2384684489506319
INFO:root:eta=0.9138617966209805, l=0.7664087805289819, r=1
INFO:root:Iter 24: Q=0.1786, term1=0.0038, term2=0.0024, penalty=0.1761544942855835
INFO:root:U_1-Qu_upper=0.4392050249721758, U_2-Qv_upper=0.24143295847134283
INFO:root:eta=0.9171415340288651, l=0.7780883415025328, r=1
INFO:root:Iter 25: Q=0.1703, term1=0.0038, term2=0.0023, penalty=0.1678900271654129
INFO:root:U_1-Qu_upper=0.43172504899330755, U_2-Qv_upper=0.24443083908853483
INFO:root:eta=0.9197787760985987, l=0.7891839244274061, r=1
INFO:root:Iter 26: Q=0.1631, term1=0.0038, term2=0.0022, penalty=0.16076786816120148
INFO:root:U_1-Qu_upper=0.43324798223953614, U_2-Qv_upper=0.24322022377155617
INFO:root:eta=0.9242023015719282, l=0.7997247282060358, r=1
INFO:root:Iter 27: Q=0.1565, term1=0.0038, term2=0.0021, penalty=0.15426670014858246
INFO:root:U_1-Qu_upper=0.4430872119305059, U_2-Qv_upper=0.24624956721527558
INFO:root:eta=0.9284563068514938, l=0.809738491795734, r=1
INFO:root:Iter 28: Q=0.1502, term1=0.0038, term2=0.0020, penalty=0.14807409048080444
INFO:root:U_1-Qu_upper=0.4442634906629213, U_2-Qv_upper=0.2463994375121693
INFO:root:eta=0.9321227089376029, l=0.8192515672059473, r=1
INFO:root:Iter 29: Q=0.1444, term1=0.0038, term2=0.0019, penalty=0.14235138893127441
INFO:root:U_1-Qu_upper=0.4369669712254962, U_2-Qv_upper=0.24946740845588947
INFO:root:eta=0.9343115023863969, l=0.8282889888456499, r=1
INFO:root:Iter 30: Q=0.1390, term1=0.0038, term2=0.0019, penalty=0.137001633644104
INFO:root:U_1-Qu_upper=0.4352126152818899, U_2-Qv_upper=0.2476874807747105
INFO:root:eta=0.9377205128250939, l=0.8368745394033674, r=1
INFO:root:Iter 31: Q=0.1338, term1=0.0038, term2=0.0018, penalty=0.13185882568359375
INFO:root:U_1-Qu_upper=0.44272887049323817, U_2-Qv_upper=0.24905914220164738
INFO:root:eta=0.9412711892344325, l=0.8450308124331991, r=1
INFO:root:Iter 32: Q=0.1281, term1=0.0038, term2=0.0017, penalty=0.12626083195209503
INFO:root:U_1-Qu_upper=0.43913609289430255, U_2-Qv_upper=0.25045694113019945
INFO:root:eta=0.9437159211703493, l=0.8527792718115391, r=1
INFO:root:Iter 33: Q=0.1234, term1=0.0038, term2=0.0017, penalty=0.12160760909318924
INFO:root:U_1-Qu_upper=0.43843357224747215, U_2-Qv_upper=0.25280333063339255
INFO:root:eta=0.9461575470447202, l=0.8601403082209622, r=1
INFO:root:Iter 34: Q=0.1185, term1=0.0038, term2=0.0016, penalty=0.11682518571615219
INFO:root:U_1-Qu_upper=0.4363365452046638, U_2-Qv_upper=0.2529584494443585
INFO:root:eta=0.9486740930271725, l=0.8671332928099141, r=1
INFO:root:Iter 35: Q=0.1141, term1=0.0038, term2=0.0015, penalty=0.11244358122348785
INFO:root:U_1-Qu_upper=0.4336775079042696, U_2-Qv_upper=0.2537689072439435
INFO:root:eta=0.9509526293980897, l=0.8737766281694185, r=1
INFO:root:Iter 36: Q=0.1098, term1=0.0038, term2=0.0015, penalty=0.10815942287445068
INFO:root:U_1-Qu_upper=0.43892133036833353, U_2-Qv_upper=0.25564128466602115
INFO:root:eta=0.9535421224362174, l=0.8800877967609475, r=1
INFO:root:Iter 37: Q=0.1058, term1=0.0038, term2=0.0014, penalty=0.10426809638738632
INFO:root:U_1-Qu_upper=0.44073906962533643, U_2-Qv_upper=0.2575263730096982
INFO:root:eta=0.9557753357187183, l=0.8860834069229001, r=1
INFO:root:Iter 38: Q=0.1023, term1=0.0038, term2=0.0014, penalty=0.10076528787612915
INFO:root:U_1-Qu_upper=0.43579421423948744, U_2-Qv_upper=0.25912851103370615
INFO:root:eta=0.9575218422530408, l=0.8917792365767551, r=1
INFO:root:Iter 39: Q=0.0987, term1=0.0038, term2=0.0013, penalty=0.09720900654792786
INFO:root:U_1-Qu_upper=0.4356178535753408, U_2-Qv_upper=0.2611964393805001
INFO:root:eta=0.9594341299268062, l=0.8971902747479173, r=1
INFO:root:Iter 40: Q=0.0955, term1=0.0038, term2=0.0013, penalty=0.09404127299785614
INFO:root:U_1-Qu_upper=0.43792437936994105, U_2-Qv_upper=0.25823773694460006
INFO:root:eta=0.9618632640834505, l=0.9023307610105215, r=1
INFO:root:Iter 41: Q=0.0924, term1=0.0039, term2=0.0013, penalty=0.09108438342809677
INFO:root:U_1-Qu_upper=0.43200359597469074, U_2-Qv_upper=0.26254852718103655
INFO:root:eta=0.9630799273478993, l=0.9072142229599954, r=1
INFO:root:Iter 42: Q=0.0894, term1=0.0039, term2=0.0012, penalty=0.08812037110328674
INFO:root:U_1-Qu_upper=0.44090809883439885, U_2-Qv_upper=0.2611775517742777
INFO:root:eta=0.9654834676285251, l=0.9118535118119957, r=1
INFO:root:Iter 43: Q=0.0868, term1=0.0039, term2=0.0012, penalty=0.0855259820818901
INFO:root:U_1-Qu_upper=0.4330403986488791, U_2-Qv_upper=0.26326783271924836
INFO:root:eta=0.9666726115509613, l=0.9162608362213959, r=1
INFO:root:Iter 44: Q=0.0841, term1=0.0039, term2=0.0012, penalty=0.08287759870290756
INFO:root:U_1-Qu_upper=0.4362214159472366, U_2-Qv_upper=0.2636112095183934
INFO:root:eta=0.9684573404490117, l=0.9204477944103261, r=1
INFO:root:Iter 45: Q=0.0817, term1=0.0039, term2=0.0011, penalty=0.08053188025951385
INFO:root:U_1-Qu_upper=0.43382727141192656, U_2-Qv_upper=0.26530167224051304
INFO:root:eta=0.9698119590599388, l=0.9244254046898098, r=1
INFO:root:Iter 46: Q=0.0793, term1=0.0040, term2=0.0011, penalty=0.0781373679637909
INFO:root:U_1-Qu_upper=0.434460606768814, U_2-Qv_upper=0.26561617850996116
INFO:root:eta=0.9713262378915536, l=0.9282041344553194, r=1
INFO:root:Iter 47: Q=0.0771, term1=0.0040, term2=0.0011, penalty=0.07596757262945175
INFO:root:U_1-Qu_upper=0.43905243733639204, U_2-Qv_upper=0.2659703008934765
INFO:root:eta=0.9729149615659626, l=0.9317939277325534, r=1
INFO:root:Iter 48: Q=0.0749, term1=0.0040, term2=0.0010, penalty=0.07376723736524582
INFO:root:U_1-Qu_upper=0.43733646677120136, U_2-Qv_upper=0.26695168107238887
INFO:root:eta=0.974147334855927, l=0.9352042313459258, r=1
INFO:root:Iter 49: Q=0.0728, term1=0.0040, term2=0.0010, penalty=0.07172783464193344
INFO:root:U_1-Qu_upper=0.43421884903103275, U_2-Qv_upper=0.26505127593515865
INFO:root:eta=0.9754398185425238, l=0.9384440197786295, r=1
INFO:root:Iter 50: Q=0.0707, term1=0.0041, term2=0.0010, penalty=0.06967557221651077
/zhome/c3/3/213266/SC/distributional-counterfactual-explanation/cardio_new.py:390: DeprecationWarning: __array_wrap__ must accept context and return_scalar arguments (positionally) in the future. (Deprecated NumPy 2.0)
  #     best_X_StdConstraint = best_X_StdConstraint * std.values + mean.values  # 恢复 X_s 到原始 scale
INFO:root:Optimization started
INFO:root:U_1-Qu_upper=0.5, U_2-Qv_upper=-0.3335065059003192
INFO:root:eta=1, l=0.24000000000000002, r=1
INFO:root:Iter 1: Q=2.0908, term1=0.2999, term2=0.0156, penalty=2.075225353240967
INFO:root:U_1-Qu_upper=-0.07152627022004887, U_2-Qv_upper=0.16726595091782595
INFO:root:eta=0.24000000000000002, l=0.24000000000000002, r=0.962
INFO:root:Iter 2: Q=2.5572, term1=0.1648, term2=0.7366, penalty=2.2551703453063965
INFO:root:U_1-Qu_upper=-0.03037782939491862, U_2-Qv_upper=-0.7333944341870033
INFO:root:eta=0.9332835960810211, l=0.2761, r=0.962
INFO:root:Iter 3: Q=2.5631, term1=0.0766, term2=0.6073, penalty=1.9911844730377197
INFO:root:U_1-Qu_upper=0.11678496425253576, U_2-Qv_upper=-0.6546790882745199
INFO:root:eta=0.962, l=0.31039500000000003, r=0.962
INFO:root:Iter 4: Q=2.0893, term1=0.0495, term2=0.4507, penalty=1.6537830829620361
INFO:root:U_1-Qu_upper=0.2304478613617824, U_2-Qv_upper=-0.5557232978830062
INFO:root:eta=0.962, l=0.34297525, r=0.962
INFO:root:Iter 5: Q=2.9727, term1=0.1093, term2=0.2841, penalty=2.695326566696167
INFO:root:U_1-Qu_upper=0.2487519119527027, U_2-Qv_upper=-0.41775564755561717
INFO:root:eta=0.962, l=0.3739264875, r=0.962
INFO:root:Iter 6: Q=2.2791, term1=0.0546, term2=0.2087, penalty=2.0761876106262207
INFO:root:U_1-Qu_upper=0.22111156159989626, U_2-Qv_upper=-0.3209652467862763
INFO:root:eta=0.962, l=0.40333016312500003, r=0.962
INFO:root:Iter 7: Q=1.6318, term1=0.0493, term2=0.1411, penalty=1.4942083358764648
INFO:root:U_1-Qu_upper=0.20714326531422306, U_2-Qv_upper=-0.24477152955096587
INFO:root:eta=0.962, l=0.43126365496875, r=0.962
INFO:root:Iter 8: Q=1.6706, term1=0.0857, term2=0.0960, penalty=1.5749413967132568
INFO:root:U_1-Qu_upper=0.14684864624360316, U_2-Qv_upper=-0.15201472762675222
INFO:root:eta=0.962, l=0.4578004722203125, r=0.962
INFO:root:Iter 9: Q=1.2947, term1=0.0516, term2=0.0834, penalty=1.2125300168991089
INFO:root:U_1-Qu_upper=0.16242677178327386, U_2-Qv_upper=-0.13457545673883137
INFO:root:eta=0.962, l=0.48301044860929687, r=0.962
INFO:root:Iter 10: Q=1.0402, term1=0.0489, term2=0.0715, penalty=0.9695549607276917
INFO:root:U_1-Qu_upper=0.17102648327473824, U_2-Qv_upper=-0.10605097741931635
INFO:root:eta=0.962, l=0.506959926178832, r=0.962
INFO:root:Iter 11: Q=0.8673, term1=0.0468, term2=0.0569, penalty=0.8108035922050476
INFO:root:U_1-Qu_upper=0.17863836495243124, U_2-Qv_upper=-0.05667494353353386
INFO:root:eta=0.962, l=0.5297119298698905, r=0.962
INFO:root:Iter 12: Q=0.7431, term1=0.0427, term2=0.0538, penalty=0.6897673606872559
INFO:root:U_1-Qu_upper=0.19127536636960407, U_2-Qv_upper=-0.049968721943162764
INFO:root:eta=0.962, l=0.5513263333763959, r=0.962
INFO:root:Iter 13: Q=0.6373, term1=0.0419, term2=0.0454, penalty=0.5920737981796265
INFO:root:U_1-Qu_upper=0.19875970617161892, U_2-Qv_upper=-0.019687857787313356
INFO:root:eta=0.962, l=0.5718600167075761, r=0.962
INFO:root:Iter 14: Q=0.5592, term1=0.0394, term2=0.0346, penalty=0.5245012044906616
INFO:root:U_1-Qu_upper=0.20710711720570485, U_2-Qv_upper=0.023121102969457297
INFO:root:eta=0.9228194568009798, l=0.5913670158721973, r=0.962
INFO:root:Iter 15: Q=0.5223, term1=0.0332, term2=0.0321, penalty=0.49013298749923706
INFO:root:U_1-Qu_upper=0.2309481701774021, U_2-Qv_upper=0.029679941616550964
INFO:root:eta=0.9197928671839595, l=0.6098986650785875, r=0.962
INFO:root:Iter 16: Q=0.4954, term1=0.0277, term2=0.0314, penalty=0.46430617570877075
INFO:root:U_1-Qu_upper=0.2564260879060296, U_2-Qv_upper=0.03142822666766909
INFO:root:eta=0.9235572183439833, l=0.6275037318246581, r=0.962
INFO:root:Iter 17: Q=0.4626, term1=0.0259, term2=0.0268, penalty=0.4358314573764801
INFO:root:U_1-Qu_upper=0.2708150130733426, U_2-Qv_upper=0.059633225584941496
INFO:root:eta=0.9016362604369984, l=0.6442285452334252, r=0.962
INFO:root:Iter 18: Q=0.4512, term1=0.0208, term2=0.0269, penalty=0.4249357581138611
INFO:root:U_1-Qu_upper=0.29388128127947455, U_2-Qv_upper=0.054692151218518226
INFO:root:eta=0.9121407656559651, l=0.660117117971754, r=0.962
INFO:root:Iter 19: Q=0.4371, term1=0.0186, term2=0.0271, penalty=0.4106889069080353
INFO:root:U_1-Qu_upper=0.3026464916096691, U_2-Qv_upper=0.054962416956931714
INFO:root:eta=0.9156023503980841, l=0.6752112620731663, r=0.962
INFO:root:Iter 20: Q=0.4244, term1=0.0171, term2=0.0273, penalty=0.39796632528305054
INFO:root:U_1-Qu_upper=0.31426035865865165, U_2-Qv_upper=0.05311836494160302
INFO:root:eta=0.920533938239398, l=0.6895506989695079, r=0.962
INFO:root:Iter 21: Q=0.4135, term1=0.0161, term2=0.0272, penalty=0.3871951401233673
INFO:root:U_1-Qu_upper=0.3217321420825915, U_2-Qv_upper=0.05570804117347131
INFO:root:eta=0.9217880205849907, l=0.7031731640210326, r=0.962
INFO:root:Iter 22: Q=0.4021, term1=0.0152, term2=0.0271, penalty=0.3759782314300537
INFO:root:U_1-Qu_upper=0.32311484022949966, U_2-Qv_upper=0.05413861629644806
INFO:root:eta=0.9248564655461938, l=0.7161145058199809, r=0.962
INFO:root:Iter 23: Q=0.3920, term1=0.0146, term2=0.0270, penalty=0.3659383952617645
INFO:root:U_1-Qu_upper=0.32959752832178346, U_2-Qv_upper=0.05571026911170174
INFO:root:eta=0.9264483004427198, l=0.7284087805289818, r=0.962
INFO:root:Iter 24: Q=0.3840, term1=0.0141, term2=0.0268, penalty=0.3581464886665344
INFO:root:U_1-Qu_upper=0.3338369140007736, U_2-Qv_upper=0.054901722292404004
INFO:root:eta=0.9290098131134311, l=0.7400883415025328, r=0.962
INFO:root:Iter 25: Q=0.3760, term1=0.0136, term2=0.0267, penalty=0.35027390718460083
INFO:root:U_1-Qu_upper=0.3373707566370729, U_2-Qv_upper=0.05486737875494979
INFO:root:eta=0.9309583701371857, l=0.7511839244274061, r=0.962
INFO:root:Iter 26: Q=0.3669, term1=0.0133, term2=0.0266, penalty=0.34126389026641846
INFO:root:U_1-Qu_upper=0.3393206925872278, U_2-Qv_upper=0.05749264734393569
INFO:root:eta=0.9314557287579339, l=0.7617247282060358, r=0.962
INFO:root:Iter 27: Q=0.3605, term1=0.0129, term2=0.0265, penalty=0.33497998118400574
INFO:root:U_1-Qu_upper=0.3419463749377174, U_2-Qv_upper=0.056692643332912795
INFO:root:eta=0.9335177540786807, l=0.771738491795734, r=0.962
INFO:root:Iter 28: Q=0.3525, term1=0.0127, term2=0.0263, penalty=0.3270470201969147
INFO:root:U_1-Qu_upper=0.3440994317706764, U_2-Qv_upper=0.06011907441596065
INFO:root:eta=0.933702567806374, l=0.7812515672059472, r=0.962
INFO:root:Iter 29: Q=0.3461, term1=0.0124, term2=0.0262, penalty=0.3208159804344177
INFO:root:U_1-Qu_upper=0.3465397379164783, U_2-Qv_upper=0.055803419421986244
INFO:root:eta=0.9369309005978987, l=0.7902889888456499, r=0.962
INFO:root:Iter 30: Q=0.3400, term1=0.0122, term2=0.0261, penalty=0.3148164749145508
INFO:root:U_1-Qu_upper=0.34827207039478947, U_2-Qv_upper=0.05790815521565579
INFO:root:eta=0.9375195667853615, l=0.7988745394033674, r=0.962
INFO:root:Iter 31: Q=0.3308, term1=0.0119, term2=0.0260, penalty=0.3057018220424652
INFO:root:U_1-Qu_upper=0.35027150768330484, U_2-Qv_upper=0.058077911384284836
INFO:root:eta=0.9387993154816175, l=0.8070308124331991, r=0.962
INFO:root:Iter 32: Q=0.3227, term1=0.0118, term2=0.0259, penalty=0.29767003655433655
INFO:root:U_1-Qu_upper=0.35079423417875266, U_2-Qv_upper=0.06021518301345005
INFO:root:eta=0.9392961455371791, l=0.8147792718115391, r=0.962
INFO:root:Iter 33: Q=0.3182, term1=0.0116, term2=0.0258, penalty=0.2932872772216797
INFO:root:U_1-Qu_upper=0.35388906434417783, U_2-Qv_upper=0.05944649969832913
INFO:root:eta=0.9408265086888504, l=0.8221403082209622, r=0.962
INFO:root:Iter 34: Q=0.3107, term1=0.0114, term2=0.0257, penalty=0.2858162224292755
INFO:root:U_1-Qu_upper=0.3518770793328445, U_2-Qv_upper=0.05905261151713448
INFO:root:eta=0.9419014765069655, l=0.8291332928099141, r=0.962
INFO:root:Iter 35: Q=0.3042, term1=0.0113, term2=0.0256, penalty=0.2794003486633301
INFO:root:U_1-Qu_upper=0.3544107393586019, U_2-Qv_upper=0.059698358703276666
INFO:root:eta=0.9428458099986691, l=0.8357766281694184, r=0.962
INFO:root:Iter 36: Q=0.2992, term1=0.0111, term2=0.0255, penalty=0.2745005488395691
INFO:root:U_1-Qu_upper=0.35662640305421023, U_2-Qv_upper=0.06122477280793495
INFO:root:eta=0.9435053834719171, l=0.8420877967609475, r=0.962
INFO:root:Iter 37: Q=0.2946, term1=0.0110, term2=0.0254, penalty=0.26993921399116516
INFO:root:U_1-Qu_upper=0.3560607545052257, U_2-Qv_upper=0.06092745665301502
INFO:root:eta=0.9444792515243496, l=0.8480834069229001, r=0.962
INFO:root:Iter 38: Q=0.2893, term1=0.0109, term2=0.0254, penalty=0.2647547125816345
INFO:root:U_1-Qu_upper=0.35786908893451425, U_2-Qv_upper=0.060727054626875526
INFO:root:eta=0.9454737627732444, l=0.853779236576755, r=0.962
INFO:root:Iter 39: Q=0.2835, term1=0.0108, term2=0.0253, penalty=0.25905799865722656
INFO:root:U_1-Qu_upper=0.35860378847251273, U_2-Qv_upper=0.06127511112217918
INFO:root:eta=0.9462067812626747, l=0.8591902747479173, r=0.962
INFO:root:Iter 40: Q=0.2786, term1=0.0107, term2=0.0252, penalty=0.2542056441307068
INFO:root:U_1-Qu_upper=0.36115992899820326, U_2-Qv_upper=0.061663913489927336
INFO:root:eta=0.9470064036915193, l=0.8643307610105214, r=0.962
INFO:root:Iter 41: Q=0.2733, term1=0.0106, term2=0.0251, penalty=0.24891570210456848
INFO:root:U_1-Qu_upper=0.3623017022673332, U_2-Qv_upper=0.06226701229853124
INFO:root:eta=0.9476758835573538, l=0.8692142229599954, r=0.962
INFO:root:Iter 42: Q=0.2688, term1=0.0105, term2=0.0251, penalty=0.24447673559188843
INFO:root:U_1-Qu_upper=0.36237685688018895, U_2-Qv_upper=0.06250452089848035
INFO:root:eta=0.9483502359872787, l=0.8738535118119957, r=0.962
INFO:root:Iter 43: Q=0.2647, term1=0.0104, term2=0.0250, penalty=0.24046744406223297
INFO:root:U_1-Qu_upper=0.3635320188821699, U_2-Qv_upper=0.06387708978930243
INFO:root:eta=0.9488263426624238, l=0.8782608362213958, r=0.962
INFO:root:Iter 44: Q=0.2608, term1=0.0103, term2=0.0249, penalty=0.23658831417560577
INFO:root:U_1-Qu_upper=0.3653925516899107, U_2-Qv_upper=0.06270171908011837
INFO:root:eta=0.9497349689501668, l=0.8824477944103261, r=0.962
INFO:root:Iter 45: Q=0.2566, term1=0.0103, term2=0.0249, penalty=0.23241961002349854
INFO:root:U_1-Qu_upper=0.36410505761003253, U_2-Qv_upper=0.06191366372130119
INFO:root:eta=0.9504386101864847, l=0.8864254046898098, r=0.962
INFO:root:Iter 46: Q=0.2526, term1=0.0102, term2=0.0248, penalty=0.2285192757844925
INFO:root:U_1-Qu_upper=0.3626048356920599, U_2-Qv_upper=0.06221022431796097
INFO:root:eta=0.9509328016599149, l=0.8902041344553193, r=0.962
INFO:root:Iter 47: Q=0.2491, term1=0.0101, term2=0.0248, penalty=0.2250412255525589
INFO:root:U_1-Qu_upper=0.36678998499837023, U_2-Qv_upper=0.06382765584191608
INFO:root:eta=0.9513581651975145, l=0.8937939277325534, r=0.962
INFO:root:Iter 48: Q=0.2454, term1=0.0101, term2=0.0247, penalty=0.22137139737606049
INFO:root:U_1-Qu_upper=0.366921323836384, U_2-Qv_upper=0.0626928862354311
INFO:root:eta=0.9520468014581877, l=0.8972042313459258, r=0.962
INFO:root:Iter 49: Q=0.2415, term1=0.0100, term2=0.0247, penalty=0.21756400167942047
INFO:root:U_1-Qu_upper=0.36840915021414433, U_2-Qv_upper=0.06344865117850693
INFO:root:eta=0.9524801902155806, l=0.9004440197786294, r=0.962
INFO:root:Iter 50: Q=0.2380, term1=0.0100, term2=0.0246, penalty=0.2140578329563141
/zhome/c3/3/213266/SC/distributional-counterfactual-explanation/cardio_new.py:390: DeprecationWarning: __array_wrap__ must accept context and return_scalar arguments (positionally) in the future. (Deprecated NumPy 2.0)
  #     best_X_StdConstraint = best_X_StdConstraint * std.values + mean.values  # 恢复 X_s 到原始 scale
Using device: cuda
Test Accuracy: 73.60%
X Sliced Wasserstein Distance (SWD) with std constraint: 0.073004
Y Wasserstein Distance (WD) with std constraint: 0.002172
X Sliced Wasserstein Distance (SWD) with std constraint: 0.069319
Y Wasserstein Distance (WD) with std constraint: 0.003944
X Sliced Wasserstein Distance (SWD) with std constraint: 0.079716
Y Wasserstein Distance (WD) with std constraint: 0.009275
X Sliced Wasserstein Distance (SWD) with std constraint: 0.071434
Y Wasserstein Distance (WD) with std constraint: 0.001204
X Sliced Wasserstein Distance (SWD) with std constraint: 0.111936
Y Wasserstein Distance (WD) with std constraint: 0.030760

------------------------------------------------------------
Sender: LSF System <lsfadmin@hpc.dtu.dk>
Subject: Job 27592811: <NONAME> in cluster <dcc> Done

Job <NONAME> was submitted from host <hpclogin1> by user <s242612> in cluster <dcc> at Sat Jan 10 05:24:07 2026
Job was executed on host(s) <4*n-62-20-5>, in queue <gpuv100>, as user <s242612> in cluster <dcc> at Sat Jan 10 05:24:08 2026
</zhome/c3/3/213266> was used as the home directory.
</zhome/c3/3/213266/SC/distributional-counterfactual-explanation> was used as the working directory.
Started at Sat Jan 10 05:24:08 2026
Terminated at Sat Jan 10 07:22:01 2026
Results reported at Sat Jan 10 07:22:01 2026

Your job looked like:

------------------------------------------------------------
# LSBATCH: User input
#!/bin/bash
#BSUB -q gpuv100              # 指定队列类型
#BSUB -gpu "num=1"             # 请求一个 GPU
#BSUB -n 4                     # 请求 4 个 CPU 核心
#BSUB -R "rusage[mem=4096]"     # 请求 4096MB 内存
#BSUB -W 6:00                  # 设置最大运行时长为 1 小时
#BSUB -o output_%J.log         # 输出日志文件名设置为 output_<job_id>.log

# 激活虚拟环境
source ~/myenv/bin/activate

# 运行你的 Python 脚本
# python HELOC.py
# python Cardio.py
# python Cardio.py
python cardio_new.py
# python HELOC_new.py
# python market_new.py




------------------------------------------------------------

Successfully completed.

Resource usage summary:

    CPU time :                                   7078.74 sec.
    Max Memory :                                 8002 MB
    Average Memory :                             7780.32 MB
    Total Requested Memory :                     16384.00 MB
    Delta Memory :                               8382.00 MB
    Max Swap :                                   -
    Max Processes :                              4
    Max Threads :                                8
    Run time :                                   7158 sec.
    Turnaround time :                            7074 sec.

The output (if any) is above this job summary.

