/zhome/c3/3/213266/myenv/lib64/python3.9/site-packages/networkx/utils/backends.py:135: RuntimeWarning: networkx backend defined more than once: nx-loopback
  backends.update(_get_backends("networkx.backends"))
/zhome/c3/3/213266/SC/distributional-counterfactual-explanation/HELOC_new.py:47: FutureWarning: Downcasting behavior in `replace` is deprecated and will be removed in a future version. To retain the old behavior, explicitly call `result.infer_objects(copy=False)`. To opt-in to the future behavior, set `pd.set_option('future.no_silent_downcasting', True)`
  target = df_heloc[target_name].replace({'Good': 0, 'Bad': 1})
Using device: cuda
Test Accuracy: 71.75%
[40, 41, 42, 43, 44]
HELOC: LSC; lambda： 1 current seed： 40 lr： 1
INFO:root:Optimization started
INFO:root:U_1-Qu_upper=0.5, U_2-Qv_upper=-0.35097130093192136
INFO:root:eta=1, l=0.24000000000000002, r=1
INFO:root:Iter 1: Q=0.5494, term1=0.0001, term2=0.2507, penalty=0.2986207902431488
INFO:root:U_1-Qu_upper=0.5, U_2-Qv_upper=-0.3283718222604531
INFO:root:eta=1, l=0.278, r=1
INFO:root:Iter 2: Q=0.5117, term1=0.0002, term2=0.2364, penalty=0.2753877341747284
INFO:root:U_1-Qu_upper=0.5, U_2-Qv_upper=-0.3159110105625614
INFO:root:eta=1, l=0.31410000000000005, r=1
INFO:root:Iter 3: Q=0.4776, term1=0.0004, term2=0.2238, penalty=0.2537541687488556
INFO:root:U_1-Qu_upper=0.5, U_2-Qv_upper=-0.30734205457471836
INFO:root:eta=1, l=0.34839500000000007, r=1
INFO:root:Iter 4: Q=0.4457, term1=0.0005, term2=0.2117, penalty=0.23401962220668793
INFO:root:U_1-Qu_upper=0.5, U_2-Qv_upper=-0.28765113299392936
INFO:root:eta=1, l=0.38097525000000004, r=1
INFO:root:Iter 5: Q=0.4163, term1=0.0007, term2=0.2006, penalty=0.2157180905342102
INFO:root:U_1-Qu_upper=0.4942991672715084, U_2-Qv_upper=-0.28148585598782777
INFO:root:eta=1, l=0.41192648750000005, r=1
INFO:root:Iter 6: Q=0.3894, term1=0.0008, term2=0.1905, penalty=0.19895368814468384
INFO:root:U_1-Qu_upper=0.5, U_2-Qv_upper=-0.2750788954584666
INFO:root:eta=1, l=0.44133016312500006, r=1
INFO:root:Iter 7: Q=0.3648, term1=0.0010, term2=0.1814, penalty=0.18339478969573975
INFO:root:U_1-Qu_upper=0.48551652594148764, U_2-Qv_upper=-0.24804652479817196
INFO:root:eta=1, l=0.46926365496875005, r=1
INFO:root:Iter 8: Q=0.3422, term1=0.0012, term2=0.1732, penalty=0.16900213062763214
INFO:root:U_1-Qu_upper=0.4788069524513414, U_2-Qv_upper=-0.2436562645073394
INFO:root:eta=1, l=0.49580047222031254, r=1
INFO:root:Iter 9: Q=0.3214, term1=0.0014, term2=0.1656, penalty=0.15580132603645325
INFO:root:U_1-Qu_upper=0.4767647275748266, U_2-Qv_upper=-0.22861868141864933
INFO:root:eta=1, l=0.5210104486092969, r=1
INFO:root:Iter 10: Q=0.3023, term1=0.0016, term2=0.1588, penalty=0.14354963600635529
INFO:root:U_1-Qu_upper=0.4766369666472221, U_2-Qv_upper=-0.2256885718957306
INFO:root:eta=1, l=0.544959926178832, r=1
INFO:root:Iter 11: Q=0.2856, term1=0.0019, term2=0.1534, penalty=0.13215844333171844
INFO:root:U_1-Qu_upper=0.47072908022963034, U_2-Qv_upper=-0.21916859327544208
INFO:root:eta=1, l=0.5677119298698905, r=1
INFO:root:Iter 12: Q=0.2684, term1=0.0021, term2=0.1465, penalty=0.12190652638673782
INFO:root:U_1-Qu_upper=0.4703392015797589, U_2-Qv_upper=-0.19598054495344736
INFO:root:eta=1, l=0.589326333376396, r=1
INFO:root:Iter 13: Q=0.2538, term1=0.0023, term2=0.1414, penalty=0.11233650892972946
INFO:root:U_1-Qu_upper=0.46593821393766527, U_2-Qv_upper=-0.1945376205561316
INFO:root:eta=1, l=0.6098600167075762, r=1
INFO:root:Iter 14: Q=0.2399, term1=0.0025, term2=0.1365, penalty=0.10340458899736404
INFO:root:U_1-Qu_upper=0.462584022364046, U_2-Qv_upper=-0.19114844434694073
INFO:root:eta=1, l=0.6293670158721973, r=1
INFO:root:Iter 15: Q=0.2268, term1=0.0027, term2=0.1318, penalty=0.09497550874948502
INFO:root:U_1-Qu_upper=0.45621401050667953, U_2-Qv_upper=-0.17731412961121462
INFO:root:eta=1, l=0.6478986650785875, r=1
INFO:root:Iter 16: Q=0.2144, term1=0.0029, term2=0.1273, penalty=0.0871458426117897
INFO:root:U_1-Qu_upper=0.4504418031234904, U_2-Qv_upper=-0.18363099717395004
INFO:root:eta=1, l=0.6655037318246582, r=1
INFO:root:Iter 17: Q=0.2031, term1=0.0031, term2=0.1233, penalty=0.07980431616306305
INFO:root:U_1-Qu_upper=0.4507290970794219, U_2-Qv_upper=-0.16541512338868525
INFO:root:eta=1, l=0.6822285452334252, r=1
INFO:root:Iter 18: Q=0.1926, term1=0.0033, term2=0.1196, penalty=0.07298412919044495
INFO:root:U_1-Qu_upper=0.4495409453116402, U_2-Qv_upper=-0.16275276533483773
INFO:root:eta=1, l=0.698117117971754, r=1
INFO:root:Iter 19: Q=0.1831, term1=0.0034, term2=0.1164, penalty=0.06669739633798599
INFO:root:U_1-Qu_upper=0.4420764956953488, U_2-Qv_upper=-0.14939321239967107
INFO:root:eta=1, l=0.7132112620731663, r=1
INFO:root:Iter 20: Q=0.1740, term1=0.0036, term2=0.1131, penalty=0.060950443148612976
INFO:root:U_1-Qu_upper=0.4362837959095176, U_2-Qv_upper=-0.15482882395922604
INFO:root:eta=1, l=0.727550698969508, r=1
INFO:root:Iter 21: Q=0.1657, term1=0.0038, term2=0.1101, penalty=0.05560373142361641
INFO:root:U_1-Qu_upper=0.4388241900345738, U_2-Qv_upper=-0.15101993673540948
INFO:root:eta=1, l=0.7411731640210326, r=1
INFO:root:Iter 22: Q=0.1579, term1=0.0040, term2=0.1073, penalty=0.05062301456928253
INFO:root:U_1-Qu_upper=0.43523557423983916, U_2-Qv_upper=-0.14019993649033652
INFO:root:eta=1, l=0.754114505819981, r=1
INFO:root:Iter 23: Q=0.1509, term1=0.0041, term2=0.1048, penalty=0.04604225978255272
INFO:root:U_1-Qu_upper=0.43194832233173786, U_2-Qv_upper=-0.12917807899118816
INFO:root:eta=1, l=0.7664087805289819, r=1
INFO:root:Iter 24: Q=0.1442, term1=0.0043, term2=0.1024, penalty=0.04180760309100151
INFO:root:U_1-Qu_upper=0.4336958866270656, U_2-Qv_upper=-0.13106704356292215
INFO:root:eta=1, l=0.7780883415025328, r=1
INFO:root:Iter 25: Q=0.1378, term1=0.0045, term2=0.1001, penalty=0.037752412259578705
INFO:root:U_1-Qu_upper=0.43258284949943393, U_2-Qv_upper=-0.12166902538352597
INFO:root:eta=1, l=0.7891839244274061, r=1
INFO:root:Iter 26: Q=0.1321, term1=0.0047, term2=0.0981, penalty=0.034001659601926804
INFO:root:U_1-Qu_upper=0.42801088745003524, U_2-Qv_upper=-0.12480364898028534
INFO:root:eta=1, l=0.7997247282060358, r=1
INFO:root:Iter 27: Q=0.1267, term1=0.0049, term2=0.0960, penalty=0.03078688494861126
INFO:root:U_1-Qu_upper=0.42432273437052764, U_2-Qv_upper=-0.11012145780408822
INFO:root:eta=1, l=0.809738491795734, r=1
INFO:root:Iter 28: Q=0.1220, term1=0.0050, term2=0.0941, penalty=0.027904527261853218
INFO:root:U_1-Qu_upper=0.4231240970542211, U_2-Qv_upper=-0.1081959926858232
INFO:root:eta=1, l=0.8192515672059473, r=1
INFO:root:Iter 29: Q=0.1178, term1=0.0052, term2=0.0926, penalty=0.025243904441595078
INFO:root:U_1-Qu_upper=0.4165712258055324, U_2-Qv_upper=-0.10184965836321003
INFO:root:eta=1, l=0.8282889888456499, r=1
INFO:root:Iter 30: Q=0.1135, term1=0.0054, term2=0.0907, penalty=0.02280084602534771
INFO:root:U_1-Qu_upper=0.4159820810572774, U_2-Qv_upper=-0.10316497845689354
INFO:root:eta=1, l=0.8368745394033674, r=1
INFO:root:Iter 31: Q=0.1096, term1=0.0055, term2=0.0891, penalty=0.02043854631483555
INFO:root:U_1-Qu_upper=0.4134667409970594, U_2-Qv_upper=-0.1001791139510711
INFO:root:eta=1, l=0.8450308124331991, r=1
INFO:root:Iter 32: Q=0.1060, term1=0.0057, term2=0.0877, penalty=0.018248770385980606
INFO:root:U_1-Qu_upper=0.41501828713393196, U_2-Qv_upper=-0.10688701866145955
INFO:root:eta=1, l=0.8527792718115391, r=1
INFO:root:Iter 33: Q=0.1011, term1=0.0059, term2=0.0838, penalty=0.01728452928364277
INFO:root:U_1-Qu_upper=0.4105529790518431, U_2-Qv_upper=-0.09108883808730506
INFO:root:eta=1, l=0.8601403082209622, r=1
INFO:root:Iter 34: Q=0.0976, term1=0.0061, term2=0.0823, penalty=0.015269055031239986
INFO:root:U_1-Qu_upper=0.4080400659317742, U_2-Qv_upper=-0.08910243828051384
INFO:root:eta=1, l=0.8671332928099141, r=1
INFO:root:Iter 35: Q=0.0946, term1=0.0062, term2=0.0810, penalty=0.013594289310276508
INFO:root:U_1-Qu_upper=0.4077508102692358, U_2-Qv_upper=-0.08423794395367212
INFO:root:eta=1, l=0.8737766281694185, r=1
INFO:root:Iter 36: Q=0.0918, term1=0.0063, term2=0.0798, penalty=0.012067790143191814
INFO:root:U_1-Qu_upper=0.4057477649577119, U_2-Qv_upper=-0.08888299877300926
INFO:root:eta=1, l=0.8800877967609475, r=1
INFO:root:Iter 37: Q=0.0895, term1=0.0065, term2=0.0788, penalty=0.010635603219270706
INFO:root:U_1-Qu_upper=0.4035985764135951, U_2-Qv_upper=-0.08343659807136433
INFO:root:eta=1, l=0.8860834069229001, r=1
INFO:root:Iter 38: Q=0.0872, term1=0.0066, term2=0.0777, penalty=0.00950878206640482
INFO:root:U_1-Qu_upper=0.40457300378330174, U_2-Qv_upper=-0.07096928906086247
INFO:root:eta=1, l=0.8917792365767551, r=1
INFO:root:Iter 39: Q=0.0851, term1=0.0068, term2=0.0767, penalty=0.008458019234240055
INFO:root:U_1-Qu_upper=0.40100517743118247, U_2-Qv_upper=-0.0786546407586527
INFO:root:eta=1, l=0.8971902747479173, r=1
INFO:root:Iter 40: Q=0.0831, term1=0.0069, term2=0.0756, penalty=0.007482430897653103
INFO:root:U_1-Qu_upper=0.3999664860393913, U_2-Qv_upper=-0.0793817932857715
INFO:root:eta=1, l=0.9023307610105215, r=1
INFO:root:Iter 41: Q=0.0811, term1=0.0070, term2=0.0746, penalty=0.006587616167962551
INFO:root:U_1-Qu_upper=0.39860320755435796, U_2-Qv_upper=-0.06941398938664256
INFO:root:eta=1, l=0.9072142229599954, r=1
INFO:root:Iter 42: Q=0.0794, term1=0.0072, term2=0.0737, penalty=0.005725805647671223
INFO:root:U_1-Qu_upper=0.3970419482312093, U_2-Qv_upper=-0.07257264224521903
INFO:root:eta=1, l=0.9118535118119957, r=1
INFO:root:Iter 43: Q=0.0775, term1=0.0073, term2=0.0726, penalty=0.0049331774935126305
INFO:root:U_1-Qu_upper=0.3951306031505676, U_2-Qv_upper=-0.0713987802146307
INFO:root:eta=1, l=0.9162608362213959, r=1
INFO:root:Iter 44: Q=0.0743, term1=0.0074, term2=0.0701, penalty=0.0041954368352890015
INFO:root:U_1-Qu_upper=0.39475788543574375, U_2-Qv_upper=-0.04529838374032796
INFO:root:eta=1, l=0.9204477944103261, r=1
INFO:root:Iter 45: Q=0.0722, term1=0.0076, term2=0.0686, penalty=0.003545215120539069
INFO:root:U_1-Qu_upper=0.3933278563550189, U_2-Qv_upper=-0.05594288663141517
INFO:root:eta=1, l=0.9244254046898098, r=1
INFO:root:Iter 46: Q=0.0708, term1=0.0077, term2=0.0677, penalty=0.003103561932221055
INFO:root:U_1-Qu_upper=0.3933016950489797, U_2-Qv_upper=-0.056181159186096064
INFO:root:eta=1, l=0.9282041344553194, r=1
INFO:root:Iter 47: Q=0.0695, term1=0.0078, term2=0.0668, penalty=0.0026917087379842997
INFO:root:U_1-Qu_upper=0.3904156536893247, U_2-Qv_upper=-0.06136108815129393
INFO:root:eta=1, l=0.9317939277325534, r=1
INFO:root:Iter 48: Q=0.0684, term1=0.0079, term2=0.0660, penalty=0.0023076480720192194
INFO:root:U_1-Qu_upper=0.38733157673410373, U_2-Qv_upper=-0.05310449416724872
INFO:root:eta=1, l=0.9352042313459258, r=1
INFO:root:Iter 49: Q=0.0673, term1=0.0081, term2=0.0653, penalty=0.001949502737261355
INFO:root:U_1-Qu_upper=0.3856662970132181, U_2-Qv_upper=-0.05398724931136356
INFO:root:eta=1, l=0.9384440197786295, r=1
INFO:root:Iter 50: Q=0.0662, term1=0.0082, term2=0.0646, penalty=0.0016155221965163946
/zhome/c3/3/213266/SC/distributional-counterfactual-explanation/HELOC_new.py:502: DeprecationWarning: __array_wrap__ must accept context and return_scalar arguments (positionally) in the future. (Deprecated NumPy 2.0)
  best_X_lsc_hinge = best_X_lsc_hinge * std.values + mean.values  # 恢复 X_s 到原始 scale
X Sliced Wasserstein Distance (SWD) with LSC constraint: 0.101040
Y Wasserstein Distance (WD) with LSC constraint: 0.080701
HELOC: LSC; lambda： 1 current seed： 41 lr： 1
INFO:root:Optimization started
INFO:root:U_1-Qu_upper=0.5, U_2-Qv_upper=-0.35133045413230096
INFO:root:eta=1, l=0.24000000000000002, r=1
INFO:root:Iter 1: Q=0.5463, term1=0.0001, term2=0.2517, penalty=0.29462581872940063
INFO:root:U_1-Qu_upper=0.5, U_2-Qv_upper=-0.3405044183410247
INFO:root:eta=1, l=0.278, r=1
INFO:root:Iter 2: Q=0.5090, term1=0.0002, term2=0.2374, penalty=0.2716265320777893
INFO:root:U_1-Qu_upper=0.5, U_2-Qv_upper=-0.3287794302196492
INFO:root:eta=1, l=0.31410000000000005, r=1
INFO:root:Iter 3: Q=0.4751, term1=0.0004, term2=0.2247, penalty=0.2503228187561035
INFO:root:U_1-Qu_upper=0.5, U_2-Qv_upper=-0.3107923420611028
INFO:root:eta=1, l=0.34839500000000007, r=1
INFO:root:Iter 4: Q=0.4437, term1=0.0005, term2=0.2129, penalty=0.2308206856250763
INFO:root:U_1-Qu_upper=0.5, U_2-Qv_upper=-0.28140470396911216
INFO:root:eta=1, l=0.38097525000000004, r=1
INFO:root:Iter 5: Q=0.4147, term1=0.0007, term2=0.2017, penalty=0.21294479072093964
INFO:root:U_1-Qu_upper=0.5, U_2-Qv_upper=-0.2866485175880627
INFO:root:eta=1, l=0.41192648750000005, r=1
INFO:root:Iter 6: Q=0.3879, term1=0.0009, term2=0.1915, penalty=0.19636154174804688
INFO:root:U_1-Qu_upper=0.4874873914294591, U_2-Qv_upper=-0.26062287636155873
INFO:root:eta=1, l=0.44133016312500006, r=1
INFO:root:Iter 7: Q=0.3633, term1=0.0011, term2=0.1824, penalty=0.18091511726379395
INFO:root:U_1-Qu_upper=0.48328167181019316, U_2-Qv_upper=-0.25629318771509607
INFO:root:eta=1, l=0.46926365496875005, r=1
INFO:root:Iter 8: Q=0.3408, term1=0.0014, term2=0.1742, penalty=0.16667024791240692
INFO:root:U_1-Qu_upper=0.4746749635813632, U_2-Qv_upper=-0.2391445470649866
INFO:root:eta=1, l=0.49580047222031254, r=1
INFO:root:Iter 9: Q=0.3205, term1=0.0016, term2=0.1667, penalty=0.15377381443977356
INFO:root:U_1-Qu_upper=0.4665856428026198, U_2-Qv_upper=-0.23791254992046135
INFO:root:eta=1, l=0.5210104486092969, r=1
INFO:root:Iter 10: Q=0.3031, term1=0.0019, term2=0.1613, penalty=0.14180029928684235
INFO:root:U_1-Qu_upper=0.46041675321612036, U_2-Qv_upper=-0.22495847109188188
INFO:root:eta=1, l=0.544959926178832, r=1
INFO:root:Iter 11: Q=0.2828, term1=0.0022, term2=0.1524, penalty=0.130407452583313
INFO:root:U_1-Qu_upper=0.45441492642605424, U_2-Qv_upper=-0.2143778610859673
INFO:root:eta=1, l=0.5677119298698905, r=1
INFO:root:Iter 12: Q=0.2667, term1=0.0025, term2=0.1464, penalty=0.12030252814292908
INFO:root:U_1-Qu_upper=0.449503864364565, U_2-Qv_upper=-0.19766629506846967
INFO:root:eta=1, l=0.589326333376396, r=1
INFO:root:Iter 13: Q=0.2520, term1=0.0028, term2=0.1412, penalty=0.11083059757947922
INFO:root:U_1-Qu_upper=0.4468436120651275, U_2-Qv_upper=-0.19541530982430733
INFO:root:eta=1, l=0.6098600167075762, r=1
INFO:root:Iter 14: Q=0.2382, term1=0.0030, term2=0.1362, penalty=0.10200374573469162
INFO:root:U_1-Qu_upper=0.4386313553629566, U_2-Qv_upper=-0.18824026813186273
INFO:root:eta=1, l=0.6293670158721973, r=1
INFO:root:Iter 15: Q=0.2253, term1=0.0033, term2=0.1315, penalty=0.09379912167787552
INFO:root:U_1-Qu_upper=0.4348337385376114, U_2-Qv_upper=-0.18384641081048736
INFO:root:eta=1, l=0.6478986650785875, r=1
INFO:root:Iter 16: Q=0.2128, term1=0.0036, term2=0.1268, penalty=0.08603530377149582
INFO:root:U_1-Qu_upper=0.43258991072022956, U_2-Qv_upper=-0.17558532828384016
INFO:root:eta=1, l=0.6655037318246582, r=1
INFO:root:Iter 17: Q=0.2013, term1=0.0039, term2=0.1225, penalty=0.07880064100027084
INFO:root:U_1-Qu_upper=0.4291143578749534, U_2-Qv_upper=-0.1666612064856028
INFO:root:eta=1, l=0.6822285452334252, r=1
INFO:root:Iter 18: Q=0.1907, term1=0.0041, term2=0.1186, penalty=0.07214409857988358
INFO:root:U_1-Qu_upper=0.4252746090526535, U_2-Qv_upper=-0.15921543656361226
INFO:root:eta=1, l=0.698117117971754, r=1
INFO:root:Iter 19: Q=0.1812, term1=0.0044, term2=0.1152, penalty=0.06594187021255493
INFO:root:U_1-Qu_upper=0.4228632005554649, U_2-Qv_upper=-0.1533596366498325
INFO:root:eta=1, l=0.7132112620731663, r=1
INFO:root:Iter 20: Q=0.1724, term1=0.0046, term2=0.1121, penalty=0.06029723584651947
INFO:root:U_1-Qu_upper=0.4194574949424528, U_2-Qv_upper=-0.15119534324116285
INFO:root:eta=1, l=0.727550698969508, r=1
INFO:root:Iter 21: Q=0.1640, term1=0.0049, term2=0.1090, penalty=0.054991405457258224
INFO:root:U_1-Qu_upper=0.414999351637062, U_2-Qv_upper=-0.13100857827277718
INFO:root:eta=1, l=0.7411731640210326, r=1
INFO:root:Iter 22: Q=0.1562, term1=0.0051, term2=0.1061, penalty=0.050058577209711075
INFO:root:U_1-Qu_upper=0.4115729165581691, U_2-Qv_upper=-0.14080153202586393
INFO:root:eta=1, l=0.754114505819981, r=1
INFO:root:Iter 23: Q=0.1490, term1=0.0053, term2=0.1035, penalty=0.0455203652381897
INFO:root:U_1-Qu_upper=0.410163578490419, U_2-Qv_upper=-0.12410848723105267
INFO:root:eta=1, l=0.7664087805289819, r=1
INFO:root:Iter 24: Q=0.1423, term1=0.0056, term2=0.1010, penalty=0.04125579819083214
INFO:root:U_1-Qu_upper=0.40502591002816885, U_2-Qv_upper=-0.12666479205553094
INFO:root:eta=1, l=0.7780883415025328, r=1
INFO:root:Iter 25: Q=0.1359, term1=0.0058, term2=0.0986, penalty=0.03733593598008156
INFO:root:U_1-Qu_upper=0.40326718227450686, U_2-Qv_upper=-0.1262037287607583
INFO:root:eta=1, l=0.7891839244274061, r=1
INFO:root:Iter 26: Q=0.1302, term1=0.0061, term2=0.0966, penalty=0.03361887484788895
INFO:root:U_1-Qu_upper=0.3992146839888825, U_2-Qv_upper=-0.12401263510088512
INFO:root:eta=1, l=0.7997247282060358, r=1
INFO:root:Iter 27: Q=0.1251, term1=0.0063, term2=0.0947, penalty=0.030423209071159363
INFO:root:U_1-Qu_upper=0.3967417151663637, U_2-Qv_upper=-0.10471567701132273
INFO:root:eta=1, l=0.809738491795734, r=1
INFO:root:Iter 28: Q=0.1205, term1=0.0065, term2=0.0929, penalty=0.027626413851976395
INFO:root:U_1-Qu_upper=0.3941036437903709, U_2-Qv_upper=-0.10769182471435224
INFO:root:eta=1, l=0.8192515672059473, r=1
INFO:root:Iter 29: Q=0.1161, term1=0.0068, term2=0.0911, penalty=0.02501044236123562
INFO:root:U_1-Qu_upper=0.3923592856135063, U_2-Qv_upper=-0.10651505986361454
INFO:root:eta=1, l=0.8282889888456499, r=1
INFO:root:Iter 30: Q=0.1119, term1=0.0070, term2=0.0894, penalty=0.022502392530441284
INFO:root:U_1-Qu_upper=0.3888317327708753, U_2-Qv_upper=-0.0944354861715338
INFO:root:eta=1, l=0.8368745394033674, r=1
INFO:root:Iter 31: Q=0.1080, term1=0.0072, term2=0.0878, penalty=0.020179172977805138
INFO:root:U_1-Qu_upper=0.38751624349425223, U_2-Qv_upper=-0.09787869419439166
INFO:root:eta=1, l=0.8450308124331991, r=1
INFO:root:Iter 32: Q=0.1030, term1=0.0076, term2=0.0840, penalty=0.018973136320710182
INFO:root:U_1-Qu_upper=0.3841452453263716, U_2-Qv_upper=-0.08835481742106166
INFO:root:eta=1, l=0.8527792718115391, r=1
INFO:root:Iter 33: Q=0.0992, term1=0.0077, term2=0.0823, penalty=0.01686660200357437
INFO:root:U_1-Qu_upper=0.38138738911604947, U_2-Qv_upper=-0.09427062599520186
INFO:root:eta=1, l=0.8601403082209622, r=1
INFO:root:Iter 34: Q=0.0960, term1=0.0080, term2=0.0811, penalty=0.014903377741575241
INFO:root:U_1-Qu_upper=0.3798973927505521, U_2-Qv_upper=-0.08960294087419018
INFO:root:eta=1, l=0.8671332928099141, r=1
INFO:root:Iter 35: Q=0.0931, term1=0.0082, term2=0.0798, penalty=0.013279750943183899
INFO:root:U_1-Qu_upper=0.37872134642261346, U_2-Qv_upper=-0.08478567039730739
INFO:root:eta=1, l=0.8737766281694185, r=1
INFO:root:Iter 36: Q=0.0904, term1=0.0084, term2=0.0787, penalty=0.011746713891625404
INFO:root:U_1-Qu_upper=0.3757498852835085, U_2-Qv_upper=-0.0760906728752147
INFO:root:eta=1, l=0.8800877967609475, r=1
INFO:root:Iter 37: Q=0.0882, term1=0.0086, term2=0.0777, penalty=0.010478888638317585
INFO:root:U_1-Qu_upper=0.37461933389419616, U_2-Qv_upper=-0.07620841185080734
INFO:root:eta=1, l=0.8860834069229001, r=1
INFO:root:Iter 38: Q=0.0858, term1=0.0088, term2=0.0765, penalty=0.009363256394863129
INFO:root:U_1-Qu_upper=0.3731990303262682, U_2-Qv_upper=-0.0780356094857999
INFO:root:eta=1, l=0.8917792365767551, r=1
INFO:root:Iter 39: Q=0.0838, term1=0.0090, term2=0.0755, penalty=0.0083082290366292
INFO:root:U_1-Qu_upper=0.37179036567870327, U_2-Qv_upper=-0.07320104479035305
INFO:root:eta=1, l=0.8971902747479173, r=1
INFO:root:Iter 40: Q=0.0817, term1=0.0092, term2=0.0743, penalty=0.0073326146230101585
INFO:root:U_1-Qu_upper=0.36655586234564735, U_2-Qv_upper=-0.06317275065221428
INFO:root:eta=1, l=0.9023307610105215, r=1
INFO:root:Iter 41: Q=0.0799, term1=0.0094, term2=0.0735, penalty=0.006423475686460733
INFO:root:U_1-Qu_upper=0.367239514708223, U_2-Qv_upper=-0.07480748010542232
INFO:root:eta=1, l=0.9072142229599954, r=1
INFO:root:Iter 42: Q=0.0780, term1=0.0096, term2=0.0724, penalty=0.005576279480010271
INFO:root:U_1-Qu_upper=0.36467813712023106, U_2-Qv_upper=-0.07477763979365848
INFO:root:eta=1, l=0.9118535118119957, r=1
INFO:root:Iter 43: Q=0.0763, term1=0.0098, term2=0.0715, penalty=0.004786802921444178
INFO:root:U_1-Qu_upper=0.3631681972736791, U_2-Qv_upper=-0.06501354921313335
INFO:root:eta=1, l=0.9162608362213959, r=1
INFO:root:Iter 44: Q=0.0747, term1=0.0100, term2=0.0706, penalty=0.004051106050610542
INFO:root:U_1-Qu_upper=0.3632299591556092, U_2-Qv_upper=-0.07274518846047096
INFO:root:eta=1, l=0.9204477944103261, r=1
INFO:root:Iter 45: Q=0.0731, term1=0.0102, term2=0.0696, penalty=0.0035163466818630695
INFO:root:U_1-Qu_upper=0.36096756944800185, U_2-Qv_upper=-0.06013220543357872
INFO:root:eta=1, l=0.9244254046898098, r=1
INFO:root:Iter 46: Q=0.0703, term1=0.0104, term2=0.0672, penalty=0.0030632023699581623
INFO:root:U_1-Qu_upper=0.35763195237448625, U_2-Qv_upper=-0.05367387106610039
INFO:root:eta=1, l=0.9282041344553194, r=1
INFO:root:Iter 47: Q=0.0684, term1=0.0105, term2=0.0657, penalty=0.00265227141790092
INFO:root:U_1-Qu_upper=0.3570092226890011, U_2-Qv_upper=-0.05384669871273606
INFO:root:eta=1, l=0.9317939277325534, r=1
INFO:root:Iter 48: Q=0.0672, term1=0.0107, term2=0.0649, penalty=0.0022708713077008724
INFO:root:U_1-Qu_upper=0.3536762003939551, U_2-Qv_upper=-0.051551349648503886
INFO:root:eta=1, l=0.9352042313459258, r=1
INFO:root:Iter 49: Q=0.0660, term1=0.0109, term2=0.0641, penalty=0.0019229068420827389
INFO:root:U_1-Qu_upper=0.35531164452610053, U_2-Qv_upper=-0.0424430852870718
INFO:root:eta=1, l=0.9384440197786295, r=1
INFO:root:Iter 50: Q=0.0650, term1=0.0111, term2=0.0634, penalty=0.0015835416270419955
/zhome/c3/3/213266/SC/distributional-counterfactual-explanation/HELOC_new.py:502: DeprecationWarning: __array_wrap__ must accept context and return_scalar arguments (positionally) in the future. (Deprecated NumPy 2.0)
  best_X_lsc_hinge = best_X_lsc_hinge * std.values + mean.values  # 恢复 X_s 到原始 scale
X Sliced Wasserstein Distance (SWD) with LSC constraint: 0.117674
Y Wasserstein Distance (WD) with LSC constraint: 0.079278
HELOC: LSC; lambda： 1 current seed： 42 lr： 1
INFO:root:Optimization started
INFO:root:U_1-Qu_upper=0.5, U_2-Qv_upper=-0.3668340327921868
INFO:root:eta=1, l=0.24000000000000002, r=1
INFO:root:Iter 1: Q=0.5510, term1=0.0001, term2=0.2524, penalty=0.2985919415950775
INFO:root:U_1-Qu_upper=0.5, U_2-Qv_upper=-0.3394491453052762
INFO:root:eta=1, l=0.278, r=1
INFO:root:Iter 2: Q=0.5133, term1=0.0002, term2=0.2379, penalty=0.2754216194152832
INFO:root:U_1-Qu_upper=0.5, U_2-Qv_upper=-0.3334891595721164
INFO:root:eta=1, l=0.31410000000000005, r=1
INFO:root:Iter 3: Q=0.4791, term1=0.0004, term2=0.2251, penalty=0.2539849877357483
INFO:root:U_1-Qu_upper=0.5, U_2-Qv_upper=-0.31453631384184383
INFO:root:eta=1, l=0.34839500000000007, r=1
INFO:root:Iter 4: Q=0.4472, term1=0.0005, term2=0.2129, penalty=0.23423951864242554
INFO:root:U_1-Qu_upper=0.5, U_2-Qv_upper=-0.2931891364763423
INFO:root:eta=1, l=0.38097525000000004, r=1
INFO:root:Iter 5: Q=0.4177, term1=0.0007, term2=0.2017, penalty=0.21605519950389862
INFO:root:U_1-Qu_upper=0.5, U_2-Qv_upper=-0.2866291754292752
INFO:root:eta=1, l=0.41192648750000005, r=1
INFO:root:Iter 6: Q=0.3906, term1=0.0009, term2=0.1914, penalty=0.1992322951555252
INFO:root:U_1-Qu_upper=0.5, U_2-Qv_upper=-0.26462622367577654
INFO:root:eta=1, l=0.44133016312500006, r=1
INFO:root:Iter 7: Q=0.3660, term1=0.0011, term2=0.1823, penalty=0.18366803228855133
INFO:root:U_1-Qu_upper=0.4858875038537972, U_2-Qv_upper=-0.2654047441663315
INFO:root:eta=1, l=0.46926365496875005, r=1
INFO:root:Iter 8: Q=0.3431, term1=0.0013, term2=0.1740, penalty=0.16913938522338867
INFO:root:U_1-Qu_upper=0.5, U_2-Qv_upper=-0.2313204161173516
INFO:root:eta=1, l=0.49580047222031254, r=1
INFO:root:Iter 9: Q=0.3219, term1=0.0015, term2=0.1659, penalty=0.15604771673679352
INFO:root:U_1-Qu_upper=0.47808086059364774, U_2-Qv_upper=-0.2270102969007189
INFO:root:eta=1, l=0.5210104486092969, r=1
INFO:root:Iter 10: Q=0.3028, term1=0.0018, term2=0.1594, penalty=0.14333976805210114
INFO:root:U_1-Qu_upper=0.47968726107847903, U_2-Qv_upper=-0.21891347466585115
INFO:root:eta=1, l=0.544959926178832, r=1
INFO:root:Iter 11: Q=0.2837, term1=0.0020, term2=0.1517, penalty=0.13195718824863434
INFO:root:U_1-Qu_upper=0.4771220765998228, U_2-Qv_upper=-0.2116245501569513
INFO:root:eta=1, l=0.5677119298698905, r=1
INFO:root:Iter 12: Q=0.2674, term1=0.0023, term2=0.1457, penalty=0.12167230248451233
INFO:root:U_1-Qu_upper=0.4679585077506661, U_2-Qv_upper=-0.2020410241820792
INFO:root:eta=1, l=0.589326333376396, r=1
INFO:root:Iter 13: Q=0.2525, term1=0.0025, term2=0.1403, penalty=0.11211755871772766
INFO:root:U_1-Qu_upper=0.4631402785179081, U_2-Qv_upper=-0.18928071842139144
INFO:root:eta=1, l=0.6098600167075762, r=1
INFO:root:Iter 14: Q=0.2388, term1=0.0027, term2=0.1355, penalty=0.10322711616754532
INFO:root:U_1-Qu_upper=0.4589054890291068, U_2-Qv_upper=-0.18277222618162803
INFO:root:eta=1, l=0.6293670158721973, r=1
INFO:root:Iter 15: Q=0.2257, term1=0.0030, term2=0.1307, penalty=0.09494300931692123
INFO:root:U_1-Qu_upper=0.4575878328811354, U_2-Qv_upper=-0.1754309576003633
INFO:root:eta=1, l=0.6478986650785875, r=1
INFO:root:Iter 16: Q=0.2134, term1=0.0032, term2=0.1263, penalty=0.08710943907499313
INFO:root:U_1-Qu_upper=0.45404010375915926, U_2-Qv_upper=-0.17681744510032915
INFO:root:eta=1, l=0.6655037318246582, r=1
INFO:root:Iter 17: Q=0.2019, term1=0.0034, term2=0.1221, penalty=0.07986875623464584
INFO:root:U_1-Qu_upper=0.4467399554555973, U_2-Qv_upper=-0.1611077907354459
INFO:root:eta=1, l=0.6822285452334252, r=1
INFO:root:Iter 18: Q=0.1915, term1=0.0036, term2=0.1184, penalty=0.07307610660791397
INFO:root:U_1-Qu_upper=0.4414873524986556, U_2-Qv_upper=-0.16085535525735073
INFO:root:eta=1, l=0.698117117971754, r=1
INFO:root:Iter 19: Q=0.1820, term1=0.0039, term2=0.1151, penalty=0.06690401583909988
INFO:root:U_1-Qu_upper=0.4390960337627538, U_2-Qv_upper=-0.15300232895708765
INFO:root:eta=1, l=0.7132112620731663, r=1
INFO:root:Iter 20: Q=0.1734, term1=0.0040, term2=0.1121, penalty=0.061218056827783585
INFO:root:U_1-Qu_upper=0.4440641819655531, U_2-Qv_upper=-0.14535803436576988
INFO:root:eta=1, l=0.727550698969508, r=1
INFO:root:Iter 21: Q=0.1650, term1=0.0043, term2=0.1091, penalty=0.05593039467930794
INFO:root:U_1-Qu_upper=0.43378098182920777, U_2-Qv_upper=-0.14721733232339707
INFO:root:eta=1, l=0.7411731640210326, r=1
INFO:root:Iter 22: Q=0.1572, term1=0.0045, term2=0.1063, penalty=0.05093589797616005
INFO:root:U_1-Qu_upper=0.4313630919852894, U_2-Qv_upper=-0.13690244960230252
INFO:root:eta=1, l=0.754114505819981, r=1
INFO:root:Iter 23: Q=0.1502, term1=0.0046, term2=0.1038, penalty=0.046366218477487564
INFO:root:U_1-Qu_upper=0.43126060953609513, U_2-Qv_upper=-0.13167844451305594
INFO:root:eta=1, l=0.7664087805289819, r=1
INFO:root:Iter 24: Q=0.1435, term1=0.0048, term2=0.1014, penalty=0.04210493341088295
INFO:root:U_1-Qu_upper=0.42267863599541955, U_2-Qv_upper=-0.12778147978055077
INFO:root:eta=1, l=0.7780883415025328, r=1
INFO:root:Iter 25: Q=0.1372, term1=0.0050, term2=0.0992, penalty=0.03805028647184372
INFO:root:U_1-Qu_upper=0.42021815510660615, U_2-Qv_upper=-0.12262854432419684
INFO:root:eta=1, l=0.7891839244274061, r=1
INFO:root:Iter 26: Q=0.1313, term1=0.0052, term2=0.0970, penalty=0.034293998032808304
INFO:root:U_1-Qu_upper=0.4200723226752952, U_2-Qv_upper=-0.11621312973683867
INFO:root:eta=1, l=0.7997247282060358, r=1
INFO:root:Iter 27: Q=0.1259, term1=0.0054, term2=0.0949, penalty=0.031053679063916206
INFO:root:U_1-Qu_upper=0.417125653198397, U_2-Qv_upper=-0.11540587495529919
INFO:root:eta=1, l=0.809738491795734, r=1
INFO:root:Iter 28: Q=0.1210, term1=0.0056, term2=0.0929, penalty=0.028099052608013153
INFO:root:U_1-Qu_upper=0.41568910032149486, U_2-Qv_upper=-0.10904613058684826
INFO:root:eta=1, l=0.8192515672059473, r=1
INFO:root:Iter 29: Q=0.1153, term1=0.0059, term2=0.0886, penalty=0.02662726864218712
INFO:root:U_1-Qu_upper=0.41040760600158, U_2-Qv_upper=-0.10363363975647605
INFO:root:eta=1, l=0.8282889888456499, r=1
INFO:root:Iter 30: Q=0.1109, term1=0.0060, term2=0.0869, penalty=0.024000022560358047
INFO:root:U_1-Qu_upper=0.4097728042160891, U_2-Qv_upper=-0.10020472956236592
INFO:root:eta=1, l=0.8368745394033674, r=1
INFO:root:Iter 31: Q=0.1068, term1=0.0062, term2=0.0853, penalty=0.021551620215177536
INFO:root:U_1-Qu_upper=0.4088125410408814, U_2-Qv_upper=-0.09780804640029278
INFO:root:eta=1, l=0.8450308124331991, r=1
INFO:root:Iter 32: Q=0.1033, term1=0.0063, term2=0.0840, penalty=0.019292209297418594
INFO:root:U_1-Qu_upper=0.4024514404967783, U_2-Qv_upper=-0.09613507262644916
INFO:root:eta=1, l=0.8527792718115391, r=1
INFO:root:Iter 33: Q=0.0997, term1=0.0065, term2=0.0825, penalty=0.017143312841653824
INFO:root:U_1-Qu_upper=0.40493209470816693, U_2-Qv_upper=-0.08753713328443946
INFO:root:eta=1, l=0.8601403082209622, r=1
INFO:root:Iter 34: Q=0.0965, term1=0.0067, term2=0.0813, penalty=0.015161450952291489
INFO:root:U_1-Qu_upper=0.40244628662198834, U_2-Qv_upper=-0.08117195470382599
INFO:root:eta=1, l=0.8671332928099141, r=1
INFO:root:Iter 35: Q=0.0936, term1=0.0068, term2=0.0801, penalty=0.013490770943462849
INFO:root:U_1-Qu_upper=0.40152690169564226, U_2-Qv_upper=-0.0869686015577108
INFO:root:eta=1, l=0.8737766281694185, r=1
INFO:root:Iter 36: Q=0.0909, term1=0.0070, term2=0.0789, penalty=0.012027992866933346
INFO:root:U_1-Qu_upper=0.397912717251903, U_2-Qv_upper=-0.07523965069697469
INFO:root:eta=1, l=0.8800877967609475, r=1
INFO:root:Iter 37: Q=0.0886, term1=0.0071, term2=0.0779, penalty=0.010655513033270836
INFO:root:U_1-Qu_upper=0.3983775559269135, U_2-Qv_upper=-0.0882296960672867
INFO:root:eta=1, l=0.8860834069229001, r=1
INFO:root:Iter 38: Q=0.0863, term1=0.0072, term2=0.0768, penalty=0.00951998308300972
INFO:root:U_1-Qu_upper=0.3971087568345958, U_2-Qv_upper=-0.07768152835239422
INFO:root:eta=1, l=0.8917792365767551, r=1
INFO:root:Iter 39: Q=0.0842, term1=0.0074, term2=0.0757, penalty=0.00846696738153696
INFO:root:U_1-Qu_upper=0.39604789665883966, U_2-Qv_upper=-0.07128983211086404
INFO:root:eta=1, l=0.8971902747479173, r=1
INFO:root:Iter 40: Q=0.0804, term1=0.0076, term2=0.0729, penalty=0.007475807331502438
INFO:root:U_1-Qu_upper=0.39218280979767517, U_2-Qv_upper=-0.06640241029695848
INFO:root:eta=1, l=0.9023307610105215, r=1
INFO:root:Iter 41: Q=0.0779, term1=0.0077, term2=0.0713, penalty=0.00657083373516798
INFO:root:U_1-Qu_upper=0.3885842767114811, U_2-Qv_upper=-0.0636846589280502
INFO:root:eta=1, l=0.9072142229599954, r=1
INFO:root:Iter 42: Q=0.0758, term1=0.0079, term2=0.0701, penalty=0.005709453020244837
INFO:root:U_1-Qu_upper=0.3921379508419919, U_2-Qv_upper=-0.06635533029334689
INFO:root:eta=1, l=0.9118535118119957, r=1
INFO:root:Iter 43: Q=0.0742, term1=0.0080, term2=0.0693, penalty=0.004902805667370558
INFO:root:U_1-Qu_upper=0.3843962478799385, U_2-Qv_upper=-0.05561250253214961
INFO:root:eta=1, l=0.9162608362213959, r=1
INFO:root:Iter 44: Q=0.0724, term1=0.0082, term2=0.0683, penalty=0.004159248899668455
INFO:root:U_1-Qu_upper=0.38367164077895055, U_2-Qv_upper=-0.05325328513762145
INFO:root:eta=1, l=0.9204477944103261, r=1
INFO:root:Iter 45: Q=0.0710, term1=0.0083, term2=0.0675, penalty=0.00352426222525537
INFO:root:U_1-Qu_upper=0.38224772169089405, U_2-Qv_upper=-0.05601703363089261
INFO:root:eta=1, l=0.9244254046898098, r=1
INFO:root:Iter 46: Q=0.0696, term1=0.0084, term2=0.0665, penalty=0.003087358083575964
INFO:root:U_1-Qu_upper=0.3833314009775903, U_2-Qv_upper=-0.0591892757660617
INFO:root:eta=1, l=0.9282041344553194, r=1
INFO:root:Iter 47: Q=0.0685, term1=0.0085, term2=0.0658, penalty=0.0026885077822953463
INFO:root:U_1-Qu_upper=0.3844418756909281, U_2-Qv_upper=-0.05200291253936906
INFO:root:eta=1, l=0.9317939277325534, r=1
INFO:root:Iter 48: Q=0.0673, term1=0.0087, term2=0.0650, penalty=0.0022906558588147163
INFO:root:U_1-Qu_upper=0.3794821342049068, U_2-Qv_upper=-0.04910369109415802
INFO:root:eta=1, l=0.9352042313459258, r=1
INFO:root:Iter 49: Q=0.0662, term1=0.0088, term2=0.0642, penalty=0.0019336577970534563
INFO:root:U_1-Qu_upper=0.3833974906468717, U_2-Qv_upper=-0.04517675807488514
INFO:root:eta=1, l=0.9384440197786295, r=1
INFO:root:Iter 50: Q=0.0652, term1=0.0089, term2=0.0636, penalty=0.0016007482772693038
/zhome/c3/3/213266/SC/distributional-counterfactual-explanation/HELOC_new.py:502: DeprecationWarning: __array_wrap__ must accept context and return_scalar arguments (positionally) in the future. (Deprecated NumPy 2.0)
  best_X_lsc_hinge = best_X_lsc_hinge * std.values + mean.values  # 恢复 X_s 到原始 scale
X Sliced Wasserstein Distance (SWD) with LSC constraint: 0.105470
Y Wasserstein Distance (WD) with LSC constraint: 0.079473
HELOC: LSC; lambda： 1 current seed： 43 lr： 1
INFO:root:Optimization started
INFO:root:U_1-Qu_upper=0.5, U_2-Qv_upper=-0.3590346200756343
INFO:root:eta=1, l=0.24000000000000002, r=1
INFO:root:Iter 1: Q=0.5484, term1=0.0001, term2=0.2515, penalty=0.29693514108657837
INFO:root:U_1-Qu_upper=0.5, U_2-Qv_upper=-0.3474911980440348
INFO:root:eta=1, l=0.278, r=1
INFO:root:Iter 2: Q=0.5106, term1=0.0002, term2=0.2368, penalty=0.27374303340911865
INFO:root:U_1-Qu_upper=0.5, U_2-Qv_upper=-0.32765128636789403
INFO:root:eta=1, l=0.31410000000000005, r=1
INFO:root:Iter 3: Q=0.4767, term1=0.0003, term2=0.2241, penalty=0.25259676575660706
INFO:root:U_1-Qu_upper=0.5, U_2-Qv_upper=-0.29384181824775296
INFO:root:eta=1, l=0.34839500000000007, r=1
INFO:root:Iter 4: Q=0.4449, term1=0.0005, term2=0.2120, penalty=0.23293918371200562
INFO:root:U_1-Qu_upper=0.5, U_2-Qv_upper=-0.286452708074774
INFO:root:eta=1, l=0.38097525000000004, r=1
INFO:root:Iter 5: Q=0.4156, term1=0.0007, term2=0.2008, penalty=0.2148319035768509
INFO:root:U_1-Qu_upper=0.4893927978059385, U_2-Qv_upper=-0.2790844392094373
INFO:root:eta=1, l=0.41192648750000005, r=1
INFO:root:Iter 6: Q=0.3886, term1=0.0009, term2=0.1905, penalty=0.1981368362903595
INFO:root:U_1-Qu_upper=0.48483719530316965, U_2-Qv_upper=-0.248826674123455
INFO:root:eta=1, l=0.44133016312500006, r=1
INFO:root:Iter 7: Q=0.3637, term1=0.0011, term2=0.1811, penalty=0.18258355557918549
INFO:root:U_1-Qu_upper=0.4807463678126984, U_2-Qv_upper=-0.24868862680290577
INFO:root:eta=1, l=0.46926365496875005, r=1
INFO:root:Iter 8: Q=0.3409, term1=0.0013, term2=0.1728, penalty=0.1681542545557022
INFO:root:U_1-Qu_upper=0.4784526711823833, U_2-Qv_upper=-0.23018808784472516
INFO:root:eta=1, l=0.49580047222031254, r=1
INFO:root:Iter 9: Q=0.3204, term1=0.0015, term2=0.1652, penalty=0.15511147677898407
INFO:root:U_1-Qu_upper=0.4740700729627358, U_2-Qv_upper=-0.22805028808761713
INFO:root:eta=1, l=0.5210104486092969, r=1
INFO:root:Iter 10: Q=0.3031, term1=0.0018, term2=0.1601, penalty=0.14298896491527557
INFO:root:U_1-Qu_upper=0.46863871596181417, U_2-Qv_upper=-0.2172272712997098
INFO:root:eta=1, l=0.544959926178832, r=1
INFO:root:Iter 11: Q=0.2842, term1=0.0020, term2=0.1523, penalty=0.131851464509964
INFO:root:U_1-Qu_upper=0.4607437487598056, U_2-Qv_upper=-0.20648873404516327
INFO:root:eta=1, l=0.5677119298698905, r=1
INFO:root:Iter 12: Q=0.2680, term1=0.0023, term2=0.1464, penalty=0.12162947654724121
INFO:root:U_1-Qu_upper=0.4601673350826827, U_2-Qv_upper=-0.19849832886344726
INFO:root:eta=1, l=0.589326333376396, r=1
INFO:root:Iter 13: Q=0.2534, term1=0.0025, term2=0.1413, penalty=0.11205179244279861
INFO:root:U_1-Qu_upper=0.4543581403866657, U_2-Qv_upper=-0.18441222128600093
INFO:root:eta=1, l=0.6098600167075762, r=1
INFO:root:Iter 14: Q=0.2392, term1=0.0028, term2=0.1360, penalty=0.10315366834402084
INFO:root:U_1-Qu_upper=0.44682563145792153, U_2-Qv_upper=-0.18005967345291496
INFO:root:eta=1, l=0.6293670158721973, r=1
INFO:root:Iter 15: Q=0.2260, term1=0.0030, term2=0.1313, penalty=0.09474585950374603
INFO:root:U_1-Qu_upper=0.4458791771321707, U_2-Qv_upper=-0.17377245191488538
INFO:root:eta=1, l=0.6478986650785875, r=1
INFO:root:Iter 16: Q=0.2139, term1=0.0033, term2=0.1270, penalty=0.0869249477982521
INFO:root:U_1-Qu_upper=0.43862193178796816, U_2-Qv_upper=-0.17528914643461907
INFO:root:eta=1, l=0.6655037318246582, r=1
INFO:root:Iter 17: Q=0.2023, term1=0.0035, term2=0.1227, penalty=0.07960239052772522
INFO:root:U_1-Qu_upper=0.43502883648051793, U_2-Qv_upper=-0.16135276156122003
INFO:root:eta=1, l=0.6822285452334252, r=1
INFO:root:Iter 18: Q=0.1918, term1=0.0038, term2=0.1190, penalty=0.0727962926030159
INFO:root:U_1-Qu_upper=0.4302614851130276, U_2-Qv_upper=-0.16356559626466
INFO:root:eta=1, l=0.698117117971754, r=1
INFO:root:Iter 19: Q=0.1823, term1=0.0040, term2=0.1157, penalty=0.06657625734806061
INFO:root:U_1-Qu_upper=0.429349875877349, U_2-Qv_upper=-0.14606605442141446
INFO:root:eta=1, l=0.7132112620731663, r=1
INFO:root:Iter 20: Q=0.1737, term1=0.0042, term2=0.1127, penalty=0.06091208755970001
INFO:root:U_1-Qu_upper=0.4249935372707548, U_2-Qv_upper=-0.14952209617309747
INFO:root:eta=1, l=0.727550698969508, r=1
INFO:root:Iter 21: Q=0.1655, term1=0.0044, term2=0.1098, penalty=0.0556611604988575
INFO:root:U_1-Qu_upper=0.4205456613849279, U_2-Qv_upper=-0.13757146800806958
INFO:root:eta=1, l=0.7411731640210326, r=1
INFO:root:Iter 22: Q=0.1577, term1=0.0047, term2=0.1071, penalty=0.050676096230745316
INFO:root:U_1-Qu_upper=0.4186601062343305, U_2-Qv_upper=-0.1370718613055985
INFO:root:eta=1, l=0.754114505819981, r=1
INFO:root:Iter 23: Q=0.1506, term1=0.0049, term2=0.1045, penalty=0.046064749360084534
INFO:root:U_1-Qu_upper=0.41347894300603, U_2-Qv_upper=-0.12550760496262814
INFO:root:eta=1, l=0.7664087805289819, r=1
INFO:root:Iter 24: Q=0.1438, term1=0.0051, term2=0.1020, penalty=0.04180531948804855
INFO:root:U_1-Qu_upper=0.4132903389999283, U_2-Qv_upper=-0.126720824482784
INFO:root:eta=1, l=0.7780883415025328, r=1
INFO:root:Iter 25: Q=0.1376, term1=0.0053, term2=0.0998, penalty=0.03778017684817314
INFO:root:U_1-Qu_upper=0.4098411298953639, U_2-Qv_upper=-0.1139425484083621
INFO:root:eta=1, l=0.7891839244274061, r=1
INFO:root:Iter 26: Q=0.1318, term1=0.0056, term2=0.0976, penalty=0.03411680459976196
INFO:root:U_1-Qu_upper=0.40649176089641986, U_2-Qv_upper=-0.12453213312010158
INFO:root:eta=1, l=0.7997247282060358, r=1
INFO:root:Iter 27: Q=0.1265, term1=0.0058, term2=0.0957, penalty=0.030806371942162514
INFO:root:U_1-Qu_upper=0.40524285255717096, U_2-Qv_upper=-0.10935583215349098
INFO:root:eta=1, l=0.809738491795734, r=1
INFO:root:Iter 28: Q=0.1218, term1=0.0060, term2=0.0938, penalty=0.027924150228500366
INFO:root:U_1-Qu_upper=0.40056699849714217, U_2-Qv_upper=-0.11284811059059291
INFO:root:eta=1, l=0.8192515672059473, r=1
INFO:root:Iter 29: Q=0.1161, term1=0.0063, term2=0.0898, penalty=0.026325378566980362
INFO:root:U_1-Qu_upper=0.3982112132923482, U_2-Qv_upper=-0.10235743453077234
INFO:root:eta=1, l=0.8282889888456499, r=1
INFO:root:Iter 30: Q=0.1113, term1=0.0065, term2=0.0876, penalty=0.02369822934269905
INFO:root:U_1-Qu_upper=0.39814264884241823, U_2-Qv_upper=-0.09750362197501139
INFO:root:eta=1, l=0.8368745394033674, r=1
INFO:root:Iter 31: Q=0.1075, term1=0.0067, term2=0.0862, penalty=0.02126643806695938
INFO:root:U_1-Qu_upper=0.39433994037476827, U_2-Qv_upper=-0.09114210591675709
INFO:root:eta=1, l=0.8450308124331991, r=1
INFO:root:Iter 32: Q=0.1038, term1=0.0069, term2=0.0848, penalty=0.01901492476463318
INFO:root:U_1-Qu_upper=0.39263427954067937, U_2-Qv_upper=-0.08555528072133678
INFO:root:eta=1, l=0.8527792718115391, r=1
INFO:root:Iter 33: Q=0.1002, term1=0.0071, term2=0.0833, penalty=0.01690230704843998
INFO:root:U_1-Qu_upper=0.38926248296773336, U_2-Qv_upper=-0.09439372307193938
INFO:root:eta=1, l=0.8601403082209622, r=1
INFO:root:Iter 34: Q=0.0972, term1=0.0073, term2=0.0822, penalty=0.014990421943366528
INFO:root:U_1-Qu_upper=0.38648705879403034, U_2-Qv_upper=-0.09128018709981611
INFO:root:eta=1, l=0.8671332928099141, r=1
INFO:root:Iter 35: Q=0.0942, term1=0.0075, term2=0.0809, penalty=0.013370239175856113
INFO:root:U_1-Qu_upper=0.38334722319568926, U_2-Qv_upper=-0.09372817799293348
INFO:root:eta=1, l=0.8737766281694185, r=1
INFO:root:Iter 36: Q=0.0917, term1=0.0076, term2=0.0799, penalty=0.011835630051791668
INFO:root:U_1-Qu_upper=0.3854658339534677, U_2-Qv_upper=-0.07953077089221344
INFO:root:eta=1, l=0.8800877967609475, r=1
INFO:root:Iter 37: Q=0.0894, term1=0.0078, term2=0.0788, penalty=0.010593484155833721
INFO:root:U_1-Qu_upper=0.38317840486773863, U_2-Qv_upper=-0.08008848986749095
INFO:root:eta=1, l=0.8860834069229001, r=1
INFO:root:Iter 38: Q=0.0871, term1=0.0080, term2=0.0777, penalty=0.009473803453147411
INFO:root:U_1-Qu_upper=0.3822269427723168, U_2-Qv_upper=-0.06422039752593306
INFO:root:eta=1, l=0.8917792365767551, r=1
INFO:root:Iter 39: Q=0.0850, term1=0.0082, term2=0.0766, penalty=0.00842966977506876
INFO:root:U_1-Qu_upper=0.3798096398728235, U_2-Qv_upper=-0.0787374094475175
INFO:root:eta=1, l=0.8971902747479173, r=1
INFO:root:Iter 40: Q=0.0812, term1=0.0083, term2=0.0738, penalty=0.007455996237695217
INFO:root:U_1-Qu_upper=0.377270903696589, U_2-Qv_upper=-0.0669839855554541
INFO:root:eta=1, l=0.9023307610105215, r=1
INFO:root:Iter 41: Q=0.0787, term1=0.0085, term2=0.0722, penalty=0.00656217522919178
INFO:root:U_1-Qu_upper=0.37715039774325737, U_2-Qv_upper=-0.07375281780194987
INFO:root:eta=1, l=0.9072142229599954, r=1
INFO:root:Iter 42: Q=0.0767, term1=0.0087, term2=0.0710, penalty=0.005701314192265272
INFO:root:U_1-Qu_upper=0.3744592381110673, U_2-Qv_upper=-0.057418025105488546
INFO:root:eta=1, l=0.9118535118119957, r=1
INFO:root:Iter 43: Q=0.0750, term1=0.0089, term2=0.0701, penalty=0.004911741241812706
INFO:root:U_1-Qu_upper=0.37090235075392564, U_2-Qv_upper=-0.05629602702732106
INFO:root:eta=1, l=0.9162608362213959, r=1
INFO:root:Iter 44: Q=0.0733, term1=0.0091, term2=0.0691, penalty=0.0041754464618861675
INFO:root:U_1-Qu_upper=0.3707719282151981, U_2-Qv_upper=-0.06650693400733498
INFO:root:eta=1, l=0.9204477944103261, r=1
INFO:root:Iter 45: Q=0.0717, term1=0.0092, term2=0.0682, penalty=0.003548824694007635
INFO:root:U_1-Qu_upper=0.36925194030008407, U_2-Qv_upper=-0.05497248455655207
INFO:root:eta=1, l=0.9244254046898098, r=1
INFO:root:Iter 46: Q=0.0706, term1=0.0094, term2=0.0674, penalty=0.003106927266344428
INFO:root:U_1-Qu_upper=0.36584159348218, U_2-Qv_upper=-0.047263560970166985
INFO:root:eta=1, l=0.9282041344553194, r=1
INFO:root:Iter 47: Q=0.0691, term1=0.0096, term2=0.0665, penalty=0.0026948493905365467
INFO:root:U_1-Qu_upper=0.365258541008911, U_2-Qv_upper=-0.0637915171949307
INFO:root:eta=1, l=0.9317939277325534, r=1
INFO:root:Iter 48: Q=0.0681, term1=0.0097, term2=0.0658, penalty=0.002310575684532523
INFO:root:U_1-Qu_upper=0.3666976408719957, U_2-Qv_upper=-0.05166502358358199
INFO:root:eta=1, l=0.9352042313459258, r=1
INFO:root:Iter 49: Q=0.0670, term1=0.0098, term2=0.0650, penalty=0.001952233025804162
INFO:root:U_1-Qu_upper=0.3631780853834077, U_2-Qv_upper=-0.05181022300722887
INFO:root:eta=1, l=0.9384440197786295, r=1
INFO:root:Iter 50: Q=0.0660, term1=0.0100, term2=0.0644, penalty=0.0016292008804157376
/zhome/c3/3/213266/SC/distributional-counterfactual-explanation/HELOC_new.py:502: DeprecationWarning: __array_wrap__ must accept context and return_scalar arguments (positionally) in the future. (Deprecated NumPy 2.0)
  best_X_lsc_hinge = best_X_lsc_hinge * std.values + mean.values  # 恢复 X_s 到原始 scale
X Sliced Wasserstein Distance (SWD) with LSC constraint: 0.111797
Y Wasserstein Distance (WD) with LSC constraint: 0.080465
HELOC: LSC; lambda： 1 current seed： 44 lr： 1
INFO:root:Optimization started
INFO:root:U_1-Qu_upper=0.5, U_2-Qv_upper=-0.35405236700203585
INFO:root:eta=1, l=0.24000000000000002, r=1
INFO:root:Iter 1: Q=0.5489, term1=0.0001, term2=0.2542, penalty=0.29473114013671875
INFO:root:U_1-Qu_upper=0.5, U_2-Qv_upper=-0.33550603966334075
INFO:root:eta=1, l=0.278, r=1
INFO:root:Iter 2: Q=0.5104, term1=0.0002, term2=0.2388, penalty=0.27157577872276306
INFO:root:U_1-Qu_upper=0.5, U_2-Qv_upper=-0.32832369982820503
INFO:root:eta=1, l=0.31410000000000005, r=1
INFO:root:Iter 3: Q=0.4757, term1=0.0003, term2=0.2254, penalty=0.25022605061531067
INFO:root:U_1-Qu_upper=0.5, U_2-Qv_upper=-0.3059565618668428
INFO:root:eta=1, l=0.34839500000000007, r=1
INFO:root:Iter 4: Q=0.4442, term1=0.0005, term2=0.2133, penalty=0.23085997998714447
INFO:root:U_1-Qu_upper=0.5, U_2-Qv_upper=-0.2875917958390049
INFO:root:eta=1, l=0.38097525000000004, r=1
INFO:root:Iter 5: Q=0.4151, term1=0.0006, term2=0.2021, penalty=0.2130073457956314
INFO:root:U_1-Qu_upper=0.5, U_2-Qv_upper=-0.2673862690254017
INFO:root:eta=1, l=0.41192648750000005, r=1
INFO:root:Iter 6: Q=0.3885, term1=0.0008, term2=0.1920, penalty=0.1964293271303177
INFO:root:U_1-Qu_upper=0.5, U_2-Qv_upper=-0.2755055722562189
INFO:root:eta=1, l=0.44133016312500006, r=1
INFO:root:Iter 7: Q=0.3638, term1=0.0010, term2=0.1828, penalty=0.18096518516540527
INFO:root:U_1-Qu_upper=0.5, U_2-Qv_upper=-0.25400648555225797
INFO:root:eta=1, l=0.46926365496875005, r=1
INFO:root:Iter 8: Q=0.3410, term1=0.0012, term2=0.1743, penalty=0.16662703454494476
INFO:root:U_1-Qu_upper=0.48656390923079285, U_2-Qv_upper=-0.2517259872170356
INFO:root:eta=1, l=0.49580047222031254, r=1
INFO:root:Iter 9: Q=0.3200, term1=0.0014, term2=0.1666, penalty=0.1534612476825714
INFO:root:U_1-Qu_upper=0.4765974612904262, U_2-Qv_upper=-0.23194348217698962
INFO:root:eta=1, l=0.5210104486092969, r=1
INFO:root:Iter 10: Q=0.3023, term1=0.0016, term2=0.1608, penalty=0.14148391783237457
INFO:root:U_1-Qu_upper=0.4763547379181698, U_2-Qv_upper=-0.20797215226206528
INFO:root:eta=1, l=0.544959926178832, r=1
INFO:root:Iter 11: Q=0.2834, term1=0.0019, term2=0.1531, penalty=0.13032874464988708
INFO:root:U_1-Qu_upper=0.4659922261819234, U_2-Qv_upper=-0.2144006451086518
INFO:root:eta=1, l=0.5677119298698905, r=1
INFO:root:Iter 12: Q=0.2674, term1=0.0020, term2=0.1472, penalty=0.12017081677913666
INFO:root:U_1-Qu_upper=0.46368491140719614, U_2-Qv_upper=-0.2008366222015418
INFO:root:eta=1, l=0.589326333376396, r=1
INFO:root:Iter 13: Q=0.2527, term1=0.0022, term2=0.1420, penalty=0.11071982234716415
INFO:root:U_1-Qu_upper=0.4605419686374397, U_2-Qv_upper=-0.19454110092066235
INFO:root:eta=1, l=0.6098600167075762, r=1
INFO:root:Iter 14: Q=0.2387, term1=0.0025, term2=0.1367, penalty=0.10193727165460587
INFO:root:U_1-Qu_upper=0.45811049615879607, U_2-Qv_upper=-0.18206323524493462
INFO:root:eta=1, l=0.6293670158721973, r=1
INFO:root:Iter 15: Q=0.2256, term1=0.0027, term2=0.1320, penalty=0.09358573704957962
INFO:root:U_1-Qu_upper=0.45200463792426115, U_2-Qv_upper=-0.17285613885403728
INFO:root:eta=1, l=0.6478986650785875, r=1
INFO:root:Iter 16: Q=0.2136, term1=0.0029, term2=0.1277, penalty=0.08589117228984833
INFO:root:U_1-Qu_upper=0.4526221211969444, U_2-Qv_upper=-0.16184894050291243
INFO:root:eta=1, l=0.6655037318246582, r=1
INFO:root:Iter 17: Q=0.2022, term1=0.0031, term2=0.1235, penalty=0.07865162938833237
INFO:root:U_1-Qu_upper=0.4493666590771032, U_2-Qv_upper=-0.1703223827423142
INFO:root:eta=1, l=0.6822285452334252, r=1
INFO:root:Iter 18: Q=0.1918, term1=0.0033, term2=0.1198, penalty=0.07191558927297592
INFO:root:U_1-Qu_upper=0.4419861202601306, U_2-Qv_upper=-0.16183622079353516
INFO:root:eta=1, l=0.698117117971754, r=1
INFO:root:Iter 19: Q=0.1821, term1=0.0034, term2=0.1164, penalty=0.06569867581129074
INFO:root:U_1-Qu_upper=0.4423916936269514, U_2-Qv_upper=-0.14862916215865513
INFO:root:eta=1, l=0.7132112620731663, r=1
INFO:root:Iter 20: Q=0.1736, term1=0.0036, term2=0.1135, penalty=0.0600569061934948
INFO:root:U_1-Qu_upper=0.4383310950348731, U_2-Qv_upper=-0.14231903445895028
INFO:root:eta=1, l=0.727550698969508, r=1
INFO:root:Iter 21: Q=0.1653, term1=0.0038, term2=0.1105, penalty=0.0548735111951828
INFO:root:U_1-Qu_upper=0.43210352317849304, U_2-Qv_upper=-0.146829400703804
INFO:root:eta=1, l=0.7411731640210326, r=1
INFO:root:Iter 22: Q=0.1575, term1=0.0040, term2=0.1076, penalty=0.049926988780498505
INFO:root:U_1-Qu_upper=0.43152545395286723, U_2-Qv_upper=-0.13412768721373525
INFO:root:eta=1, l=0.754114505819981, r=1
INFO:root:Iter 23: Q=0.1505, term1=0.0041, term2=0.1051, penalty=0.04535510763525963
INFO:root:U_1-Qu_upper=0.4288764565788764, U_2-Qv_upper=-0.12828948305282312
INFO:root:eta=1, l=0.7664087805289819, r=1
INFO:root:Iter 24: Q=0.1437, term1=0.0043, term2=0.1025, penalty=0.04115106165409088
INFO:root:U_1-Qu_upper=0.43128032582878384, U_2-Qv_upper=-0.13099746190291012
INFO:root:eta=1, l=0.7780883415025328, r=1
INFO:root:Iter 25: Q=0.1372, term1=0.0045, term2=0.1000, penalty=0.037172749638557434
INFO:root:U_1-Qu_upper=0.4236517272940804, U_2-Qv_upper=-0.12229631256861834
INFO:root:eta=1, l=0.7891839244274061, r=1
INFO:root:Iter 26: Q=0.1314, term1=0.0046, term2=0.0980, penalty=0.0334567092359066
INFO:root:U_1-Qu_upper=0.42171832230899153, U_2-Qv_upper=-0.11600847305275214
INFO:root:eta=1, l=0.7997247282060358, r=1
INFO:root:Iter 27: Q=0.1262, term1=0.0048, term2=0.0960, penalty=0.030222853645682335
INFO:root:U_1-Qu_upper=0.41858527506265003, U_2-Qv_upper=-0.11622658762335758
INFO:root:eta=1, l=0.809738491795734, r=1
INFO:root:Iter 28: Q=0.1214, term1=0.0049, term2=0.0941, penalty=0.027348846197128296
INFO:root:U_1-Qu_upper=0.4152058814651469, U_2-Qv_upper=-0.1129072975430358
INFO:root:eta=1, l=0.8192515672059473, r=1
INFO:root:Iter 29: Q=0.1168, term1=0.0051, term2=0.0921, penalty=0.024675313383340836
INFO:root:U_1-Qu_upper=0.41659418845490137, U_2-Qv_upper=-0.10752562283630451
INFO:root:eta=1, l=0.8282889888456499, r=1
INFO:root:Iter 30: Q=0.1113, term1=0.0053, term2=0.0881, penalty=0.023240406066179276
INFO:root:U_1-Qu_upper=0.41360101816907924, U_2-Qv_upper=-0.10245234739079101
INFO:root:eta=1, l=0.8368745394033674, r=1
INFO:root:Iter 31: Q=0.1072, term1=0.0054, term2=0.0864, penalty=0.02081790380179882
INFO:root:U_1-Qu_upper=0.4103231342673038, U_2-Qv_upper=-0.09427705072853243
INFO:root:eta=1, l=0.8450308124331991, r=1
INFO:root:Iter 32: Q=0.1036, term1=0.0055, term2=0.0849, penalty=0.01863398216664791
INFO:root:U_1-Qu_upper=0.4123669901788198, U_2-Qv_upper=-0.08685435990352647
INFO:root:eta=1, l=0.8527792718115391, r=1
INFO:root:Iter 33: Q=0.1001, term1=0.0057, term2=0.0836, penalty=0.016524216160178185
INFO:root:U_1-Qu_upper=0.41057895772688213, U_2-Qv_upper=-0.09365701102478241
INFO:root:eta=1, l=0.8601403082209622, r=1
INFO:root:Iter 34: Q=0.0970, term1=0.0058, term2=0.0823, penalty=0.014640712179243565
INFO:root:U_1-Qu_upper=0.404590908455957, U_2-Qv_upper=-0.0899246503600869
INFO:root:eta=1, l=0.8671332928099141, r=1
INFO:root:Iter 35: Q=0.0921, term1=0.0060, term2=0.0791, penalty=0.013031195849180222
INFO:root:U_1-Qu_upper=0.4033197783071894, U_2-Qv_upper=-0.08470265640530672
INFO:root:eta=1, l=0.8737766281694185, r=1
INFO:root:Iter 36: Q=0.0888, term1=0.0061, term2=0.0772, penalty=0.011583265848457813
INFO:root:U_1-Qu_upper=0.4027161408440294, U_2-Qv_upper=-0.08101757456382586
INFO:root:eta=1, l=0.8800877967609475, r=1
INFO:root:Iter 37: Q=0.0865, term1=0.0062, term2=0.0761, penalty=0.010394147597253323
INFO:root:U_1-Qu_upper=0.40153333652753276, U_2-Qv_upper=-0.07350480772909607
INFO:root:eta=1, l=0.8860834069229001, r=1
INFO:root:Iter 38: Q=0.0842, term1=0.0063, term2=0.0749, penalty=0.009287913329899311
INFO:root:U_1-Qu_upper=0.4005713293302271, U_2-Qv_upper=-0.06865366423919844
INFO:root:eta=1, l=0.8917792365767551, r=1
INFO:root:Iter 39: Q=0.0823, term1=0.0065, term2=0.0741, penalty=0.008262078277766705
INFO:root:U_1-Qu_upper=0.40078655245414097, U_2-Qv_upper=-0.07352050590457793
INFO:root:eta=1, l=0.8971902747479173, r=1
INFO:root:Iter 40: Q=0.0802, term1=0.0066, term2=0.0729, penalty=0.007294348906725645
INFO:root:U_1-Qu_upper=0.3983833431884856, U_2-Qv_upper=-0.07284485442240424
INFO:root:eta=1, l=0.9023307610105215, r=1
INFO:root:Iter 41: Q=0.0784, term1=0.0067, term2=0.0720, penalty=0.006397279445081949
INFO:root:U_1-Qu_upper=0.39508680308183597, U_2-Qv_upper=-0.065647044597273
INFO:root:eta=1, l=0.9072142229599954, r=1
INFO:root:Iter 42: Q=0.0765, term1=0.0068, term2=0.0710, penalty=0.005560747347772121
INFO:root:U_1-Qu_upper=0.39451372090943476, U_2-Qv_upper=-0.06434471765799166
INFO:root:eta=1, l=0.9118535118119957, r=1
INFO:root:Iter 43: Q=0.0749, term1=0.0070, term2=0.0702, penalty=0.004771895240992308
INFO:root:U_1-Qu_upper=0.3935169871504233, U_2-Qv_upper=-0.06473479578988894
INFO:root:eta=1, l=0.9162608362213959, r=1
INFO:root:Iter 44: Q=0.0732, term1=0.0071, term2=0.0692, penalty=0.0040368130430579185
INFO:root:U_1-Qu_upper=0.38984120270765077, U_2-Qv_upper=-0.057086899132916924
INFO:root:eta=1, l=0.9204477944103261, r=1
INFO:root:Iter 45: Q=0.0718, term1=0.0072, term2=0.0684, penalty=0.0034828046336770058
INFO:root:U_1-Qu_upper=0.3870235680715123, U_2-Qv_upper=-0.06250666941578892
INFO:root:eta=1, l=0.9244254046898098, r=1
INFO:root:Iter 46: Q=0.0705, term1=0.0074, term2=0.0675, penalty=0.003043327247723937
INFO:root:U_1-Qu_upper=0.38770987372207477, U_2-Qv_upper=-0.05931588858129472
INFO:root:eta=1, l=0.9282041344553194, r=1
INFO:root:Iter 47: Q=0.0692, term1=0.0075, term2=0.0666, penalty=0.0026379087939858437
INFO:root:U_1-Qu_upper=0.38478792536502593, U_2-Qv_upper=-0.050577122808594
INFO:root:eta=1, l=0.9317939277325534, r=1
INFO:root:Iter 48: Q=0.0682, term1=0.0076, term2=0.0660, penalty=0.002249274170026183
INFO:root:U_1-Qu_upper=0.38796907478021553, U_2-Qv_upper=-0.05237691206728773
INFO:root:eta=1, l=0.9352042313459258, r=1
INFO:root:Iter 49: Q=0.0671, term1=0.0077, term2=0.0652, penalty=0.0018950682133436203
INFO:root:U_1-Qu_upper=0.38478365017697463, U_2-Qv_upper=-0.04245502036369447
INFO:root:eta=1, l=0.9384440197786295, r=1
INFO:root:Iter 50: Q=0.0661, term1=0.0078, term2=0.0645, penalty=0.001570838037878275
/zhome/c3/3/213266/SC/distributional-counterfactual-explanation/HELOC_new.py:502: DeprecationWarning: __array_wrap__ must accept context and return_scalar arguments (positionally) in the future. (Deprecated NumPy 2.0)
  best_X_lsc_hinge = best_X_lsc_hinge * std.values + mean.values  # 恢复 X_s 到原始 scale
X Sliced Wasserstein Distance (SWD) with LSC constraint: 0.098714
Y Wasserstein Distance (WD) with LSC constraint: 0.080643

------------------------------------------------------------
Sender: LSF System <lsfadmin@hpc.dtu.dk>
Subject: Job 27714561: <NONAME> in cluster <dcc> Done

Job <NONAME> was submitted from host <hpclogin1> by user <s242612> in cluster <dcc> at Sun Feb  1 05:22:47 2026
Job was executed on host(s) <4*n-62-20-5>, in queue <gpuv100>, as user <s242612> in cluster <dcc> at Sun Feb  1 05:22:47 2026
</zhome/c3/3/213266> was used as the home directory.
</zhome/c3/3/213266/SC/distributional-counterfactual-explanation> was used as the working directory.
Started at Sun Feb  1 05:22:47 2026
Terminated at Sun Feb  1 07:24:04 2026
Results reported at Sun Feb  1 07:24:04 2026

Your job looked like:

------------------------------------------------------------
# LSBATCH: User input
#!/bin/bash
#BSUB -q gpuv100              # 指定队列类型
#BSUB -gpu "num=1"             # 请求一个 GPU
#BSUB -n 4                     # 请求 4 个 CPU 核心
#BSUB -R "rusage[mem=4096]"     # 请求 4096MB 内存
#BSUB -W 6:00                  # 设置最大运行时长为 6 小时
#BSUB -o output_%J.log         # 输出日志文件名设置为 output_<job_id>.log

# 激活虚拟环境
source ~/myenv/bin/activate

# 运行你的 Python 脚本
python HELOC_new.py
# python Cardio.py
# python Cardio.py
# python cardio_new.py
# python market_new.py




------------------------------------------------------------

Successfully completed.

Resource usage summary:

    CPU time :                                   7285.90 sec.
    Max Memory :                                 7648 MB
    Average Memory :                             7475.52 MB
    Total Requested Memory :                     16384.00 MB
    Delta Memory :                               8736.00 MB
    Max Swap :                                   -
    Max Processes :                              4
    Max Threads :                                8
    Run time :                                   7325 sec.
    Turnaround time :                            7277 sec.

The output (if any) is above this job summary.

