/zhome/c3/3/213266/myenv/lib64/python3.9/site-packages/networkx/utils/backends.py:135: RuntimeWarning: networkx backend defined more than once: nx-loopback
  backends.update(_get_backends("networkx.backends"))
/zhome/c3/3/213266/SC/distributional-counterfactual-explanation/HELOC_new.py:47: FutureWarning: Downcasting behavior in `replace` is deprecated and will be removed in a future version. To retain the old behavior, explicitly call `result.infer_objects(copy=False)`. To opt-in to the future behavior, set `pd.set_option('future.no_silent_downcasting', True)`
  target = df_heloc[target_name].replace({'Good': 0, 'Bad': 1})
INFO:root:Optimization started
INFO:root:U_1-Qu_upper=0.5, U_2-Qv_upper=-0.35097130093192136
INFO:root:eta=1, l=0.24000000000000002, r=1
INFO:root:Iter 1: Q=0.1593, term1=0.0056, term2=0.1593, penalty=0.0
INFO:root:U_1-Qu_upper=0.4685806946539578, U_2-Qv_upper=-0.21379329765643346
INFO:root:eta=1, l=0.278, r=1
INFO:root:Iter 2: Q=0.1108, term1=0.0086, term2=0.1108, penalty=0.0
INFO:root:U_1-Qu_upper=0.41981393652636245, U_2-Qv_upper=-0.13370728724573072
INFO:root:eta=1, l=0.31410000000000005, r=1
INFO:root:Iter 3: Q=0.0866, term1=0.0077, term2=0.0866, penalty=0.0
INFO:root:U_1-Qu_upper=0.39587356619359515, U_2-Qv_upper=-0.09966869317178173
INFO:root:eta=1, l=0.34839500000000007, r=1
INFO:root:Iter 4: Q=0.0743, term1=0.0093, term2=0.0743, penalty=0.0
INFO:root:U_1-Qu_upper=0.3770455370265777, U_2-Qv_upper=-0.07125572848094813
INFO:root:eta=1, l=0.38097525000000004, r=1
INFO:root:Iter 5: Q=0.0659, term1=0.0106, term2=0.0659, penalty=0.0
INFO:root:U_1-Qu_upper=0.3634007008320488, U_2-Qv_upper=-0.05344526739380112
INFO:root:eta=1, l=0.41192648750000005, r=1
INFO:root:Iter 6: Q=0.0576, term1=0.0121, term2=0.0576, penalty=0.0
INFO:root:U_1-Qu_upper=0.3537974307090031, U_2-Qv_upper=-0.04365751027361531
INFO:root:eta=1, l=0.44133016312500006, r=1
INFO:root:Iter 7: Q=0.0524, term1=0.0131, term2=0.0524, penalty=0.0
INFO:root:U_1-Qu_upper=0.3460952416868356, U_2-Qv_upper=-0.0218422194797398
INFO:root:eta=1, l=0.46926365496875005, r=1
INFO:root:Iter 8: Q=0.0491, term1=0.0142, term2=0.0491, penalty=0.0
INFO:root:U_1-Qu_upper=0.3383584176773379, U_2-Qv_upper=-0.008786015884599818
INFO:root:eta=1, l=0.49580047222031254, r=1
INFO:root:Iter 9: Q=0.0445, term1=0.0149, term2=0.0445, penalty=0.0
INFO:root:U_1-Qu_upper=0.33203066058837544, U_2-Qv_upper=0.001302654391759528
INFO:root:eta=0.998029606703955, l=0.5210104486092969, r=1
INFO:root:Iter 10: Q=0.0404, term1=0.0156, term2=0.0405, penalty=0.0
INFO:root:U_1-Qu_upper=0.32861417385106884, U_2-Qv_upper=0.008424178804200155
INFO:root:eta=0.9880277909191358, l=0.544959926178832, r=1
INFO:root:Iter 11: Q=0.0350, term1=0.0170, term2=0.0352, penalty=0.0
INFO:root:U_1-Qu_upper=0.3248315564334239, U_2-Qv_upper=0.026482722135676706
INFO:root:eta=0.9656982349687403, l=0.5677119298698905, r=1
INFO:root:Iter 12: Q=0.0351, term1=0.0154, term2=0.0358, penalty=0.0
INFO:root:U_1-Qu_upper=0.3272176838558383, U_2-Qv_upper=0.026803404032062106
INFO:root:eta=0.9672708993945394, l=0.589326333376396, r=1
INFO:root:Iter 13: Q=0.0309, term1=0.0146, term2=0.0314, penalty=0.0
INFO:root:U_1-Qu_upper=0.33258841922261895, U_2-Qv_upper=0.046982250759920685
INFO:root:eta=0.9491679028132132, l=0.6098600167075762, r=1
INFO:root:Iter 14: Q=0.0291, term1=0.0139, term2=0.0299, penalty=0.0
INFO:root:U_1-Qu_upper=0.33988496456575473, U_2-Qv_upper=0.04728252336196209
INFO:root:eta=0.9523544629917285, l=0.6293670158721973, r=1
INFO:root:Iter 15: Q=0.0276, term1=0.0122, term2=0.0283, penalty=0.0
INFO:root:U_1-Qu_upper=0.350831364289325, U_2-Qv_upper=0.05934371731647134
INFO:root:eta=0.9463771934849547, l=0.6478986650785875, r=1
INFO:root:Iter 16: Q=0.0271, term1=0.0113, term2=0.0280, penalty=0.0
INFO:root:U_1-Qu_upper=0.357314651201844, U_2-Qv_upper=0.055207920148788975
INFO:root:eta=0.9528782574999977, l=0.6655037318246582, r=1
INFO:root:Iter 17: Q=0.0272, term1=0.0104, term2=0.0280, penalty=0.0
INFO:root:U_1-Qu_upper=0.36520373769121606, U_2-Qv_upper=0.05629741922861081
INFO:root:eta=0.9553233097211762, l=0.6822285452334252, r=1
INFO:root:Iter 18: Q=0.0263, term1=0.0099, term2=0.0271, penalty=0.0
INFO:root:U_1-Qu_upper=0.3662399996473976, U_2-Qv_upper=0.0574643894876809
INFO:root:eta=0.956902635155493, l=0.698117117971754, r=1
INFO:root:Iter 19: Q=0.0269, term1=0.0091, term2=0.0277, penalty=0.0
INFO:root:U_1-Qu_upper=0.37583006480384307, U_2-Qv_upper=0.05655489917138276
INFO:root:eta=0.9605144549946651, l=0.7132112620731663, r=1
INFO:root:Iter 20: Q=0.0254, term1=0.0089, term2=0.0261, penalty=0.0
INFO:root:U_1-Qu_upper=0.379603634730322, U_2-Qv_upper=0.06186384901895953
INFO:root:eta=0.959811637693526, l=0.727550698969508, r=1
INFO:root:Iter 21: Q=0.0255, term1=0.0084, term2=0.0262, penalty=0.0
INFO:root:U_1-Qu_upper=0.3833707445064367, U_2-Qv_upper=0.06065761406590281
INFO:root:eta=0.962781375929303, l=0.7411731640210326, r=1
INFO:root:Iter 22: Q=0.0253, term1=0.0082, term2=0.0260, penalty=0.0
INFO:root:U_1-Qu_upper=0.38397168560519646, U_2-Qv_upper=0.06280774692195229
INFO:root:eta=0.9636144163601604, l=0.754114505819981, r=1
INFO:root:Iter 23: Q=0.0249, term1=0.0077, term2=0.0256, penalty=0.0
INFO:root:U_1-Qu_upper=0.39024643763788314, U_2-Qv_upper=0.06665857744100462
INFO:root:eta=0.9641273859675439, l=0.7664087805289819, r=1
INFO:root:Iter 24: Q=0.0244, term1=0.0076, term2=0.0250, penalty=0.0
INFO:root:U_1-Qu_upper=0.39066554903706274, U_2-Qv_upper=0.06462087337566821
INFO:root:eta=0.9668453354371709, l=0.7780883415025328, r=1
INFO:root:Iter 25: Q=0.0249, term1=0.0073, term2=0.0255, penalty=0.0
INFO:root:U_1-Qu_upper=0.39710263767197557, U_2-Qv_upper=0.06564817215312371
INFO:root:eta=0.9685184888918227, l=0.7891839244274061, r=1
INFO:root:Iter 26: Q=0.0240, term1=0.0073, term2=0.0245, penalty=0.0
INFO:root:U_1-Qu_upper=0.3971509144450958, U_2-Qv_upper=0.06678547114311134
INFO:root:eta=0.9696521950659105, l=0.7997247282060358, r=1
INFO:root:Iter 27: Q=0.0243, term1=0.0071, term2=0.0249, penalty=0.0
INFO:root:U_1-Qu_upper=0.3983494655538868, U_2-Qv_upper=0.0673588285671323
INFO:root:eta=0.9710327089525705, l=0.809738491795734, r=1
INFO:root:Iter 28: Q=0.0237, term1=0.0071, term2=0.0242, penalty=0.0
INFO:root:U_1-Qu_upper=0.39948975169223466, U_2-Qv_upper=0.06987181141175444
INFO:root:eta=0.9716765980319119, l=0.8192515672059473, r=1
INFO:root:Iter 29: Q=0.0237, term1=0.0068, term2=0.0242, penalty=0.0
INFO:root:U_1-Qu_upper=0.39913610087969703, U_2-Qv_upper=0.06793334792304159
INFO:root:eta=0.9737108770376273, l=0.8282889888456499, r=1
INFO:root:Iter 30: Q=0.0238, term1=0.0071, term2=0.0243, penalty=0.0
INFO:root:U_1-Qu_upper=0.40300887433915406, U_2-Qv_upper=0.070016405709968
INFO:root:eta=0.9745836251698783, l=0.8368745394033674, r=1
INFO:root:Iter 31: Q=0.0239, term1=0.0065, term2=0.0244, penalty=0.0
INFO:root:U_1-Qu_upper=0.40477823927584755, U_2-Qv_upper=0.06986645520409623
INFO:root:eta=0.9759883596762635, l=0.8450308124331991, r=1
INFO:root:Iter 32: Q=0.0236, term1=0.0066, term2=0.0240, penalty=0.0
INFO:root:U_1-Qu_upper=0.40148341025958906, U_2-Qv_upper=0.06927927918577065
INFO:root:eta=0.9771941280578511, l=0.8527792718115391, r=1
INFO:root:Iter 33: Q=0.0235, term1=0.0065, term2=0.0239, penalty=0.0
INFO:root:U_1-Qu_upper=0.40355117940086394, U_2-Qv_upper=0.07068516269135702
INFO:root:eta=0.9780566772305321, l=0.8601403082209622, r=1
INFO:root:Iter 34: Q=0.0223, term1=0.0065, term2=0.0227, penalty=0.0
INFO:root:U_1-Qu_upper=0.4028722472695512, U_2-Qv_upper=0.0795058630140211
INFO:root:eta=0.9769482377854365, l=0.8671332928099141, r=1
INFO:root:Iter 35: Q=0.0230, term1=0.0064, term2=0.0234, penalty=0.0
INFO:root:U_1-Qu_upper=0.4029454199847465, U_2-Qv_upper=0.07256750967402417
INFO:root:eta=0.9797233566996983, l=0.8737766281694185, r=1
INFO:root:Iter 36: Q=0.0218, term1=0.0065, term2=0.0221, penalty=0.0
INFO:root:U_1-Qu_upper=0.4027196677708513, U_2-Qv_upper=0.08111312754569977
INFO:root:eta=0.9788390275366851, l=0.8800877967609475, r=1
INFO:root:Iter 37: Q=0.0221, term1=0.0064, term2=0.0224, penalty=0.0
INFO:root:U_1-Qu_upper=0.4042522889157299, U_2-Qv_upper=0.07845492542974741
INFO:root:eta=0.9805105399636654, l=0.8860834069229001, r=1
INFO:root:Iter 38: Q=0.0218, term1=0.0065, term2=0.0221, penalty=0.0
INFO:root:U_1-Qu_upper=0.40515478636363783, U_2-Qv_upper=0.07747761281049118
INFO:root:eta=0.9817128197232082, l=0.8917792365767551, r=1
INFO:root:Iter 39: Q=0.0218, term1=0.0064, term2=0.0221, penalty=0.0
INFO:root:U_1-Qu_upper=0.4058126912347506, U_2-Qv_upper=0.07846412838967995
INFO:root:eta=0.9824657147904456, l=0.8971902747479173, r=1
INFO:root:Iter 40: Q=0.0214, term1=0.0066, term2=0.0217, penalty=0.0
INFO:root:U_1-Qu_upper=0.4026492700911724, U_2-Qv_upper=0.08006704180087235
INFO:root:eta=0.982947187889653, l=0.9023307610105215, r=1
INFO:root:Iter 41: Q=0.0214, term1=0.0065, term2=0.0217, penalty=0.0
INFO:root:U_1-Qu_upper=0.4042383595683227, U_2-Qv_upper=0.08014569213075276
INFO:root:eta=0.9838397471361038, l=0.9072142229599954, r=1
INFO:root:Iter 42: Q=0.0210, term1=0.0066, term2=0.0213, penalty=0.0
INFO:root:U_1-Qu_upper=0.4012459259013269, U_2-Qv_upper=0.08321792678843587
INFO:root:eta=0.9840618862318551, l=0.9118535118119957, r=1
INFO:root:Iter 43: Q=0.0213, term1=0.0065, term2=0.0215, penalty=0.0
INFO:root:U_1-Qu_upper=0.4058505968034838, U_2-Qv_upper=0.07837272068300591
INFO:root:eta=0.9857332766753036, l=0.9162608362213959, r=1
INFO:root:Iter 44: Q=0.0206, term1=0.0066, term2=0.0208, penalty=0.0
INFO:root:U_1-Qu_upper=0.404760807913676, U_2-Qv_upper=0.08694012440269283
INFO:root:eta=0.9851936556597679, l=0.9204477944103261, r=1
INFO:root:Iter 45: Q=0.0209, term1=0.0066, term2=0.0212, penalty=0.0
INFO:root:U_1-Qu_upper=0.40222769180129236, U_2-Qv_upper=0.08260167454430334
INFO:root:eta=0.9864464781807055, l=0.9244254046898098, r=1
INFO:root:Iter 46: Q=0.0207, term1=0.0067, term2=0.0209, penalty=0.0
INFO:root:U_1-Qu_upper=0.4019136582023616, U_2-Qv_upper=0.08425718626599821
INFO:root:eta=0.9869023352048365, l=0.9282041344553194, r=1
INFO:root:Iter 47: Q=0.0208, term1=0.0067, term2=0.0210, penalty=0.0
INFO:root:U_1-Qu_upper=0.40019704905794096, U_2-Qv_upper=0.08253678952156676
INFO:root:eta=0.9877244979129343, l=0.9317939277325534, r=1
INFO:root:Iter 48: Q=0.0202, term1=0.0068, term2=0.0204, penalty=0.0
INFO:root:U_1-Qu_upper=0.4005243292022338, U_2-Qv_upper=0.08567074249478765
INFO:root:eta=0.9879816452408497, l=0.9352042313459258, r=1
INFO:root:Iter 49: Q=0.0207, term1=0.0068, term2=0.0209, penalty=0.0
INFO:root:U_1-Qu_upper=0.40069166082050744, U_2-Qv_upper=0.08433342590250262
INFO:root:eta=0.9887336772794503, l=0.9384440197786295, r=1
INFO:root:Iter 50: Q=0.0201, term1=0.0069, term2=0.0203, penalty=0.0
/zhome/c3/3/213266/SC/distributional-counterfactual-explanation/HELOC_new.py:381: DeprecationWarning: __array_wrap__ must accept context and return_scalar arguments (positionally) in the future. (Deprecated NumPy 2.0)
  #     best_X_StdConstraint_10_100 = best_X_StdConstraint_10_100 * std.values + mean.values  # 恢复 X_s 到原始 scale
INFO:root:Optimization started
INFO:root:U_1-Qu_upper=0.5, U_2-Qv_upper=-0.35133045413230096
INFO:root:eta=1, l=0.24000000000000002, r=1
INFO:root:Iter 1: Q=0.1606, term1=0.0083, term2=0.1606, penalty=0.0
INFO:root:U_1-Qu_upper=0.45112463274869485, U_2-Qv_upper=-0.22524974983484897
INFO:root:eta=1, l=0.278, r=1
INFO:root:Iter 2: Q=0.1111, term1=0.0114, term2=0.1111, penalty=0.0
INFO:root:U_1-Qu_upper=0.39812778949545613, U_2-Qv_upper=-0.15061151769226444
INFO:root:eta=1, l=0.31410000000000005, r=1
INFO:root:Iter 3: Q=0.0865, term1=0.0097, term2=0.0865, penalty=0.0
INFO:root:U_1-Qu_upper=0.36759563209595636, U_2-Qv_upper=-0.09922087842836741
INFO:root:eta=1, l=0.34839500000000007, r=1
INFO:root:Iter 4: Q=0.0735, term1=0.0123, term2=0.0735, penalty=0.0
INFO:root:U_1-Qu_upper=0.34589642855742875, U_2-Qv_upper=-0.06602310806083395
INFO:root:eta=1, l=0.38097525000000004, r=1
INFO:root:Iter 5: Q=0.0649, term1=0.0141, term2=0.0649, penalty=0.0
INFO:root:U_1-Qu_upper=0.33289056200282763, U_2-Qv_upper=-0.05120584781859194
INFO:root:eta=1, l=0.41192648750000005, r=1
INFO:root:Iter 6: Q=0.0583, term1=0.0159, term2=0.0583, penalty=0.0
INFO:root:U_1-Qu_upper=0.3196213153796782, U_2-Qv_upper=-0.028943665629097726
INFO:root:eta=1, l=0.44133016312500006, r=1
INFO:root:Iter 7: Q=0.0533, term1=0.0196, term2=0.0533, penalty=0.0
INFO:root:U_1-Qu_upper=0.30411437616758963, U_2-Qv_upper=-0.02353113763779252
INFO:root:eta=1, l=0.46926365496875005, r=1
INFO:root:Iter 8: Q=0.0469, term1=0.0220, term2=0.0469, penalty=0.0
INFO:root:U_1-Qu_upper=0.2872055227954122, U_2-Qv_upper=-0.002865636886733358
INFO:root:eta=1, l=0.49580047222031254, r=1
INFO:root:Iter 9: Q=0.0442, term1=0.0226, term2=0.0442, penalty=0.0
INFO:root:U_1-Qu_upper=0.27866844280572967, U_2-Qv_upper=-0.001203182061499608
INFO:root:eta=1, l=0.5210104486092969, r=1
INFO:root:Iter 10: Q=0.0413, term1=0.0238, term2=0.0413, penalty=0.0
INFO:root:U_1-Qu_upper=0.2706555448966149, U_2-Qv_upper=0.009130985432297178
INFO:root:eta=0.9843679157433722, l=0.544959926178832, r=1
INFO:root:Iter 11: Q=0.0386, term1=0.0262, term2=0.0388, penalty=0.0
INFO:root:U_1-Qu_upper=0.2666492977377959, U_2-Qv_upper=0.020757021969172784
INFO:root:eta=0.9671361547693519, l=0.5677119298698905, r=1
INFO:root:Iter 12: Q=0.0321, term1=0.0261, term2=0.0323, penalty=0.0
INFO:root:U_1-Qu_upper=0.26596222546151627, U_2-Qv_upper=0.050805648010649074
INFO:root:eta=0.9306663416037264, l=0.589326333376396, r=1
INFO:root:Iter 13: Q=0.0290, term1=0.0231, term2=0.0294, penalty=0.0
INFO:root:U_1-Qu_upper=0.2810192613840558, U_2-Qv_upper=0.0520111048494889
INFO:root:eta=0.9358629323348087, l=0.6098600167075762, r=1
INFO:root:Iter 14: Q=0.0282, term1=0.0188, term2=0.0288, penalty=0.0
INFO:root:U_1-Qu_upper=0.2992256869576783, U_2-Qv_upper=0.05679326240405452
INFO:root:eta=0.9377636429601192, l=0.6293670158721973, r=1
INFO:root:Iter 15: Q=0.0272, term1=0.0162, term2=0.0279, penalty=0.0
INFO:root:U_1-Qu_upper=0.3134300084065157, U_2-Qv_upper=0.05342732381154211
INFO:root:eta=0.9460228085438289, l=0.6478986650785875, r=1
INFO:root:Iter 16: Q=0.0268, term1=0.0147, term2=0.0275, penalty=0.0
INFO:root:U_1-Qu_upper=0.3233088669064228, U_2-Qv_upper=0.06040365327452574
INFO:root:eta=0.944572548891391, l=0.6655037318246582, r=1
INFO:root:Iter 17: Q=0.0261, term1=0.0130, term2=0.0269, penalty=0.0
INFO:root:U_1-Qu_upper=0.33770193074288524, U_2-Qv_upper=0.060673543598127655
INFO:root:eta=0.9490554132527373, l=0.6822285452334252, r=1
INFO:root:Iter 18: Q=0.0247, term1=0.0131, term2=0.0253, penalty=0.0
INFO:root:U_1-Qu_upper=0.3398323005367184, U_2-Qv_upper=0.06964071466988705
INFO:root:eta=0.9459553367626239, l=0.698117117971754, r=1
INFO:root:Iter 19: Q=0.0250, term1=0.0110, term2=0.0258, penalty=0.0
INFO:root:U_1-Qu_upper=0.3515152230023504, U_2-Qv_upper=0.06543338164729948
INFO:root:eta=0.9526243340012159, l=0.7132112620731663, r=1
INFO:root:Iter 20: Q=0.0238, term1=0.0102, term2=0.0245, penalty=0.0
INFO:root:U_1-Qu_upper=0.35923433729030513, U_2-Qv_upper=0.07060908736155447
INFO:root:eta=0.9528900760387655, l=0.727550698969508, r=1
INFO:root:Iter 21: Q=0.0239, term1=0.0094, term2=0.0246, penalty=0.0
INFO:root:U_1-Qu_upper=0.3645002772933187, U_2-Qv_upper=0.0743072288997543
INFO:root:eta=0.95386370495143, l=0.7411731640210326, r=1
INFO:root:Iter 22: Q=0.0232, term1=0.0089, term2=0.0239, penalty=0.0
INFO:root:U_1-Qu_upper=0.370229146178569, U_2-Qv_upper=0.07418424641443963
INFO:root:eta=0.9567950154091834, l=0.754114505819981, r=1
INFO:root:Iter 23: Q=0.0236, term1=0.0082, term2=0.0243, penalty=0.0
INFO:root:U_1-Qu_upper=0.3767520249427059, U_2-Qv_upper=0.07399827304736778
INFO:root:eta=0.9596337439645559, l=0.7664087805289819, r=1
INFO:root:Iter 24: Q=0.0225, term1=0.0078, term2=0.0231, penalty=0.0
INFO:root:U_1-Qu_upper=0.37833719172090335, U_2-Qv_upper=0.078942340272385
INFO:root:eta=0.9596740369031144, l=0.7780883415025328, r=1
INFO:root:Iter 25: Q=0.0231, term1=0.0073, term2=0.0237, penalty=0.0
INFO:root:U_1-Qu_upper=0.3853504425457452, U_2-Qv_upper=0.07380540717689402
INFO:root:eta=0.964329583685803, l=0.7891839244274061, r=1
INFO:root:Iter 26: Q=0.0223, term1=0.0073, term2=0.0228, penalty=0.0
INFO:root:U_1-Qu_upper=0.38428581451784277, U_2-Qv_upper=0.07724431641504642
INFO:root:eta=0.9647166185791765, l=0.7997247282060358, r=1
INFO:root:Iter 27: Q=0.0227, term1=0.0068, term2=0.0233, penalty=0.0
INFO:root:U_1-Qu_upper=0.3906648342168789, U_2-Qv_upper=0.0810935107612964
INFO:root:eta=0.9655734231702955, l=0.809738491795734, r=1
INFO:root:Iter 28: Q=0.0218, term1=0.0067, term2=0.0224, penalty=0.0
INFO:root:U_1-Qu_upper=0.3901582633758639, U_2-Qv_upper=0.07965872296032528
INFO:root:eta=0.9677406538868476, l=0.8192515672059473, r=1
INFO:root:Iter 29: Q=0.0222, term1=0.0065, term2=0.0227, penalty=0.0
INFO:root:U_1-Qu_upper=0.39593217385394586, U_2-Qv_upper=0.07579269768617158
INFO:root:eta=0.970958895427154, l=0.8282889888456499, r=1
INFO:root:Iter 30: Q=0.0216, term1=0.0064, term2=0.0220, penalty=0.0
INFO:root:U_1-Qu_upper=0.391074202170863, U_2-Qv_upper=0.08302855206619211
INFO:root:eta=0.9699286357175667, l=0.8368745394033674, r=1
INFO:root:Iter 31: Q=0.0217, term1=0.0061, term2=0.0221, penalty=0.0
INFO:root:U_1-Qu_upper=0.39817690339056955, U_2-Qv_upper=0.08040575239021569
INFO:root:eta=0.9725936048144616, l=0.8450308124331991, r=1
INFO:root:Iter 32: Q=0.0210, term1=0.0062, term2=0.0214, penalty=0.0
INFO:root:U_1-Qu_upper=0.3953222144401424, U_2-Qv_upper=0.08745336084596964
INFO:root:eta=0.9719277921791002, l=0.8527792718115391, r=1
INFO:root:Iter 33: Q=0.0213, term1=0.0059, term2=0.0217, penalty=0.0
INFO:root:U_1-Qu_upper=0.3992820925220389, U_2-Qv_upper=0.08064834026049839
INFO:root:eta=0.9752607741261509, l=0.8601403082209622, r=1
INFO:root:Iter 34: Q=0.0210, term1=0.0060, term2=0.0214, penalty=0.0
INFO:root:U_1-Qu_upper=0.3982792701210076, U_2-Qv_upper=0.08268090234600212
INFO:root:eta=0.975956999809755, l=0.8671332928099141, r=1
INFO:root:Iter 35: Q=0.0206, term1=0.0058, term2=0.0209, penalty=0.0
INFO:root:U_1-Qu_upper=0.4006347062057771, U_2-Qv_upper=0.08634358421455282
INFO:root:eta=0.9764420961934968, l=0.8737766281694185, r=1
INFO:root:Iter 36: Q=0.0207, term1=0.0058, term2=0.0210, penalty=0.0
INFO:root:U_1-Qu_upper=0.399222719868819, U_2-Qv_upper=0.08910640614983284
INFO:root:eta=0.9769677653109973, l=0.8800877967609475, r=1
INFO:root:Iter 37: Q=0.0206, term1=0.0057, term2=0.0209, penalty=0.0
INFO:root:U_1-Qu_upper=0.4011529379393719, U_2-Qv_upper=0.09086148396056604
INFO:root:eta=0.9778555256790885, l=0.8860834069229001, r=1
INFO:root:Iter 38: Q=0.0198, term1=0.0062, term2=0.0201, penalty=0.0
INFO:root:U_1-Qu_upper=0.3990539543729169, U_2-Qv_upper=0.0889315501680481
INFO:root:eta=0.9792395898690905, l=0.8917792365767551, r=1
INFO:root:Iter 39: Q=0.0195, term1=0.0058, term2=0.0198, penalty=0.0
INFO:root:U_1-Qu_upper=0.4029028249230543, U_2-Qv_upper=0.09143730407678463
INFO:root:eta=0.979982578245117, l=0.8971902747479173, r=1
INFO:root:Iter 40: Q=0.0193, term1=0.0058, term2=0.0196, penalty=0.0
INFO:root:U_1-Qu_upper=0.40056833433629185, U_2-Qv_upper=0.09244672387670066
INFO:root:eta=0.9807218418101286, l=0.9023307610105215, r=1
INFO:root:Iter 41: Q=0.0191, term1=0.0056, term2=0.0193, penalty=0.0
INFO:root:U_1-Qu_upper=0.4013835060870693, U_2-Qv_upper=0.09390457576339259
INFO:root:eta=0.9814823154674465, l=0.9072142229599954, r=1
INFO:root:Iter 42: Q=0.0192, term1=0.0058, term2=0.0195, penalty=0.0
INFO:root:U_1-Qu_upper=0.4009313358617907, U_2-Qv_upper=0.09134108973120511
INFO:root:eta=0.9827836101602047, l=0.9118535118119957, r=1
INFO:root:Iter 43: Q=0.0188, term1=0.0056, term2=0.0190, penalty=0.0
INFO:root:U_1-Qu_upper=0.4054355420130501, U_2-Qv_upper=0.09522213289393122
INFO:root:eta=0.9832350585378903, l=0.9162608362213959, r=1
INFO:root:Iter 44: Q=0.0187, term1=0.0058, term2=0.0189, penalty=0.0
INFO:root:U_1-Qu_upper=0.40310680701916235, U_2-Qv_upper=0.09460713390388267
INFO:root:eta=0.9840825791097813, l=0.9204477944103261, r=1
INFO:root:Iter 45: Q=0.0186, term1=0.0057, term2=0.0188, penalty=0.0
INFO:root:U_1-Qu_upper=0.402731795718001, U_2-Qv_upper=0.09514838477572157
INFO:root:eta=0.984797017106209, l=0.9244254046898098, r=1
INFO:root:Iter 46: Q=0.0186, term1=0.0058, term2=0.0188, penalty=0.0
INFO:root:U_1-Qu_upper=0.40046679390279605, U_2-Qv_upper=0.09554696127620413
INFO:root:eta=0.9854420913610316, l=0.9282041344553194, r=1
INFO:root:Iter 47: Q=0.0184, term1=0.0057, term2=0.0186, penalty=0.0
INFO:root:U_1-Qu_upper=0.40422416309049625, U_2-Qv_upper=0.09508361700511533
INFO:root:eta=0.9863278505680525, l=0.9317939277325534, r=1
INFO:root:Iter 48: Q=0.0183, term1=0.0058, term2=0.0185, penalty=0.0
INFO:root:U_1-Qu_upper=0.399755528732061, U_2-Qv_upper=0.09808904054557163
INFO:root:eta=0.9865615322513144, l=0.9352042313459258, r=1
INFO:root:Iter 49: Q=0.0184, term1=0.0057, term2=0.0185, penalty=0.0
INFO:root:U_1-Qu_upper=0.40290920899658683, U_2-Qv_upper=0.0976721250426382
INFO:root:eta=0.9873572185220181, l=0.9384440197786295, r=1
INFO:root:Iter 50: Q=0.0181, term1=0.0059, term2=0.0182, penalty=0.0
/zhome/c3/3/213266/SC/distributional-counterfactual-explanation/HELOC_new.py:381: DeprecationWarning: __array_wrap__ must accept context and return_scalar arguments (positionally) in the future. (Deprecated NumPy 2.0)
  #     best_X_StdConstraint_10_100 = best_X_StdConstraint_10_100 * std.values + mean.values  # 恢复 X_s 到原始 scale
INFO:root:Optimization started
INFO:root:U_1-Qu_upper=0.5, U_2-Qv_upper=-0.3668340327921868
INFO:root:eta=1, l=0.24000000000000002, r=1
INFO:root:Iter 1: Q=0.1599, term1=0.0068, term2=0.1599, penalty=0.0
INFO:root:U_1-Qu_upper=0.46584516622861766, U_2-Qv_upper=-0.22614618715170381
INFO:root:eta=1, l=0.278, r=1
INFO:root:Iter 2: Q=0.1103, term1=0.0107, term2=0.1076, penalty=0.002747846068814397
INFO:root:U_1-Qu_upper=0.41191317701335445, U_2-Qv_upper=-0.14417624192364553
INFO:root:eta=1, l=0.31410000000000005, r=1
INFO:root:Iter 3: Q=0.0844, term1=0.0089, term2=0.0844, penalty=0.0
INFO:root:U_1-Qu_upper=0.3823233852688046, U_2-Qv_upper=-0.0970598021944315
INFO:root:eta=1, l=0.34839500000000007, r=1
INFO:root:Iter 4: Q=0.0719, term1=0.0105, term2=0.0719, penalty=0.0
INFO:root:U_1-Qu_upper=0.36626274989507845, U_2-Qv_upper=-0.06492335137305638
INFO:root:eta=1, l=0.38097525000000004, r=1
INFO:root:Iter 5: Q=0.0634, term1=0.0120, term2=0.0634, penalty=0.0
INFO:root:U_1-Qu_upper=0.35192968636006156, U_2-Qv_upper=-0.052491521799949536
INFO:root:eta=1, l=0.41192648750000005, r=1
INFO:root:Iter 6: Q=0.0546, term1=0.0142, term2=0.0546, penalty=0.0
INFO:root:U_1-Qu_upper=0.3397905932011066, U_2-Qv_upper=-0.02642849033116923
INFO:root:eta=1, l=0.44133016312500006, r=1
INFO:root:Iter 7: Q=0.0510, term1=0.0146, term2=0.0510, penalty=0.0
INFO:root:U_1-Qu_upper=0.3333026994500675, U_2-Qv_upper=-0.01771371420292911
INFO:root:eta=1, l=0.46926365496875005, r=1
INFO:root:Iter 8: Q=0.0462, term1=0.0156, term2=0.0462, penalty=0.0
INFO:root:U_1-Qu_upper=0.3299625663405523, U_2-Qv_upper=2.726719765477892e-05
INFO:root:eta=0.9999561450343262, l=0.49580047222031254, r=1
INFO:root:Iter 9: Q=0.0418, term1=0.0169, term2=0.0418, penalty=0.0
INFO:root:U_1-Qu_upper=0.3196085260870068, U_2-Qv_upper=0.010359592221079073
INFO:root:eta=0.9841702842909772, l=0.5210104486092969, r=1
INFO:root:Iter 10: Q=0.0376, term1=0.0194, term2=0.0379, penalty=0.0
INFO:root:U_1-Qu_upper=0.313902158004928, U_2-Qv_upper=0.022331575418817473
INFO:root:eta=0.9681870370864114, l=0.544959926178832, r=1
INFO:root:Iter 11: Q=0.0340, term1=0.0163, term2=0.0345, penalty=0.0
INFO:root:U_1-Qu_upper=0.3192445136485639, U_2-Qv_upper=0.03522482005997102
INFO:root:eta=0.9547811243564266, l=0.5677119298698905, r=1
INFO:root:Iter 12: Q=0.0316, term1=0.0157, term2=0.0323, penalty=0.0
INFO:root:U_1-Qu_upper=0.3269223098449381, U_2-Qv_upper=0.04169282272123592
INFO:root:eta=0.9511053446260667, l=0.589326333376396, r=1
INFO:root:Iter 13: Q=0.0287, term1=0.0150, term2=0.0294, penalty=0.0
INFO:root:U_1-Qu_upper=0.33350275361223164, U_2-Qv_upper=0.053235285323185694
INFO:root:eta=0.9434699263677104, l=0.6098600167075762, r=1
INFO:root:Iter 14: Q=0.0274, term1=0.0128, term2=0.0283, penalty=0.0
INFO:root:U_1-Qu_upper=0.3443377811495145, U_2-Qv_upper=0.05589070206404506
INFO:root:eta=0.9455181265601398, l=0.6293670158721973, r=1
INFO:root:Iter 15: Q=0.0261, term1=0.0116, term2=0.0269, penalty=0.0
INFO:root:U_1-Qu_upper=0.35321323329845494, U_2-Qv_upper=0.06496783626204872
INFO:root:eta=0.9424191462051685, l=0.6478986650785875, r=1
INFO:root:Iter 16: Q=0.0261, term1=0.0104, term2=0.0271, penalty=0.0
INFO:root:U_1-Qu_upper=0.3605082627391243, U_2-Qv_upper=0.06351941165688593
INFO:root:eta=0.947255165197249, l=0.6655037318246582, r=1
INFO:root:Iter 17: Q=0.0256, term1=0.0096, term2=0.0264, penalty=0.0
INFO:root:U_1-Qu_upper=0.372805196472446, U_2-Qv_upper=0.061205954045191246
INFO:root:eta=0.952828024824224, l=0.6822285452334252, r=1
INFO:root:Iter 18: Q=0.0256, term1=0.0089, term2=0.0264, penalty=0.0
INFO:root:U_1-Qu_upper=0.37489871505184696, U_2-Qv_upper=0.06369959574121212
INFO:root:eta=0.9538486293526144, l=0.698117117971754, r=1
INFO:root:Iter 19: Q=0.0248, term1=0.0085, term2=0.0256, penalty=0.0
INFO:root:U_1-Qu_upper=0.379065980940751, U_2-Qv_upper=0.06512486255775643
INFO:root:eta=0.9557395621985734, l=0.7132112620731663, r=1
INFO:root:Iter 20: Q=0.0241, term1=0.0080, term2=0.0249, penalty=0.0
INFO:root:U_1-Qu_upper=0.38751104362833794, U_2-Qv_upper=0.07403257845125763
INFO:root:eta=0.9539984765820382, l=0.727550698969508, r=1
INFO:root:Iter 21: Q=0.0242, term1=0.0075, term2=0.0250, penalty=0.0
INFO:root:U_1-Qu_upper=0.38756659322491677, U_2-Qv_upper=0.06450927681696844
INFO:root:eta=0.9611226598377454, l=0.7411731640210326, r=1
INFO:root:Iter 22: Q=0.0245, term1=0.0072, term2=0.0246, penalty=0.0005525453598238528
INFO:root:U_1-Qu_upper=0.3934408007226695, U_2-Qv_upper=0.06968653483217785
INFO:root:eta=0.961054457519028, l=0.754114505819981, r=1
INFO:root:Iter 23: Q=0.0231, term1=0.0069, term2=0.0237, penalty=3.3234777220059186e-05
INFO:root:U_1-Qu_upper=0.39359028223475157, U_2-Qv_upper=0.07334045821539836
INFO:root:eta=0.961378951417298, l=0.7664087805289819, r=1
INFO:root:Iter 24: Q=0.0235, term1=0.0067, term2=0.0241, penalty=9.457745181862265e-05
INFO:root:U_1-Qu_upper=0.3965399609917747, U_2-Qv_upper=0.07311897183708094
INFO:root:eta=0.9636332908755412, l=0.7780883415025328, r=1
INFO:root:Iter 25: Q=0.0230, term1=0.0065, term2=0.0236, penalty=9.153020073426887e-05
INFO:root:U_1-Qu_upper=0.39924300494061016, U_2-Qv_upper=0.0723887317643834
INFO:root:eta=0.965939731633432, l=0.7891839244274061, r=1
INFO:root:Iter 26: Q=0.0232, term1=0.0063, term2=0.0234, penalty=0.00036840533721260726
INFO:root:U_1-Qu_upper=0.39892442545988116, U_2-Qv_upper=0.07495959569367286
INFO:root:eta=0.9666528368013324, l=0.7997247282060358, r=1
INFO:root:Iter 27: Q=0.0226, term1=0.0062, term2=0.0231, penalty=2.787317498587072e-06
INFO:root:U_1-Qu_upper=0.4031112406151983, U_2-Qv_upper=0.07733546803635241
INFO:root:eta=0.9677625393172856, l=0.809738491795734, r=1
INFO:root:Iter 28: Q=0.0227, term1=0.0060, term2=0.0228, penalty=0.00039530667709186673
INFO:root:U_1-Qu_upper=0.4038489451102247, U_2-Qv_upper=0.07870113486262553
INFO:root:eta=0.9689694453740574, l=0.8192515672059473, r=1
INFO:root:Iter 29: Q=0.0224, term1=0.0059, term2=0.0228, penalty=3.317982191219926e-05
INFO:root:U_1-Qu_upper=0.40853426108896596, U_2-Qv_upper=0.07426725711882465
INFO:root:eta=0.9721962549290014, l=0.8282889888456499, r=1
INFO:root:Iter 30: Q=0.0221, term1=0.0059, term2=0.0223, penalty=0.0002661592443473637
INFO:root:U_1-Qu_upper=0.4036062383380482, U_2-Qv_upper=0.08260077984413003
INFO:root:eta=0.9708283449255786, l=0.8368745394033674, r=1
INFO:root:Iter 31: Q=0.0213, term1=0.0058, term2=0.0218, penalty=1.2497295756475069e-05
INFO:root:U_1-Qu_upper=0.40931802812685036, U_2-Qv_upper=0.08064540845125726
INFO:root:eta=0.9731504058945881, l=0.8450308124331991, r=1
INFO:root:Iter 32: Q=0.0223, term1=0.0057, term2=0.0223, penalty=0.0004301984154153615
INFO:root:U_1-Qu_upper=0.404841321535163, U_2-Qv_upper=0.07747831343053391
INFO:root:eta=0.9751062357491838, l=0.8527792718115391, r=1
INFO:root:Iter 33: Q=0.0214, term1=0.0057, term2=0.0218, penalty=1.6225443687289953e-05
INFO:root:U_1-Qu_upper=0.40651942948977093, U_2-Qv_upper=0.0809301991852826
INFO:root:eta=0.9755572634471386, l=0.8601403082209622, r=1
INFO:root:Iter 34: Q=0.0209, term1=0.0056, term2=0.0212, penalty=8.709180838195607e-05
INFO:root:U_1-Qu_upper=0.4107393910256045, U_2-Qv_upper=0.08622915759342759
INFO:root:eta=0.975732904150786, l=0.8671332928099141, r=1
INFO:root:Iter 35: Q=0.0215, term1=0.0057, term2=0.0218, penalty=8.854406041791663e-05
INFO:root:U_1-Qu_upper=0.4101116831790761, U_2-Qv_upper=0.07975461393475125
INFO:root:eta=0.9783681118722388, l=0.8737766281694185, r=1
INFO:root:Iter 36: Q=0.0224, term1=0.0059, term2=0.0215, penalty=0.0012562702177092433
INFO:root:U_1-Qu_upper=0.4082795602139228, U_2-Qv_upper=0.08211856107424259
INFO:root:eta=0.9788635371574443, l=0.8800877967609475, r=1
INFO:root:Iter 37: Q=0.0212, term1=0.0057, term2=0.0215, penalty=9.643521480029449e-06
INFO:root:U_1-Qu_upper=0.4111348803270844, U_2-Qv_upper=0.08003303571231035
INFO:root:eta=0.9804609842565466, l=0.8860834069229001, r=1
INFO:root:Iter 38: Q=0.0204, term1=0.0057, term2=0.0207, penalty=8.010667806956917e-05
INFO:root:U_1-Qu_upper=0.40773617439792936, U_2-Qv_upper=0.08862451431367857
INFO:root:eta=0.979660349896096, l=0.8917792365767551, r=1
INFO:root:Iter 39: Q=0.0207, term1=0.0057, term2=0.0208, penalty=0.00018762817489914596
INFO:root:U_1-Qu_upper=0.4121975754670769, U_2-Qv_upper=0.08683745433077578
INFO:root:eta=0.9811684249796764, l=0.8971902747479173, r=1
INFO:root:Iter 40: Q=0.0197, term1=0.0057, term2=0.0200, penalty=0.0
INFO:root:U_1-Qu_upper=0.406346600340403, U_2-Qv_upper=0.09145618533689853
INFO:root:eta=0.9811118266959935, l=0.9023307610105215, r=1
INFO:root:Iter 41: Q=0.0200, term1=0.0057, term2=0.0202, penalty=0.0001507336855866015
INFO:root:U_1-Qu_upper=0.4064128543914009, U_2-Qv_upper=0.08949410290137472
INFO:root:eta=0.9823740707891241, l=0.9072142229599954, r=1
INFO:root:Iter 42: Q=0.0198, term1=0.0058, term2=0.0201, penalty=3.5791017580777407e-06
INFO:root:U_1-Qu_upper=0.4082943720364072, U_2-Qv_upper=0.08833108229033856
INFO:root:eta=0.9834968827399223, l=0.9118535118119957, r=1
INFO:root:Iter 43: Q=0.0192, term1=0.0058, term2=0.0193, penalty=0.00011853513569803908
INFO:root:U_1-Qu_upper=0.40509253800646755, U_2-Qv_upper=0.09554405440194225
INFO:root:eta=0.9831776722067802, l=0.9162608362213959, r=1
INFO:root:Iter 44: Q=0.0196, term1=0.0058, term2=0.0199, penalty=2.603201210149564e-07
INFO:root:U_1-Qu_upper=0.4063617265787469, U_2-Qv_upper=0.09011671215787806
INFO:root:eta=0.9848003507709605, l=0.9204477944103261, r=1
INFO:root:Iter 45: Q=0.0189, term1=0.0059, term2=0.0189, penalty=0.00015121705655474216
INFO:root:U_1-Qu_upper=0.405526583900549, U_2-Qv_upper=0.0962372393157466
INFO:root:eta=0.9847420553391935, l=0.9244254046898098, r=1
INFO:root:Iter 46: Q=0.0194, term1=0.0059, term2=0.0196, penalty=0.0
INFO:root:U_1-Qu_upper=0.40539399083646177, U_2-Qv_upper=0.09067005047871113
INFO:root:eta=0.986186556974547, l=0.9282041344553194, r=1
INFO:root:Iter 47: Q=0.0189, term1=0.0060, term2=0.0189, penalty=0.0001818600867409259
INFO:root:U_1-Qu_upper=0.40448542353260997, U_2-Qv_upper=0.09561030976386961
INFO:root:eta=0.9862737782239336, l=0.9317939277325534, r=1
INFO:root:Iter 48: Q=0.0193, term1=0.0060, term2=0.0193, penalty=0.00016529529239051044
INFO:root:U_1-Qu_upper=0.40545288973097343, U_2-Qv_upper=0.09277835752016106
INFO:root:eta=0.9872989753396871, l=0.9352042313459258, r=1
INFO:root:Iter 49: Q=0.0183, term1=0.0061, term2=0.0185, penalty=0.0
INFO:root:U_1-Qu_upper=0.4027279110695153, U_2-Qv_upper=0.09744429610701563
INFO:root:eta=0.9873763916174958, l=0.9384440197786295, r=1
INFO:root:Iter 50: Q=0.0187, term1=0.0061, term2=0.0187, penalty=0.00012836098903790116
/zhome/c3/3/213266/SC/distributional-counterfactual-explanation/HELOC_new.py:381: DeprecationWarning: __array_wrap__ must accept context and return_scalar arguments (positionally) in the future. (Deprecated NumPy 2.0)
  #     best_X_StdConstraint_10_100 = best_X_StdConstraint_10_100 * std.values + mean.values  # 恢复 X_s 到原始 scale
INFO:root:Optimization started
INFO:root:U_1-Qu_upper=0.5, U_2-Qv_upper=-0.3590346200756343
INFO:root:eta=1, l=0.24000000000000002, r=1
INFO:root:Iter 1: Q=0.1592, term1=0.0058, term2=0.1592, penalty=0.0
INFO:root:U_1-Qu_upper=0.46144818519052394, U_2-Qv_upper=-0.23409730652604904
INFO:root:eta=1, l=0.278, r=1
INFO:root:Iter 2: Q=0.1078, term1=0.0114, term2=0.1078, penalty=0.0
INFO:root:U_1-Qu_upper=0.4018228225826113, U_2-Qv_upper=-0.14102923297920894
INFO:root:eta=1, l=0.31410000000000005, r=1
INFO:root:Iter 3: Q=0.0841, term1=0.0088, term2=0.0841, penalty=0.0
INFO:root:U_1-Qu_upper=0.37706487551881973, U_2-Qv_upper=-0.09411206614539619
INFO:root:eta=1, l=0.34839500000000007, r=1
INFO:root:Iter 4: Q=0.0718, term1=0.0108, term2=0.0718, penalty=0.0
INFO:root:U_1-Qu_upper=0.35784629686302183, U_2-Qv_upper=-0.06333633628164842
INFO:root:eta=1, l=0.38097525000000004, r=1
INFO:root:Iter 5: Q=0.0637, term1=0.0125, term2=0.0637, penalty=0.0
INFO:root:U_1-Qu_upper=0.345197244642115, U_2-Qv_upper=-0.05495602314979925
INFO:root:eta=1, l=0.41192648750000005, r=1
INFO:root:Iter 6: Q=0.0544, term1=0.0196, term2=0.0544, penalty=0.0
INFO:root:U_1-Qu_upper=0.32257521101714925, U_2-Qv_upper=-0.016121858369074926
INFO:root:eta=1, l=0.44133016312500006, r=1
INFO:root:Iter 7: Q=0.0480, term1=0.0192, term2=0.0480, penalty=0.0
INFO:root:U_1-Qu_upper=0.310256676041767, U_2-Qv_upper=-0.007822617101936102
INFO:root:eta=1, l=0.46926365496875005, r=1
INFO:root:Iter 8: Q=0.0428, term1=0.0200, term2=0.0428, penalty=0.0
INFO:root:U_1-Qu_upper=0.30059319105599913, U_2-Qv_upper=0.011213245734527422
INFO:root:eta=0.9809135529133466, l=0.49580047222031254, r=1
INFO:root:Iter 9: Q=0.0393, term1=0.0208, term2=0.0397, penalty=0.0
INFO:root:U_1-Qu_upper=0.2948158137423911, U_2-Qv_upper=0.019125012813778708
INFO:root:eta=0.9692845860945631, l=0.5210104486092969, r=1
INFO:root:Iter 10: Q=0.0373, term1=0.0187, term2=0.0379, penalty=0.0
INFO:root:U_1-Qu_upper=0.30102127832145475, U_2-Qv_upper=0.0216854357058181
INFO:root:eta=0.9678125782051008, l=0.544959926178832, r=1
INFO:root:Iter 11: Q=0.0339, term1=0.0195, term2=0.0344, penalty=0.0
INFO:root:U_1-Qu_upper=0.30293806311089155, U_2-Qv_upper=0.03804823524872064
INFO:root:eta=0.9492253153289936, l=0.5677119298698905, r=1
INFO:root:Iter 12: Q=0.0326, term1=0.0163, term2=0.0335, penalty=0.0
INFO:root:U_1-Qu_upper=0.3171059553646783, U_2-Qv_upper=0.04092321753471573
INFO:root:eta=0.9505888903176949, l=0.589326333376396, r=1
INFO:root:Iter 13: Q=0.0292, term1=0.0157, term2=0.0299, penalty=0.0
INFO:root:U_1-Qu_upper=0.32504484067493467, U_2-Qv_upper=0.052016350964499636
INFO:root:eta=0.9433467404001669, l=0.6098600167075762, r=1
INFO:root:Iter 14: Q=0.0280, term1=0.0131, term2=0.0289, penalty=0.0
INFO:root:U_1-Qu_upper=0.3369283902678605, U_2-Qv_upper=0.051482706299651654
INFO:root:eta=0.9482881350376052, l=0.6293670158721973, r=1
INFO:root:Iter 15: Q=0.0272, term1=0.0118, term2=0.0280, penalty=0.0
INFO:root:U_1-Qu_upper=0.34749500451836995, U_2-Qv_upper=0.058529756711764025
INFO:root:eta=0.9465720801740468, l=0.6478986650785875, r=1
INFO:root:Iter 16: Q=0.0266, term1=0.0105, term2=0.0275, penalty=0.0
INFO:root:U_1-Qu_upper=0.35654667635978377, U_2-Qv_upper=0.05621959004065838
INFO:root:eta=0.9520430948132608, l=0.6655037318246582, r=1
INFO:root:Iter 17: Q=0.0256, term1=0.0098, term2=0.0264, penalty=0.0
INFO:root:U_1-Qu_upper=0.3630087498473462, U_2-Qv_upper=0.06187987850711038
INFO:root:eta=0.9512846730778953, l=0.6822285452334252, r=1
INFO:root:Iter 18: Q=0.0260, term1=0.0088, term2=0.0269, penalty=0.0
INFO:root:U_1-Qu_upper=0.37035666264112604, U_2-Qv_upper=0.0586251380525766
INFO:root:eta=0.9565729935984857, l=0.698117117971754, r=1
INFO:root:Iter 19: Q=0.0251, term1=0.0084, term2=0.0258, penalty=0.0
INFO:root:U_1-Qu_upper=0.3753438737964208, U_2-Qv_upper=0.07020517520356215
INFO:root:eta=0.9524323064512924, l=0.7132112620731663, r=1
INFO:root:Iter 20: Q=0.0251, term1=0.0077, term2=0.0260, penalty=0.0
INFO:root:U_1-Qu_upper=0.3827255174210564, U_2-Qv_upper=0.06607241171335407
INFO:root:eta=0.9577787188020201, l=0.727550698969508, r=1
INFO:root:Iter 21: Q=0.0239, term1=0.0074, term2=0.0246, penalty=0.0
INFO:root:U_1-Qu_upper=0.3862652363543835, U_2-Qv_upper=0.07283026519568467
INFO:root:eta=0.9567790257594897, l=0.7411731640210326, r=1
INFO:root:Iter 22: Q=0.0244, term1=0.0069, term2=0.0252, penalty=0.0
INFO:root:U_1-Qu_upper=0.3918115772138854, U_2-Qv_upper=0.06678253180796548
INFO:root:eta=0.9623084748223469, l=0.754114505819981, r=1
INFO:root:Iter 23: Q=0.0235, term1=0.0067, term2=0.0241, penalty=0.0
INFO:root:U_1-Qu_upper=0.3923679942945555, U_2-Qv_upper=0.07381942214810336
INFO:root:eta=0.9610647468061755, l=0.7664087805289819, r=1
INFO:root:Iter 24: Q=0.0236, term1=0.0063, term2=0.0243, penalty=0.0
INFO:root:U_1-Qu_upper=0.39713521649610506, U_2-Qv_upper=0.0703426709739001
INFO:root:eta=0.9648508929854009, l=0.7780883415025328, r=1
INFO:root:Iter 25: Q=0.0235, term1=0.0062, term2=0.0241, penalty=0.0
INFO:root:U_1-Qu_upper=0.3985804171746468, U_2-Qv_upper=0.07552641661087064
INFO:root:eta=0.9646489120676308, l=0.7891839244274061, r=1
INFO:root:Iter 26: Q=0.0229, term1=0.0060, term2=0.0235, penalty=0.0
INFO:root:U_1-Qu_upper=0.40018442167219426, U_2-Qv_upper=0.07274518945688555
INFO:root:eta=0.9675726471821623, l=0.7997247282060358, r=1
INFO:root:Iter 27: Q=0.0227, term1=0.0058, term2=0.0232, penalty=0.0
INFO:root:U_1-Qu_upper=0.40403116466130856, U_2-Qv_upper=0.08112002832193665
INFO:root:eta=0.9665128398011154, l=0.809738491795734, r=1
INFO:root:Iter 28: Q=0.0226, term1=0.0057, term2=0.0232, penalty=0.0
INFO:root:U_1-Qu_upper=0.4035385333115744, U_2-Qv_upper=0.07720806445614412
INFO:root:eta=0.969443938122146, l=0.8192515672059473, r=1
INFO:root:Iter 29: Q=0.0225, term1=0.0056, term2=0.0230, penalty=0.0
INFO:root:U_1-Qu_upper=0.4067209527756852, U_2-Qv_upper=0.07550280179474322
INFO:root:eta=0.971699832356627, l=0.8282889888456499, r=1
INFO:root:Iter 30: Q=0.0222, term1=0.0055, term2=0.0227, penalty=0.0
INFO:root:U_1-Qu_upper=0.40756008205721805, U_2-Qv_upper=0.08097838666613172
INFO:root:eta=0.9715377978474742, l=0.8368745394033674, r=1
INFO:root:Iter 31: Q=0.0218, term1=0.0054, term2=0.0222, penalty=0.0
INFO:root:U_1-Qu_upper=0.4077809545631184, U_2-Qv_upper=0.08254260267768757
INFO:root:eta=0.9725389492676775, l=0.8450308124331991, r=1
INFO:root:Iter 32: Q=0.0215, term1=0.0053, term2=0.0219, penalty=0.0
INFO:root:U_1-Qu_upper=0.4104375413179425, U_2-Qv_upper=0.08651989623910289
INFO:root:eta=0.9730199871955864, l=0.8527792718115391, r=1
INFO:root:Iter 33: Q=0.0217, term1=0.0053, term2=0.0221, penalty=0.0
INFO:root:U_1-Qu_upper=0.40887846876899636, U_2-Qv_upper=0.07688042145808796
INFO:root:eta=0.9766995687403595, l=0.8601403082209622, r=1
INFO:root:Iter 34: Q=0.0212, term1=0.0053, term2=0.0215, penalty=0.0
INFO:root:U_1-Qu_upper=0.40972213325829004, U_2-Qv_upper=0.08302674112121197
INFO:root:eta=0.976434051853993, l=0.8671332928099141, r=1
INFO:root:Iter 35: Q=0.0215, term1=0.0052, term2=0.0219, penalty=0.0
INFO:root:U_1-Qu_upper=0.40773228417173635, U_2-Qv_upper=0.0804134892588802
INFO:root:eta=0.9781125309015681, l=0.8737766281694185, r=1
INFO:root:Iter 36: Q=0.0209, term1=0.0052, term2=0.0212, penalty=0.0
INFO:root:U_1-Qu_upper=0.4111698657844194, U_2-Qv_upper=0.08434209493749942
INFO:root:eta=0.9785152641022914, l=0.8800877967609475, r=1
INFO:root:Iter 37: Q=0.0212, term1=0.0057, term2=0.0215, penalty=0.0
INFO:root:U_1-Qu_upper=0.41017077353201514, U_2-Qv_upper=0.08308905196025684
INFO:root:eta=0.9798009268732659, l=0.8860834069229001, r=1
INFO:root:Iter 38: Q=0.0207, term1=0.0054, term2=0.0210, penalty=0.0
INFO:root:U_1-Qu_upper=0.40951266462951696, U_2-Qv_upper=0.08947831967673398
INFO:root:eta=0.9795726462953862, l=0.8917792365767551, r=1
INFO:root:Iter 39: Q=0.0198, term1=0.0058, term2=0.0201, penalty=0.0
INFO:root:U_1-Qu_upper=0.40892410272823954, U_2-Qv_upper=0.09094832603761668
INFO:root:eta=0.9803099816884132, l=0.8971902747479173, r=1
INFO:root:Iter 40: Q=0.0195, term1=0.0054, term2=0.0198, penalty=0.0
INFO:root:U_1-Qu_upper=0.40914462756196734, U_2-Qv_upper=0.09255724846299462
INFO:root:eta=0.9810329884353557, l=0.9023307610105215, r=1
INFO:root:Iter 41: Q=0.0194, term1=0.0053, term2=0.0197, penalty=0.0
INFO:root:U_1-Qu_upper=0.41123743847669814, U_2-Qv_upper=0.08952214884983456
INFO:root:eta=0.982539405391025, l=0.9072142229599954, r=1
INFO:root:Iter 42: Q=0.0190, term1=0.0053, term2=0.0193, penalty=0.0
INFO:root:U_1-Qu_upper=0.4106956040336372, U_2-Qv_upper=0.09615898700898351
INFO:root:eta=0.9823969507494152, l=0.9118535118119957, r=1
INFO:root:Iter 43: Q=0.0192, term1=0.0054, term2=0.0195, penalty=0.0
INFO:root:U_1-Qu_upper=0.4099090126761728, U_2-Qv_upper=0.09326987224055783
INFO:root:eta=0.9836610558626491, l=0.9162608362213959, r=1
INFO:root:Iter 44: Q=0.0191, term1=0.0054, term2=0.0194, penalty=0.0
INFO:root:U_1-Qu_upper=0.41034423420522276, U_2-Qv_upper=0.09189539338500347
INFO:root:eta=0.9846781437098298, l=0.9204477944103261, r=1
INFO:root:Iter 45: Q=0.0189, term1=0.0054, term2=0.0191, penalty=0.0
INFO:root:U_1-Qu_upper=0.41125786105684087, U_2-Qv_upper=0.094216900864946
INFO:root:eta=0.9851720346251632, l=0.9244254046898098, r=1
INFO:root:Iter 46: Q=0.0186, term1=0.0054, term2=0.0188, penalty=0.0
INFO:root:U_1-Qu_upper=0.40957144311062743, U_2-Qv_upper=0.09749173547506679
INFO:root:eta=0.9854694665955298, l=0.9282041344553194, r=1
INFO:root:Iter 47: Q=0.0188, term1=0.0055, term2=0.0190, penalty=0.0
INFO:root:U_1-Qu_upper=0.4091857080064506, U_2-Qv_upper=0.09330023005707802
INFO:root:eta=0.9866691378503435, l=0.9317939277325534, r=1
INFO:root:Iter 48: Q=0.0186, term1=0.0055, term2=0.0188, penalty=0.0
INFO:root:U_1-Qu_upper=0.41235476681080185, U_2-Qv_upper=0.09717540258697102
INFO:root:eta=0.9869920312288889, l=0.9352042313459258, r=1
INFO:root:Iter 49: Q=0.0180, term1=0.0055, term2=0.0182, penalty=0.0
INFO:root:U_1-Qu_upper=0.4090222230181705, U_2-Qv_upper=0.09889120748401378
INFO:root:eta=0.9873842048324638, l=0.9384440197786295, r=1
INFO:root:Iter 50: Q=0.0184, term1=0.0055, term2=0.0185, penalty=0.0
/zhome/c3/3/213266/SC/distributional-counterfactual-explanation/HELOC_new.py:381: DeprecationWarning: __array_wrap__ must accept context and return_scalar arguments (positionally) in the future. (Deprecated NumPy 2.0)
  #     best_X_StdConstraint_10_100 = best_X_StdConstraint_10_100 * std.values + mean.values  # 恢复 X_s 到原始 scale
INFO:root:Optimization started
INFO:root:U_1-Qu_upper=0.5, U_2-Qv_upper=-0.35405236700203585
INFO:root:eta=1, l=0.24000000000000002, r=1
INFO:root:Iter 1: Q=0.1610, term1=0.0061, term2=0.1610, penalty=0.0
INFO:root:U_1-Qu_upper=0.46157536111960945, U_2-Qv_upper=-0.2166679902085405
INFO:root:eta=1, l=0.278, r=1
INFO:root:Iter 2: Q=0.1093, term1=0.0130, term2=0.1093, penalty=0.0
INFO:root:U_1-Qu_upper=0.4109239875547479, U_2-Qv_upper=-0.15140497803797687
INFO:root:eta=1, l=0.31410000000000005, r=1
INFO:root:Iter 3: Q=0.0841, term1=0.0082, term2=0.0841, penalty=0.0
INFO:root:U_1-Qu_upper=0.3882420036164888, U_2-Qv_upper=-0.08636657110829776
INFO:root:eta=1, l=0.34839500000000007, r=1
INFO:root:Iter 4: Q=0.0716, term1=0.0096, term2=0.0716, penalty=0.0
INFO:root:U_1-Qu_upper=0.37241251921564456, U_2-Qv_upper=-0.06495922339627974
INFO:root:eta=1, l=0.38097525000000004, r=1
INFO:root:Iter 5: Q=0.0629, term1=0.0109, term2=0.0629, penalty=0.0
INFO:root:U_1-Qu_upper=0.36004534337257565, U_2-Qv_upper=-0.03875054061259703
INFO:root:eta=1, l=0.41192648750000005, r=1
INFO:root:Iter 6: Q=0.0527, term1=0.0179, term2=0.0527, penalty=0.0
INFO:root:U_1-Qu_upper=0.3379790465283316, U_2-Qv_upper=-0.02149411617784286
INFO:root:eta=1, l=0.44133016312500006, r=1
INFO:root:Iter 7: Q=0.0483, term1=0.0150, term2=0.0483, penalty=0.0
INFO:root:U_1-Qu_upper=0.3284909551361064, U_2-Qv_upper=-0.004229915870248457
INFO:root:eta=1, l=0.46926365496875005, r=1
INFO:root:Iter 8: Q=0.0435, term1=0.0164, term2=0.0435, penalty=0.0
INFO:root:U_1-Qu_upper=0.3208099942071241, U_2-Qv_upper=7.201941827905678e-06
INFO:root:eta=0.9999880856377752, l=0.49580047222031254, r=1
INFO:root:Iter 9: Q=0.0402, term1=0.0176, term2=0.0402, penalty=0.0
INFO:root:U_1-Qu_upper=0.3157198635598099, U_2-Qv_upper=0.01289050287132526
INFO:root:eta=0.9802216055106499, l=0.5210104486092969, r=1
INFO:root:Iter 10: Q=0.0369, term1=0.0172, term2=0.0373, penalty=0.0
INFO:root:U_1-Qu_upper=0.3135616261529248, U_2-Qv_upper=0.032527955662476016
INFO:root:eta=0.9549811617885207, l=0.544959926178832, r=1
INFO:root:Iter 11: Q=0.0350, term1=0.0167, term2=0.0359, penalty=0.0
INFO:root:U_1-Qu_upper=0.3201608237537735, U_2-Qv_upper=0.029083422908544265
INFO:root:eta=0.9621063967874832, l=0.5677119298698905, r=1
INFO:root:Iter 12: Q=0.0321, term1=0.0161, term2=0.0327, penalty=0.0
INFO:root:U_1-Qu_upper=0.32355639384223134, U_2-Qv_upper=0.0442114806188717
INFO:root:eta=0.9480321774642984, l=0.589326333376396, r=1
INFO:root:Iter 13: Q=0.0288, term1=0.0168, term2=0.0295, penalty=0.0
INFO:root:U_1-Qu_upper=0.3260337980226402, U_2-Qv_upper=0.052531364804518615
INFO:root:eta=0.9430131181752097, l=0.6098600167075762, r=1
INFO:root:Iter 14: Q=0.0279, term1=0.0135, term2=0.0288, penalty=0.0
INFO:root:U_1-Qu_upper=0.3371135134277142, U_2-Qv_upper=0.0522332213794556
INFO:root:eta=0.9476603595343289, l=0.6293670158721973, r=1
INFO:root:Iter 15: Q=0.0268, term1=0.0125, term2=0.0276, penalty=0.0
INFO:root:U_1-Qu_upper=0.3439397834349929, U_2-Qv_upper=0.0611871509996634
INFO:root:eta=0.9440225409921702, l=0.6478986650785875, r=1
INFO:root:Iter 16: Q=0.0261, term1=0.0113, term2=0.0269, penalty=0.0
INFO:root:U_1-Qu_upper=0.3491659117160386, U_2-Qv_upper=0.06472673264217813
INFO:root:eta=0.9449365209093022, l=0.6655037318246582, r=1
INFO:root:Iter 17: Q=0.0262, term1=0.0104, term2=0.0271, penalty=0.0
INFO:root:U_1-Qu_upper=0.357408766053365, U_2-Qv_upper=0.06543533012767147
INFO:root:eta=0.9482365393481655, l=0.6822285452334252, r=1
INFO:root:Iter 18: Q=0.0256, term1=0.0098, term2=0.0264, penalty=0.0
INFO:root:U_1-Qu_upper=0.363417053883221, U_2-Qv_upper=0.06592686989941607
INFO:root:eta=0.9512053712753827, l=0.698117117971754, r=1
INFO:root:Iter 19: Q=0.0254, term1=0.0092, term2=0.0262, penalty=0.0
INFO:root:U_1-Qu_upper=0.36804955370183234, U_2-Qv_upper=0.06553394983502633
INFO:root:eta=0.9543719318527752, l=0.7132112620731663, r=1
INFO:root:Iter 20: Q=0.0244, term1=0.0087, term2=0.0251, penalty=0.0
INFO:root:U_1-Qu_upper=0.3747892946708278, U_2-Qv_upper=0.0687976415235603
INFO:root:eta=0.9555208073660709, l=0.727550698969508, r=1
INFO:root:Iter 21: Q=0.0239, term1=0.0085, term2=0.0246, penalty=0.0
INFO:root:U_1-Qu_upper=0.37325102723766446, U_2-Qv_upper=0.07174467143963029
INFO:root:eta=0.9560742145497352, l=0.7411731640210326, r=1
INFO:root:Iter 22: Q=0.0244, term1=0.0079, term2=0.0252, penalty=0.0
INFO:root:U_1-Qu_upper=0.37909033569972056, U_2-Qv_upper=0.06854241017419685
INFO:root:eta=0.9603679236622317, l=0.754114505819981, r=1
INFO:root:Iter 23: Q=0.0235, term1=0.0079, term2=0.0241, penalty=0.0
INFO:root:U_1-Qu_upper=0.3773407487141174, U_2-Qv_upper=0.0740967750446451
INFO:root:eta=0.9596415424280631, l=0.7664087805289819, r=1
INFO:root:Iter 24: Q=0.0235, term1=0.0074, term2=0.0241, penalty=0.0
INFO:root:U_1-Qu_upper=0.38557550795626777, U_2-Qv_upper=0.06976346343142267
INFO:root:eta=0.9642109867121549, l=0.7780883415025328, r=1
INFO:root:Iter 25: Q=0.0233, term1=0.0074, term2=0.0239, penalty=0.0
INFO:root:U_1-Qu_upper=0.3838191602993556, U_2-Qv_upper=0.07337425463146632
INFO:root:eta=0.964385745716071, l=0.7891839244274061, r=1
INFO:root:Iter 26: Q=0.0231, term1=0.0070, term2=0.0237, penalty=0.0
INFO:root:U_1-Qu_upper=0.38786417887330255, U_2-Qv_upper=0.07458807464935535
INFO:root:eta=0.9659978623472696, l=0.7997247282060358, r=1
INFO:root:Iter 27: Q=0.0224, term1=0.0070, term2=0.0229, penalty=0.0
INFO:root:U_1-Qu_upper=0.38905569523612554, U_2-Qv_upper=0.07540675687671294
INFO:root:eta=0.9674847586497345, l=0.809738491795734, r=1
INFO:root:Iter 28: Q=0.0226, term1=0.0067, term2=0.0231, penalty=0.0
INFO:root:U_1-Qu_upper=0.39032969514168636, U_2-Qv_upper=0.07671745517814507
INFO:root:eta=0.9687475264161411, l=0.8192515672059473, r=1
INFO:root:Iter 29: Q=0.0223, term1=0.0068, term2=0.0228, penalty=0.0
INFO:root:U_1-Qu_upper=0.3889406581083522, U_2-Qv_upper=0.07777858308093216
INFO:root:eta=0.969878342789131, l=0.8282889888456499, r=1
INFO:root:Iter 30: Q=0.0222, term1=0.0065, term2=0.0227, penalty=0.0
INFO:root:U_1-Qu_upper=0.3937335332308837, U_2-Qv_upper=0.07710809525330051
INFO:root:eta=0.9718794851535203, l=0.8368745394033674, r=1
INFO:root:Iter 31: Q=0.0215, term1=0.0066, term2=0.0220, penalty=0.0
INFO:root:U_1-Qu_upper=0.3922716380882623, U_2-Qv_upper=0.08211669753035802
INFO:root:eta=0.9717629564187197, l=0.8450308124331991, r=1
INFO:root:Iter 32: Q=0.0215, term1=0.0063, term2=0.0219, penalty=0.0
INFO:root:U_1-Qu_upper=0.3953287010454383, U_2-Qv_upper=0.08322621771365238
INFO:root:eta=0.9730490716158846, l=0.8527792718115391, r=1
INFO:root:Iter 33: Q=0.0211, term1=0.0067, term2=0.0215, penalty=0.0
INFO:root:U_1-Qu_upper=0.392308319582167, U_2-Qv_upper=0.08238184567736259
INFO:root:eta=0.9744500387879329, l=0.8601403082209622, r=1
INFO:root:Iter 34: Q=0.0205, term1=0.0063, term2=0.0209, penalty=0.0
INFO:root:U_1-Qu_upper=0.39522626115066944, U_2-Qv_upper=0.08702083895330373
INFO:root:eta=0.9747625072048368, l=0.8671332928099141, r=1
INFO:root:Iter 35: Q=0.0205, term1=0.0064, term2=0.0208, penalty=0.0
INFO:root:U_1-Qu_upper=0.39106267645246545, U_2-Qv_upper=0.08629483498852994
INFO:root:eta=0.9759808732498493, l=0.8737766281694185, r=1
INFO:root:Iter 36: Q=0.0204, term1=0.0062, term2=0.0208, penalty=0.0
INFO:root:U_1-Qu_upper=0.39758250372809517, U_2-Qv_upper=0.08647113750967797
INFO:root:eta=0.977451510302479, l=0.8800877967609475, r=1
INFO:root:Iter 37: Q=0.0199, term1=0.0063, term2=0.0202, penalty=0.0
INFO:root:U_1-Qu_upper=0.3942966976246777, U_2-Qv_upper=0.08959980438145848
INFO:root:eta=0.977796677784142, l=0.8860834069229001, r=1
INFO:root:Iter 38: Q=0.0199, term1=0.0061, term2=0.0202, penalty=0.0
INFO:root:U_1-Qu_upper=0.39638643952087327, U_2-Qv_upper=0.08865938944072851
INFO:root:eta=0.9791776879908328, l=0.8917792365767551, r=1
INFO:root:Iter 39: Q=0.0200, term1=0.0063, term2=0.0203, penalty=0.0
INFO:root:U_1-Qu_upper=0.39613349758760047, U_2-Qv_upper=0.08932600021899778
INFO:root:eta=0.9800870557051166, l=0.8971902747479173, r=1
INFO:root:Iter 40: Q=0.0198, term1=0.0061, term2=0.0200, penalty=0.0
INFO:root:U_1-Qu_upper=0.39703066991864866, U_2-Qv_upper=0.0889686568047294
INFO:root:eta=0.9811793089842133, l=0.9023307610105215, r=1
INFO:root:Iter 41: Q=0.0193, term1=0.0062, term2=0.0195, penalty=0.0
INFO:root:U_1-Qu_upper=0.3945341289662637, U_2-Qv_upper=0.09351055690022553
INFO:root:eta=0.981286334644312, l=0.9072142229599954, r=1
INFO:root:Iter 42: Q=0.0195, term1=0.0060, term2=0.0198, penalty=0.0
INFO:root:U_1-Qu_upper=0.3961860737276109, U_2-Qv_upper=0.09089666336597707
INFO:root:eta=0.9826848358636545, l=0.9118535118119957, r=1
INFO:root:Iter 43: Q=0.0190, term1=0.0062, term2=0.0192, penalty=0.0
INFO:root:U_1-Qu_upper=0.39509707729518095, U_2-Qv_upper=0.09708803475015279
INFO:root:eta=0.9826122954578264, l=0.9162608362213959, r=1
INFO:root:Iter 44: Q=0.0193, term1=0.0061, term2=0.0195, penalty=0.0
INFO:root:U_1-Qu_upper=0.395991342443769, U_2-Qv_upper=0.0920397225147189
INFO:root:eta=0.9842072975447722, l=0.9204477944103261, r=1
INFO:root:Iter 45: Q=0.0192, term1=0.0063, term2=0.0194, penalty=0.0
INFO:root:U_1-Qu_upper=0.39299353790326746, U_2-Qv_upper=0.09280688691065084
INFO:root:eta=0.984802416443992, l=0.9244254046898098, r=1
INFO:root:Iter 46: Q=0.0186, term1=0.0061, term2=0.0188, penalty=0.0
INFO:root:U_1-Qu_upper=0.3957420421175838, U_2-Qv_upper=0.09547943887744553
INFO:root:eta=0.9853104551963191, l=0.9282041344553194, r=1
INFO:root:Iter 47: Q=0.0189, term1=0.0064, term2=0.0191, penalty=0.0
INFO:root:U_1-Qu_upper=0.3911094708767262, U_2-Qv_upper=0.09402046500650202
INFO:root:eta=0.986085623325294, l=0.9317939277325534, r=1
INFO:root:Iter 48: Q=0.0186, term1=0.0062, term2=0.0188, penalty=0.0
INFO:root:U_1-Qu_upper=0.39622595730553056, U_2-Qv_upper=0.09563922880664838
INFO:root:eta=0.9867378779068511, l=0.9352042313459258, r=1
INFO:root:Iter 49: Q=0.0183, term1=0.0064, term2=0.0185, penalty=0.0
INFO:root:U_1-Qu_upper=0.39399227146562654, U_2-Qv_upper=0.09934018744691367
INFO:root:eta=0.9869523610547513, l=0.9384440197786295, r=1
INFO:root:Iter 50: Q=0.0184, term1=0.0063, term2=0.0186, penalty=0.0
/zhome/c3/3/213266/SC/distributional-counterfactual-explanation/HELOC_new.py:381: DeprecationWarning: __array_wrap__ must accept context and return_scalar arguments (positionally) in the future. (Deprecated NumPy 2.0)
  #     best_X_StdConstraint_10_100 = best_X_StdConstraint_10_100 * std.values + mean.values  # 恢复 X_s 到原始 scale
Using device: cuda
Test Accuracy: 71.75%
X Sliced Wasserstein Distance (SWD) with std constraint: 0.090212
Y Wasserstein Distance (WD) with std constraint: 0.026386
X Sliced Wasserstein Distance (SWD) with std constraint: 0.084453
Y Wasserstein Distance (WD) with std constraint: 0.023640
X Sliced Wasserstein Distance (SWD) with std constraint: 0.085411
Y Wasserstein Distance (WD) with std constraint: 0.024466
X Sliced Wasserstein Distance (SWD) with std constraint: 0.082385
Y Wasserstein Distance (WD) with std constraint: 0.022740
X Sliced Wasserstein Distance (SWD) with std constraint: 0.088244
Y Wasserstein Distance (WD) with std constraint: 0.023234

------------------------------------------------------------
Sender: LSF System <lsfadmin@hpc.dtu.dk>
Subject: Job 27593177: <NONAME> in cluster <dcc> Done

Job <NONAME> was submitted from host <hpclogin1> by user <s242612> in cluster <dcc> at Sat Jan 10 12:35:42 2026
Job was executed on host(s) <4*n-62-20-10>, in queue <gpuv100>, as user <s242612> in cluster <dcc> at Sat Jan 10 12:35:44 2026
</zhome/c3/3/213266> was used as the home directory.
</zhome/c3/3/213266/SC/distributional-counterfactual-explanation> was used as the working directory.
Started at Sat Jan 10 12:35:44 2026
Terminated at Sat Jan 10 14:34:51 2026
Results reported at Sat Jan 10 14:34:51 2026

Your job looked like:

------------------------------------------------------------
# LSBATCH: User input
#!/bin/bash
#BSUB -q gpuv100              # 指定队列类型
#BSUB -gpu "num=1"             # 请求一个 GPU
#BSUB -n 4                     # 请求 4 个 CPU 核心
#BSUB -R "rusage[mem=4096]"     # 请求 4096MB 内存
#BSUB -W 6:00                  # 设置最大运行时长为 1 小时
#BSUB -o output_%J.log         # 输出日志文件名设置为 output_<job_id>.log

# 激活虚拟环境
source ~/myenv/bin/activate

# 运行你的 Python 脚本
# python HELOC.py
# python Cardio.py
# python Cardio.py
# python cardio_new.py
python HELOC_new.py
# python market_new.py




------------------------------------------------------------

Successfully completed.

Resource usage summary:

    CPU time :                                   7249.00 sec.
    Max Memory :                                 7868 MB
    Average Memory :                             7635.51 MB
    Total Requested Memory :                     16384.00 MB
    Delta Memory :                               8516.00 MB
    Max Swap :                                   -
    Max Processes :                              4
    Max Threads :                                10
    Run time :                                   7221 sec.
    Turnaround time :                            7149 sec.

The output (if any) is above this job summary.

