/zhome/c3/3/213266/myenv/lib64/python3.9/site-packages/networkx/utils/backends.py:135: RuntimeWarning: networkx backend defined more than once: nx-loopback
  backends.update(_get_backends("networkx.backends"))
/zhome/c3/3/213266/SC/distributional-counterfactual-explanation/HELOC_new.py:47: FutureWarning: Downcasting behavior in `replace` is deprecated and will be removed in a future version. To retain the old behavior, explicitly call `result.infer_objects(copy=False)`. To opt-in to the future behavior, set `pd.set_option('future.no_silent_downcasting', True)`
  target = df_heloc[target_name].replace({'Good': 0, 'Bad': 1})
INFO:root:Optimization started
INFO:root:U_1-Qu_upper=0.5, U_2-Qv_upper=-0.35097130093192136
INFO:root:eta=1, l=0.24000000000000002, r=1
INFO:root:Iter 1: Q = 0.1609857678413391, term1 = 0.004511411767452955, term2 = 0.1609857678413391
INFO:root:U_1-Qu_upper=0.47199934865580095, U_2-Qv_upper=-0.21758997885607262
INFO:root:eta=1, l=0.278, r=1
INFO:root:Iter 2: Q = 0.1139068454504013, term1 = 0.007717507891356945, term2 = 0.1139068454504013
INFO:root:U_1-Qu_upper=0.4240394607787165, U_2-Qv_upper=-0.14178132034867047
INFO:root:eta=1, l=0.31410000000000005, r=1
INFO:root:Iter 3: Q = 0.08886342495679855, term1 = 0.007338899187743664, term2 = 0.08886342495679855
INFO:root:U_1-Qu_upper=0.3995303227892565, U_2-Qv_upper=-0.10325308163194691
INFO:root:eta=1, l=0.34839500000000007, r=1
INFO:root:Iter 4: Q = 0.07611142098903656, term1 = 0.008652089163661003, term2 = 0.07611142098903656
INFO:root:U_1-Qu_upper=0.38301823361830656, U_2-Qv_upper=-0.07852282849416542
INFO:root:eta=1, l=0.38097525000000004, r=1
INFO:root:Iter 5: Q = 0.06517405807971954, term1 = 0.01010379008948803, term2 = 0.06517405807971954
INFO:root:U_1-Qu_upper=0.36667959071967826, U_2-Qv_upper=-0.050723655290535574
INFO:root:eta=1, l=0.41192648750000005, r=1
INFO:root:Iter 6: Q = 0.05834946408867836, term1 = 0.011883603408932686, term2 = 0.05834946408867836
INFO:root:U_1-Qu_upper=0.35663010955946145, U_2-Qv_upper=-0.04287829248948877
INFO:root:eta=1, l=0.44133016312500006, r=1
INFO:root:Iter 7: Q = 0.0525074303150177, term1 = 0.01359696127474308, term2 = 0.0525074303150177
INFO:root:U_1-Qu_upper=0.3446760286928052, U_2-Qv_upper=-0.02565435924604359
INFO:root:eta=1, l=0.46926365496875005, r=1
INFO:root:Iter 8: Q = 0.04909410700201988, term1 = 0.013708340004086494, term2 = 0.04909410700201988
INFO:root:U_1-Qu_upper=0.33887587968038935, U_2-Qv_upper=-0.015999809200617443
INFO:root:eta=1, l=0.49580047222031254, r=1
INFO:root:Iter 9: Q = 0.04510970413684845, term1 = 0.015872441232204437, term2 = 0.04510970413684845
INFO:root:U_1-Qu_upper=0.3285816188084424, U_2-Qv_upper=-0.0003498307333326123
INFO:root:eta=1, l=0.5210104486092969, r=1
INFO:root:Iter 10: Q = 0.04211525246500969, term1 = 0.017771407961845398, term2 = 0.04211525246500969
INFO:root:U_1-Qu_upper=0.32428489447459574, U_2-Qv_upper=0.005182123994775245
INFO:root:eta=0.992466064557721, l=0.544959926178832, r=1
INFO:root:Iter 11: Q = 0.038903068751096725, term1 = 0.01711704023182392, term2 = 0.039068449288606644
INFO:root:U_1-Qu_upper=0.3203224039108743, U_2-Qv_upper=0.011295084689020463
INFO:root:eta=0.9845010702167478, l=0.5677119298698905, r=1
INFO:root:Iter 12: Q = 0.03579866513609886, term1 = 0.01726919412612915, term2 = 0.03609037399291992
INFO:root:U_1-Qu_upper=0.3190530805579435, U_2-Qv_upper=0.02626799299091892
INFO:root:eta=0.9671165739190579, l=0.589326333376396, r=1
INFO:root:Iter 13: Q = 0.0322747603058815, term1 = 0.01578838936984539, term2 = 0.03283532336354256
INFO:root:U_1-Qu_upper=0.3234851657680145, U_2-Qv_upper=0.041430725455685324
INFO:root:eta=0.9533741655461861, l=0.6098600167075762, r=1
INFO:root:Iter 14: Q = 0.029566394165158272, term1 = 0.015504783019423485, term2 = 0.030254092067480087
INFO:root:U_1-Qu_upper=0.3268964263471815, U_2-Qv_upper=0.047349985197554345
INFO:root:eta=0.9506391461240179, l=0.6293670158721973, r=1
INFO:root:Iter 15: Q = 0.028841352090239525, term1 = 0.01362986583262682, term2 = 0.02963119186460972
INFO:root:U_1-Qu_upper=0.3403212310903151, U_2-Qv_upper=0.055355751495860916
INFO:root:eta=0.9481479381705515, l=0.6478986650785875, r=1
INFO:root:Iter 16: Q = 0.02728748880326748, term1 = 0.012349855154752731, term2 = 0.028104392811655998
INFO:root:U_1-Qu_upper=0.3473850260218757, U_2-Qv_upper=0.053843635433618836
INFO:root:eta=0.9527490986201593, l=0.6655037318246582, r=1
INFO:root:Iter 17: Q = 0.026972291991114616, term1 = 0.011490341275930405, term2 = 0.027740107849240303
INFO:root:U_1-Qu_upper=0.35469701653804797, U_2-Qv_upper=0.05675433409773309
INFO:root:eta=0.9538606133407176, l=0.6822285452334252, r=1
INFO:root:Iter 18: Q = 0.02671533264219761, term1 = 0.010945731773972511, term2 = 0.02747812494635582
INFO:root:U_1-Qu_upper=0.36173179677699785, U_2-Qv_upper=0.056733317466025446
INFO:root:eta=0.9569182036654962, l=0.698117117971754, r=1
INFO:root:Iter 19: Q = 0.025256440043449402, term1 = 0.010715951211750507, term2 = 0.02591107413172722
INFO:root:U_1-Qu_upper=0.36354195019875846, U_2-Qv_upper=0.0640767132543445
INFO:root:eta=0.9547642221414865, l=0.7132112620731663, r=1
INFO:root:Iter 20: Q = 0.024442991241812706, term1 = 0.00967606995254755, term2 = 0.02514263242483139
INFO:root:U_1-Qu_upper=0.37254493639442815, U_2-Qv_upper=0.06500669349164617
INFO:root:eta=0.9573920280262244, l=0.727550698969508, r=1
INFO:root:Iter 21: Q = 0.023662857711315155, term1 = 0.009205873124301434, term2 = 0.02430625446140766
INFO:root:U_1-Qu_upper=0.37488914523823236, U_2-Qv_upper=0.06936975334547824
INFO:root:eta=0.9574578227428079, l=0.7411731640210326, r=1
INFO:root:Iter 22: Q = 0.02358398586511612, term1 = 0.008716375567018986, term2 = 0.02424458973109722
INFO:root:U_1-Qu_upper=0.3771746269848003, U_2-Qv_upper=0.07060625868925599
INFO:root:eta=0.959188087027558, l=0.754114505819981, r=1
INFO:root:Iter 23: Q = 0.023612702265381813, term1 = 0.00835188664495945, term2 = 0.024262024089694023
INFO:root:U_1-Qu_upper=0.3850508533265793, U_2-Qv_upper=0.07166984067829965
INFO:root:eta=0.9614149863925397, l=0.7664087805289819, r=1
INFO:root:Iter 24: Q = 0.022727256640791893, term1 = 0.008060956373810768, term2 = 0.02331586740911007
INFO:root:U_1-Qu_upper=0.3868220911124776, U_2-Qv_upper=0.07428288393052193
INFO:root:eta=0.9623690257483416, l=0.7780883415025328, r=1
INFO:root:Iter 25: Q = 0.022557707503437996, term1 = 0.007774063386023045, term2 = 0.02313578501343727
INFO:root:U_1-Qu_upper=0.3912051372797139, U_2-Qv_upper=0.07764122615284572
INFO:root:eta=0.9632513023302286, l=0.7891839244274061, r=1
INFO:root:Iter 26: Q = 0.022672021761536598, term1 = 0.007571113295853138, term2 = 0.023248132318258286
INFO:root:U_1-Qu_upper=0.394365482419384, U_2-Qv_upper=0.0719596929783759
INFO:root:eta=0.9674684943608927, l=0.7997247282060358, r=1
INFO:root:Iter 27: Q = 0.0222991444170475, term1 = 0.007339331321418285, term2 = 0.02280217409133911
INFO:root:U_1-Qu_upper=0.3969550440867914, U_2-Qv_upper=0.0772171610415186
INFO:root:eta=0.9673859248865848, l=0.809738491795734, r=1
INFO:root:Iter 28: Q = 0.021954776719212532, term1 = 0.007218135055154562, term2 = 0.022451601922512054
INFO:root:U_1-Qu_upper=0.39509726353636093, U_2-Qv_upper=0.07795726637870085
INFO:root:eta=0.9686457561682021, l=0.8192515672059473, r=1
INFO:root:Iter 29: Q = 0.021217014640569687, term1 = 0.007033221423625946, term2 = 0.02167613059282303
INFO:root:U_1-Qu_upper=0.39594603605752965, U_2-Qv_upper=0.08089213777683632
INFO:root:eta=0.9693373393095777, l=0.8282889888456499, r=1
INFO:root:Iter 30: Q = 0.02234293520450592, term1 = 0.006920290645211935, term2 = 0.022830793634057045
INFO:root:U_1-Qu_upper=0.40123264412820886, U_2-Qv_upper=0.07792245420360899
INFO:root:eta=0.972075548294251, l=0.8368745394033674, r=1
INFO:root:Iter 31: Q = 0.021510524675250053, term1 = 0.006728130392730236, term2 = 0.021935174241662025
INFO:root:U_1-Qu_upper=0.4033128056947999, U_2-Qv_upper=0.08086524744303386
INFO:root:eta=0.9727555170047115, l=0.8450308124331991, r=1
INFO:root:Iter 32: Q = 0.02166084758937359, term1 = 0.0065500326454639435, term2 = 0.022084064781665802
INFO:root:U_1-Qu_upper=0.4028507750237369, U_2-Qv_upper=0.07970645412010305
INFO:root:eta=0.9744029439560193, l=0.8527792718115391, r=1
INFO:root:Iter 33: Q = 0.021467624232172966, term1 = 0.006592784076929092, term2 = 0.021858377382159233
INFO:root:U_1-Qu_upper=0.40348027966122935, U_2-Qv_upper=0.08148938285423923
INFO:root:eta=0.975262522151998, l=0.8601403082209622, r=1
INFO:root:Iter 34: Q = 0.02052772045135498, term1 = 0.006474003195762634, term2 = 0.020884191617369652
INFO:root:U_1-Qu_upper=0.4040307144166708, U_2-Qv_upper=0.08687319885138228
INFO:root:eta=0.9752496191478128, l=0.8671332928099141, r=1
INFO:root:Iter 35: Q = 0.02117065340280533, term1 = 0.006484764628112316, term2 = 0.021543359383940697
INFO:root:U_1-Qu_upper=0.40245096824870413, U_2-Qv_upper=0.08095628093961935
INFO:root:eta=0.9777487936044329, l=0.8737766281694185, r=1
INFO:root:Iter 36: Q = 0.020160900428891182, term1 = 0.006361776497215033, term2 = 0.020474934950470924
INFO:root:U_1-Qu_upper=0.40394702221330747, U_2-Qv_upper=0.08900256842740992
INFO:root:eta=0.977210237107839, l=0.8800877967609475, r=1
INFO:root:Iter 37: Q = 0.020002424716949463, term1 = 0.006569223944097757, term2 = 0.020315703004598618
INFO:root:U_1-Qu_upper=0.40337411269649825, U_2-Qv_upper=0.08828369393650734
INFO:root:eta=0.978468170123228, l=0.8860834069229001, r=1
INFO:root:Iter 38: Q = 0.019600864499807358, term1 = 0.006368434987962246, term2 = 0.019892051815986633
INFO:root:U_1-Qu_upper=0.4079782651554022, U_2-Qv_upper=0.08905183423922505
INFO:root:eta=0.9795898043676733, l=0.8917792365767551, r=1
INFO:root:Iter 39: Q = 0.020007571205496788, term1 = 0.006462175399065018, term2 = 0.020289795473217964
INFO:root:U_1-Qu_upper=0.4058367360463852, U_2-Qv_upper=0.08798110562013647
INFO:root:eta=0.9807188367579028, l=0.8971902747479173, r=1
INFO:root:Iter 40: Q = 0.01909581571817398, term1 = 0.006367915775626898, term2 = 0.019346049055457115
INFO:root:U_1-Qu_upper=0.4056465714342982, U_2-Qv_upper=0.09283431926820862
INFO:root:eta=0.980853286382798, l=0.9023307610105215, r=1
INFO:root:Iter 41: Q = 0.019322345033288002, term1 = 0.006418303586542606, term2 = 0.0195742379873991
INFO:root:U_1-Qu_upper=0.4071813644277943, U_2-Qv_upper=0.09170440525139753
INFO:root:eta=0.9820465925924359, l=0.9072142229599954, r=1
INFO:root:Iter 42: Q = 0.01914246566593647, term1 = 0.006351879332214594, term2 = 0.019376296550035477
INFO:root:U_1-Qu_upper=0.40449938669538854, U_2-Qv_upper=0.09318387247544399
INFO:root:eta=0.9826272275470231, l=0.9118535118119957, r=1
INFO:root:Iter 43: Q = 0.018807655200362206, term1 = 0.006437820382416248, term2 = 0.01902635395526886
INFO:root:U_1-Qu_upper=0.40650091291997115, U_2-Qv_upper=0.09186537694875505
INFO:root:eta=0.9837516892118988, l=0.9162608362213959, r=1
INFO:root:Iter 44: Q = 0.01888270303606987, term1 = 0.006421019788831472, term2 = 0.01908852905035019
INFO:root:U_1-Qu_upper=0.40590130187226336, U_2-Qv_upper=0.09673106336941756
INFO:root:eta=0.9838844871159951, l=0.9204477944103261, r=1
INFO:root:Iter 45: Q = 0.018964631482958794, term1 = 0.006502620875835419, term2 = 0.019168753176927567
INFO:root:U_1-Qu_upper=0.40304584392485704, U_2-Qv_upper=0.09323595258916359
INFO:root:eta=0.9850546086501226, l=0.9244254046898098, r=1
INFO:root:Iter 46: Q = 0.018133271485567093, term1 = 0.00645629595965147, term2 = 0.018310435116291046
INFO:root:U_1-Qu_upper=0.4044295613994677, U_2-Qv_upper=0.09725160642628536
INFO:root:eta=0.9853497574350146, l=0.9282041344553194, r=1
INFO:root:Iter 47: Q = 0.018823787569999695, term1 = 0.006594241596758366, term2 = 0.01900561712682247
INFO:root:U_1-Qu_upper=0.40229205783485883, U_2-Qv_upper=0.09324343050010209
INFO:root:eta=0.9864903867498892, l=0.9317939277325534, r=1
INFO:root:Iter 48: Q = 0.018456080928444862, term1 = 0.006553816143423319, term2 = 0.018619079142808914
INFO:root:U_1-Qu_upper=0.40359178580352206, U_2-Qv_upper=0.09534093507414018
INFO:root:eta=0.9869665178578111, l=0.9352042313459258, r=1
INFO:root:Iter 49: Q = 0.018213680014014244, term1 = 0.006599077023565769, term2 = 0.018367057666182518
INFO:root:U_1-Qu_upper=0.403110813076329, U_2-Qv_upper=0.09895654918841776
INFO:root:eta=0.9872288737529266, l=0.9384440197786295, r=1
INFO:root:Iter 50: Q = 0.018394794315099716, term1 = 0.006666269153356552, term2 = 0.018546517938375473
/zhome/c3/3/213266/SC/distributional-counterfactual-explanation/HELOC_new.py:170: DeprecationWarning: __array_wrap__ must accept context and return_scalar arguments (positionally) in the future. (Deprecated NumPy 2.0)
  X_s = X_s * std.values + mean.values
INFO:root:Optimization started
INFO:root:U_1-Qu_upper=0.5, U_2-Qv_upper=-0.35133045413230096
INFO:root:eta=1, l=0.24000000000000002, r=1
INFO:root:Iter 1: Q = 0.16223405301570892, term1 = 0.006472828332334757, term2 = 0.16223405301570892
INFO:root:U_1-Qu_upper=0.4525605255047041, U_2-Qv_upper=-0.22850935968208314
INFO:root:eta=1, l=0.278, r=1
INFO:root:Iter 2: Q = 0.11330243200063705, term1 = 0.009176936000585556, term2 = 0.11330243200063705
INFO:root:U_1-Qu_upper=0.4032487329561638, U_2-Qv_upper=-0.15609757673037572
INFO:root:eta=1, l=0.31410000000000005, r=1
INFO:root:Iter 3: Q = 0.0890130028128624, term1 = 0.009342663921415806, term2 = 0.0890130028128624
INFO:root:U_1-Qu_upper=0.3719682700029605, U_2-Qv_upper=-0.10409609628209643
INFO:root:eta=1, l=0.34839500000000007, r=1
INFO:root:Iter 4: Q = 0.07416578382253647, term1 = 0.011356592178344727, term2 = 0.07416578382253647
INFO:root:U_1-Qu_upper=0.3522411395690456, U_2-Qv_upper=-0.06675632085546612
INFO:root:eta=1, l=0.38097525000000004, r=1
INFO:root:Iter 5: Q = 0.06421373784542084, term1 = 0.013174918480217457, term2 = 0.06421373784542084
INFO:root:U_1-Qu_upper=0.3384493863912411, U_2-Qv_upper=-0.047679374761543436
INFO:root:eta=1, l=0.41192648750000005, r=1
INFO:root:Iter 6: Q = 0.05626291781663895, term1 = 0.015951398760080338, term2 = 0.05626291781663895
INFO:root:U_1-Qu_upper=0.32258895158192524, U_2-Qv_upper=-0.026594422658945405
INFO:root:eta=1, l=0.44133016312500006, r=1
INFO:root:Iter 7: Q = 0.05048467591404915, term1 = 0.018452726304531097, term2 = 0.05048467591404915
INFO:root:U_1-Qu_upper=0.306094953412897, U_2-Qv_upper=-0.01542601243703795
INFO:root:eta=1, l=0.46926365496875005, r=1
INFO:root:Iter 8: Q = 0.04612739756703377, term1 = 0.0191176850348711, term2 = 0.04612739756703377
INFO:root:U_1-Qu_upper=0.297146008476429, U_2-Qv_upper=-0.0031538527437868225
INFO:root:eta=1, l=0.49580047222031254, r=1
INFO:root:Iter 9: Q = 0.04241589456796646, term1 = 0.02128591015934944, term2 = 0.04241589456796646
INFO:root:U_1-Qu_upper=0.2851569983387022, U_2-Qv_upper=0.005275939499520765
INFO:root:eta=0.990840824652835, l=0.5210104486092969, r=1
INFO:root:Iter 10: Q = 0.038870081305503845, term1 = 0.021782048046588898, term2 = 0.03902804106473923
INFO:root:U_1-Qu_upper=0.2817185247170654, U_2-Qv_upper=0.014658355395681721
INFO:root:eta=0.9763098961280917, l=0.544959926178832, r=1
INFO:root:Iter 11: Q = 0.03626519441604614, term1 = 0.023086203262209892, term2 = 0.03658498451113701
INFO:root:U_1-Qu_upper=0.2780305988646784, U_2-Qv_upper=0.026075452324556048
INFO:root:eta=0.9609827699768364, l=0.5677119298698905, r=1
INFO:root:Iter 12: Q = 0.034608300775289536, term1 = 0.020883897319436073, term2 = 0.03516552969813347
INFO:root:U_1-Qu_upper=0.28837636789071575, U_2-Qv_upper=0.03919715952795216
INFO:root:eta=0.9482727905992723, l=0.589326333376396, r=1
INFO:root:Iter 13: Q = 0.030434779822826385, term1 = 0.024256937205791473, term2 = 0.030771775171160698
INFO:root:U_1-Qu_upper=0.2915690123101048, U_2-Qv_upper=0.051152383285458514
INFO:root:eta=0.9387054993637896, l=0.6098600167075762, r=1
INFO:root:Iter 14: Q = 0.027768876403570175, term1 = 0.01742483302950859, term2 = 0.028444308787584305
INFO:root:U_1-Qu_upper=0.3080506395525946, U_2-Qv_upper=0.0578419265819721
INFO:root:eta=0.9383249337129391, l=0.6293670158721973, r=1
INFO:root:Iter 15: Q = 0.027428539469838142, term1 = 0.01522002648562193, term2 = 0.02823099121451378
INFO:root:U_1-Qu_upper=0.32049435819581207, U_2-Qv_upper=0.05174391269205861
INFO:root:eta=0.9484792342126391, l=0.6478986650785875, r=1
INFO:root:Iter 16: Q = 0.026786142960190773, term1 = 0.013688862323760986, term2 = 0.027497578412294388
INFO:root:U_1-Qu_upper=0.3313564683492759, U_2-Qv_upper=0.06033220870607689
INFO:root:eta=0.9457654702099931, l=0.6655037318246582, r=1
INFO:root:Iter 17: Q = 0.026111360639333725, term1 = 0.012461667880415916, term2 = 0.026894094422459602
INFO:root:U_1-Qu_upper=0.3400169515691838, U_2-Qv_upper=0.06079561898260816
INFO:root:eta=0.9492632986957064, l=0.6822285452334252, r=1
INFO:root:Iter 18: Q = 0.025973116979002953, term1 = 0.0110877500846982, term2 = 0.026768717914819717
INFO:root:U_1-Qu_upper=0.3501199845592211, U_2-Qv_upper=0.06264762778637031
INFO:root:eta=0.9517703733918881, l=0.698117117971754, r=1
INFO:root:Iter 19: Q = 0.025104263797402382, term1 = 0.010261261835694313, term2 = 0.025856411084532738
INFO:root:U_1-Qu_upper=0.3569282603820595, U_2-Qv_upper=0.06554646228358191
INFO:root:eta=0.9531632216572075, l=0.7132112620731663, r=1
INFO:root:Iter 20: Q = 0.025003746151924133, term1 = 0.009516243822872639, term2 = 0.025764774531126022
INFO:root:U_1-Qu_upper=0.36492476327507806, U_2-Qv_upper=0.06266574690584073
INFO:root:eta=0.957969529167604, l=0.727550698969508, r=1
INFO:root:Iter 21: Q = 0.02436656504869461, term1 = 0.0089562451466918, term2 = 0.025042684748768806
INFO:root:U_1-Qu_upper=0.36823770961161933, U_2-Qv_upper=0.07104314177121696
INFO:root:eta=0.9559378601237739, l=0.7411731640210326, r=1
INFO:root:Iter 22: Q = 0.023895181715488434, term1 = 0.008466134779155254, term2 = 0.024606354534626007
INFO:root:U_1-Qu_upper=0.37374997968854784, U_2-Qv_upper=0.07009163891522419
INFO:root:eta=0.9591259666317972, l=0.754114505819981, r=1
INFO:root:Iter 23: Q = 0.024293111637234688, term1 = 0.008017456158995628, term2 = 0.024986712262034416
INFO:root:U_1-Qu_upper=0.3785424245047831, U_2-Qv_upper=0.07169289647532137
INFO:root:eta=0.9608466007494549, l=0.7664087805289819, r=1
INFO:root:Iter 24: Q = 0.023493250831961632, term1 = 0.00761062279343605, term2 = 0.02414044924080372
INFO:root:U_1-Qu_upper=0.38119063637453343, U_2-Qv_upper=0.07322717267838474
INFO:root:eta=0.9623579353106586, l=0.7780883415025328, r=1
INFO:root:Iter 25: Q = 0.022826703265309334, term1 = 0.007275886833667755, term2 = 0.023434964939951897
INFO:root:U_1-Qu_upper=0.3855675745948981, U_2-Qv_upper=0.07520501798208559
INFO:root:eta=0.9637806793707068, l=0.7891839244274061, r=1
INFO:root:Iter 26: Q = 0.022963250055909157, term1 = 0.007092603947967291, term2 = 0.023559676483273506
INFO:root:U_1-Qu_upper=0.38530720259976736, U_2-Qv_upper=0.07287895756520607
INFO:root:eta=0.9664676562465649, l=0.7997247282060358, r=1
INFO:root:Iter 27: Q = 0.022765086963772774, term1 = 0.006713390350341797, term2 = 0.023322012275457382
INFO:root:U_1-Qu_upper=0.3912067928998835, U_2-Qv_upper=0.08057983398777058
INFO:root:eta=0.9657935447228007, l=0.809738491795734, r=1
INFO:root:Iter 28: Q = 0.022524578496813774, term1 = 0.006631959229707718, term2 = 0.02308746427297592
INFO:root:U_1-Qu_upper=0.389790295424723, U_2-Qv_upper=0.07621082021423686
INFO:root:eta=0.9688842255762347, l=0.8192515672059473, r=1
INFO:root:Iter 29: Q = 0.02216234989464283, term1 = 0.00636457372456789, term2 = 0.022669697180390358
INFO:root:U_1-Qu_upper=0.3938791897064835, U_2-Qv_upper=0.07607581554671075
INFO:root:eta=0.970740636273915, l=0.8282889888456499, r=1
INFO:root:Iter 30: Q = 0.022199338302016258, term1 = 0.006387846078723669, term2 = 0.02267591841518879
INFO:root:U_1-Qu_upper=0.3933724007446875, U_2-Qv_upper=0.08041494242397629
INFO:root:eta=0.9708558464580506, l=0.8368745394033674, r=1
INFO:root:Iter 31: Q = 0.021859340369701385, term1 = 0.006071113981306553, term2 = 0.022333286702632904
INFO:root:U_1-Qu_upper=0.3974530416918817, U_2-Qv_upper=0.07938988491238283
INFO:root:eta=0.9728411373630508, l=0.8450308124331991, r=1
INFO:root:Iter 32: Q = 0.021688187494874, term1 = 0.006102215498685837, term2 = 0.022123301401734352
INFO:root:U_1-Qu_upper=0.3947461571940425, U_2-Qv_upper=0.08405617929509293
INFO:root:eta=0.9727943729121182, l=0.8527792718115391, r=1
INFO:root:Iter 33: Q = 0.02131018042564392, term1 = 0.005905321799218655, term2 = 0.021740999072790146
INFO:root:U_1-Qu_upper=0.4003491474033842, U_2-Qv_upper=0.08077118560568036
INFO:root:eta=0.975284368700149, l=0.8601403082209622, r=1
INFO:root:Iter 34: Q = 0.02147338166832924, term1 = 0.005913760978728533, term2 = 0.021867692470550537
INFO:root:U_1-Qu_upper=0.3990336634006798, U_2-Qv_upper=0.08110891021629726
INFO:root:eta=0.9763739609717794, l=0.8671332928099141, r=1
INFO:root:Iter 35: Q = 0.021179182454943657, term1 = 0.005742612760514021, term2 = 0.021552711725234985
INFO:root:U_1-Qu_upper=0.4018309868517752, U_2-Qv_upper=0.08320407298441393
INFO:root:eta=0.9772077276105025, l=0.8737766281694185, r=1
INFO:root:Iter 36: Q = 0.02057449333369732, term1 = 0.006526409648358822, term2 = 0.020902149379253387
INFO:root:U_1-Qu_upper=0.3965125563979995, U_2-Qv_upper=0.08909849931027289
INFO:root:eta=0.9768409041025962, l=0.8800877967609475, r=1
INFO:root:Iter 37: Q = 0.02012835070490837, term1 = 0.005943268537521362, term2 = 0.02046465314924717
INFO:root:U_1-Qu_upper=0.39857532577699384, U_2-Qv_upper=0.09357334034464443
INFO:root:eta=0.9772008212608042, l=0.8860834069229001, r=1
INFO:root:Iter 38: Q = 0.01972055807709694, term1 = 0.005872153677046299, term2 = 0.02004365809261799
INFO:root:U_1-Qu_upper=0.3980651259284002, U_2-Qv_upper=0.08898579426970507
INFO:root:eta=0.979187066290027, l=0.8917792365767551, r=1
INFO:root:Iter 39: Q = 0.019901392981410027, term1 = 0.005721996538341045, term2 = 0.02020278014242649
INFO:root:U_1-Qu_upper=0.40200745343738786, U_2-Qv_upper=0.08840435147605488
INFO:root:eta=0.9804915250595077, l=0.8971902747479173, r=1
INFO:root:Iter 40: Q = 0.019510166719555855, term1 = 0.005838221870362759, term2 = 0.01978219300508499
INFO:root:U_1-Qu_upper=0.39918605160342424, U_2-Qv_upper=0.09023759147776492
INFO:root:eta=0.9810444343701236, l=0.9023307610105215, r=1
INFO:root:Iter 41: Q = 0.019440798088908195, term1 = 0.005651022773236036, term2 = 0.019707242026925087
INFO:root:U_1-Qu_upper=0.4031136483722482, U_2-Qv_upper=0.09191668385337348
INFO:root:eta=0.9818648838707851, l=0.9072142229599954, r=1
INFO:root:Iter 42: Q = 0.019201453775167465, term1 = 0.005767222493886948, term2 = 0.019449586048722267
INFO:root:U_1-Qu_upper=0.40172168897118166, U_2-Qv_upper=0.09127193162912806
INFO:root:eta=0.9828218119986247, l=0.9118535118119957, r=1
INFO:root:Iter 43: Q = 0.01918071135878563, term1 = 0.005662612617015839, term2 = 0.019416986033320427
INFO:root:U_1-Qu_upper=0.4040501813093763, U_2-Qv_upper=0.0923194031550364
INFO:root:eta=0.9836057014079346, l=0.9162608362213959, r=1
INFO:root:Iter 44: Q = 0.01901782862842083, term1 = 0.005702374503016472, term2 = 0.019239764660596848
INFO:root:U_1-Qu_upper=0.40224918368635254, U_2-Qv_upper=0.09182961776857457
INFO:root:eta=0.984436216693764, l=0.9204477944103261, r=1
INFO:root:Iter 45: Q = 0.01917540654540062, term1 = 0.005626960191875696, term2 = 0.01938960701227188
INFO:root:U_1-Qu_upper=0.40293078060017257, U_2-Qv_upper=0.09131465083010615
INFO:root:eta=0.9853022781512334, l=0.9244254046898098, r=1
INFO:root:Iter 46: Q = 0.01874588616192341, term1 = 0.005782030057162046, term2 = 0.018939267843961716
INFO:root:U_1-Qu_upper=0.4012179921511493, U_2-Qv_upper=0.0939611897551654
INFO:root:eta=0.9856595770781937, l=0.9282041344553194, r=1
INFO:root:Iter 47: Q = 0.018499940633773804, term1 = 0.00562224630266428, term2 = 0.018687298521399498
INFO:root:U_1-Qu_upper=0.40385799408462253, U_2-Qv_upper=0.09529163327273749
INFO:root:eta=0.986293598322003, l=0.9317939277325534, r=1
INFO:root:Iter 48: Q = 0.018650954589247704, term1 = 0.005748427473008633, term2 = 0.018830260261893272
INFO:root:U_1-Qu_upper=0.4010042555254899, U_2-Qv_upper=0.09760355970342732
INFO:root:eta=0.9866485136346377, l=0.9352042313459258, r=1
INFO:root:Iter 49: Q = 0.018484028056263924, term1 = 0.0056861164048314095, term2 = 0.01865721121430397
INFO:root:U_1-Qu_upper=0.4012409197737996, U_2-Qv_upper=0.097480558069267
INFO:root:eta=0.9873349595524863, l=0.9384440197786295, r=1
INFO:root:Iter 50: Q = 0.018655428662896156, term1 = 0.005782174877822399, term2 = 0.018820559605956078
/zhome/c3/3/213266/SC/distributional-counterfactual-explanation/HELOC_new.py:170: DeprecationWarning: __array_wrap__ must accept context and return_scalar arguments (positionally) in the future. (Deprecated NumPy 2.0)
  #     X_s = X_s * std.values + mean.values
INFO:root:Optimization started
INFO:root:U_1-Qu_upper=0.5, U_2-Qv_upper=-0.3668340327921868
INFO:root:eta=1, l=0.24000000000000002, r=1
INFO:root:Iter 1: Q = 0.16123928129673004, term1 = 0.005359870381653309, term2 = 0.16123928129673004
INFO:root:U_1-Qu_upper=0.4713806737728315, U_2-Qv_upper=-0.22453455792697324
INFO:root:eta=1, l=0.278, r=1
INFO:root:Iter 2: Q = 0.11453885585069656, term1 = 0.007495725993067026, term2 = 0.11453885585069656
INFO:root:U_1-Qu_upper=0.4270495442558515, U_2-Qv_upper=-0.15680019149926838
INFO:root:eta=1, l=0.31410000000000005, r=1
INFO:root:Iter 3: Q = 0.09106053411960602, term1 = 0.007296415977180004, term2 = 0.09106053411960602
INFO:root:U_1-Qu_upper=0.4003857458856117, U_2-Qv_upper=-0.11426713178512626
INFO:root:eta=1, l=0.34839500000000007, r=1
INFO:root:Iter 4: Q = 0.0775153785943985, term1 = 0.00887084286659956, term2 = 0.0775153785943985
INFO:root:U_1-Qu_upper=0.38401572478101664, U_2-Qv_upper=-0.0790640162123542
INFO:root:eta=1, l=0.38097525000000004, r=1
INFO:root:Iter 5: Q = 0.0681004747748375, term1 = 0.009956242516636848, term2 = 0.0681004747748375
INFO:root:U_1-Qu_upper=0.3678145748912219, U_2-Qv_upper=-0.06498227050156069
INFO:root:eta=1, l=0.41192648750000005, r=1
INFO:root:Iter 6: Q = 0.06031591072678566, term1 = 0.012316804379224777, term2 = 0.06031591072678566
INFO:root:U_1-Qu_upper=0.35449025687516034, U_2-Qv_upper=-0.03933022988412166
INFO:root:eta=1, l=0.44133016312500006, r=1
INFO:root:Iter 7: Q = 0.05513190105557442, term1 = 0.012809405103325844, term2 = 0.05513190105557442
INFO:root:U_1-Qu_upper=0.3464408529107412, U_2-Qv_upper=-0.024906169661298938
INFO:root:eta=1, l=0.46926365496875005, r=1
INFO:root:Iter 8: Q = 0.04977830499410629, term1 = 0.014009070582687855, term2 = 0.04977830499410629
INFO:root:U_1-Qu_upper=0.33884180026029653, U_2-Qv_upper=-0.009266309357628288
INFO:root:eta=1, l=0.49580047222031254, r=1
INFO:root:Iter 9: Q = 0.04539795219898224, term1 = 0.01689743995666504, term2 = 0.04539795219898224
INFO:root:U_1-Qu_upper=0.32653766816690866, U_2-Qv_upper=0.002322139735987161
INFO:root:eta=0.996439754174311, l=0.5210104486092969, r=1
INFO:root:Iter 10: Q = 0.041759006679058075, term1 = 0.016428491100668907, term2 = 0.04184950888156891
INFO:root:U_1-Qu_upper=0.3193449142092589, U_2-Qv_upper=0.007310155907903904
INFO:root:eta=0.9892807777400574, l=0.544959926178832, r=1
INFO:root:Iter 11: Q = 0.03749246895313263, term1 = 0.016946539282798767, term2 = 0.03771509230136871
INFO:root:U_1-Qu_upper=0.3173982184343667, U_2-Qv_upper=0.021902019310998555
INFO:root:eta=0.9706269098119853, l=0.5677119298698905, r=1
INFO:root:Iter 12: Q = 0.033889785408973694, term1 = 0.017858561128377914, term2 = 0.03437492251396179
INFO:root:U_1-Qu_upper=0.31512685650312855, U_2-Qv_upper=0.033114131798698154
INFO:root:eta=0.9588938562370309, l=0.589326333376396, r=1
INFO:root:Iter 13: Q = 0.030437475070357323, term1 = 0.01559044886380434, term2 = 0.03107394278049469
INFO:root:U_1-Qu_upper=0.3254169401272794, U_2-Qv_upper=0.04752632445126126
INFO:root:eta=0.9476654714609221, l=0.6098600167075762, r=1
INFO:root:Iter 14: Q = 0.028460463508963585, term1 = 0.01572674885392189, term2 = 0.029163679108023643
INFO:root:U_1-Qu_upper=0.3308561385077013, U_2-Qv_upper=0.05521414674693628
INFO:root:eta=0.944203822174122, l=0.6293670158721973, r=1
INFO:root:Iter 15: Q = 0.026905473321676254, term1 = 0.01279680710285902, term2 = 0.027739202603697777
INFO:root:U_1-Qu_upper=0.34403109259191544, U_2-Qv_upper=0.06066195412480044
INFO:root:eta=0.9444435201871978, l=0.6478986650785875, r=1
INFO:root:Iter 16: Q = 0.027035582810640335, term1 = 0.011564092710614204, term2 = 0.027945686131715775
INFO:root:U_1-Qu_upper=0.3526268822144878, U_2-Qv_upper=0.0594734699721477
INFO:root:eta=0.9491854640296014, l=0.6655037318246582, r=1
INFO:root:Iter 17: Q = 0.026583146303892136, term1 = 0.010520769283175468, term2 = 0.027443042024970055
INFO:root:U_1-Qu_upper=0.3623871534908705, U_2-Qv_upper=0.05734363437853077
INFO:root:eta=0.9543011085734363, l=0.6822285452334252, r=1
INFO:root:Iter 18: Q = 0.025599967688322067, term1 = 0.009872907772660255, term2 = 0.02635309286415577
INFO:root:U_1-Qu_upper=0.3662587992115335, U_2-Qv_upper=0.06234274571754475
INFO:root:eta=0.9537781764083819, l=0.698117117971754, r=1
INFO:root:Iter 19: Q = 0.0255047045648098, term1 = 0.009186474606394768, term2 = 0.02629551663994789
INFO:root:U_1-Qu_upper=0.3706072772791232, U_2-Qv_upper=0.06301510443555663
INFO:root:eta=0.9561296138287578, l=0.7132112620731663, r=1
INFO:root:Iter 20: Q = 0.02490147016942501, term1 = 0.008687210269272327, term2 = 0.025645432993769646
INFO:root:U_1-Qu_upper=0.37954070559185127, U_2-Qv_upper=0.07088133366844451
INFO:root:eta=0.9548690640033345, l=0.727550698969508, r=1
INFO:root:Iter 21: Q = 0.024345574900507927, term1 = 0.008220533840358257, term2 = 0.02510770969092846
INFO:root:U_1-Qu_upper=0.38070750124840863, U_2-Qv_upper=0.06508716731241304
INFO:root:eta=0.9602217018485895, l=0.7411731640210326, r=1
INFO:root:Iter 22: Q = 0.02436891384422779, term1 = 0.007869420573115349, term2 = 0.025052424520254135
INFO:root:U_1-Qu_upper=0.3869449307263293, U_2-Qv_upper=0.06809846718176352
INFO:root:eta=0.9612658685375909, l=0.754114505819981, r=1
INFO:root:Iter 23: Q = 0.023695100098848343, term1 = 0.0075121549889445305, term2 = 0.02434718981385231
INFO:root:U_1-Qu_upper=0.3875852761097523, U_2-Qv_upper=0.07114384136544522
INFO:root:eta=0.9618658639148774, l=0.7664087805289819, r=1
INFO:root:Iter 24: Q = 0.02368210256099701, term1 = 0.00726968701928854, term2 = 0.024332789704203606
INFO:root:U_1-Qu_upper=0.39010726040273014, U_2-Qv_upper=0.07143105707094186
INFO:root:eta=0.9638477086352488, l=0.7780883415025328, r=1
INFO:root:Iter 25: Q = 0.02336028590798378, term1 = 0.007052896078675985, term2 = 0.02397194877266884
INFO:root:U_1-Qu_upper=0.3930496542451537, U_2-Qv_upper=0.07178780800484244
INFO:root:eta=0.965728770101398, l=0.7891839244274061, r=1
INFO:root:Iter 26: Q = 0.023008013144135475, term1 = 0.006839733570814133, term2 = 0.02358178421854973
INFO:root:U_1-Qu_upper=0.3938691767415598, U_2-Qv_upper=0.07477885859243791
INFO:root:eta=0.9663615670702204, l=0.7997247282060358, r=1
INFO:root:Iter 27: Q = 0.022813500836491585, term1 = 0.006637853570282459, term2 = 0.02337656542658806
INFO:root:U_1-Qu_upper=0.398300889058227, U_2-Qv_upper=0.0764971505834175
INFO:root:eta=0.9677326224090543, l=0.809738491795734, r=1
INFO:root:Iter 28: Q = 0.02251831442117691, term1 = 0.006518383510410786, term2 = 0.023051803931593895
INFO:root:U_1-Qu_upper=0.4004649125871148, U_2-Qv_upper=0.07876438662628191
INFO:root:eta=0.9687293097127034, l=0.8192515672059473, r=1
INFO:root:Iter 29: Q = 0.022333575412631035, term1 = 0.006399139761924744, term2 = 0.022847941145300865
INFO:root:U_1-Qu_upper=0.402074314763712, U_2-Qv_upper=0.07587335734702061
INFO:root:eta=0.971306502298185, l=0.8282889888456499, r=1
INFO:root:Iter 30: Q = 0.022023063153028488, term1 = 0.006304366048425436, term2 = 0.02248741127550602
INFO:root:U_1-Qu_upper=0.40174619814257295, U_2-Qv_upper=0.08271983806049152
INFO:root:eta=0.9706813151501553, l=0.8368745394033674, r=1
INFO:root:Iter 31: Q = 0.022148502990603447, term1 = 0.006200960837304592, term2 = 0.02263018675148487
INFO:root:U_1-Qu_upper=0.4053170616769524, U_2-Qv_upper=0.07650013569374864
INFO:root:eta=0.9740998869719745, l=0.8450308124331991, r=1
INFO:root:Iter 32: Q = 0.021593322977423668, term1 = 0.0061699701473116875, term2 = 0.022003410384058952
INFO:root:U_1-Qu_upper=0.40011256920124205, U_2-Qv_upper=0.07917526755478985
INFO:root:eta=0.9744000870721127, l=0.8527792718115391, r=1
INFO:root:Iter 33: Q = 0.02150561474263668, term1 = 0.006108767818659544, term2 = 0.021910127252340317
INFO:root:U_1-Qu_upper=0.4007873483620876, U_2-Qv_upper=0.08089699638876
INFO:root:eta=0.9752748561451112, l=0.8601403082209622, r=1
INFO:root:Iter 34: Q = 0.022131720557808876, term1 = 0.006448992993682623, term2 = 0.02252930961549282
INFO:root:U_1-Qu_upper=0.4052914109284902, U_2-Qv_upper=0.0800911619915135
INFO:root:eta=0.9769222756330722, l=0.8671332928099141, r=1
INFO:root:Iter 35: Q = 0.021349076181650162, term1 = 0.006074630655348301, term2 = 0.021709902212023735
INFO:root:U_1-Qu_upper=0.40439367249948055, U_2-Qv_upper=0.08004495388547364
INFO:root:eta=0.978046115915014, l=0.8737766281694185, r=1
INFO:root:Iter 36: Q = 0.02166600152850151, term1 = 0.006062093656510115, term2 = 0.022016257047653198
INFO:root:U_1-Qu_upper=0.4021918058107107, U_2-Qv_upper=0.07871716517350766
INFO:root:eta=0.9793392375509022, l=0.8800877967609475, r=1
INFO:root:Iter 37: Q = 0.020974844694137573, term1 = 0.00605284608900547, term2 = 0.021289648488163948
INFO:root:U_1-Qu_upper=0.4065305923785034, U_2-Qv_upper=0.08184045179012231
INFO:root:eta=0.9799053015009536, l=0.8860834069229001, r=1
INFO:root:Iter 38: Q = 0.02074168436229229, term1 = 0.006053802091628313, term2 = 0.02104288525879383
INFO:root:U_1-Qu_upper=0.40237318771473013, U_2-Qv_upper=0.0860927430983627
INFO:root:eta=0.9799220552268564, l=0.8917792365767551, r=1
INFO:root:Iter 39: Q = 0.02075575850903988, term1 = 0.006071616895496845, term2 = 0.021056625992059708
INFO:root:U_1-Qu_upper=0.40701364797856465, U_2-Qv_upper=0.08425141615976006
INFO:root:eta=0.9814402585449645, l=0.8971902747479173, r=1
INFO:root:Iter 40: Q = 0.02035081759095192, term1 = 0.00608759094029665, term2 = 0.020620545372366905
INFO:root:U_1-Qu_upper=0.39995803347061354, U_2-Qv_upper=0.08801103368731827
INFO:root:eta=0.9814570414365703, l=0.9023307610105215, r=1
INFO:root:Iter 41: Q = 0.019828252494335175, term1 = 0.006094249896705151, term2 = 0.02008773386478424
INFO:root:U_1-Qu_upper=0.40058953381978113, U_2-Qv_upper=0.09070253139642678
INFO:root:eta=0.981968267262754, l=0.9072142229599954, r=1
INFO:root:Iter 42: Q = 0.01981337182223797, term1 = 0.0061443704180419445, term2 = 0.020064372569322586
INFO:root:U_1-Qu_upper=0.4032968723549127, U_2-Qv_upper=0.0885086010525267
INFO:root:eta=0.9833016512270922, l=0.9118535118119957, r=1
INFO:root:Iter 43: Q = 0.01968132145702839, term1 = 0.006155553739517927, term2 = 0.019911015406250954
INFO:root:U_1-Qu_upper=0.40036482512965305, U_2-Qv_upper=0.09254994871128552
INFO:root:eta=0.9834495669559454, l=0.9162608362213959, r=1
INFO:root:Iter 44: Q = 0.01953507587313652, term1 = 0.0062055932357907295, term2 = 0.019759397953748703
INFO:root:U_1-Qu_upper=0.4008369893729547, U_2-Qv_upper=0.09081653236417464
INFO:root:eta=0.9845319922644333, l=0.9204477944103261, r=1
INFO:root:Iter 45: Q = 0.018890369683504105, term1 = 0.0062176818028092384, term2 = 0.01908946968615055
INFO:root:U_1-Qu_upper=0.40379085595180947, U_2-Qv_upper=0.09534624774696207
INFO:root:eta=0.9848037658455705, l=0.9244254046898098, r=1
INFO:root:Iter 46: Q = 0.01960739679634571, term1 = 0.00628077844157815, term2 = 0.019813036546111107
INFO:root:U_1-Qu_upper=0.40059372346957045, U_2-Qv_upper=0.08955362105017559
INFO:root:eta=0.9861919507570513, l=0.9282041344553194, r=1
INFO:root:Iter 47: Q = 0.018574228510260582, term1 = 0.006303987465798855, term2 = 0.0187460295855999
INFO:root:U_1-Qu_upper=0.3990830284389034, U_2-Qv_upper=0.09628792993489135
INFO:root:eta=0.9860446496623957, l=0.9317939277325534, r=1
INFO:root:Iter 48: Q = 0.019061710685491562, term1 = 0.0063452706672251225, term2 = 0.019241685047745705
INFO:root:U_1-Qu_upper=0.39807157275302185, U_2-Qv_upper=0.09258456877751581
INFO:root:eta=0.9871298262583826, l=0.9352042313459258, r=1
INFO:root:Iter 49: Q = 0.018694361671805382, term1 = 0.006375609897077084, term2 = 0.01885497383773327
INFO:root:U_1-Qu_upper=0.39820309893452166, U_2-Qv_upper=0.0951207579231989
INFO:root:eta=0.9875063357692645, l=0.9384440197786295, r=1
INFO:root:Iter 50: Q = 0.018743641674518585, term1 = 0.006486556492745876, term2 = 0.01889871619641781
/zhome/c3/3/213266/SC/distributional-counterfactual-explanation/HELOC_new.py:170: DeprecationWarning: __array_wrap__ must accept context and return_scalar arguments (positionally) in the future. (Deprecated NumPy 2.0)
  #     X_s = X_s * std.values + mean.values
INFO:root:Optimization started
INFO:root:U_1-Qu_upper=0.5, U_2-Qv_upper=-0.3590346200756343
INFO:root:eta=1, l=0.24000000000000002, r=1
INFO:root:Iter 1: Q = 0.1608884334564209, term1 = 0.00449890922755003, term2 = 0.1608884334564209
INFO:root:U_1-Qu_upper=0.4595688730993669, U_2-Qv_upper=-0.23874752147689698
INFO:root:eta=1, l=0.278, r=1
INFO:root:Iter 2: Q = 0.11337196826934814, term1 = 0.009638484567403793, term2 = 0.11337196826934814
INFO:root:U_1-Qu_upper=0.4090030141675567, U_2-Qv_upper=-0.1525910791722464
INFO:root:eta=1, l=0.31410000000000005, r=1
INFO:root:Iter 3: Q = 0.0912373885512352, term1 = 0.007833276875317097, term2 = 0.0912373885512352
INFO:root:U_1-Qu_upper=0.38680176794408166, U_2-Qv_upper=-0.105572198798416
INFO:root:eta=1, l=0.34839500000000007, r=1
INFO:root:Iter 4: Q = 0.07493846863508224, term1 = 0.01007715705782175, term2 = 0.07493846863508224
INFO:root:U_1-Qu_upper=0.36473594689042516, U_2-Qv_upper=-0.06676808395064432
INFO:root:eta=1, l=0.38097525000000004, r=1
INFO:root:Iter 5: Q = 0.06783974915742874, term1 = 0.011720230802893639, term2 = 0.06783974915742874
INFO:root:U_1-Qu_upper=0.35012420678267236, U_2-Qv_upper=-0.06435702458286935
INFO:root:eta=1, l=0.41192648750000005, r=1
INFO:root:Iter 6: Q = 0.05878191813826561, term1 = 0.014219391159713268, term2 = 0.05878191813826561
INFO:root:U_1-Qu_upper=0.3389976295582665, U_2-Qv_upper=-0.028023931855210737
INFO:root:eta=1, l=0.44133016312500006, r=1
INFO:root:Iter 7: Q = 0.05164145678281784, term1 = 0.018184151500463486, term2 = 0.05164145678281784
INFO:root:U_1-Qu_upper=0.32180275471852887, U_2-Qv_upper=-0.016942633929353135
INFO:root:eta=1, l=0.46926365496875005, r=1
INFO:root:Iter 8: Q = 0.04735232889652252, term1 = 0.01725246198475361, term2 = 0.04735232889652252
INFO:root:U_1-Qu_upper=0.31197654079584175, U_2-Qv_upper=0.0005057702103672956
INFO:root:eta=0.999140973349782, l=0.49580047222031254, r=1
INFO:root:Iter 9: Q = 0.044398002326488495, term1 = 0.01856076531112194, term2 = 0.04442021623253822
INFO:root:U_1-Qu_upper=0.30283479124689483, U_2-Qv_upper=0.004672702555793884
INFO:root:eta=0.9923384812742224, l=0.5210104486092969, r=1
INFO:root:Iter 10: Q = 0.04147880896925926, term1 = 0.019402051344513893, term2 = 0.04164925590157509
INFO:root:U_1-Qu_upper=0.298929541776942, U_2-Qv_upper=0.012234009831593895
INFO:root:eta=0.9811675793946559, l=0.544959926178832, r=1
INFO:root:Iter 11: Q = 0.03851399943232536, term1 = 0.020368928089737892, term2 = 0.03886227309703827
INFO:root:U_1-Qu_upper=0.29670594668758987, U_2-Qv_upper=0.023288390618183052
INFO:root:eta=0.9668833171383654, l=0.5677119298698905, r=1
INFO:root:Iter 12: Q = 0.033108748495578766, term1 = 0.02229771390557289, term2 = 0.03347903490066528
INFO:root:U_1-Qu_upper=0.29461790747693256, U_2-Qv_upper=0.04062064268572191
INFO:root:eta=0.9476199284791811, l=0.589326333376396, r=1
INFO:root:Iter 13: Q = 0.029713841155171394, term1 = 0.01880803145468235, term2 = 0.030316663905978203
INFO:root:U_1-Qu_upper=0.30954316926420633, U_2-Qv_upper=0.051206850899862044
INFO:root:eta=0.941706710908206, l=0.6098600167075762, r=1
INFO:root:Iter 14: Q = 0.02788698486983776, term1 = 0.015250081196427345, term2 = 0.02866923063993454
INFO:root:U_1-Qu_upper=0.32425892496685005, U_2-Qv_upper=0.053825034758988255
INFO:root:eta=0.9444586377670898, l=0.6293670158721973, r=1
INFO:root:Iter 15: Q = 0.02691139094531536, term1 = 0.013463604263961315, term2 = 0.027702221646904945
INFO:root:U_1-Qu_upper=0.3358336800841539, U_2-Qv_upper=0.05976011536488607
INFO:root:eta=0.9440105731072754, l=0.6478986650785875, r=1
INFO:root:Iter 16: Q = 0.026636585593223572, term1 = 0.011727554723620415, term2 = 0.027520842850208282
INFO:root:U_1-Qu_upper=0.3480140359659136, U_2-Qv_upper=0.05627415347636261
INFO:root:eta=0.9509899000810935, l=0.6655037318246582, r=1
INFO:root:Iter 17: Q = 0.025810932740569115, term1 = 0.010741139762103558, term2 = 0.02658756822347641
INFO:root:U_1-Qu_upper=0.3558512698042477, U_2-Qv_upper=0.06189150604155966
INFO:root:eta=0.9504420447230073, l=0.6822285452334252, r=1
INFO:root:Iter 18: Q = 0.025748129934072495, term1 = 0.009860695339739323, term2 = 0.026576533913612366
INFO:root:U_1-Qu_upper=0.36246883951280773, U_2-Qv_upper=0.05943608062600553
INFO:root:eta=0.9552337768425762, l=0.698117117971754, r=1
INFO:root:Iter 19: Q = 0.02527710422873497, term1 = 0.008898654021322727, term2 = 0.02604466862976551
INFO:root:U_1-Qu_upper=0.372698108272114, U_2-Qv_upper=0.0691786464947689
INFO:root:eta=0.9527382942113088, l=0.7132112620731663, r=1
INFO:root:Iter 20: Q = 0.024557126685976982, term1 = 0.008436436764895916, term2 = 0.02535681426525116
INFO:root:U_1-Qu_upper=0.3760016818671242, U_2-Qv_upper=0.06798196803760936
INFO:root:eta=0.956087430653197, l=0.727550698969508, r=1
INFO:root:Iter 21: Q = 0.024844633415341377, term1 = 0.0076170675456523895, term2 = 0.025635886937379837
INFO:root:U_1-Qu_upper=0.38390224056275196, U_2-Qv_upper=0.06785664637472641
INFO:root:eta=0.9590766304556925, l=0.7411731640210326, r=1
INFO:root:Iter 22: Q = 0.0236378014087677, term1 = 0.007499729283154011, term2 = 0.02432640641927719
INFO:root:U_1-Qu_upper=0.38551576700610424, U_2-Qv_upper=0.07086981115214525
INFO:root:eta=0.9598080880185562, l=0.754114505819981, r=1
INFO:root:Iter 23: Q = 0.024108165875077248, term1 = 0.006939751096069813, term2 = 0.02482709102332592
INFO:root:U_1-Qu_upper=0.39057103948780963, U_2-Qv_upper=0.07001038263784412
INFO:root:eta=0.9626243337102247, l=0.7664087805289819, r=1
INFO:root:Iter 24: Q = 0.02340569905936718, term1 = 0.006868741475045681, term2 = 0.02404777705669403
INFO:root:U_1-Qu_upper=0.39217469175774766, U_2-Qv_upper=0.07294956648248208
INFO:root:eta=0.9633638153834496, l=0.7780883415025328, r=1
INFO:root:Iter 25: Q = 0.02329941652715206, term1 = 0.006445715669542551, term2 = 0.023940352723002434
INFO:root:U_1-Qu_upper=0.3947980520289726, U_2-Qv_upper=0.07603833076046879
INFO:root:eta=0.9641620896234339, l=0.7891839244274061, r=1
INFO:root:Iter 26: Q = 0.022783664986491203, term1 = 0.006476361304521561, term2 = 0.02338980697095394
INFO:root:U_1-Qu_upper=0.39629799882373007, U_2-Qv_upper=0.07393043432224938
INFO:root:eta=0.9668549944440397, l=0.7997247282060358, r=1
INFO:root:Iter 27: Q = 0.023163964971899986, term1 = 0.006023232825100422, term2 = 0.023751571774482727
INFO:root:U_1-Qu_upper=0.4015131812206565, U_2-Qv_upper=0.0773653348292416
INFO:root:eta=0.9676444798815261, l=0.809738491795734, r=1
INFO:root:Iter 28: Q = 0.022278983145952225, term1 = 0.006152882240712643, term2 = 0.022818198427557945
INFO:root:U_1-Qu_upper=0.3983393201763616, U_2-Qv_upper=0.0786900670524113
INFO:root:eta=0.9686147410643561, l=0.8192515672059473, r=1
INFO:root:Iter 29: Q = 0.022219063714146614, term1 = 0.005761222448199987, term2 = 0.02275233343243599
INFO:root:U_1-Qu_upper=0.4047615262553746, U_2-Qv_upper=0.07734914930515593
INFO:root:eta=0.9710009791867702, l=0.8282889888456499, r=1
INFO:root:Iter 30: Q = 0.022241666913032532, term1 = 0.005891589913517237, term2 = 0.022729963064193726
INFO:root:U_1-Qu_upper=0.40322686836252886, U_2-Qv_upper=0.0816412277434723
INFO:root:eta=0.971087605308951, l=0.8368745394033674, r=1
INFO:root:Iter 31: Q = 0.02183975838124752, term1 = 0.005555200390517712, term2 = 0.02232460118830204
INFO:root:U_1-Qu_upper=0.40661786049884824, U_2-Qv_upper=0.0813740370949117
INFO:root:eta=0.9727983654089984, l=0.8450308124331991, r=1
INFO:root:Iter 32: Q = 0.02126540057361126, term1 = 0.005724799819290638, term2 = 0.021699950098991394
INFO:root:U_1-Qu_upper=0.40382361961040714, U_2-Qv_upper=0.08851829623062243
INFO:root:eta=0.9721380446996388, l=0.8527792718115391, r=1
INFO:root:Iter 33: Q = 0.021741244941949844, term1 = 0.0054127830080688, term2 = 0.022209227085113525
INFO:root:U_1-Qu_upper=0.4077532225127368, U_2-Qv_upper=0.0771745930097445
INFO:root:eta=0.9765703277542429, l=0.8601403082209622, r=1
INFO:root:Iter 34: Q = 0.021440841257572174, term1 = 0.00561139639467001, term2 = 0.021820617839694023
INFO:root:U_1-Qu_upper=0.40639380236546874, U_2-Qv_upper=0.08134098934184938
INFO:root:eta=0.976675181078368, l=0.8671332928099141, r=1
INFO:root:Iter 35: Q = 0.02107873186469078, term1 = 0.0053412881679832935, term2 = 0.021454570814967155
INFO:root:U_1-Qu_upper=0.40778318982918227, U_2-Qv_upper=0.08240325049063749
INFO:root:eta=0.977664317790375, l=0.8737766281694185, r=1
INFO:root:Iter 36: Q = 0.020633503794670105, term1 = 0.006174813490360975, term2 = 0.020963825285434723
INFO:root:U_1-Qu_upper=0.40720227597804154, U_2-Qv_upper=0.08597756755568425
INFO:root:eta=0.9779950891729258, l=0.8800877967609475, r=1
INFO:root:Iter 37: Q = 0.02077571488916874, term1 = 0.005400544032454491, term2 = 0.021121656522154808
INFO:root:U_1-Qu_upper=0.40883764770399195, U_2-Qv_upper=0.08576700455141067
INFO:root:eta=0.9792066038318159, l=0.8860834069229001, r=1
INFO:root:Iter 38: Q = 0.020397793501615524, term1 = 0.005619363393634558, term2 = 0.020711611956357956
INFO:root:U_1-Qu_upper=0.40638374365916297, U_2-Qv_upper=0.09190655084715654
INFO:root:eta=0.9789887917356526, l=0.8917792365767551, r=1
INFO:root:Iter 39: Q = 0.020051714032888412, term1 = 0.005389225669205189, term2 = 0.020366404205560684
INFO:root:U_1-Qu_upper=0.40897105041497783, U_2-Qv_upper=0.08723129889645911
INFO:root:eta=0.9809750240520305, l=0.8971902747479173, r=1
INFO:root:Iter 40: Q = 0.019601469859480858, term1 = 0.0055341268889606, term2 = 0.019874291494488716
INFO:root:U_1-Qu_upper=0.4082199359720634, U_2-Qv_upper=0.0930160596758797
INFO:root:eta=0.9809212514218046, l=0.9023307610105215, r=1
INFO:root:Iter 41: Q = 0.020182613283395767, term1 = 0.005374711938202381, term2 = 0.020470624789595604
INFO:root:U_1-Qu_upper=0.4114040529908368, U_2-Qv_upper=0.08565077182495323
INFO:root:eta=0.9831699738432176, l=0.9072142229599954, r=1
INFO:root:Iter 42: Q = 0.019328484311699867, term1 = 0.005605694837868214, term2 = 0.01956339180469513
INFO:root:U_1-Qu_upper=0.4081506383761093, U_2-Qv_upper=0.0938539207114644
INFO:root:eta=0.9826529285365613, l=0.9118535118119957, r=1
INFO:root:Iter 43: Q = 0.019494857639074326, term1 = 0.005421877838671207, term2 = 0.019743291661143303
INFO:root:U_1-Qu_upper=0.4103252437749949, U_2-Qv_upper=0.0918565903302164
INFO:root:eta=0.983876685087664, l=0.9162608362213959, r=1
INFO:root:Iter 44: Q = 0.019097259268164635, term1 = 0.005625540390610695, term2 = 0.019318027421832085
INFO:root:U_1-Qu_upper=0.40635168267257316, U_2-Qv_upper=0.09225823588509638
INFO:root:eta=0.9845056681843491, l=0.9204477944103261, r=1
INFO:root:Iter 45: Q = 0.018685923889279366, term1 = 0.005444017238914967, term2 = 0.01889432780444622
INFO:root:U_1-Qu_upper=0.4102877385476523, U_2-Qv_upper=0.09558182614803606
INFO:root:eta=0.9849689611413188, l=0.9244254046898098, r=1
INFO:root:Iter 46: Q = 0.0190294086933136, term1 = 0.005665043368935585, term2 = 0.019233355298638344
INFO:root:U_1-Qu_upper=0.40487490768779666, U_2-Qv_upper=0.09512568269601013
INFO:root:eta=0.9856218470305443, l=0.9282041344553194, r=1
INFO:root:Iter 47: Q = 0.01824413612484932, term1 = 0.0054642572067677975, term2 = 0.018430566415190697
INFO:root:U_1-Qu_upper=0.4075293619571388, U_2-Qv_upper=0.09685723916546404
INFO:root:eta=0.9862130569989858, l=0.9317939277325534, r=1
INFO:root:Iter 48: Q = 0.018702981993556023, term1 = 0.005700157023966312, term2 = 0.01888475939631462
INFO:root:U_1-Qu_upper=0.40795908548097576, U_2-Qv_upper=0.09660882908870999
INFO:root:eta=0.986940690067228, l=0.9352042313459258, r=1
INFO:root:Iter 49: Q = 0.018461398780345917, term1 = 0.005512609146535397, term2 = 0.018632737919688225
INFO:root:U_1-Qu_upper=0.4077365297190634, U_2-Qv_upper=0.09712622594065307
INFO:root:eta=0.9875344964631622, l=0.9384440197786295, r=1
INFO:root:Iter 50: Q = 0.018280716612935066, term1 = 0.005743201822042465, term2 = 0.018438974395394325
/zhome/c3/3/213266/SC/distributional-counterfactual-explanation/HELOC_new.py:170: DeprecationWarning: __array_wrap__ must accept context and return_scalar arguments (positionally) in the future. (Deprecated NumPy 2.0)
  #     X_s = X_s * std.values + mean.values
INFO:root:Optimization started
INFO:root:U_1-Qu_upper=0.5, U_2-Qv_upper=-0.35405236700203585
INFO:root:eta=1, l=0.24000000000000002, r=1
INFO:root:Iter 1: Q = 0.16277652978897095, term1 = 0.00406907731667161, term2 = 0.16277652978897095
INFO:root:U_1-Qu_upper=0.4689735050123302, U_2-Qv_upper=-0.22077725040961244
INFO:root:eta=1, l=0.278, r=1
INFO:root:Iter 2: Q = 0.12067169696092606, term1 = 0.00880996510386467, term2 = 0.12067169696092606
INFO:root:U_1-Qu_upper=0.4229420760634591, U_2-Qv_upper=-0.17159930367593557
INFO:root:eta=1, l=0.31410000000000005, r=1
INFO:root:Iter 3: Q = 0.09725959599018097, term1 = 0.007033434696495533, term2 = 0.09725959599018097
INFO:root:U_1-Qu_upper=0.40137822877192036, U_2-Qv_upper=-0.11475094589617896
INFO:root:eta=1, l=0.34839500000000007, r=1
INFO:root:Iter 4: Q = 0.07874761521816254, term1 = 0.008664730936288834, term2 = 0.07874761521816254
INFO:root:U_1-Qu_upper=0.382582971158983, U_2-Qv_upper=-0.07839597994999792
INFO:root:eta=1, l=0.38097525000000004, r=1
INFO:root:Iter 5: Q = 0.06655783951282501, term1 = 0.01012944895774126, term2 = 0.06655783951282501
INFO:root:U_1-Qu_upper=0.36220610232720396, U_2-Qv_upper=-0.049171044037532974
INFO:root:eta=1, l=0.41192648750000005, r=1
INFO:root:Iter 6: Q = 0.05747813731431961, term1 = 0.012055743485689163, term2 = 0.05747813731431961
INFO:root:U_1-Qu_upper=0.35424077370873586, U_2-Qv_upper=-0.03557158713329256
INFO:root:eta=1, l=0.44133016312500006, r=1
INFO:root:Iter 7: Q = 0.0529005229473114, term1 = 0.01296852994710207, term2 = 0.0529005229473114
INFO:root:U_1-Qu_upper=0.34291694459469857, U_2-Qv_upper=-0.015994803004378777
INFO:root:eta=1, l=0.46926365496875005, r=1
INFO:root:Iter 8: Q = 0.04878969490528107, term1 = 0.013911503367125988, term2 = 0.04878969490528107
INFO:root:U_1-Qu_upper=0.33680221844764613, U_2-Qv_upper=-0.014568332335244905
INFO:root:eta=1, l=0.49580047222031254, r=1
INFO:root:Iter 9: Q = 0.04579780250787735, term1 = 0.0150058064609766, term2 = 0.04579780250787735
INFO:root:U_1-Qu_upper=0.3293943714038602, U_2-Qv_upper=-0.002660180813713109
INFO:root:eta=1, l=0.5210104486092969, r=1
INFO:root:Iter 10: Q = 0.042726512998342514, term1 = 0.016155745834112167, term2 = 0.042726512998342514
INFO:root:U_1-Qu_upper=0.32197898201827657, U_2-Qv_upper=0.016702763064469772
INFO:root:eta=0.9763776787400191, l=0.544959926178832, r=1
INFO:root:Iter 11: Q = 0.039215121418237686, term1 = 0.01607409678399563, term2 = 0.03977499157190323
INFO:root:U_1-Qu_upper=0.3217528358415177, U_2-Qv_upper=0.01718919048827733
INFO:root:eta=0.9769229841651411, l=0.5677119298698905, r=1
INFO:root:Iter 12: Q = 0.03595713526010513, term1 = 0.016759198158979416, term2 = 0.036410629749298096
INFO:root:U_1-Qu_upper=0.3229051314752637, U_2-Qv_upper=0.029365673282340354
INFO:root:eta=0.9639640013879969, l=0.589326333376396, r=1
INFO:root:Iter 13: Q = 0.03321743756532669, term1 = 0.015009264461696148, term2 = 0.033898115158081055
INFO:root:U_1-Qu_upper=0.32895103532737635, U_2-Qv_upper=0.03306851007834671
INFO:root:eta=0.9624872014342916, l=0.6098600167075762, r=1
INFO:root:Iter 14: Q = 0.03002402000129223, term1 = 0.01547321118414402, term2 = 0.03059113584458828
INFO:root:U_1-Qu_upper=0.3275634134506191, U_2-Qv_upper=0.04580057756385947
INFO:root:eta=0.9521415107091713, l=0.6293670158721973, r=1
INFO:root:Iter 15: Q = 0.02846558578312397, term1 = 0.013472641818225384, term2 = 0.029219191521406174
INFO:root:U_1-Qu_upper=0.3377152225433039, U_2-Qv_upper=0.04985587076301379
INFO:root:eta=0.9523229918940792, l=0.6478986650785875, r=1
INFO:root:Iter 16: Q = 0.02762392908334732, term1 = 0.012650720775127411, term2 = 0.02837354503571987
INFO:root:U_1-Qu_upper=0.34085184067967456, U_2-Qv_upper=0.05638810877729006
INFO:root:eta=0.9500193059602415, l=0.6655037318246582, r=1
INFO:root:Iter 17: Q = 0.027663366869091988, term1 = 0.011434867046773434, term2 = 0.02851715125143528
INFO:root:U_1-Qu_upper=0.3520616557424215, U_2-Qv_upper=0.05457777997153668
INFO:root:eta=0.9551050337906337, l=0.6822285452334252, r=1
INFO:root:Iter 18: Q = 0.02691621519625187, term1 = 0.010778392665088177, term2 = 0.027674779295921326
INFO:root:U_1-Qu_upper=0.35766087844101646, U_2-Qv_upper=0.05805639320871203
INFO:root:eta=0.9556220879271597, l=0.698117117971754, r=1
INFO:root:Iter 19: Q = 0.02718830108642578, term1 = 0.010113149881362915, term2 = 0.02798124961555004
INFO:root:U_1-Qu_upper=0.3611539408642589, U_2-Qv_upper=0.056714380918471946
INFO:root:eta=0.9590275216578439, l=0.7132112620731663, r=1
INFO:root:Iter 20: Q = 0.02605690062046051, term1 = 0.009526875801384449, term2 = 0.026763111352920532
INFO:root:U_1-Qu_upper=0.36898988828671786, U_2-Qv_upper=0.06043308343888654
INFO:root:eta=0.9596399613676468, l=0.727550698969508, r=1
INFO:root:Iter 21: Q = 0.026512591168284416, term1 = 0.009031272493302822, term2 = 0.02724781073629856
INFO:root:U_1-Qu_upper=0.37113367617365495, U_2-Qv_upper=0.05686132159456758
INFO:root:eta=0.9638037187236019, l=0.7411731640210326, r=1
INFO:root:Iter 22: Q = 0.025717901065945625, term1 = 0.008738284930586815, term2 = 0.026355581358075142
INFO:root:U_1-Qu_upper=0.37358815074156193, U_2-Qv_upper=0.06303144780462422
INFO:root:eta=0.9626351399324129, l=0.754114505819981, r=1
INFO:root:Iter 23: Q = 0.02620450221002102, term1 = 0.008256951346993446, term2 = 0.026901138946413994
INFO:root:U_1-Qu_upper=0.37643906013746165, U_2-Qv_upper=0.06204276011451218
INFO:root:eta=0.9652085581968195, l=0.7664087805289819, r=1
INFO:root:Iter 24: Q = 0.024768436327576637, term1 = 0.0080520985648036, term2 = 0.025370987132191658
INFO:root:U_1-Qu_upper=0.3800679827317007, U_2-Qv_upper=0.064452854278429
INFO:root:eta=0.9661306747045855, l=0.7780883415025328, r=1
INFO:root:Iter 25: Q = 0.024858396500349045, term1 = 0.007789445575326681, term2 = 0.025456776842474937
INFO:root:U_1-Qu_upper=0.38044358341741313, U_2-Qv_upper=0.0652169140471548
INFO:root:eta=0.9675259673212533, l=0.7891839244274061, r=1
INFO:root:Iter 26: Q = 0.025104396045207977, term1 = 0.007535250391811132, term2 = 0.025694087147712708
INFO:root:U_1-Qu_upper=0.3840463217852348, U_2-Qv_upper=0.06629706776624292
INFO:root:eta=0.9689648211282292, l=0.7997247282060358, r=1
INFO:root:Iter 27: Q = 0.024712109938263893, term1 = 0.007406446151435375, term2 = 0.02526639774441719
INFO:root:U_1-Qu_upper=0.3857174426931927, U_2-Qv_upper=0.061065164013532236
INFO:root:eta=0.9726268611705804, l=0.809738491795734, r=1
INFO:root:Iter 28: Q = 0.024238374084234238, term1 = 0.007270873989909887, term2 = 0.02471589855849743
INFO:root:U_1-Qu_upper=0.38664633190112385, U_2-Qv_upper=0.07002165029979612
INFO:root:eta=0.9708268910625544, l=0.8192515672059473, r=1
INFO:root:Iter 29: Q = 0.02472641132771969, term1 = 0.007135461084544659, term2 = 0.02525501511991024
INFO:root:U_1-Qu_upper=0.38721569971938563, U_2-Qv_upper=0.06626620264671085
INFO:root:eta=0.9735876730402868, l=0.8282889888456499, r=1
INFO:root:Iter 30: Q = 0.02380533143877983, term1 = 0.006996112409979105, term2 = 0.024261346086859703
INFO:root:U_1-Qu_upper=0.3902791140360833, U_2-Qv_upper=0.06855068642819295
INFO:root:eta=0.9743458082495968, l=0.8368745394033674, r=1
INFO:root:Iter 31: Q = 0.02400054968893528, term1 = 0.006926295347511768, term2 = 0.024450108408927917
INFO:root:U_1-Qu_upper=0.3921638757174539, U_2-Qv_upper=0.06798121892430367
INFO:root:eta=0.9759000633102888, l=0.8450308124331991, r=1
INFO:root:Iter 32: Q = 0.024530664086341858, term1 = 0.007228672504425049, term2 = 0.024957938119769096
INFO:root:U_1-Qu_upper=0.3910433816781451, U_2-Qv_upper=0.06847787986716317
INFO:root:eta=0.9769064844276745, l=0.8527792718115391, r=1
INFO:root:Iter 33: Q = 0.02413410134613514, term1 = 0.0067253680899739265, term2 = 0.024545634165406227
INFO:root:U_1-Qu_upper=0.3916715795667356, U_2-Qv_upper=0.06760152024922123
INFO:root:eta=0.9783302243442398, l=0.8601403082209622, r=1
INFO:root:Iter 34: Q = 0.023980746045708656, term1 = 0.00677443528547883, term2 = 0.024361861869692802
INFO:root:U_1-Qu_upper=0.3922747143768464, U_2-Qv_upper=0.06892778182168252
INFO:root:eta=0.9790976449606128, l=0.8671332928099141, r=1
INFO:root:Iter 35: Q = 0.023283423855900764, term1 = 0.006744907703250647, term2 = 0.02363649755716324
INFO:root:U_1-Qu_upper=0.3890726481979594, U_2-Qv_upper=0.06960757961888661
INFO:root:eta=0.9798366501572285, l=0.8737766281694185, r=1
INFO:root:Iter 36: Q = 0.023937717080116272, term1 = 0.006777333561331034, term2 = 0.024290848523378372
INFO:root:U_1-Qu_upper=0.39284012118703, U_2-Qv_upper=0.06953056788141362
INFO:root:eta=0.9810187303590345, l=0.8800877967609475, r=1
INFO:root:Iter 37: Q = 0.023261884227395058, term1 = 0.006730515509843826, term2 = 0.023581743240356445
INFO:root:U_1-Qu_upper=0.3927711258977382, U_2-Qv_upper=0.07263707769425695
INFO:root:eta=0.9812850913328541, l=0.8860834069229001, r=1
INFO:root:Iter 38: Q = 0.02315889485180378, term1 = 0.006744367070496082, term2 = 0.023471949622035027
INFO:root:U_1-Qu_upper=0.3910465016434276, U_2-Qv_upper=0.07357464987075982
INFO:root:eta=0.9819608439632962, l=0.8917792365767551, r=1
INFO:root:Iter 39: Q = 0.02258637547492981, term1 = 0.006750935222953558, term2 = 0.02287728153169155
INFO:root:U_1-Qu_upper=0.38984728137182934, U_2-Qv_upper=0.07554062451286755
INFO:root:eta=0.9824338708615332, l=0.8971902747479173, r=1
INFO:root:Iter 40: Q = 0.022649608552455902, term1 = 0.006791502237319946, term2 = 0.022933155298233032
INFO:root:U_1-Qu_upper=0.3899497313552052, U_2-Qv_upper=0.074144060739294
INFO:root:eta=0.9835750215936343, l=0.9023307610105215, r=1
INFO:root:Iter 41: Q = 0.0219589713960886, term1 = 0.006968461908400059, term2 = 0.022209299728274345
INFO:root:U_1-Qu_upper=0.38922985860902315, U_2-Qv_upper=0.07989266497162115
INFO:root:eta=0.9833666997502877, l=0.9072142229599954, r=1
INFO:root:Iter 42: Q = 0.021270936354994774, term1 = 0.006878426764160395, term2 = 0.02151438035070896
INFO:root:U_1-Qu_upper=0.38887204283151205, U_2-Qv_upper=0.08144170250179533
INFO:root:eta=0.9839327858794885, l=0.9118535118119957, r=1
INFO:root:Iter 43: Q = 0.02110210806131363, term1 = 0.006761838681995869, term2 = 0.021336277946829796
INFO:root:U_1-Qu_upper=0.3918109528555793, U_2-Qv_upper=0.08585467787845322
INFO:root:eta=0.9841567241547848, l=0.9162608362213959, r=1
INFO:root:Iter 44: Q = 0.020267633721232414, term1 = 0.006839779671281576, term2 = 0.020483799278736115
INFO:root:U_1-Qu_upper=0.388843606040398, U_2-Qv_upper=0.08554696389670902
INFO:root:eta=0.9848992967514962, l=0.9204477944103261, r=1
INFO:root:Iter 45: Q = 0.02063005231320858, term1 = 0.006720507051795721, term2 = 0.020843317732214928
INFO:root:U_1-Qu_upper=0.3891605278622139, U_2-Qv_upper=0.08234129568797055
INFO:root:eta=0.9861073036075069, l=0.9244254046898098, r=1
INFO:root:Iter 46: Q = 0.019890382885932922, term1 = 0.006821848452091217, term2 = 0.020074497908353806
INFO:root:U_1-Qu_upper=0.39095144792928316, U_2-Qv_upper=0.08787463730969944
INFO:root:eta=0.9861304754326496, l=0.9282041344553194, r=1
INFO:root:Iter 47: Q = 0.020303448662161827, term1 = 0.006721187382936478, term2 = 0.020494477823376656
INFO:root:U_1-Qu_upper=0.3910115449851519, U_2-Qv_upper=0.08555666491179725
INFO:root:eta=0.987110733190141, l=0.9317939277325534, r=1
INFO:root:Iter 48: Q = 0.019930608570575714, term1 = 0.006914759986102581, term2 = 0.020100563764572144
INFO:root:U_1-Qu_upper=0.39161132285257483, U_2-Qv_upper=0.0890251583461952
INFO:root:eta=0.9873666344081145, l=0.9352042313459258, r=1
INFO:root:Iter 49: Q = 0.019746335223317146, term1 = 0.006807941012084484, term2 = 0.019911881536245346
INFO:root:U_1-Qu_upper=0.3921694828923153, U_2-Qv_upper=0.09183325011716903
INFO:root:eta=0.9877058420882363, l=0.9384440197786295, r=1
INFO:root:Iter 50: Q = 0.019945695996284485, term1 = 0.006955084856599569, term2 = 0.020107394084334373
/zhome/c3/3/213266/SC/distributional-counterfactual-explanation/HELOC_new.py:170: DeprecationWarning: __array_wrap__ must accept context and return_scalar arguments (positionally) in the future. (Deprecated NumPy 2.0)
  #     X_s = X_s * std.values + mean.values
Using device: cuda
Test Accuracy: 71.75%
X Sliced Wasserstein Distance (SWD): 0.144136
Y Wasserstein Distance (WD): 0.048623
X Sliced Wasserstein Distance (SWD): 0.164531
Y Wasserstein Distance (WD): 0.048729
X Sliced Wasserstein Distance (SWD): 0.144029
Y Wasserstein Distance (WD): 0.046996
X Sliced Wasserstein Distance (SWD): 0.154969
Y Wasserstein Distance (WD): 0.052001
X Sliced Wasserstein Distance (SWD): 0.141088
Y Wasserstein Distance (WD): 0.049195

------------------------------------------------------------
Sender: LSF System <lsfadmin@hpc.dtu.dk>
Subject: Job 27593172: <NONAME> in cluster <dcc> Done

Job <NONAME> was submitted from host <hpclogin1> by user <s242612> in cluster <dcc> at Sat Jan 10 12:33:51 2026
Job was executed on host(s) <4*n-62-20-16>, in queue <gpuv100>, as user <s242612> in cluster <dcc> at Sat Jan 10 12:33:51 2026
</zhome/c3/3/213266> was used as the home directory.
</zhome/c3/3/213266/SC/distributional-counterfactual-explanation> was used as the working directory.
Started at Sat Jan 10 12:33:51 2026
Terminated at Sat Jan 10 14:45:05 2026
Results reported at Sat Jan 10 14:45:05 2026

Your job looked like:

------------------------------------------------------------
# LSBATCH: User input
#!/bin/bash
#BSUB -q gpuv100              # 指定队列类型
#BSUB -gpu "num=1"             # 请求一个 GPU
#BSUB -n 4                     # 请求 4 个 CPU 核心
#BSUB -R "rusage[mem=4096]"     # 请求 4096MB 内存
#BSUB -W 6:00                  # 设置最大运行时长为 1 小时
#BSUB -o output_%J.log         # 输出日志文件名设置为 output_<job_id>.log

# 激活虚拟环境
source ~/myenv/bin/activate

# 运行你的 Python 脚本
# python HELOC.py
# python Cardio.py
# python Cardio.py
# python cardio_new.py
python HELOC_new.py
# python market_new.py




------------------------------------------------------------

Successfully completed.

Resource usage summary:

    CPU time :                                   7850.60 sec.
    Max Memory :                                 3042 MB
    Average Memory :                             2918.65 MB
    Total Requested Memory :                     16384.00 MB
    Delta Memory :                               13342.00 MB
    Max Swap :                                   -
    Max Processes :                              4
    Max Threads :                                8
    Run time :                                   7954 sec.
    Turnaround time :                            7874 sec.

The output (if any) is above this job summary.

