/zhome/c3/3/213266/myenv/lib64/python3.9/site-packages/networkx/utils/backends.py:135: RuntimeWarning: networkx backend defined more than once: nx-loopback
  backends.update(_get_backends("networkx.backends"))
/zhome/c3/3/213266/SC/distributional-counterfactual-explanation/HELOC_new.py:47: FutureWarning: Downcasting behavior in `replace` is deprecated and will be removed in a future version. To retain the old behavior, explicitly call `result.infer_objects(copy=False)`. To opt-in to the future behavior, set `pd.set_option('future.no_silent_downcasting', True)`
  target = df_heloc[target_name].replace({'Good': 0, 'Bad': 1})
INFO:root:Optimization started
INFO:root:U_1-Qu_upper=0.5, U_2-Qv_upper=-0.35097130093192136
INFO:root:eta=1, l=0.24000000000000002, r=1
INFO:root:Iter 1: Q=1.3180, term1=0.0044, term2=0.1618, penalty=1.1561572551727295
INFO:root:U_1-Qu_upper=0.4747601936480751, U_2-Qv_upper=-0.21873088005747948
INFO:root:eta=1, l=0.278, r=1
INFO:root:Iter 2: Q=1.5122, term1=0.0073, term2=0.1152, penalty=1.3969733715057373
INFO:root:U_1-Qu_upper=0.4307028215774074, U_2-Qv_upper=-0.14389203964926972
INFO:root:eta=1, l=0.31410000000000005, r=1
INFO:root:Iter 3: Q=1.3674, term1=0.0065, term2=0.0929, penalty=1.2745031118392944
INFO:root:U_1-Qu_upper=0.41134671380551224, U_2-Qv_upper=-0.11221540677965725
INFO:root:eta=1, l=0.34839500000000007, r=1
INFO:root:Iter 4: Q=1.2174, term1=0.0078, term2=0.0775, penalty=1.1399726867675781
INFO:root:U_1-Qu_upper=0.39481164975752636, U_2-Qv_upper=-0.07875716125037452
INFO:root:eta=1, l=0.38097525000000004, r=1
INFO:root:Iter 5: Q=0.9560, term1=0.0088, term2=0.0662, penalty=0.8898178935050964
INFO:root:U_1-Qu_upper=0.3823085962514069, U_2-Qv_upper=-0.052444113020466365
INFO:root:eta=1, l=0.41192648750000005, r=1
INFO:root:Iter 6: Q=0.7396, term1=0.0110, term2=0.0573, penalty=0.682256281375885
INFO:root:U_1-Qu_upper=0.37064933812551637, U_2-Qv_upper=-0.041431128045026966
INFO:root:eta=1, l=0.44133016312500006, r=1
INFO:root:Iter 7: Q=0.5747, term1=0.0113, term2=0.0524, penalty=0.5223473310470581
INFO:root:U_1-Qu_upper=0.36133166049751264, U_2-Qv_upper=-0.02515973707012986
INFO:root:eta=1, l=0.46926365496875005, r=1
INFO:root:Iter 8: Q=0.4680, term1=0.0118, term2=0.0481, penalty=0.4198380708694458
INFO:root:U_1-Qu_upper=0.3517736146749172, U_2-Qv_upper=-0.010233121397261402
INFO:root:eta=1, l=0.49580047222031254, r=1
INFO:root:Iter 9: Q=0.3241, term1=0.0147, term2=0.0477, penalty=0.27634987235069275
INFO:root:U_1-Qu_upper=0.3489586713689512, U_2-Qv_upper=-0.0020431021778913316
INFO:root:eta=1, l=0.5210104486092969, r=1
INFO:root:Iter 10: Q=0.2549, term1=0.0129, term2=0.0448, penalty=0.21012364327907562
INFO:root:U_1-Qu_upper=0.34779853651065123, U_2-Qv_upper=-0.0032053383505854516
INFO:root:eta=1, l=0.544959926178832, r=1
INFO:root:Iter 11: Q=0.2319, term1=0.0142, term2=0.0399, penalty=0.19198259711265564
INFO:root:U_1-Qu_upper=0.3390212545598448, U_2-Qv_upper=0.010902172874817928
INFO:root:eta=0.9858228253359955, l=0.5677119298698905, r=1
INFO:root:Iter 12: Q=0.1813, term1=0.0158, term2=0.0373, penalty=0.14428913593292236
INFO:root:U_1-Qu_upper=0.335414452603919, U_2-Qv_upper=0.023183112082647783
INFO:root:eta=0.9720528420471082, l=0.589326333376396, r=1
INFO:root:Iter 13: Q=0.1380, term1=0.0139, term2=0.0342, penalty=0.10434959828853607
INFO:root:U_1-Qu_upper=0.3382138414748925, U_2-Qv_upper=0.036875157907050815
INFO:root:eta=0.9596264984311296, l=0.6098600167075762, r=1
INFO:root:Iter 14: Q=0.1026, term1=0.0155, term2=0.0303, penalty=0.07287438213825226
INFO:root:U_1-Qu_upper=0.3412821891652329, U_2-Qv_upper=0.047264846290007434
INFO:root:eta=0.9525413793974843, l=0.6293670158721973, r=1
INFO:root:Iter 15: Q=0.0715, term1=0.0123, term2=0.0306, penalty=0.04182809591293335
INFO:root:U_1-Qu_upper=0.350270844485517, U_2-Qv_upper=0.05057016538678161
INFO:root:eta=0.9532408839327329, l=0.6478986650785875, r=1
INFO:root:Iter 16: Q=0.0585, term1=0.0115, term2=0.0286, penalty=0.030680326744914055
INFO:root:U_1-Qu_upper=0.3564723088004744, U_2-Qv_upper=0.0528415780496283
INFO:root:eta=0.9545444443290003, l=0.6655037318246582, r=1
INFO:root:Iter 17: Q=0.0546, term1=0.0108, term2=0.0287, penalty=0.026728259399533272
INFO:root:U_1-Qu_upper=0.36110763853263905, U_2-Qv_upper=0.05362614363966503
INFO:root:eta=0.9567487730800516, l=0.6822285452334252, r=1
INFO:root:Iter 18: Q=0.0388, term1=0.0101, term2=0.0268, penalty=0.012689750641584396
INFO:root:U_1-Qu_upper=0.36786607276113803, U_2-Qv_upper=0.059878025142993424
INFO:root:eta=0.9555165641058053, l=0.698117117971754, r=1
INFO:root:Iter 19: Q=0.0360, term1=0.0100, term2=0.0260, penalty=0.01077328808605671
INFO:root:U_1-Qu_upper=0.3699553439581345, U_2-Qv_upper=0.06404187214865195
INFO:root:eta=0.9554532973548786, l=0.7132112620731663, r=1
INFO:root:Iter 20: Q=0.0305, term1=0.0092, term2=0.0256, penalty=0.005680698435753584
INFO:root:U_1-Qu_upper=0.3792702000827747, U_2-Qv_upper=0.06237698524511498
INFO:root:eta=0.9594947789357109, l=0.727550698969508, r=1
INFO:root:Iter 21: Q=0.0299, term1=0.0089, term2=0.0249, penalty=0.005628588609397411
INFO:root:U_1-Qu_upper=0.37802156470119785, U_2-Qv_upper=0.06676001680298052
INFO:root:eta=0.9591064003746633, l=0.7411731640210326, r=1
INFO:root:Iter 22: Q=0.0273, term1=0.0084, term2=0.0246, penalty=0.003362795803695917
INFO:root:U_1-Qu_upper=0.3804248386812101, U_2-Qv_upper=0.0695966831652283
INFO:root:eta=0.9599719381766958, l=0.754114505819981, r=1
INFO:root:Iter 23: Q=0.0299, term1=0.0082, term2=0.0243, penalty=0.006187282502651215
INFO:root:U_1-Qu_upper=0.38747932342728314, U_2-Qv_upper=0.07231194570957938
INFO:root:eta=0.9613292820037737, l=0.7664087805289819, r=1
INFO:root:Iter 24: Q=0.0246, term1=0.0078, term2=0.0239, penalty=0.0013255294179543853
INFO:root:U_1-Qu_upper=0.3886200141943337, U_2-Qv_upper=0.07186160218784687
INFO:root:eta=0.9635463421534977, l=0.7780883415025328, r=1
INFO:root:Iter 25: Q=0.0264, term1=0.0077, term2=0.0234, penalty=0.0035858796909451485
INFO:root:U_1-Qu_upper=0.3917545915187277, U_2-Qv_upper=0.07668765126376118
INFO:root:eta=0.9636713295173114, l=0.7891839244274061, r=1
INFO:root:Iter 26: Q=0.0241, term1=0.0074, term2=0.0234, penalty=0.0012657154584303498
INFO:root:U_1-Qu_upper=0.3947800698933531, U_2-Qv_upper=0.07242644790365058
INFO:root:eta=0.9673192497683762, l=0.7997247282060358, r=1
INFO:root:Iter 27: Q=0.0268, term1=0.0074, term2=0.0234, penalty=0.0038789655081927776
INFO:root:U_1-Qu_upper=0.39641103275709827, U_2-Qv_upper=0.07376008575385698
INFO:root:eta=0.9685809684170219, l=0.809738491795734, r=1
INFO:root:Iter 28: Q=0.0237, term1=0.0072, term2=0.0227, penalty=0.0014206982450559735
INFO:root:U_1-Qu_upper=0.39574238727189154, U_2-Qv_upper=0.07665549959901527
INFO:root:eta=0.9691264686587269, l=0.8192515672059473, r=1
INFO:root:Iter 29: Q=0.0254, term1=0.0071, term2=0.0222, penalty=0.003639119677245617
INFO:root:U_1-Qu_upper=0.3957819899267113, U_2-Qv_upper=0.07816563427637752
INFO:root:eta=0.9701901324696708, l=0.8282889888456499, r=1
INFO:root:Iter 30: Q=0.0237, term1=0.0071, term2=0.0230, penalty=0.0011516152881085873
INFO:root:U_1-Qu_upper=0.3988911946436438, U_2-Qv_upper=0.07771620887516564
INFO:root:eta=0.9720005843163309, l=0.8368745394033674, r=1
INFO:root:Iter 31: Q=0.0255, term1=0.0068, term2=0.0225, penalty=0.0034886037465184927
INFO:root:U_1-Qu_upper=0.4027832050044473, U_2-Qv_upper=0.07884532441867678
INFO:root:eta=0.9732954360550593, l=0.8450308124331991, r=1
INFO:root:Iter 32: Q=0.0231, term1=0.0067, term2=0.0226, penalty=0.0009674921166151762
INFO:root:U_1-Qu_upper=0.40369004084328186, U_2-Qv_upper=0.07700497211873608
INFO:root:eta=0.9751746998698578, l=0.8527792718115391, r=1
INFO:root:Iter 33: Q=0.0256, term1=0.0068, term2=0.0218, penalty=0.004126282874494791
INFO:root:U_1-Qu_upper=0.4006421555143611, U_2-Qv_upper=0.08175123485712293
INFO:root:eta=0.9750504949566097, l=0.8601403082209622, r=1
INFO:root:Iter 34: Q=0.0225, term1=0.0066, term2=0.0221, penalty=0.0008594029932282865
INFO:root:U_1-Qu_upper=0.40332058106686103, U_2-Qv_upper=0.07981930900291173
INFO:root:eta=0.9768938475488935, l=0.8671332928099141, r=1
INFO:root:Iter 35: Q=0.0246, term1=0.0067, term2=0.0210, penalty=0.0038907842244952917
INFO:root:U_1-Qu_upper=0.40050511735101785, U_2-Qv_upper=0.08479912031079687
INFO:root:eta=0.9767836770958449, l=0.8737766281694185, r=1
INFO:root:Iter 36: Q=0.0223, term1=0.0066, term2=0.0212, penalty=0.0014357792679220438
INFO:root:U_1-Qu_upper=0.4013351682015608, U_2-Qv_upper=0.08546699346655778
INFO:root:eta=0.9778391861313755, l=0.8800877967609475, r=1
INFO:root:Iter 37: Q=0.0245, term1=0.0069, term2=0.0207, penalty=0.004146883264183998
INFO:root:U_1-Qu_upper=0.4022590594757653, U_2-Qv_upper=0.08701091230423569
INFO:root:eta=0.9786750244199897, l=0.8860834069229001, r=1
INFO:root:Iter 38: Q=0.0215, term1=0.0066, term2=0.0202, penalty=0.0015961286844685674
INFO:root:U_1-Qu_upper=0.40464290749465603, U_2-Qv_upper=0.08738203918857673
INFO:root:eta=0.9797687815067213, l=0.8917792365767551, r=1
INFO:root:Iter 39: Q=0.0239, term1=0.0067, term2=0.0199, penalty=0.004269733093678951
INFO:root:U_1-Qu_upper=0.40190358395738224, U_2-Qv_upper=0.0899945672186615
INFO:root:eta=0.9802006152186928, l=0.8971902747479173, r=1
INFO:root:Iter 40: Q=0.0211, term1=0.0066, term2=0.0200, penalty=0.0013395497808232903
INFO:root:U_1-Qu_upper=0.4046678811337769, U_2-Qv_upper=0.08887747351623523
INFO:root:eta=0.9814860609117007, l=0.9023307610105215, r=1
INFO:root:Iter 41: Q=0.0236, term1=0.0067, term2=0.0199, penalty=0.003918624948710203
INFO:root:U_1-Qu_upper=0.4018966087508922, U_2-Qv_upper=0.0907612706277049
INFO:root:eta=0.9820066122902424, l=0.9072142229599954, r=1
INFO:root:Iter 42: Q=0.0205, term1=0.0066, term2=0.0192, penalty=0.0014633059035986662
INFO:root:U_1-Qu_upper=0.4017362231719806, U_2-Qv_upper=0.09443649998542314
INFO:root:eta=0.9823400932313925, l=0.9118535118119957, r=1
INFO:root:Iter 43: Q=0.0216, term1=0.0067, term2=0.0192, penalty=0.0025371203664690256
INFO:root:U_1-Qu_upper=0.4031397110214658, U_2-Qv_upper=0.09049082443043296
INFO:root:eta=0.9838412581598547, l=0.9162608362213959, r=1
INFO:root:Iter 44: Q=0.0202, term1=0.0066, term2=0.0195, penalty=0.0009307610453106463
INFO:root:U_1-Qu_upper=0.40321817197288007, U_2-Qv_upper=0.09477337151376386
INFO:root:eta=0.9840634987022537, l=0.9204477944103261, r=1
INFO:root:Iter 45: Q=0.0226, term1=0.0067, term2=0.0192, penalty=0.0035576624795794487
INFO:root:U_1-Qu_upper=0.3992228227452272, U_2-Qv_upper=0.09356692545757217
INFO:root:eta=0.9848952716294511, l=0.9244254046898098, r=1
INFO:root:Iter 46: Q=0.0195, term1=0.0067, term2=0.0189, penalty=0.0007670398335903883
INFO:root:U_1-Qu_upper=0.4032445170781288, U_2-Qv_upper=0.09400574476542217
INFO:root:eta=0.9857125341852206, l=0.9282041344553194, r=1
INFO:root:Iter 47: Q=0.0214, term1=0.0068, term2=0.0188, penalty=0.002770054852589965
INFO:root:U_1-Qu_upper=0.39996141713188293, U_2-Qv_upper=0.09389369637071146
INFO:root:eta=0.9863498847823731, l=0.9317939277325534, r=1
INFO:root:Iter 48: Q=0.0198, term1=0.0067, term2=0.0188, penalty=0.0010758735006675124
INFO:root:U_1-Qu_upper=0.4001635873986171, U_2-Qv_upper=0.094248150363785
INFO:root:eta=0.9869980915423275, l=0.9352042313459258, r=1
INFO:root:Iter 49: Q=0.0204, term1=0.0068, term2=0.0185, penalty=0.002049968810752034
INFO:root:U_1-Qu_upper=0.40050057885168605, U_2-Qv_upper=0.09834034448736625
INFO:root:eta=0.98722631221169, l=0.9384440197786295, r=1
INFO:root:Iter 50: Q=0.0199, term1=0.0069, term2=0.0186, penalty=0.0014280852628871799
/zhome/c3/3/213266/SC/distributional-counterfactual-explanation/HELOC_new.py:276: DeprecationWarning: __array_wrap__ must accept context and return_scalar arguments (positionally) in the future. (Deprecated NumPy 2.0)
  best_X_MeanConstraint_80_100 = best_X_MeanConstraint_80_100 * std.values + mean.values  # 恢复 X_s 到原始 scale
INFO:root:Optimization started
INFO:root:U_1-Qu_upper=0.5, U_2-Qv_upper=-0.35133045413230096
INFO:root:eta=1, l=0.24000000000000002, r=1
INFO:root:Iter 1: Q=1.2923, term1=0.0065, term2=0.1630, penalty=1.129274606704712
INFO:root:U_1-Qu_upper=0.45313585918358357, U_2-Qv_upper=-0.22972140618622022
INFO:root:eta=1, l=0.278, r=1
INFO:root:Iter 2: Q=1.4636, term1=0.0090, term2=0.1158, penalty=1.3477756977081299
INFO:root:U_1-Qu_upper=0.404750712340582, U_2-Qv_upper=-0.15967215221471492
INFO:root:eta=1, l=0.31410000000000005, r=1
INFO:root:Iter 3: Q=1.3405, term1=0.0091, term2=0.0933, penalty=1.2472269535064697
INFO:root:U_1-Qu_upper=0.37328694156487574, U_2-Qv_upper=-0.11057251390581929
INFO:root:eta=1, l=0.34839500000000007, r=1
INFO:root:Iter 4: Q=1.1792, term1=0.0114, term2=0.0784, penalty=1.1007378101348877
INFO:root:U_1-Qu_upper=0.35208548566952363, U_2-Qv_upper=-0.07860106720802146
INFO:root:eta=1, l=0.38097525000000004, r=1
INFO:root:Iter 5: Q=0.9435, term1=0.0133, term2=0.0695, penalty=0.873997151851654
INFO:root:U_1-Qu_upper=0.33765249234466976, U_2-Qv_upper=-0.06242414032198729
INFO:root:eta=1, l=0.41192648750000005, r=1
INFO:root:Iter 6: Q=0.7121, term1=0.0160, term2=0.0618, penalty=0.6502929925918579
INFO:root:U_1-Qu_upper=0.32281507650151214, U_2-Qv_upper=-0.03660113854020214
INFO:root:eta=1, l=0.44133016312500006, r=1
INFO:root:Iter 7: Q=0.5773, term1=0.0180, term2=0.0536, penalty=0.5237112045288086
INFO:root:U_1-Qu_upper=0.3087763701183891, U_2-Qv_upper=-0.02228374834829866
INFO:root:eta=1, l=0.46926365496875005, r=1
INFO:root:Iter 8: Q=0.4682, term1=0.0196, term2=0.0474, penalty=0.4208211898803711
INFO:root:U_1-Qu_upper=0.2946533037721586, U_2-Qv_upper=-0.0096605361965596
INFO:root:eta=1, l=0.49580047222031254, r=1
INFO:root:Iter 9: Q=0.3670, term1=0.0210, term2=0.0452, penalty=0.32171693444252014
INFO:root:U_1-Qu_upper=0.2860332322105158, U_2-Qv_upper=-0.003239835568837557
INFO:root:eta=1, l=0.5210104486092969, r=1
INFO:root:Iter 10: Q=0.2860, term1=0.0224, term2=0.0428, penalty=0.24316415190696716
INFO:root:U_1-Qu_upper=0.27841787574339416, U_2-Qv_upper=0.001943717238838294
INFO:root:eta=0.9966792161566848, l=0.544959926178832, r=1
INFO:root:Iter 11: Q=0.2604, term1=0.0253, term2=0.0389, penalty=0.22153961658477783
INFO:root:U_1-Qu_upper=0.2665241432138529, U_2-Qv_upper=0.019684850244516383
INFO:root:eta=0.9687033045321608, l=0.5677119298698905, r=1
INFO:root:Iter 12: Q=0.2140, term1=0.0242, term2=0.0351, penalty=0.1792524755001068
INFO:root:U_1-Qu_upper=0.2703404934492337, U_2-Qv_upper=0.038126046203015074
INFO:root:eta=0.9465697804586093, l=0.589326333376396, r=1
INFO:root:Iter 13: Q=0.1930, term1=0.0259, term2=0.0321, penalty=0.16117070615291595
INFO:root:U_1-Qu_upper=0.27857818358010755, U_2-Qv_upper=0.042930010009061326
INFO:root:eta=0.9451639959100464, l=0.6098600167075762, r=1
INFO:root:Iter 14: Q=0.1738, term1=0.0198, term2=0.0295, penalty=0.14483603835105896
INFO:root:U_1-Qu_upper=0.29363786439854833, U_2-Qv_upper=0.053856443722274716
INFO:root:eta=0.9395341116013562, l=0.6293670158721973, r=1
INFO:root:Iter 15: Q=0.1659, term1=0.0174, term2=0.0300, penalty=0.13662482798099518
INFO:root:U_1-Qu_upper=0.30707604689333584, U_2-Qv_upper=0.043696840878446386
INFO:root:eta=0.9538291267759743, l=0.6478986650785875, r=1
INFO:root:Iter 16: Q=0.1429, term1=0.0164, term2=0.0302, penalty=0.11330050230026245
INFO:root:U_1-Qu_upper=0.3160920754215225, U_2-Qv_upper=0.04740706486985602
INFO:root:eta=0.9540794214478691, l=0.6655037318246582, r=1
INFO:root:Iter 17: Q=0.1512, term1=0.0151, term2=0.0288, penalty=0.12300202995538712
INFO:root:U_1-Qu_upper=0.324323561072857, U_2-Qv_upper=0.0517107853912587
INFO:root:eta=0.9540013700864354, l=0.6822285452334252, r=1
INFO:root:Iter 18: Q=0.1232, term1=0.0137, term2=0.0284, penalty=0.09550374001264572
INFO:root:U_1-Qu_upper=0.3308738980694487, U_2-Qv_upper=0.057104156479802465
INFO:root:eta=0.9532291307071817, l=0.698117117971754, r=1
INFO:root:Iter 19: Q=0.1291, term1=0.0129, term2=0.0272, penalty=0.10261068493127823
INFO:root:U_1-Qu_upper=0.3360794995145986, U_2-Qv_upper=0.059527065322496076
INFO:root:eta=0.9545755717030665, l=0.7132112620731663, r=1
INFO:root:Iter 20: Q=0.1155, term1=0.0119, term2=0.0273, penalty=0.08888435363769531
INFO:root:U_1-Qu_upper=0.34606713434049785, U_2-Qv_upper=0.0586189622680984
INFO:root:eta=0.9584585229185472, l=0.727550698969508, r=1
INFO:root:Iter 21: Q=0.1067, term1=0.0112, term2=0.0266, penalty=0.08068110048770905
INFO:root:U_1-Qu_upper=0.35065728699019816, U_2-Qv_upper=0.06578290814903318
INFO:root:eta=0.9569625901770481, l=0.7411731640210326, r=1
INFO:root:Iter 22: Q=0.1009, term1=0.0106, term2=0.0259, penalty=0.07565663754940033
INFO:root:U_1-Qu_upper=0.3561537389979109, U_2-Qv_upper=0.06453182984197584
INFO:root:eta=0.9602967855921658, l=0.754114505819981, r=1
INFO:root:Iter 23: Q=0.0918, term1=0.0101, term2=0.0254, penalty=0.06699397414922714
INFO:root:U_1-Qu_upper=0.35927517780460894, U_2-Qv_upper=0.06763682996607126
INFO:root:eta=0.9610436927088948, l=0.7664087805289819, r=1
INFO:root:Iter 24: Q=0.0892, term1=0.0097, term2=0.0256, penalty=0.06418340653181076
INFO:root:U_1-Qu_upper=0.36254511010752444, U_2-Qv_upper=0.06693436875532516
INFO:root:eta=0.9635948128104341, l=0.7780883415025328, r=1
INFO:root:Iter 25: Q=0.0806, term1=0.0092, term2=0.0250, penalty=0.056164611130952835
INFO:root:U_1-Qu_upper=0.3693910930240963, U_2-Qv_upper=0.06749201484438047
INFO:root:eta=0.9657179124582655, l=0.7891839244274061, r=1
INFO:root:Iter 26: Q=0.0806, term1=0.0090, term2=0.0245, penalty=0.05664614588022232
INFO:root:U_1-Qu_upper=0.3679287472700233, U_2-Qv_upper=0.06842793704163905
INFO:root:eta=0.9669405565096294, l=0.7997247282060358, r=1
INFO:root:Iter 27: Q=0.0679, term1=0.0086, term2=0.0243, penalty=0.044080279767513275
INFO:root:U_1-Qu_upper=0.3730796064247505, U_2-Qv_upper=0.07620139562174635
INFO:root:eta=0.9660318260738627, l=0.809738491795734, r=1
INFO:root:Iter 28: Q=0.0743, term1=0.0084, term2=0.0238, penalty=0.05099759250879288
INFO:root:U_1-Qu_upper=0.3730377107406644, U_2-Qv_upper=0.0743022643549853
INFO:root:eta=0.9683979486158176, l=0.8192515672059473, r=1
INFO:root:Iter 29: Q=0.0623, term1=0.0080, term2=0.0239, penalty=0.03893241286277771
INFO:root:U_1-Qu_upper=0.37710508562294986, U_2-Qv_upper=0.06964452120510295
INFO:root:eta=0.9718228334885597, l=0.8282889888456499, r=1
INFO:root:Iter 30: Q=0.0615, term1=0.0080, term2=0.0231, penalty=0.03886105865240097
INFO:root:U_1-Qu_upper=0.3752237964610742, U_2-Qv_upper=0.07858635549132822
INFO:root:eta=0.9702647847204473, l=0.8368745394033674, r=1
INFO:root:Iter 31: Q=0.0580, term1=0.0078, term2=0.0230, penalty=0.03537939488887787
INFO:root:U_1-Qu_upper=0.3783315299315629, U_2-Qv_upper=0.07703125770140476
INFO:root:eta=0.972404948901956, l=0.8450308124331991, r=1
INFO:root:Iter 32: Q=0.0578, term1=0.0077, term2=0.0230, penalty=0.03517310321331024
INFO:root:U_1-Qu_upper=0.37924040679617416, U_2-Qv_upper=0.0806001562897384
INFO:root:eta=0.9728372359016002, l=0.8527792718115391, r=1
INFO:root:Iter 33: Q=0.0525, term1=0.0075, term2=0.0228, penalty=0.030146524310112
INFO:root:U_1-Qu_upper=0.38297249633931285, U_2-Qv_upper=0.07583567437900746
INFO:root:eta=0.9756661194867978, l=0.8601403082209622, r=1
INFO:root:Iter 34: Q=0.0509, term1=0.0075, term2=0.0220, penalty=0.029217876493930817
INFO:root:U_1-Qu_upper=0.38269812464298747, U_2-Qv_upper=0.08053795014790585
INFO:root:eta=0.9756840766572719, l=0.8671332928099141, r=1
INFO:root:Iter 35: Q=0.0494, term1=0.0074, term2=0.0224, penalty=0.027336183935403824
INFO:root:U_1-Qu_upper=0.3845314866956607, U_2-Qv_upper=0.07857222660086341
INFO:root:eta=0.9774572461301654, l=0.8737766281694185, r=1
INFO:root:Iter 36: Q=0.0459, term1=0.0078, term2=0.0212, penalty=0.02502126432955265
INFO:root:U_1-Qu_upper=0.3819575398517523, U_2-Qv_upper=0.08851987775027284
INFO:root:eta=0.9762511928827119, l=0.8800877967609475, r=1
INFO:root:Iter 37: Q=0.0452, term1=0.0074, term2=0.0212, penalty=0.024313582107424736
INFO:root:U_1-Qu_upper=0.3818646075475228, U_2-Qv_upper=0.09028423784753267
INFO:root:eta=0.9770704048444769, l=0.8860834069229001, r=1
INFO:root:Iter 38: Q=0.0428, term1=0.0073, term2=0.0208, penalty=0.022309210151433945
INFO:root:U_1-Qu_upper=0.3843117198334744, U_2-Qv_upper=0.08499802357884143
INFO:root:eta=0.9793682415498418, l=0.8917792365767551, r=1
INFO:root:Iter 39: Q=0.0405, term1=0.0072, term2=0.0207, penalty=0.02010151743888855
INFO:root:U_1-Qu_upper=0.3866479671789433, U_2-Qv_upper=0.08746983055532603
INFO:root:eta=0.9800343883219825, l=0.8971902747479173, r=1
INFO:root:Iter 40: Q=0.0405, term1=0.0072, term2=0.0206, penalty=0.020214872434735298
INFO:root:U_1-Qu_upper=0.3850357265919757, U_2-Qv_upper=0.08682637279460023
INFO:root:eta=0.9810821942613056, l=0.9023307610105215, r=1
INFO:root:Iter 41: Q=0.0394, term1=0.0072, term2=0.0202, penalty=0.019405145198106766
INFO:root:U_1-Qu_upper=0.3859790017463522, U_2-Qv_upper=0.089823882561683
INFO:root:eta=0.9815616286865546, l=0.9072142229599954, r=1
INFO:root:Iter 42: Q=0.0363, term1=0.0071, term2=0.0203, penalty=0.016164330765604973
INFO:root:U_1-Qu_upper=0.38840690382592463, U_2-Qv_upper=0.0862849495780979
INFO:root:eta=0.9831342879890392, l=0.9118535118119957, r=1
INFO:root:Iter 43: Q=0.0360, term1=0.0071, term2=0.0201, penalty=0.01611851528286934
INFO:root:U_1-Qu_upper=0.38723849236827607, U_2-Qv_upper=0.08852985618442394
INFO:root:eta=0.9835979086330884, l=0.9162608362213959, r=1
INFO:root:Iter 44: Q=0.0348, term1=0.0071, term2=0.0196, penalty=0.01543817762285471
INFO:root:U_1-Qu_upper=0.38730364933158445, U_2-Qv_upper=0.09041203324782754
INFO:root:eta=0.9841516024367949, l=0.9204477944103261, r=1
INFO:root:Iter 45: Q=0.0352, term1=0.0072, term2=0.0198, penalty=0.01555995736271143
INFO:root:U_1-Qu_upper=0.3873597438712696, U_2-Qv_upper=0.08964413148758923
INFO:root:eta=0.9850496217192295, l=0.9244254046898098, r=1
INFO:root:Iter 46: Q=0.0315, term1=0.0071, term2=0.0194, penalty=0.012308948673307896
INFO:root:U_1-Qu_upper=0.383810387934196, U_2-Qv_upper=0.09229068974206067
INFO:root:eta=0.9853501034650096, l=0.9282041344553194, r=1
INFO:root:Iter 47: Q=0.0317, term1=0.0072, term2=0.0195, penalty=0.012461323291063309
INFO:root:U_1-Qu_upper=0.38673827215142687, U_2-Qv_upper=0.0914374960904569
INFO:root:eta=0.9862710856319848, l=0.9317939277325534, r=1
INFO:root:Iter 48: Q=0.0302, term1=0.0071, term2=0.0192, penalty=0.01117946207523346
INFO:root:U_1-Qu_upper=0.3851569634439651, U_2-Qv_upper=0.09644052521188287
INFO:root:eta=0.986341645072795, l=0.9352042313459258, r=1
INFO:root:Iter 49: Q=0.0277, term1=0.0071, term2=0.0193, penalty=0.008589142002165318
INFO:root:U_1-Qu_upper=0.38885767265220245, U_2-Qv_upper=0.09438816411714648
INFO:root:eta=0.9873440117214367, l=0.9384440197786295, r=1
INFO:root:Iter 50: Q=0.0302, term1=0.0073, term2=0.0190, penalty=0.011341198347508907
/zhome/c3/3/213266/SC/distributional-counterfactual-explanation/HELOC_new.py:276: DeprecationWarning: __array_wrap__ must accept context and return_scalar arguments (positionally) in the future. (Deprecated NumPy 2.0)
  #     best_X_MeanConstraint_80_100 = best_X_MeanConstraint_80_100 * std.values + mean.values  # 恢复 X_s 到原始 scale
INFO:root:Optimization started
INFO:root:U_1-Qu_upper=0.5, U_2-Qv_upper=-0.3668340327921868
INFO:root:eta=1, l=0.24000000000000002, r=1
INFO:root:Iter 1: Q=1.2990, term1=0.0052, term2=0.1620, penalty=1.1369527578353882
INFO:root:U_1-Qu_upper=0.47503295014424973, U_2-Qv_upper=-0.22566697216454673
INFO:root:eta=1, l=0.278, r=1
INFO:root:Iter 2: Q=1.4570, term1=0.0069, term2=0.1158, penalty=1.3412585258483887
INFO:root:U_1-Qu_upper=0.4353140151024859, U_2-Qv_upper=-0.15904099318118137
INFO:root:eta=1, l=0.31410000000000005, r=1
INFO:root:Iter 3: Q=1.3520, term1=0.0063, term2=0.0929, penalty=1.2590891122817993
INFO:root:U_1-Qu_upper=0.4130882164732885, U_2-Qv_upper=-0.1183545143938558
INFO:root:eta=1, l=0.34839500000000007, r=1
INFO:root:Iter 4: Q=1.2275, term1=0.0076, term2=0.0779, penalty=1.1495919227600098
INFO:root:U_1-Qu_upper=0.39602552530392904, U_2-Qv_upper=-0.07915231835636083
INFO:root:eta=1, l=0.38097525000000004, r=1
INFO:root:Iter 5: Q=0.9635, term1=0.0083, term2=0.0683, penalty=0.8952180743217468
INFO:root:U_1-Qu_upper=0.3840215107159117, U_2-Qv_upper=-0.06487684740471661
INFO:root:eta=1, l=0.41192648750000005, r=1
INFO:root:Iter 6: Q=0.7104, term1=0.0101, term2=0.0597, penalty=0.6506867408752441
INFO:root:U_1-Qu_upper=0.37392421678321497, U_2-Qv_upper=-0.04005019176835606
INFO:root:eta=1, l=0.44133016312500006, r=1
INFO:root:Iter 7: Q=0.6004, term1=0.0104, term2=0.0522, penalty=0.5481695532798767
INFO:root:U_1-Qu_upper=0.36387503839952473, U_2-Qv_upper=-0.015988935815919925
INFO:root:eta=1, l=0.46926365496875005, r=1
INFO:root:Iter 8: Q=0.4718, term1=0.0111, term2=0.0478, penalty=0.42393818497657776
INFO:root:U_1-Qu_upper=0.3594126171749925, U_2-Qv_upper=-0.007882182407951632
INFO:root:eta=1, l=0.49580047222031254, r=1
INFO:root:Iter 9: Q=0.3277, term1=0.0123, term2=0.0442, penalty=0.2834997773170471
INFO:root:U_1-Qu_upper=0.3530258184405993, U_2-Qv_upper=0.006590962803960099
INFO:root:eta=0.9907591622341165, l=0.5210104486092969, r=1
INFO:root:Iter 10: Q=0.2681, term1=0.0120, term2=0.0413, penalty=0.22697705030441284
INFO:root:U_1-Qu_upper=0.3506463333146685, U_2-Qv_upper=0.008159644073920613
INFO:root:eta=0.9891072487617947, l=0.544959926178832, r=1
INFO:root:Iter 11: Q=0.2161, term1=0.0127, term2=0.0368, penalty=0.1795624941587448
INFO:root:U_1-Qu_upper=0.34766285187173723, U_2-Qv_upper=0.02710055129424832
INFO:root:eta=0.9670943407030935, l=0.5677119298698905, r=1
INFO:root:Iter 12: Q=0.1737, term1=0.0138, term2=0.0347, penalty=0.13962429761886597
INFO:root:U_1-Qu_upper=0.3436801108293245, U_2-Qv_upper=0.03089415372846277
INFO:root:eta=0.9643457243135833, l=0.589326333376396, r=1
INFO:root:Iter 13: Q=0.1242, term1=0.0121, term2=0.0314, penalty=0.09350226819515228
INFO:root:U_1-Qu_upper=0.3480752772373947, U_2-Qv_upper=0.04595137938003441
INFO:root:eta=0.9521072467065765, l=0.6098600167075762, r=1
INFO:root:Iter 14: Q=0.1048, term1=0.0128, term2=0.0283, penalty=0.07727466523647308
INFO:root:U_1-Qu_upper=0.35412109913879786, U_2-Qv_upper=0.05668795446573785
INFO:root:eta=0.9461641913339263, l=0.6293670158721973, r=1
INFO:root:Iter 15: Q=0.0743, term1=0.0107, term2=0.0280, penalty=0.04729582741856575
INFO:root:U_1-Qu_upper=0.360101695842827, U_2-Qv_upper=0.05967840831974633
INFO:root:eta=0.9473086352968771, l=0.6478986650785875, r=1
INFO:root:Iter 16: Q=0.0628, term1=0.0099, term2=0.0269, penalty=0.03675929456949234
INFO:root:U_1-Qu_upper=0.3656452320014284, U_2-Qv_upper=0.06446471084633143
INFO:root:eta=0.9472271889507323, l=0.6655037318246582, r=1
INFO:root:Iter 17: Q=0.0526, term1=0.0092, term2=0.0267, penalty=0.02677895501255989
INFO:root:U_1-Qu_upper=0.37335894014850635, U_2-Qv_upper=0.060291391591713483
INFO:root:eta=0.9534942233075296, l=0.6822285452334252, r=1
INFO:root:Iter 18: Q=0.0463, term1=0.0087, term2=0.0257, penalty=0.02137310616672039
INFO:root:U_1-Qu_upper=0.3776359420506657, U_2-Qv_upper=0.06617827442465152
INFO:root:eta=0.9526162845686295, l=0.698117117971754, r=1
INFO:root:Iter 19: Q=0.0442, term1=0.0082, term2=0.0257, penalty=0.01934993825852871
INFO:root:U_1-Qu_upper=0.3797536398867299, U_2-Qv_upper=0.06442232270095777
INFO:root:eta=0.9562155585128507, l=0.7132112620731663, r=1
INFO:root:Iter 20: Q=0.0361, term1=0.0078, term2=0.0254, penalty=0.011497358791530132
INFO:root:U_1-Qu_upper=0.3857367980110891, U_2-Qv_upper=0.07033658875709134
INFO:root:eta=0.9557708427964509, l=0.727550698969508, r=1
INFO:root:Iter 21: Q=0.0371, term1=0.0074, term2=0.0248, penalty=0.013148787431418896
INFO:root:U_1-Qu_upper=0.38761035217738693, U_2-Qv_upper=0.06618046720106383
INFO:root:eta=0.960266225624622, l=0.7411731640210326, r=1
INFO:root:Iter 22: Q=0.0347, term1=0.0071, term2=0.0242, penalty=0.011172223836183548
INFO:root:U_1-Qu_upper=0.3924282770300174, U_2-Qv_upper=0.07176027814743297
INFO:root:eta=0.9599871958610215, l=0.754114505819981, r=1
INFO:root:Iter 23: Q=0.0338, term1=0.0068, term2=0.0246, penalty=0.009855407290160656
INFO:root:U_1-Qu_upper=0.39364705636380026, U_2-Qv_upper=0.06783384979779275
INFO:root:eta=0.963856880193819, l=0.7664087805289819, r=1
INFO:root:Iter 24: Q=0.0321, term1=0.0067, term2=0.0242, penalty=0.008517589420080185
INFO:root:U_1-Qu_upper=0.39536426696312815, U_2-Qv_upper=0.07155541450296155
INFO:root:eta=0.9642021589644323, l=0.7780883415025328, r=1
INFO:root:Iter 25: Q=0.0306, term1=0.0064, term2=0.0236, penalty=0.007575142662972212
INFO:root:U_1-Qu_upper=0.39644123543464804, U_2-Qv_upper=0.07323817027493687
INFO:root:eta=0.9653968140108735, l=0.7891839244274061, r=1
INFO:root:Iter 26: Q=0.0293, term1=0.0063, term2=0.0231, penalty=0.00681975157931447
INFO:root:U_1-Qu_upper=0.39924483097224533, U_2-Qv_upper=0.07696161248710987
INFO:root:eta=0.9659291776977897, l=0.7997247282060358, r=1
INFO:root:Iter 27: Q=0.0296, term1=0.0061, term2=0.0234, penalty=0.006778480019420385
INFO:root:U_1-Qu_upper=0.40120838337718145, U_2-Qv_upper=0.07544301426313083
INFO:root:eta=0.9683010051763109, l=0.809738491795734, r=1
INFO:root:Iter 28: Q=0.0286, term1=0.0060, term2=0.0229, penalty=0.006233167368918657
INFO:root:U_1-Qu_upper=0.4032806997353846, U_2-Qv_upper=0.07849689387082612
INFO:root:eta=0.9690003486766117, l=0.8192515672059473, r=1
INFO:root:Iter 29: Q=0.0286, term1=0.0059, term2=0.0227, penalty=0.006371185649186373
INFO:root:U_1-Qu_upper=0.4062194062964751, U_2-Qv_upper=0.074532478932163
INFO:root:eta=0.9719780011827986, l=0.8282889888456499, r=1
INFO:root:Iter 30: Q=0.0282, term1=0.0059, term2=0.0222, penalty=0.006432593334466219
INFO:root:U_1-Qu_upper=0.40358942482263843, U_2-Qv_upper=0.08295168647548726
INFO:root:eta=0.9707245335884129, l=0.8368745394033674, r=1
INFO:root:Iter 31: Q=0.0267, term1=0.0057, term2=0.0224, penalty=0.004752631299197674
INFO:root:U_1-Qu_upper=0.4096068614529209, U_2-Qv_upper=0.07750914205941506
INFO:root:eta=0.974043730019698, l=0.8450308124331991, r=1
INFO:root:Iter 32: Q=0.0275, term1=0.0057, term2=0.0221, penalty=0.00585810374468565
INFO:root:U_1-Qu_upper=0.4034308085946333, U_2-Qv_upper=0.07791012920979967
INFO:root:eta=0.9749165955384151, l=0.8527792718115391, r=1
INFO:root:Iter 33: Q=0.0266, term1=0.0056, term2=0.0214, penalty=0.005628079641610384
INFO:root:U_1-Qu_upper=0.40481846141280053, U_2-Qv_upper=0.08382752128657112
INFO:root:eta=0.9747441928042304, l=0.8601403082209622, r=1
INFO:root:Iter 34: Q=0.0253, term1=0.0056, term2=0.0218, penalty=0.003877211594954133
INFO:root:U_1-Qu_upper=0.4097322328060406, U_2-Qv_upper=0.08406729754920667
INFO:root:eta=0.9761894744706013, l=0.8671332928099141, r=1
INFO:root:Iter 35: Q=0.0253, term1=0.0058, term2=0.0220, penalty=0.0036169281229376793
INFO:root:U_1-Qu_upper=0.40975250309038325, U_2-Qv_upper=0.0771865393775017
INFO:root:eta=0.9789387984284236, l=0.8737766281694185, r=1
INFO:root:Iter 36: Q=0.0261, term1=0.0056, term2=0.0216, penalty=0.004820150788873434
INFO:root:U_1-Qu_upper=0.4067952163938596, U_2-Qv_upper=0.08144537452292958
INFO:root:eta=0.9789441722307747, l=0.8800877967609475, r=1
INFO:root:Iter 37: Q=0.0258, term1=0.0055, term2=0.0214, penalty=0.004656928591430187
INFO:root:U_1-Qu_upper=0.41128861344844336, U_2-Qv_upper=0.08019316994982678
INFO:root:eta=0.9804343924470236, l=0.8860834069229001, r=1
INFO:root:Iter 38: Q=0.0249, term1=0.0055, term2=0.0213, penalty=0.003924363758414984
INFO:root:U_1-Qu_upper=0.40678274970504646, U_2-Qv_upper=0.08583116520689685
INFO:root:eta=0.9801516083402655, l=0.8917792365767551, r=1
INFO:root:Iter 39: Q=0.0239, term1=0.0055, term2=0.0202, penalty=0.0040447586216032505
INFO:root:U_1-Qu_upper=0.4112181854094302, U_2-Qv_upper=0.09065117861765704
INFO:root:eta=0.9804524036364765, l=0.8971902747479173, r=1
INFO:root:Iter 40: Q=0.0253, term1=0.0056, term2=0.0210, penalty=0.0045951614156365395
INFO:root:U_1-Qu_upper=0.4049012161359024, U_2-Qv_upper=0.08605707749658176
INFO:root:eta=0.9819791118549802, l=0.9023307610105215, r=1
INFO:root:Iter 41: Q=0.0233, term1=0.0056, term2=0.0199, penalty=0.003639020724222064
INFO:root:U_1-Qu_upper=0.40411068743014245, U_2-Qv_upper=0.09074838647843528
INFO:root:eta=0.9820891920261943, l=0.9072142229599954, r=1
INFO:root:Iter 42: Q=0.0225, term1=0.0056, term2=0.0196, penalty=0.0032256164122372866
INFO:root:U_1-Qu_upper=0.40701861981601756, U_2-Qv_upper=0.09047852798209474
INFO:root:eta=0.9831252891370118, l=0.9118535118119957, r=1
INFO:root:Iter 43: Q=0.0233, term1=0.0056, term2=0.0202, penalty=0.0033061220310628414
INFO:root:U_1-Qu_upper=0.4054377618608221, U_2-Qv_upper=0.08982428756947541
INFO:root:eta=0.9840131188885834, l=0.9162608362213959, r=1
INFO:root:Iter 44: Q=0.0224, term1=0.0056, term2=0.0195, penalty=0.0031129212584346533
INFO:root:U_1-Qu_upper=0.4055115529270077, U_2-Qv_upper=0.09221269325094972
INFO:root:eta=0.9844857591690508, l=0.9204477944103261, r=1
INFO:root:Iter 45: Q=0.0221, term1=0.0056, term2=0.0192, penalty=0.003081665374338627
INFO:root:U_1-Qu_upper=0.4067684114582848, U_2-Qv_upper=0.0943248583308191
INFO:root:eta=0.9850252418570533, l=0.9244254046898098, r=1
INFO:root:Iter 46: Q=0.0221, term1=0.0057, term2=0.0197, penalty=0.0025961960200220346
INFO:root:U_1-Qu_upper=0.40370596174213935, U_2-Qv_upper=0.08964359942946482
INFO:root:eta=0.9862677920844971, l=0.9282041344553194, r=1
INFO:root:Iter 47: Q=0.0217, term1=0.0057, term2=0.0189, penalty=0.002993806265294552
INFO:root:U_1-Qu_upper=0.403731602572579, U_2-Qv_upper=0.09587764458046563
INFO:root:eta=0.9862219954529161, l=0.9317939277325534, r=1
INFO:root:Iter 48: Q=0.0224, term1=0.0058, term2=0.0193, penalty=0.003289918415248394
INFO:root:U_1-Qu_upper=0.40265584233677526, U_2-Qv_upper=0.09270746506420743
INFO:root:eta=0.9872352029966106, l=0.9352042313459258, r=1
INFO:root:Iter 49: Q=0.0211, term1=0.0058, term2=0.0187, penalty=0.002600168576464057
INFO:root:U_1-Qu_upper=0.4024017725169545, U_2-Qv_upper=0.09662174815407112
INFO:root:eta=0.9874541375686564, l=0.9384440197786295, r=1
INFO:root:Iter 50: Q=0.0206, term1=0.0059, term2=0.0189, penalty=0.0019278882537037134
/zhome/c3/3/213266/SC/distributional-counterfactual-explanation/HELOC_new.py:276: DeprecationWarning: __array_wrap__ must accept context and return_scalar arguments (positionally) in the future. (Deprecated NumPy 2.0)
  #     best_X_MeanConstraint_80_100 = best_X_MeanConstraint_80_100 * std.values + mean.values  # 恢复 X_s 到原始 scale
INFO:root:Optimization started
INFO:root:U_1-Qu_upper=0.5, U_2-Qv_upper=-0.3590346200756343
INFO:root:eta=1, l=0.24000000000000002, r=1
INFO:root:Iter 1: Q=1.3526, term1=0.0046, term2=0.1617, penalty=1.1909205913543701
INFO:root:U_1-Qu_upper=0.4592306248452349, U_2-Qv_upper=-0.24010665653336
INFO:root:eta=1, l=0.278, r=1
INFO:root:Iter 2: Q=1.5082, term1=0.0099, term2=0.1158, penalty=1.3923736810684204
INFO:root:U_1-Qu_upper=0.40489701874330664, U_2-Qv_upper=-0.15703042857593502
INFO:root:eta=1, l=0.31410000000000005, r=1
INFO:root:Iter 3: Q=1.3748, term1=0.0088, term2=0.0935, penalty=1.281299352645874
INFO:root:U_1-Qu_upper=0.3790101724133182, U_2-Qv_upper=-0.10960657582717165
INFO:root:eta=1, l=0.34839500000000007, r=1
INFO:root:Iter 4: Q=1.2024, term1=0.0115, term2=0.0789, penalty=1.1235612630844116
INFO:root:U_1-Qu_upper=0.353666383739205, U_2-Qv_upper=-0.07710650071107117
INFO:root:eta=1, l=0.38097525000000004, r=1
INFO:root:Iter 5: Q=0.9823, term1=0.0140, term2=0.0690, penalty=0.9133114218711853
INFO:root:U_1-Qu_upper=0.3354779664532662, U_2-Qv_upper=-0.06605468710004908
INFO:root:eta=1, l=0.41192648750000005, r=1
INFO:root:Iter 6: Q=0.7201, term1=0.0174, term2=0.0601, penalty=0.6600069999694824
INFO:root:U_1-Qu_upper=0.3185932651039639, U_2-Qv_upper=-0.03192066581018993
INFO:root:eta=1, l=0.44133016312500006, r=1
INFO:root:Iter 7: Q=0.5762, term1=0.0186, term2=0.0552, penalty=0.5209981203079224
INFO:root:U_1-Qu_upper=0.30547295341523206, U_2-Qv_upper=-0.030583890708898498
INFO:root:eta=1, l=0.46926365496875005, r=1
INFO:root:Iter 8: Q=0.4562, term1=0.0208, term2=0.0497, penalty=0.4064497649669647
INFO:root:U_1-Qu_upper=0.29162270268574586, U_2-Qv_upper=-0.00563489009963003
INFO:root:eta=1, l=0.49580047222031254, r=1
INFO:root:Iter 9: Q=0.3794, term1=0.0253, term2=0.0465, penalty=0.33293861150741577
INFO:root:U_1-Qu_upper=0.27578736646571, U_2-Qv_upper=0.0008702743610041752
INFO:root:eta=0.9984139533593005, l=0.5210104486092969, r=1
INFO:root:Iter 10: Q=0.3091, term1=0.0259, term2=0.0435, penalty=0.26568201184272766
INFO:root:U_1-Qu_upper=0.26392454528289877, U_2-Qv_upper=0.007459972710837148
INFO:root:eta=0.9868332614971307, l=0.544959926178832, r=1
INFO:root:Iter 11: Q=0.2837, term1=0.0272, term2=0.0386, penalty=0.24523814022541046
INFO:root:U_1-Qu_upper=0.25924908027345384, U_2-Qv_upper=0.023489489077474945
INFO:root:eta=0.9621959647444873, l=0.5677119298698905, r=1
INFO:root:Iter 12: Q=0.3043, term1=0.0268, term2=0.0352, penalty=0.26935213804244995
INFO:root:U_1-Qu_upper=0.26739010344565134, U_2-Qv_upper=0.03323245132903929
INFO:root:eta=0.9522125268960935, l=0.589326333376396, r=1
INFO:root:Iter 13: Q=0.3242, term1=0.0236, term2=0.0327, penalty=0.29189079999923706
INFO:root:U_1-Qu_upper=0.28092724017533477, U_2-Qv_upper=0.04572421756886469
INFO:root:eta=0.942514470279187, l=0.6098600167075762, r=1
INFO:root:Iter 14: Q=0.3794, term1=0.0204, term2=0.0304, penalty=0.3495500683784485
INFO:root:U_1-Qu_upper=0.2959088339681421, U_2-Qv_upper=0.04704134676149807
INFO:root:eta=0.9464857834437123, l=0.6293670158721973, r=1
INFO:root:Iter 15: Q=0.3833, term1=0.0176, term2=0.0303, penalty=0.35363078117370605
INFO:root:U_1-Qu_upper=0.3088885531820525, U_2-Qv_upper=0.048908614475093204
INFO:root:eta=0.9493368104304556, l=0.6478986650785875, r=1
INFO:root:Iter 16: Q=0.3939, term1=0.0158, term2=0.0291, penalty=0.3654714822769165
INFO:root:U_1-Qu_upper=0.31793308955582517, U_2-Qv_upper=0.049117415949960774
INFO:root:eta=0.9528830298161819, l=0.6655037318246582, r=1
INFO:root:Iter 17: Q=0.3740, term1=0.0144, term2=0.0287, penalty=0.3459746539592743
INFO:root:U_1-Qu_upper=0.3281678593385787, U_2-Qv_upper=0.054190510251250906
INFO:root:eta=0.9525928424974559, l=0.6822285452334252, r=1
INFO:root:Iter 18: Q=0.3684, term1=0.0133, term2=0.0277, penalty=0.3413245379924774
INFO:root:U_1-Qu_upper=0.33477872942818376, U_2-Qv_upper=0.0566519831740864
INFO:root:eta=0.954008761885445, l=0.698117117971754, r=1
INFO:root:Iter 19: Q=0.3313, term1=0.0121, term2=0.0279, penalty=0.3041556775569916
INFO:root:U_1-Qu_upper=0.34605847506907156, U_2-Qv_upper=0.0629062690546009
INFO:root:eta=0.9535648828591825, l=0.7132112620731663, r=1
INFO:root:Iter 20: Q=0.3268, term1=0.0114, term2=0.0270, penalty=0.3005775511264801
INFO:root:U_1-Qu_upper=0.34945820860313, U_2-Qv_upper=0.06310800185745258
INFO:root:eta=0.9561314917535829, l=0.727550698969508, r=1
INFO:root:Iter 21: Q=0.2977, term1=0.0108, term2=0.0268, penalty=0.27153006196022034
INFO:root:U_1-Qu_upper=0.3537501639754308, U_2-Qv_upper=0.06508856412500047
INFO:root:eta=0.9576607113641064, l=0.7411731640210326, r=1
INFO:root:Iter 22: Q=0.2761, term1=0.0102, term2=0.0265, penalty=0.25036290287971497
INFO:root:U_1-Qu_upper=0.3580731705837286, U_2-Qv_upper=0.06371706653799142
INFO:root:eta=0.9609007386173083, l=0.754114505819981, r=1
INFO:root:Iter 23: Q=0.2460, term1=0.0096, term2=0.0260, penalty=0.2206088900566101
INFO:root:U_1-Qu_upper=0.36367282514361854, U_2-Qv_upper=0.06580345172351063
INFO:root:eta=0.9623259418103034, l=0.7664087805289819, r=1
INFO:root:Iter 24: Q=0.2393, term1=0.0094, term2=0.0253, penalty=0.21454957127571106
INFO:root:U_1-Qu_upper=0.3669989535909423, U_2-Qv_upper=0.0693141464655434
INFO:root:eta=0.9628909239777974, l=0.7780883415025328, r=1
INFO:root:Iter 25: Q=0.2041, term1=0.0089, term2=0.0260, penalty=0.1787550449371338
INFO:root:U_1-Qu_upper=0.36886671541848026, U_2-Qv_upper=0.06755418920751477
INFO:root:eta=0.9656499906246737, l=0.7891839244274061, r=1
INFO:root:Iter 26: Q=0.1965, term1=0.0088, term2=0.0248, penalty=0.17224909365177155
INFO:root:U_1-Qu_upper=0.3729297809388811, U_2-Qv_upper=0.06961424966373178
INFO:root:eta=0.9668376434813625, l=0.7997247282060358, r=1
INFO:root:Iter 27: Q=0.1813, term1=0.0085, term2=0.0247, penalty=0.15712189674377441
INFO:root:U_1-Qu_upper=0.37543383261978774, U_2-Qv_upper=0.07562403294660786
INFO:root:eta=0.9664219939197398, l=0.809738491795734, r=1
INFO:root:Iter 28: Q=0.1700, term1=0.0083, term2=0.0241, penalty=0.1464456021785736
INFO:root:U_1-Qu_upper=0.37459798377930054, U_2-Qv_upper=0.0736051476789201
INFO:root:eta=0.9687547332312771, l=0.8192515672059473, r=1
INFO:root:Iter 29: Q=0.1493, term1=0.0080, term2=0.0242, penalty=0.1256060153245926
INFO:root:U_1-Qu_upper=0.3780170724806303, U_2-Qv_upper=0.07213699751221572
INFO:root:eta=0.971035140819656, l=0.8282889888456499, r=1
INFO:root:Iter 30: Q=0.1403, term1=0.0080, term2=0.0238, penalty=0.11694826185703278
INFO:root:U_1-Qu_upper=0.37886297894276894, U_2-Qv_upper=0.07751102540458596
INFO:root:eta=0.9708364270947785, l=0.8368745394033674, r=1
INFO:root:Iter 31: Q=0.1309, term1=0.0078, term2=0.0235, penalty=0.10791651159524918
INFO:root:U_1-Qu_upper=0.3814921342401085, U_2-Qv_upper=0.07959249702566643
INFO:root:eta=0.9718412589426255, l=0.8450308124331991, r=1
INFO:root:Iter 32: Q=0.1234, term1=0.0078, term2=0.0238, penalty=0.10010016709566116
INFO:root:U_1-Qu_upper=0.38130229841846247, U_2-Qv_upper=0.07914633831593493
INFO:root:eta=0.9733624062073559, l=0.8527792718115391, r=1
INFO:root:Iter 33: Q=0.1121, term1=0.0076, term2=0.0232, penalty=0.08935277909040451
INFO:root:U_1-Qu_upper=0.3833171726110667, U_2-Qv_upper=0.07390911769279979
INFO:root:eta=0.9762022561754502, l=0.8601403082209622, r=1
INFO:root:Iter 34: Q=0.1090, term1=0.0077, term2=0.0228, penalty=0.0865362361073494
INFO:root:U_1-Qu_upper=0.3808715804886996, U_2-Qv_upper=0.07804775273121653
INFO:root:eta=0.9762142628325409, l=0.8671332928099141, r=1
INFO:root:Iter 35: Q=0.0958, term1=0.0075, term2=0.0226, penalty=0.07348203659057617
INFO:root:U_1-Qu_upper=0.3845181803082185, U_2-Qv_upper=0.07762212859797937
INFO:root:eta=0.9776834081919648, l=0.8737766281694185, r=1
INFO:root:Iter 36: Q=0.0978, term1=0.0077, term2=0.0223, penalty=0.07589422166347504
INFO:root:U_1-Qu_upper=0.3805218476973352, U_2-Qv_upper=0.08019031507459165
INFO:root:eta=0.9780299007172457, l=0.8800877967609475, r=1
INFO:root:Iter 37: Q=0.0821, term1=0.0074, term2=0.0220, penalty=0.0603768527507782
INFO:root:U_1-Qu_upper=0.38272106015957524, U_2-Qv_upper=0.08203048915551464
INFO:root:eta=0.9788350212023799, l=0.8860834069229001, r=1
INFO:root:Iter 38: Q=0.0863, term1=0.0082, term2=0.0218, penalty=0.06481107324361801
INFO:root:U_1-Qu_upper=0.3806535230268112, U_2-Qv_upper=0.08666442377003208
INFO:root:eta=0.9788740921153538, l=0.8917792365767551, r=1
INFO:root:Iter 39: Q=0.0744, term1=0.0076, term2=0.0216, penalty=0.053168416023254395
INFO:root:U_1-Qu_upper=0.3828785198948367, U_2-Qv_upper=0.081872895061879
INFO:root:eta=0.9809352980494035, l=0.8971902747479173, r=1
INFO:root:Iter 40: Q=0.0749, term1=0.0078, term2=0.0214, penalty=0.053775444626808167
INFO:root:U_1-Qu_upper=0.38122930171952907, U_2-Qv_upper=0.08558782532477618
INFO:root:eta=0.9811505184861644, l=0.9023307610105215, r=1
INFO:root:Iter 41: Q=0.0697, term1=0.0076, term2=0.0205, penalty=0.04945172742009163
INFO:root:U_1-Qu_upper=0.38301410572566735, U_2-Qv_upper=0.0883260654711008
INFO:root:eta=0.9816974233798207, l=0.9072142229599954, r=1
INFO:root:Iter 42: Q=0.0704, term1=0.0078, term2=0.0205, penalty=0.05011391639709473
INFO:root:U_1-Qu_upper=0.3807703456110716, U_2-Qv_upper=0.0894933805395095
INFO:root:eta=0.9823424338482013, l=0.9118535118119957, r=1
INFO:root:Iter 43: Q=0.0590, term1=0.0076, term2=0.0202, penalty=0.03907022625207901
INFO:root:U_1-Qu_upper=0.3824847376792067, U_2-Qv_upper=0.08976121955544988
INFO:root:eta=0.9832457299886342, l=0.9162608362213959, r=1
INFO:root:Iter 44: Q=0.0601, term1=0.0077, term2=0.0196, penalty=0.04062226042151451
INFO:root:U_1-Qu_upper=0.3808095932718924, U_2-Qv_upper=0.09155585927350054
INFO:root:eta=0.9837693229822777, l=0.9204477944103261, r=1
INFO:root:Iter 45: Q=0.0541, term1=0.0076, term2=0.0203, penalty=0.034033842384815216
INFO:root:U_1-Qu_upper=0.3822778609512062, U_2-Qv_upper=0.08921376481836657
INFO:root:eta=0.984947448963329, l=0.9244254046898098, r=1
INFO:root:Iter 46: Q=0.0534, term1=0.0078, term2=0.0197, penalty=0.033924974501132965
INFO:root:U_1-Qu_upper=0.3787786379839123, U_2-Qv_upper=0.09461081820741457
INFO:root:eta=0.9848957888595189, l=0.9282041344553194, r=1
INFO:root:Iter 47: Q=0.0497, term1=0.0076, term2=0.0199, penalty=0.030066916719079018
INFO:root:U_1-Qu_upper=0.3822368658537393, U_2-Qv_upper=0.09003482756339057
INFO:root:eta=0.9863126914778475, l=0.9317939277325534, r=1
INFO:root:Iter 48: Q=0.0493, term1=0.0078, term2=0.0193, penalty=0.030161196365952492
INFO:root:U_1-Qu_upper=0.38134547440892475, U_2-Qv_upper=0.09430347979055201
INFO:root:eta=0.9864772750977844, l=0.9352042313459258, r=1
INFO:root:Iter 49: Q=0.0428, term1=0.0077, term2=0.0192, penalty=0.02375524491071701
INFO:root:U_1-Qu_upper=0.38349457887707517, U_2-Qv_upper=0.09535826587715426
INFO:root:eta=0.987096636883924, l=0.9384440197786295, r=1
INFO:root:Iter 50: Q=0.0458, term1=0.0079, term2=0.0194, penalty=0.026484336704015732
/zhome/c3/3/213266/SC/distributional-counterfactual-explanation/HELOC_new.py:276: DeprecationWarning: __array_wrap__ must accept context and return_scalar arguments (positionally) in the future. (Deprecated NumPy 2.0)
  #     best_X_MeanConstraint_80_100 = best_X_MeanConstraint_80_100 * std.values + mean.values  # 恢复 X_s 到原始 scale
INFO:root:Optimization started
INFO:root:U_1-Qu_upper=0.5, U_2-Qv_upper=-0.35405236700203585
INFO:root:eta=1, l=0.24000000000000002, r=1
INFO:root:Iter 1: Q=1.2861, term1=0.0040, term2=0.1636, penalty=1.1224262714385986
INFO:root:U_1-Qu_upper=0.47058095288591073, U_2-Qv_upper=-0.22207448802838042
INFO:root:eta=1, l=0.278, r=1
INFO:root:Iter 2: Q=1.4915, term1=0.0086, term2=0.1220, penalty=1.3695043325424194
INFO:root:U_1-Qu_upper=0.42857785909596613, U_2-Qv_upper=-0.17384938528853106
INFO:root:eta=1, l=0.31410000000000005, r=1
INFO:root:Iter 3: Q=1.3740, term1=0.0065, term2=0.0993, penalty=1.2746639251708984
INFO:root:U_1-Qu_upper=0.4091221616687917, U_2-Qv_upper=-0.11778108626359673
INFO:root:eta=1, l=0.34839500000000007, r=1
INFO:root:Iter 4: Q=1.2026, term1=0.0075, term2=0.0837, penalty=1.1189566850662231
INFO:root:U_1-Qu_upper=0.39397686672624155, U_2-Qv_upper=-0.08864981310736686
INFO:root:eta=1, l=0.38097525000000004, r=1
INFO:root:Iter 5: Q=0.9984, term1=0.0086, term2=0.0724, penalty=0.9259631037712097
INFO:root:U_1-Qu_upper=0.3785591339207208, U_2-Qv_upper=-0.05964767798621895
INFO:root:eta=1, l=0.41192648750000005, r=1
INFO:root:Iter 6: Q=0.7476, term1=0.0102, term2=0.0633, penalty=0.6843112707138062
INFO:root:U_1-Qu_upper=0.37161445168793866, U_2-Qv_upper=-0.05000345872868789
INFO:root:eta=1, l=0.44133016312500006, r=1
INFO:root:Iter 7: Q=0.6039, term1=0.0110, term2=0.0584, penalty=0.545452356338501
INFO:root:U_1-Qu_upper=0.3591996354617445, U_2-Qv_upper=-0.030132407459462218
INFO:root:eta=1, l=0.46926365496875005, r=1
INFO:root:Iter 8: Q=0.4704, term1=0.0118, term2=0.0534, penalty=0.41700479388237
INFO:root:U_1-Qu_upper=0.352036111804318, U_2-Qv_upper=-0.02726005287075617
INFO:root:eta=1, l=0.49580047222031254, r=1
INFO:root:Iter 9: Q=0.3912, term1=0.0162, term2=0.0497, penalty=0.3415355086326599
INFO:root:U_1-Qu_upper=0.33816290760255263, U_2-Qv_upper=-0.013131553125431794
INFO:root:eta=1, l=0.5210104486092969, r=1
INFO:root:Iter 10: Q=0.3173, term1=0.0147, term2=0.0461, penalty=0.27124685049057007
INFO:root:U_1-Qu_upper=0.3324567222532777, U_2-Qv_upper=0.006526460017040436
INFO:root:eta=0.9907779904159415, l=0.544959926178832, r=1
INFO:root:Iter 11: Q=0.2566, term1=0.0152, term2=0.0407, penalty=0.21608583629131317
INFO:root:U_1-Qu_upper=0.3281720919648001, U_2-Qv_upper=0.015269224656883906
INFO:root:eta=0.9797691518789683, l=0.5677119298698905, r=1
INFO:root:Iter 12: Q=0.2006, term1=0.0161, term2=0.0394, penalty=0.16165569424629211
INFO:root:U_1-Qu_upper=0.32696959110267365, U_2-Qv_upper=0.021756164283069868
INFO:root:eta=0.9730305831269658, l=0.589326333376396, r=1
INFO:root:Iter 13: Q=0.1535, term1=0.0158, term2=0.0354, penalty=0.11857199668884277
INFO:root:U_1-Qu_upper=0.3274797638562357, U_2-Qv_upper=0.028546363955025633
INFO:root:eta=0.9670719673686503, l=0.6098600167075762, r=1
INFO:root:Iter 14: Q=0.1257, term1=0.0154, term2=0.0325, penalty=0.09377580881118774
INFO:root:U_1-Qu_upper=0.3272337365146051, U_2-Qv_upper=0.038880987503468856
INFO:root:eta=0.9585675559602802, l=0.6293670158721973, r=1
INFO:root:Iter 15: Q=0.0943, term1=0.0141, term2=0.0318, penalty=0.06327936798334122
INFO:root:U_1-Qu_upper=0.3347227303659264, U_2-Qv_upper=0.04323000485281053
INFO:root:eta=0.9576072238419344, l=0.6478986650785875, r=1
INFO:root:Iter 16: Q=0.0754, term1=0.0133, term2=0.0305, penalty=0.04564233496785164
INFO:root:U_1-Qu_upper=0.3363433643097585, U_2-Qv_upper=0.051228889790954774
INFO:root:eta=0.9534596187134441, l=0.6655037318246582, r=1
INFO:root:Iter 17: Q=0.0660, term1=0.0124, term2=0.0306, penalty=0.036249760538339615
INFO:root:U_1-Qu_upper=0.3447030400498331, U_2-Qv_upper=0.0488905934487871
INFO:root:eta=0.958450239877789, l=0.6822285452334252, r=1
INFO:root:Iter 18: Q=0.0555, term1=0.0117, term2=0.0298, penalty=0.026437263935804367
INFO:root:U_1-Qu_upper=0.35082369075760167, U_2-Qv_upper=0.052650301376618774
INFO:root:eta=0.9585332309181875, l=0.698117117971754, r=1
INFO:root:Iter 19: Q=0.0478, term1=0.0111, term2=0.0290, penalty=0.019536972045898438
INFO:root:U_1-Qu_upper=0.35512233139228877, U_2-Qv_upper=0.05519380340977395
INFO:root:eta=0.959392129555225, l=0.7132112620731663, r=1
INFO:root:Iter 20: Q=0.0419, term1=0.0105, term2=0.0292, penalty=0.013517916202545166
INFO:root:U_1-Qu_upper=0.3612430070188195, U_2-Qv_upper=0.04991905081269182
INFO:root:eta=0.9651810732328225, l=0.727550698969508, r=1
INFO:root:Iter 21: Q=0.0387, term1=0.0100, term2=0.0284, penalty=0.010925563983619213
INFO:root:U_1-Qu_upper=0.3614481005138003, U_2-Qv_upper=0.05285597937572353
INFO:root:eta=0.9652415331269778, l=0.7411731640210326, r=1
INFO:root:Iter 22: Q=0.0376, term1=0.0097, term2=0.0276, penalty=0.010681881569325924
INFO:root:U_1-Qu_upper=0.3649197246420067, U_2-Qv_upper=0.05905521091368243
INFO:root:eta=0.9639481674339418, l=0.754114505819981, r=1
INFO:root:Iter 23: Q=0.0350, term1=0.0092, term2=0.0278, penalty=0.00783837866038084
INFO:root:U_1-Qu_upper=0.3688054456443589, U_2-Qv_upper=0.0594905977671879
INFO:root:eta=0.9658463456385613, l=0.7664087805289819, r=1
INFO:root:Iter 24: Q=0.0321, term1=0.0089, term2=0.0270, penalty=0.0056857760064303875
INFO:root:U_1-Qu_upper=0.3713393084406932, U_2-Qv_upper=0.05758547425537938
INFO:root:eta=0.9686391141342316, l=0.7780883415025328, r=1
INFO:root:Iter 25: Q=0.0326, term1=0.0087, term2=0.0269, penalty=0.006210665218532085
INFO:root:U_1-Qu_upper=0.37311451849821564, U_2-Qv_upper=0.05986891375380071
INFO:root:eta=0.9693161240039898, l=0.7891839244274061, r=1
INFO:root:Iter 26: Q=0.0298, term1=0.0084, term2=0.0265, penalty=0.0038392487913370132
INFO:root:U_1-Qu_upper=0.37603084629033356, U_2-Qv_upper=0.06325405471026316
INFO:root:eta=0.9696439109386696, l=0.7997247282060358, r=1
INFO:root:Iter 27: Q=0.0312, term1=0.0083, term2=0.0267, penalty=0.005044911522418261
INFO:root:U_1-Qu_upper=0.37902517916997674, U_2-Qv_upper=0.05594477611766033
INFO:root:eta=0.9742410823869256, l=0.809738491795734, r=1
INFO:root:Iter 28: Q=0.0280, term1=0.0081, term2=0.0250, penalty=0.0033496783580631018
INFO:root:U_1-Qu_upper=0.37983395701257183, U_2-Qv_upper=0.07028423597975622
INFO:root:eta=0.9702913924638437, l=0.8192515672059473, r=1
INFO:root:Iter 29: Q=0.0284, term1=0.0079, term2=0.0263, penalty=0.0026145188603550196
INFO:root:U_1-Qu_upper=0.3787497991149432, U_2-Qv_upper=0.06202223084459729
INFO:root:eta=0.9745663965461218, l=0.8282889888456499, r=1
INFO:root:Iter 30: Q=0.0269, term1=0.0078, term2=0.0250, penalty=0.0023329718969762325
INFO:root:U_1-Qu_upper=0.3829596703302387, U_2-Qv_upper=0.06479429732507178
INFO:root:eta=0.9751517683495133, l=0.8368745394033674, r=1
INFO:root:Iter 31: Q=0.0274, term1=0.0077, term2=0.0251, penalty=0.0027001991402357817
INFO:root:U_1-Qu_upper=0.3836350092668754, U_2-Qv_upper=0.06612422606367138
INFO:root:eta=0.976017068720546, l=0.8450308124331991, r=1
INFO:root:Iter 32: Q=0.0263, term1=0.0076, term2=0.0254, penalty=0.0013724254677072167
INFO:root:U_1-Qu_upper=0.3843838219689608, U_2-Qv_upper=0.06590174861285264
INFO:root:eta=0.9773194143694868, l=0.8527792718115391, r=1
INFO:root:Iter 33: Q=0.0272, term1=0.0079, term2=0.0246, penalty=0.002953065326437354
INFO:root:U_1-Qu_upper=0.3815856381671028, U_2-Qv_upper=0.06765377069569833
INFO:root:eta=0.9778291102917072, l=0.8601403082209622, r=1
INFO:root:Iter 34: Q=0.0262, term1=0.0076, term2=0.0238, penalty=0.0027673302683979273
INFO:root:U_1-Qu_upper=0.3853026763080632, U_2-Qv_upper=0.07297118508554643
INFO:root:eta=0.977730068601818, l=0.8671332928099141, r=1
INFO:root:Iter 35: Q=0.0267, term1=0.0074, term2=0.0235, penalty=0.003562921890988946
INFO:root:U_1-Qu_upper=0.3818294979128019, U_2-Qv_upper=0.07137088302924824
INFO:root:eta=0.9790758908948103, l=0.8737766281694185, r=1
INFO:root:Iter 36: Q=0.0242, term1=0.0073, term2=0.0230, penalty=0.0015758303925395012
INFO:root:U_1-Qu_upper=0.38543863932745, U_2-Qv_upper=0.07469194392061082
INFO:root:eta=0.9795104490910191, l=0.8800877967609475, r=1
INFO:root:Iter 37: Q=0.0264, term1=0.0073, term2=0.0240, penalty=0.002723218174651265
INFO:root:U_1-Qu_upper=0.38574096668011226, U_2-Qv_upper=0.07143185681064307
INFO:root:eta=0.9812640846273009, l=0.8860834069229001, r=1
INFO:root:Iter 38: Q=0.0237, term1=0.0072, term2=0.0224, penalty=0.0015879622660577297
INFO:root:U_1-Qu_upper=0.38676960145474404, U_2-Qv_upper=0.07764064878570157
INFO:root:eta=0.9809552907383428, l=0.8917792365767551, r=1
INFO:root:Iter 39: Q=0.0243, term1=0.0072, term2=0.0230, penalty=0.001544453902170062
INFO:root:U_1-Qu_upper=0.3866255272743134, U_2-Qv_upper=0.07610079471349476
INFO:root:eta=0.9822018205801851, l=0.8971902747479173, r=1
INFO:root:Iter 40: Q=0.0232, term1=0.0071, term2=0.0224, penalty=0.0009832449723035097
INFO:root:U_1-Qu_upper=0.3873983637700711, U_2-Qv_upper=0.07703168437417979
INFO:root:eta=0.9829476875196612, l=0.9023307610105215, r=1
INFO:root:Iter 41: Q=0.0242, term1=0.0071, term2=0.0226, penalty=0.0018324530683457851
INFO:root:U_1-Qu_upper=0.3871747752208264, U_2-Qv_upper=0.07549761480025943
INFO:root:eta=0.9840626007903215, l=0.9072142229599954, r=1
INFO:root:Iter 42: Q=0.0229, term1=0.0071, term2=0.0223, penalty=0.0008587610209360719
INFO:root:U_1-Qu_upper=0.3864765343585735, U_2-Qv_upper=0.0794363605046528
INFO:root:eta=0.9841803811057476, l=0.9118535118119957, r=1
INFO:root:Iter 43: Q=0.0230, term1=0.0071, term2=0.0224, penalty=0.0008222114993259311
INFO:root:U_1-Qu_upper=0.38734658899435903, U_2-Qv_upper=0.08085657825316675
INFO:root:eta=0.9847774984910616, l=0.9162608362213959, r=1
INFO:root:Iter 44: Q=0.0228, term1=0.0071, term2=0.0219, penalty=0.0011504904832690954
INFO:root:U_1-Qu_upper=0.3867311541549469, U_2-Qv_upper=0.07836791425658918
INFO:root:eta=0.985890181140691, l=0.9204477944103261, r=1
INFO:root:Iter 45: Q=0.0227, term1=0.0071, term2=0.0223, penalty=0.0005542700528167188
INFO:root:U_1-Qu_upper=0.38637583001075676, U_2-Qv_upper=0.07604176157206691
INFO:root:eta=0.986918123444924, l=0.9244254046898098, r=1
INFO:root:Iter 46: Q=0.0231, term1=0.0072, term2=0.0216, penalty=0.001706867478787899
INFO:root:U_1-Qu_upper=0.3875463031608359, U_2-Qv_upper=0.0797629162500631
INFO:root:eta=0.9871005110407233, l=0.9282041344553194, r=1
INFO:root:Iter 47: Q=0.0221, term1=0.0072, term2=0.0214, penalty=0.0009035163093358278
INFO:root:U_1-Qu_upper=0.3874098160269039, U_2-Qv_upper=0.08162287257947745
INFO:root:eta=0.9875058073191041, l=0.9317939277325534, r=1
INFO:root:Iter 48: Q=0.0223, term1=0.0072, term2=0.0215, penalty=0.0010055741295218468
INFO:root:U_1-Qu_upper=0.3890397330779867, U_2-Qv_upper=0.08200034549483773
INFO:root:eta=0.9881264424298626, l=0.9352042313459258, r=1
INFO:root:Iter 49: Q=0.0218, term1=0.0073, term2=0.0212, penalty=0.0007996078347787261
INFO:root:U_1-Qu_upper=0.3865381941868919, U_2-Qv_upper=0.08855193334861866
INFO:root:eta=0.9879227324362803, l=0.9384440197786295, r=1
INFO:root:Iter 50: Q=0.0226, term1=0.0073, term2=0.0212, penalty=0.0015258236089721322
/zhome/c3/3/213266/SC/distributional-counterfactual-explanation/HELOC_new.py:276: DeprecationWarning: __array_wrap__ must accept context and return_scalar arguments (positionally) in the future. (Deprecated NumPy 2.0)
  #     best_X_MeanConstraint_80_100 = best_X_MeanConstraint_80_100 * std.values + mean.values  # 恢复 X_s 到原始 scale
Using device: cuda
Test Accuracy: 71.75%
X Sliced Wasserstein Distance (SWD) with Mean constraint: 0.090753
Y Wasserstein Distance (WD) with Mean constraint: 0.023559
X Sliced Wasserstein Distance (SWD) with Mean constraint: 0.093717
Y Wasserstein Distance (WD) with Mean constraint: 0.024098
X Sliced Wasserstein Distance (SWD) with Mean constraint: 0.085533
Y Wasserstein Distance (WD) with Mean constraint: 0.023571
X Sliced Wasserstein Distance (SWD) with Mean constraint: 0.097351
Y Wasserstein Distance (WD) with Mean constraint: 0.023928
X Sliced Wasserstein Distance (SWD) with Mean constraint: 0.093689
Y Wasserstein Distance (WD) with Mean constraint: 0.027771

------------------------------------------------------------
Sender: LSF System <lsfadmin@hpc.dtu.dk>
Subject: Job 27593176: <NONAME> in cluster <dcc> Done

Job <NONAME> was submitted from host <hpclogin1> by user <s242612> in cluster <dcc> at Sat Jan 10 12:34:57 2026
Job was executed on host(s) <4*n-62-20-11>, in queue <gpuv100>, as user <s242612> in cluster <dcc> at Sat Jan 10 12:34:59 2026
</zhome/c3/3/213266> was used as the home directory.
</zhome/c3/3/213266/SC/distributional-counterfactual-explanation> was used as the working directory.
Started at Sat Jan 10 12:34:59 2026
Terminated at Sat Jan 10 14:36:38 2026
Results reported at Sat Jan 10 14:36:38 2026

Your job looked like:

------------------------------------------------------------
# LSBATCH: User input
#!/bin/bash
#BSUB -q gpuv100              # 指定队列类型
#BSUB -gpu "num=1"             # 请求一个 GPU
#BSUB -n 4                     # 请求 4 个 CPU 核心
#BSUB -R "rusage[mem=4096]"     # 请求 4096MB 内存
#BSUB -W 6:00                  # 设置最大运行时长为 1 小时
#BSUB -o output_%J.log         # 输出日志文件名设置为 output_<job_id>.log

# 激活虚拟环境
source ~/myenv/bin/activate

# 运行你的 Python 脚本
# python HELOC.py
# python Cardio.py
# python Cardio.py
# python cardio_new.py
python HELOC_new.py
# python market_new.py




------------------------------------------------------------

Successfully completed.

Resource usage summary:

    CPU time :                                   7419.00 sec.
    Max Memory :                                 7867 MB
    Average Memory :                             7560.21 MB
    Total Requested Memory :                     16384.00 MB
    Delta Memory :                               8517.00 MB
    Max Swap :                                   -
    Max Processes :                              4
    Max Threads :                                10
    Run time :                                   7328 sec.
    Turnaround time :                            7301 sec.

The output (if any) is above this job summary.

