/zhome/c3/3/213266/myenv/lib64/python3.9/site-packages/networkx/utils/backends.py:135: RuntimeWarning: networkx backend defined more than once: nx-loopback
  backends.update(_get_backends("networkx.backends"))
INFO:root:Optimization started
INFO:root:U_1-Qu_upper=0.5, U_2-Qv_upper=-0.423156950932191
INFO:root:eta=1, l=0.24000000000000002, r=1
INFO:root:Iter 1: Q=0.2729, term1=0.0158, term2=0.2164, penalty=0.05649316683411598
INFO:root:U_1-Qu_upper=0.4807476609659497, U_2-Qv_upper=-0.3496861970382917
INFO:root:eta=1, l=0.278, r=1
INFO:root:Iter 2: Q=0.3599, term1=0.0041, term2=0.1879, penalty=0.17202557623386383
INFO:root:U_1-Qu_upper=0.46366166138534287, U_2-Qv_upper=-0.31469993024086856
INFO:root:eta=1, l=0.31410000000000005, r=1
INFO:root:Iter 3: Q=0.4386, term1=0.0063, term2=0.1646, penalty=0.2739992141723633
INFO:root:U_1-Qu_upper=0.4359824083580493, U_2-Qv_upper=-0.2862915247473365
INFO:root:eta=1, l=0.34839500000000007, r=1
INFO:root:Iter 4: Q=0.4873, term1=0.0068, term2=0.1477, penalty=0.33962899446487427
INFO:root:U_1-Qu_upper=0.41192938889986863, U_2-Qv_upper=-0.13973703622861583
INFO:root:eta=1, l=0.38097525000000004, r=1
INFO:root:Iter 5: Q=0.4223, term1=0.0070, term2=0.1023, penalty=0.31998708844184875
INFO:root:U_1-Qu_upper=0.40546652758320184, U_2-Qv_upper=-0.14281072404891637
INFO:root:eta=1, l=0.41192648750000005, r=1
INFO:root:Iter 6: Q=0.4900, term1=0.0093, term2=0.0941, penalty=0.395890474319458
INFO:root:U_1-Qu_upper=0.3922139681383237, U_2-Qv_upper=-0.11793219237125563
INFO:root:eta=1, l=0.44133016312500006, r=1
INFO:root:Iter 7: Q=0.5242, term1=0.0135, term2=0.0930, penalty=0.4311969578266144
INFO:root:U_1-Qu_upper=0.3683681583270503, U_2-Qv_upper=-0.11670094465779352
INFO:root:eta=1, l=0.46926365496875005, r=1
INFO:root:Iter 8: Q=0.6730, term1=0.0132, term2=0.0934, penalty=0.5796219706535339
INFO:root:U_1-Qu_upper=0.3650164914942619, U_2-Qv_upper=-0.11016234245770867
INFO:root:eta=1, l=0.49580047222031254, r=1
INFO:root:Iter 9: Q=0.5213, term1=0.0108, term2=0.0884, penalty=0.43289273977279663
INFO:root:U_1-Qu_upper=0.3619915105274406, U_2-Qv_upper=-0.10931338160910342
INFO:root:eta=1, l=0.5210104486092969, r=1
INFO:root:Iter 10: Q=0.4344, term1=0.0111, term2=0.0864, penalty=0.348021924495697
INFO:root:U_1-Qu_upper=0.3577776993345069, U_2-Qv_upper=-0.09724887479223782
INFO:root:eta=1, l=0.544959926178832, r=1
INFO:root:Iter 11: Q=0.2932, term1=0.0115, term2=0.0827, penalty=0.2104969471693039
INFO:root:U_1-Qu_upper=0.35335992235123664, U_2-Qv_upper=-0.07747389639987373
INFO:root:eta=1, l=0.5677119298698905, r=1
INFO:root:Iter 12: Q=0.3091, term1=0.0133, term2=0.0819, penalty=0.22721026837825775
INFO:root:U_1-Qu_upper=0.3461884246585345, U_2-Qv_upper=-0.08697148719649134
INFO:root:eta=1, l=0.589326333376396, r=1
INFO:root:Iter 13: Q=0.3110, term1=0.0172, term2=0.0849, penalty=0.22610698640346527
INFO:root:U_1-Qu_upper=0.3365394492777665, U_2-Qv_upper=-0.09349191534204226
INFO:root:eta=1, l=0.6098600167075762, r=1
INFO:root:Iter 14: Q=0.2566, term1=0.0142, term2=0.0770, penalty=0.17953462898731232
INFO:root:U_1-Qu_upper=0.33321827953773464, U_2-Qv_upper=-0.07341106896854915
INFO:root:eta=1, l=0.6293670158721973, r=1
INFO:root:Iter 15: Q=0.1854, term1=0.0143, term2=0.0764, penalty=0.10900412499904633
INFO:root:U_1-Qu_upper=0.33463578083486434, U_2-Qv_upper=-0.07539223979241416
INFO:root:eta=1, l=0.6478986650785875, r=1
INFO:root:Iter 16: Q=0.1747, term1=0.0153, term2=0.0771, penalty=0.09758631885051727
INFO:root:U_1-Qu_upper=0.32739958373983724, U_2-Qv_upper=-0.0771463043699781
INFO:root:eta=1, l=0.6655037318246582, r=1
INFO:root:Iter 17: Q=0.1750, term1=0.0169, term2=0.0747, penalty=0.10023200511932373
INFO:root:U_1-Qu_upper=0.32185403239749305, U_2-Qv_upper=-0.05288502672373124
INFO:root:eta=1, l=0.6822285452334252, r=1
INFO:root:Iter 18: Q=0.1365, term1=0.0165, term2=0.0728, penalty=0.06366494297981262
INFO:root:U_1-Qu_upper=0.31871544693103643, U_2-Qv_upper=-0.05384982603481403
INFO:root:eta=1, l=0.698117117971754, r=1
INFO:root:Iter 19: Q=0.1081, term1=0.0167, term2=0.0714, penalty=0.036648984998464584
INFO:root:U_1-Qu_upper=0.31685658123342386, U_2-Qv_upper=-0.051333201918629834
INFO:root:eta=1, l=0.7132112620731663, r=1
INFO:root:Iter 20: Q=0.1162, term1=0.0186, term2=0.0708, penalty=0.045457419008016586
INFO:root:U_1-Qu_upper=0.309147135490338, U_2-Qv_upper=-0.049143774723024614
INFO:root:eta=1, l=0.727550698969508, r=1
INFO:root:Iter 21: Q=0.0868, term1=0.0199, term2=0.0695, penalty=0.01730136014521122
INFO:root:U_1-Qu_upper=0.306621467448728, U_2-Qv_upper=-0.04869805748613559
INFO:root:eta=1, l=0.7411731640210326, r=1
INFO:root:Iter 22: Q=0.0850, term1=0.0187, term2=0.0680, penalty=0.01700211502611637
INFO:root:U_1-Qu_upper=0.3062245001858772, U_2-Qv_upper=-0.04126768453680518
INFO:root:eta=1, l=0.754114505819981, r=1
INFO:root:Iter 23: Q=0.0823, term1=0.0189, term2=0.0675, penalty=0.014834878966212273
INFO:root:U_1-Qu_upper=0.3040656270310149, U_2-Qv_upper=-0.03547542808346066
INFO:root:eta=1, l=0.7664087805289819, r=1
INFO:root:Iter 24: Q=0.0846, term1=0.0192, term2=0.0683, penalty=0.016302525997161865
INFO:root:U_1-Qu_upper=0.3026348201065549, U_2-Qv_upper=-0.03267594228447335
INFO:root:eta=1, l=0.7780883415025328, r=1
INFO:root:Iter 25: Q=0.0771, term1=0.0192, term2=0.0686, penalty=0.00848870724439621
INFO:root:U_1-Qu_upper=0.3005514786802638, U_2-Qv_upper=-0.038471208509131716
INFO:root:eta=1, l=0.7891839244274061, r=1
INFO:root:Iter 26: Q=0.0749, term1=0.0193, term2=0.0681, penalty=0.006795948836952448
INFO:root:U_1-Qu_upper=0.3012242709765608, U_2-Qv_upper=-0.038144185041753764
INFO:root:eta=1, l=0.7997247282060358, r=1
INFO:root:Iter 27: Q=0.0698, term1=0.0194, term2=0.0675, penalty=0.002293832367286086
INFO:root:U_1-Qu_upper=0.3014031045865094, U_2-Qv_upper=-0.037637156994150656
INFO:root:eta=1, l=0.809738491795734, r=1
INFO:root:Iter 28: Q=0.0717, term1=0.0206, term2=0.0674, penalty=0.004265960771590471
INFO:root:U_1-Qu_upper=0.29485651982119604, U_2-Qv_upper=-0.030333959593800364
INFO:root:eta=1, l=0.8192515672059473, r=1
INFO:root:Iter 29: Q=0.0720, term1=0.0203, term2=0.0691, penalty=0.0028789453208446503
INFO:root:U_1-Qu_upper=0.2955615382616593, U_2-Qv_upper=-0.03694979685478167
INFO:root:eta=1, l=0.8282889888456499, r=1
INFO:root:Iter 30: Q=0.0661, term1=0.0205, term2=0.0644, penalty=0.0017120764823630452
INFO:root:U_1-Qu_upper=0.2946852421384035, U_2-Qv_upper=-0.01982775038305362
INFO:root:eta=1, l=0.8368745394033674, r=1
INFO:root:Iter 31: Q=0.0687, term1=0.0207, term2=0.0643, penalty=0.004470541141927242
INFO:root:U_1-Qu_upper=0.2922432445546621, U_2-Qv_upper=-0.021512336749041017
INFO:root:eta=1, l=0.8450308124331991, r=1
INFO:root:Iter 32: Q=0.0657, term1=0.0226, term2=0.0631, penalty=0.002638490404933691
INFO:root:U_1-Qu_upper=0.2885406881428143, U_2-Qv_upper=-0.022107590304483837
INFO:root:eta=1, l=0.8527792718115391, r=1
INFO:root:Iter 33: Q=0.0739, term1=0.0244, term2=0.0622, penalty=0.01171488594263792
INFO:root:U_1-Qu_upper=0.27631209033843224, U_2-Qv_upper=-0.01964947666067829
INFO:root:eta=1, l=0.8601403082209622, r=1
INFO:root:Iter 34: Q=0.0720, term1=0.0239, term2=0.0595, penalty=0.01244551781564951
INFO:root:U_1-Qu_upper=0.2770961369453817, U_2-Qv_upper=-0.005492361124526557
INFO:root:eta=1, l=0.8671332928099141, r=1
INFO:root:Iter 35: Q=0.0711, term1=0.0242, term2=0.0583, penalty=0.01277785375714302
INFO:root:U_1-Qu_upper=0.2727482792290655, U_2-Qv_upper=-0.009134912110285054
INFO:root:eta=1, l=0.8737766281694185, r=1
INFO:root:Iter 36: Q=0.0748, term1=0.0246, term2=0.0584, penalty=0.01633797027170658
INFO:root:U_1-Qu_upper=0.27064962742892906, U_2-Qv_upper=-0.019254544002297036
INFO:root:eta=1, l=0.8800877967609475, r=1
INFO:root:Iter 37: Q=0.0727, term1=0.0243, term2=0.0640, penalty=0.00874802190810442
INFO:root:U_1-Qu_upper=0.27562358256192276, U_2-Qv_upper=-0.018787170912173357
INFO:root:eta=1, l=0.8860834069229001, r=1
INFO:root:Iter 38: Q=0.0727, term1=0.0244, term2=0.0611, penalty=0.011605053208768368
INFO:root:U_1-Qu_upper=0.27369181052366115, U_2-Qv_upper=-0.00956886107649041
INFO:root:eta=1, l=0.8917792365767551, r=1
INFO:root:Iter 39: Q=0.0675, term1=0.0245, term2=0.0592, penalty=0.008269920945167542
INFO:root:U_1-Qu_upper=0.270959847286314, U_2-Qv_upper=-0.010804253810914322
INFO:root:eta=1, l=0.8971902747479173, r=1
INFO:root:Iter 40: Q=0.0626, term1=0.0246, term2=0.0579, penalty=0.004763876087963581
INFO:root:U_1-Qu_upper=0.2714477554238875, U_2-Qv_upper=-0.0021214383717926277
INFO:root:eta=1, l=0.9023307610105215, r=1
INFO:root:Iter 41: Q=0.0649, term1=0.0251, term2=0.0598, penalty=0.005090275313705206
INFO:root:U_1-Qu_upper=0.272365618574657, U_2-Qv_upper=-0.01107684219896199
INFO:root:eta=1, l=0.9072142229599954, r=1
INFO:root:Iter 42: Q=0.0627, term1=0.0249, term2=0.0616, penalty=0.0011081605916842818
INFO:root:U_1-Qu_upper=0.2687890212294516, U_2-Qv_upper=-0.017735054128177608
INFO:root:eta=1, l=0.9118535118119957, r=1
INFO:root:Iter 43: Q=0.0657, term1=0.0251, term2=0.0625, penalty=0.0031829942017793655
INFO:root:U_1-Qu_upper=0.2687384825963678, U_2-Qv_upper=-0.01401919151132791
INFO:root:eta=1, l=0.9162608362213959, r=1
INFO:root:Iter 44: Q=0.0626, term1=0.0251, term2=0.0611, penalty=0.0014540775446221232
INFO:root:U_1-Qu_upper=0.26829739510392314, U_2-Qv_upper=-0.012434530701781299
INFO:root:eta=1, l=0.9204477944103261, r=1
INFO:root:Iter 45: Q=0.0616, term1=0.0264, term2=0.0599, penalty=0.0017081203404814005
INFO:root:U_1-Qu_upper=0.26854246928152337, U_2-Qv_upper=-0.012409727796915182
INFO:root:eta=1, l=0.9244254046898098, r=1
INFO:root:Iter 46: Q=0.0594, term1=0.0252, term2=0.0591, penalty=0.0003521711623761803
INFO:root:U_1-Qu_upper=0.2666962605805037, U_2-Qv_upper=-0.015883613528472285
INFO:root:eta=1, l=0.9282041344553194, r=1
INFO:root:Iter 47: Q=0.0593, term1=0.0252, term2=0.0590, penalty=0.0002826813142746687
INFO:root:U_1-Qu_upper=0.26720654692183343, U_2-Qv_upper=-0.010060685819040904
INFO:root:eta=1, l=0.9317939277325534, r=1
INFO:root:Iter 48: Q=0.0592, term1=0.0253, term2=0.0590, penalty=0.00023987256281543523
INFO:root:U_1-Qu_upper=0.26725648865259444, U_2-Qv_upper=-0.008732140570879232
INFO:root:eta=1, l=0.9352042313459258, r=1
INFO:root:Iter 49: Q=0.0592, term1=0.0253, term2=0.0590, penalty=0.00020593438239302486
INFO:root:U_1-Qu_upper=0.2664731312103606, U_2-Qv_upper=-0.013021613739974625
INFO:root:eta=1, l=0.9384440197786295, r=1
INFO:root:Iter 50: Q=0.0591, term1=0.0253, term2=0.0590, penalty=0.00016963007510639727
/zhome/c3/3/213266/SC/distributional-counterfactual-explanation/market_new.py:270: DeprecationWarning: __array_wrap__ must accept context and return_scalar arguments (positionally) in the future. (Deprecated NumPy 2.0)
  best_X_MeanConstraint = best_X_MeanConstraint * std.values + mean.values
INFO:root:Optimization started
INFO:root:U_1-Qu_upper=0.5, U_2-Qv_upper=-0.3963710795459761
INFO:root:eta=1, l=0.24000000000000002, r=1
INFO:root:Iter 1: Q=0.2332, term1=0.0090, term2=0.2166, penalty=0.016616929322481155
INFO:root:U_1-Qu_upper=0.48089380280376487, U_2-Qv_upper=-0.3269972441055072
INFO:root:eta=1, l=0.278, r=1
INFO:root:Iter 2: Q=0.4001, term1=0.0088, term2=0.1893, penalty=0.21083247661590576
INFO:root:U_1-Qu_upper=0.45361260818668586, U_2-Qv_upper=-0.31132942053319385
INFO:root:eta=1, l=0.31410000000000005, r=1
INFO:root:Iter 3: Q=0.4049, term1=0.0044, term2=0.1661, penalty=0.23872193694114685
INFO:root:U_1-Qu_upper=0.43984220157640647, U_2-Qv_upper=-0.2800022945867359
INFO:root:eta=1, l=0.34839500000000007, r=1
INFO:root:Iter 4: Q=0.4785, term1=0.0051, term2=0.1469, penalty=0.3315936326980591
INFO:root:U_1-Qu_upper=0.4304159069224144, U_2-Qv_upper=-0.25517808600008557
INFO:root:eta=1, l=0.38097525000000004, r=1
INFO:root:Iter 5: Q=0.8502, term1=0.0114, term2=0.1343, penalty=0.7158405780792236
INFO:root:U_1-Qu_upper=0.40980176754127334, U_2-Qv_upper=-0.22770094783303224
INFO:root:eta=1, l=0.41192648750000005, r=1
INFO:root:Iter 6: Q=0.6172, term1=0.0065, term2=0.1295, penalty=0.4876830577850342
INFO:root:U_1-Qu_upper=0.40650717431834954, U_2-Qv_upper=-0.21512071467122257
INFO:root:eta=1, l=0.44133016312500006, r=1
INFO:root:Iter 7: Q=0.5433, term1=0.0070, term2=0.1262, penalty=0.417098730802536
INFO:root:U_1-Qu_upper=0.40405448861609544, U_2-Qv_upper=-0.20751306380319773
INFO:root:eta=1, l=0.46926365496875005, r=1
INFO:root:Iter 8: Q=0.4453, term1=0.0078, term2=0.1208, penalty=0.3244996964931488
INFO:root:U_1-Qu_upper=0.400820903600249, U_2-Qv_upper=-0.1970316266667349
INFO:root:eta=1, l=0.49580047222031254, r=1
INFO:root:Iter 9: Q=0.4120, term1=0.0076, term2=0.1164, penalty=0.2955850660800934
INFO:root:U_1-Qu_upper=0.3937008059901768, U_2-Qv_upper=-0.19037334326605942
INFO:root:eta=1, l=0.5210104486092969, r=1
INFO:root:Iter 10: Q=0.4109, term1=0.0091, term2=0.1129, penalty=0.297967791557312
INFO:root:U_1-Qu_upper=0.3889219315778475, U_2-Qv_upper=-0.06952960584065043
INFO:root:eta=1, l=0.544959926178832, r=1
INFO:root:Iter 11: Q=0.3018, term1=0.0084, term2=0.0842, penalty=0.21757380664348602
INFO:root:U_1-Qu_upper=0.38554387650759947, U_2-Qv_upper=-0.09399358033355387
INFO:root:eta=1, l=0.5677119298698905, r=1
INFO:root:Iter 12: Q=0.2843, term1=0.0093, term2=0.0837, penalty=0.20056234300136566
INFO:root:U_1-Qu_upper=0.381263177387802, U_2-Qv_upper=-0.0898499220061365
INFO:root:eta=1, l=0.589326333376396, r=1
INFO:root:Iter 13: Q=0.2991, term1=0.0107, term2=0.0757, penalty=0.2233438640832901
INFO:root:U_1-Qu_upper=0.3756087335119955, U_2-Qv_upper=-0.06185638834886442
INFO:root:eta=1, l=0.6098600167075762, r=1
INFO:root:Iter 14: Q=0.2728, term1=0.0100, term2=0.0746, penalty=0.19822709262371063
INFO:root:U_1-Qu_upper=0.3699717630829933, U_2-Qv_upper=-0.059548684448256894
INFO:root:eta=1, l=0.6293670158721973, r=1
INFO:root:Iter 15: Q=0.2001, term1=0.0098, term2=0.0754, penalty=0.1246967688202858
INFO:root:U_1-Qu_upper=0.3690624553595606, U_2-Qv_upper=-0.06455829923262402
INFO:root:eta=1, l=0.6478986650785875, r=1
INFO:root:Iter 16: Q=0.1490, term1=0.0101, term2=0.0761, penalty=0.07283231616020203
INFO:root:U_1-Qu_upper=0.37457826067350686, U_2-Qv_upper=-0.06992799885765544
INFO:root:eta=1, l=0.6655037318246582, r=1
INFO:root:Iter 17: Q=0.1488, term1=0.0104, term2=0.0735, penalty=0.07536192238330841
INFO:root:U_1-Qu_upper=0.3695338530634178, U_2-Qv_upper=-0.06122765858390666
INFO:root:eta=1, l=0.6822285452334252, r=1
INFO:root:Iter 18: Q=0.1719, term1=0.0139, term2=0.0699, penalty=0.10195096582174301
INFO:root:U_1-Qu_upper=0.3571453323508925, U_2-Qv_upper=-0.04629687530667498
INFO:root:eta=1, l=0.698117117971754, r=1
INFO:root:Iter 19: Q=0.1884, term1=0.0137, term2=0.0673, penalty=0.12105728685855865
INFO:root:U_1-Qu_upper=0.34700716033419704, U_2-Qv_upper=-0.03803592683330981
INFO:root:eta=1, l=0.7132112620731663, r=1
INFO:root:Iter 20: Q=0.1464, term1=0.0126, term2=0.0682, penalty=0.07823292911052704
INFO:root:U_1-Qu_upper=0.3479215476283354, U_2-Qv_upper=-0.0430422872420303
INFO:root:eta=1, l=0.727550698969508, r=1
INFO:root:Iter 21: Q=0.1510, term1=0.0133, term2=0.0713, penalty=0.07966694235801697
INFO:root:U_1-Qu_upper=0.34532039577330464, U_2-Qv_upper=-0.04361116778347629
INFO:root:eta=1, l=0.7411731640210326, r=1
INFO:root:Iter 22: Q=0.1492, term1=0.0136, term2=0.0731, penalty=0.07604661583900452
INFO:root:U_1-Qu_upper=0.3461099176170631, U_2-Qv_upper=-0.04479266848543456
INFO:root:eta=1, l=0.754114505819981, r=1
INFO:root:Iter 23: Q=0.1188, term1=0.0132, term2=0.0716, penalty=0.04726549983024597
INFO:root:U_1-Qu_upper=0.34300059421095663, U_2-Qv_upper=-0.044270122759870134
INFO:root:eta=1, l=0.7664087805289819, r=1
INFO:root:Iter 24: Q=0.1003, term1=0.0133, term2=0.0671, penalty=0.033250320702791214
INFO:root:U_1-Qu_upper=0.34406013508636824, U_2-Qv_upper=-0.036940935279461073
INFO:root:eta=1, l=0.7780883415025328, r=1
INFO:root:Iter 25: Q=0.0910, term1=0.0149, term2=0.0708, penalty=0.020212447270751
INFO:root:U_1-Qu_upper=0.34479624287219, U_2-Qv_upper=-0.042860483734978194
INFO:root:eta=1, l=0.7891839244274061, r=1
INFO:root:Iter 26: Q=0.0741, term1=0.0136, term2=0.0658, penalty=0.008295280858874321
INFO:root:U_1-Qu_upper=0.3438868802919446, U_2-Qv_upper=-0.031240334965849104
INFO:root:eta=1, l=0.7997247282060358, r=1
INFO:root:Iter 27: Q=0.0691, term1=0.0135, term2=0.0654, penalty=0.0036876779049634933
INFO:root:U_1-Qu_upper=0.3411203676009205, U_2-Qv_upper=-0.03314921853104302
INFO:root:eta=1, l=0.809738491795734, r=1
INFO:root:Iter 28: Q=0.0692, term1=0.0136, term2=0.0641, penalty=0.005138101056218147
INFO:root:U_1-Qu_upper=0.3417066059594829, U_2-Qv_upper=-0.03010833703543847
INFO:root:eta=1, l=0.8192515672059473, r=1
INFO:root:Iter 29: Q=0.0695, term1=0.0138, term2=0.0624, penalty=0.007142846938222647
INFO:root:U_1-Qu_upper=0.3420426282854462, U_2-Qv_upper=-0.023257624410256528
INFO:root:eta=1, l=0.8282889888456499, r=1
INFO:root:Iter 30: Q=0.0757, term1=0.0141, term2=0.0656, penalty=0.010104830376803875
INFO:root:U_1-Qu_upper=0.33989493676233423, U_2-Qv_upper=-0.02521144194023972
INFO:root:eta=1, l=0.8368745394033674, r=1
INFO:root:Iter 31: Q=0.0700, term1=0.0138, term2=0.0658, penalty=0.004170479252934456
INFO:root:U_1-Qu_upper=0.34158550435864454, U_2-Qv_upper=-0.029690830724623807
INFO:root:eta=1, l=0.8450308124331991, r=1
INFO:root:Iter 32: Q=0.0717, term1=0.0140, term2=0.0625, penalty=0.009206587448716164
INFO:root:U_1-Qu_upper=0.3381071302701062, U_2-Qv_upper=-0.024617463859188393
INFO:root:eta=1, l=0.8527792718115391, r=1
INFO:root:Iter 33: Q=0.0694, term1=0.0150, term2=0.0620, penalty=0.0073471469804644585
INFO:root:U_1-Qu_upper=0.3395217793382119, U_2-Qv_upper=-0.013078068487378636
INFO:root:eta=1, l=0.8601403082209622, r=1
INFO:root:Iter 34: Q=0.0756, term1=0.0150, term2=0.0621, penalty=0.013465791009366512
INFO:root:U_1-Qu_upper=0.3355293564796584, U_2-Qv_upper=-0.019663928829080968
INFO:root:eta=1, l=0.8671332928099141, r=1
INFO:root:Iter 35: Q=0.0751, term1=0.0151, term2=0.0619, penalty=0.013222088105976582
INFO:root:U_1-Qu_upper=0.33175894528572825, U_2-Qv_upper=-0.014028163119387649
INFO:root:eta=1, l=0.8737766281694185, r=1
INFO:root:Iter 36: Q=0.0658, term1=0.0150, term2=0.0594, penalty=0.006381490733474493
INFO:root:U_1-Qu_upper=0.33423471691377893, U_2-Qv_upper=-0.011723624904775465
INFO:root:eta=1, l=0.8800877967609475, r=1
INFO:root:Iter 37: Q=0.0712, term1=0.0156, term2=0.0607, penalty=0.010455210693180561
INFO:root:U_1-Qu_upper=0.3291074172174738, U_2-Qv_upper=-0.014035066965107645
INFO:root:eta=1, l=0.8860834069229001, r=1
INFO:root:Iter 38: Q=0.0673, term1=0.0154, term2=0.0607, penalty=0.00663156108930707
INFO:root:U_1-Qu_upper=0.32959338509275693, U_2-Qv_upper=-0.010085135698056746
INFO:root:eta=1, l=0.8917792365767551, r=1
INFO:root:Iter 39: Q=0.0642, term1=0.0154, term2=0.0603, penalty=0.0038518207147717476
INFO:root:U_1-Qu_upper=0.33079025944639706, U_2-Qv_upper=-0.011720607209469158
INFO:root:eta=1, l=0.8971902747479173, r=1
INFO:root:Iter 40: Q=0.0602, term1=0.0153, term2=0.0594, penalty=0.0008283372153528035
INFO:root:U_1-Qu_upper=0.33067198740242637, U_2-Qv_upper=-0.010451172531234232
INFO:root:eta=1, l=0.9023307610105215, r=1
INFO:root:Iter 41: Q=0.0599, term1=0.0152, term2=0.0593, penalty=0.0006494856788776815
INFO:root:U_1-Qu_upper=0.32892065637929097, U_2-Qv_upper=-0.0075348657629118465
INFO:root:eta=1, l=0.9072142229599954, r=1
INFO:root:Iter 42: Q=0.0598, term1=0.0152, term2=0.0593, penalty=0.000513194128870964
INFO:root:U_1-Qu_upper=0.3301953069508172, U_2-Qv_upper=-0.00840226763520574
INFO:root:eta=1, l=0.9118535118119957, r=1
INFO:root:Iter 43: Q=0.0596, term1=0.0153, term2=0.0592, penalty=0.00040095587610267103
INFO:root:U_1-Qu_upper=0.3335005745008408, U_2-Qv_upper=-0.008013032658522656
INFO:root:eta=1, l=0.9162608362213959, r=1
INFO:root:Iter 44: Q=0.0595, term1=0.0153, term2=0.0592, penalty=0.0003310115134809166
INFO:root:U_1-Qu_upper=0.3318356231245599, U_2-Qv_upper=-0.011352774530903664
INFO:root:eta=1, l=0.9204477944103261, r=1
INFO:root:Iter 45: Q=0.0594, term1=0.0153, term2=0.0591, penalty=0.00027768785366788507
INFO:root:U_1-Qu_upper=0.3299730354323701, U_2-Qv_upper=-0.012330939338863478
INFO:root:eta=1, l=0.9244254046898098, r=1
INFO:root:Iter 46: Q=0.0592, term1=0.0153, term2=0.0590, penalty=0.00023520132526755333
INFO:root:U_1-Qu_upper=0.3293146361392765, U_2-Qv_upper=-0.01561971969247794
INFO:root:eta=1, l=0.9282041344553194, r=1
INFO:root:Iter 47: Q=0.0586, term1=0.0153, term2=0.0584, penalty=0.00018829417240340263
INFO:root:U_1-Qu_upper=0.3289980216146333, U_2-Qv_upper=-0.017689933954120107
INFO:root:eta=1, l=0.9317939277325534, r=1
INFO:root:Iter 48: Q=0.0594, term1=0.0154, term2=0.0593, penalty=0.00015207215619739145
INFO:root:U_1-Qu_upper=0.33200467794237154, U_2-Qv_upper=-0.010159906370581395
INFO:root:eta=1, l=0.9352042313459258, r=1
INFO:root:Iter 49: Q=0.0606, term1=0.0155, term2=0.0604, penalty=0.00019953554146923125
INFO:root:U_1-Qu_upper=0.3307861525079191, U_2-Qv_upper=-0.017691706361734283
INFO:root:eta=1, l=0.9384440197786295, r=1
INFO:root:Iter 50: Q=0.0593, term1=0.0153, term2=0.0592, penalty=0.00016981644148472697
/zhome/c3/3/213266/SC/distributional-counterfactual-explanation/market_new.py:270: DeprecationWarning: __array_wrap__ must accept context and return_scalar arguments (positionally) in the future. (Deprecated NumPy 2.0)
  #     best_X_MeanConstraint = best_X_MeanConstraint * std.values + mean.values
INFO:root:Optimization started
INFO:root:U_1-Qu_upper=0.5, U_2-Qv_upper=-0.42551708664899984
INFO:root:eta=1, l=0.24000000000000002, r=1
INFO:root:Iter 1: Q=0.2225, term1=0.0079, term2=0.2174, penalty=0.00514673488214612
INFO:root:U_1-Qu_upper=0.5, U_2-Qv_upper=-0.3268989640606362
INFO:root:eta=1, l=0.278, r=1
INFO:root:Iter 2: Q=0.3059, term1=0.0056, term2=0.1864, penalty=0.11942294985055923
INFO:root:U_1-Qu_upper=0.4481744914168523, U_2-Qv_upper=-0.3175668736518085
INFO:root:eta=1, l=0.31410000000000005, r=1
INFO:root:Iter 3: Q=0.3357, term1=0.0058, term2=0.1622, penalty=0.17350263893604279
INFO:root:U_1-Qu_upper=0.42667693103848064, U_2-Qv_upper=-0.2740120197729841
INFO:root:eta=1, l=0.34839500000000007, r=1
INFO:root:Iter 4: Q=0.5292, term1=0.0092, term2=0.1476, penalty=0.3815688490867615
INFO:root:U_1-Qu_upper=0.4053506879801042, U_2-Qv_upper=-0.24840495027910553
INFO:root:eta=1, l=0.38097525000000004, r=1
INFO:root:Iter 5: Q=0.5673, term1=0.0080, term2=0.1349, penalty=0.43243345618247986
INFO:root:U_1-Qu_upper=0.3923813643875839, U_2-Qv_upper=-0.11015227508889491
INFO:root:eta=1, l=0.41192648750000005, r=1
INFO:root:Iter 6: Q=0.4567, term1=0.0077, term2=0.0924, penalty=0.3642955422401428
INFO:root:U_1-Qu_upper=0.39023453926023627, U_2-Qv_upper=-0.10960620942021215
INFO:root:eta=1, l=0.44133016312500006, r=1
INFO:root:Iter 7: Q=0.4334, term1=0.0097, term2=0.0886, penalty=0.34484031796455383
INFO:root:U_1-Qu_upper=0.3800110651281654, U_2-Qv_upper=-0.11692171081923164
INFO:root:eta=1, l=0.46926365496875005, r=1
INFO:root:Iter 8: Q=0.4098, term1=0.0093, term2=0.0940, penalty=0.3158213496208191
INFO:root:U_1-Qu_upper=0.3745795173607618, U_2-Qv_upper=-0.10770697489014935
INFO:root:eta=1, l=0.49580047222031254, r=1
INFO:root:Iter 9: Q=0.4710, term1=0.0133, term2=0.0858, penalty=0.38520851731300354
INFO:root:U_1-Qu_upper=0.3568603223150538, U_2-Qv_upper=-0.09246140875360431
INFO:root:eta=1, l=0.5210104486092969, r=1
INFO:root:Iter 10: Q=0.5180, term1=0.0172, term2=0.0811, penalty=0.4369330108165741
INFO:root:U_1-Qu_upper=0.3394184768316586, U_2-Qv_upper=-0.08864299544673304
INFO:root:eta=1, l=0.544959926178832, r=1
INFO:root:Iter 11: Q=0.4479, term1=0.0142, term2=0.0777, penalty=0.3701695501804352
INFO:root:U_1-Qu_upper=0.332847784961535, U_2-Qv_upper=-0.07490712495911439
INFO:root:eta=1, l=0.5677119298698905, r=1
INFO:root:Iter 12: Q=0.3529, term1=0.0141, term2=0.0752, penalty=0.2777014970779419
INFO:root:U_1-Qu_upper=0.33009707225149126, U_2-Qv_upper=-0.07431589251452392
INFO:root:eta=1, l=0.589326333376396, r=1
INFO:root:Iter 13: Q=0.3122, term1=0.0154, term2=0.0733, penalty=0.23888882994651794
INFO:root:U_1-Qu_upper=0.3236891596179411, U_2-Qv_upper=-0.05659821235665946
INFO:root:eta=1, l=0.6098600167075762, r=1
INFO:root:Iter 14: Q=0.2546, term1=0.0153, term2=0.0758, penalty=0.17887330055236816
INFO:root:U_1-Qu_upper=0.32270729585254926, U_2-Qv_upper=-0.07266579394345046
INFO:root:eta=1, l=0.6293670158721973, r=1
INFO:root:Iter 15: Q=0.2086, term1=0.0161, term2=0.0790, penalty=0.12964344024658203
INFO:root:U_1-Qu_upper=0.32152848128173955, U_2-Qv_upper=-0.06965352370753702
INFO:root:eta=1, l=0.6478986650785875, r=1
INFO:root:Iter 16: Q=0.1553, term1=0.0164, term2=0.0766, penalty=0.07875954359769821
INFO:root:U_1-Qu_upper=0.3183529748852075, U_2-Qv_upper=-0.07101608768738721
INFO:root:eta=1, l=0.6655037318246582, r=1
INFO:root:Iter 17: Q=0.1309, term1=0.0161, term2=0.0718, penalty=0.05910163000226021
INFO:root:U_1-Qu_upper=0.31888044743121036, U_2-Qv_upper=-0.05669021606363722
INFO:root:eta=1, l=0.6822285452334252, r=1
INFO:root:Iter 18: Q=0.1231, term1=0.0182, term2=0.0716, penalty=0.05147542059421539
INFO:root:U_1-Qu_upper=0.3137831075056634, U_2-Qv_upper=-0.05299409337773825
INFO:root:eta=1, l=0.698117117971754, r=1
INFO:root:Iter 19: Q=0.1062, term1=0.0169, term2=0.0702, penalty=0.03601565584540367
INFO:root:U_1-Qu_upper=0.31170491347221996, U_2-Qv_upper=-0.051014221009452854
INFO:root:eta=1, l=0.7132112620731663, r=1
INFO:root:Iter 20: Q=0.1054, term1=0.0174, term2=0.0687, penalty=0.036757294088602066
INFO:root:U_1-Qu_upper=0.3099030582887992, U_2-Qv_upper=-0.04083527433788309
INFO:root:eta=1, l=0.727550698969508, r=1
INFO:root:Iter 21: Q=0.0990, term1=0.0176, term2=0.0698, penalty=0.029121536761522293
INFO:root:U_1-Qu_upper=0.3085786858086418, U_2-Qv_upper=-0.05201553268792064
INFO:root:eta=1, l=0.7411731640210326, r=1
INFO:root:Iter 22: Q=0.0854, term1=0.0173, term2=0.0726, penalty=0.012800468131899834
INFO:root:U_1-Qu_upper=0.31095977881956505, U_2-Qv_upper=-0.05275872934317033
INFO:root:eta=1, l=0.754114505819981, r=1
INFO:root:Iter 23: Q=0.0900, term1=0.0184, term2=0.0700, penalty=0.01998787745833397
INFO:root:U_1-Qu_upper=0.30653320291926756, U_2-Qv_upper=-0.04573545816587754
INFO:root:eta=1, l=0.7664087805289819, r=1
INFO:root:Iter 24: Q=0.0895, term1=0.0184, term2=0.0720, penalty=0.017507577314972878
INFO:root:U_1-Qu_upper=0.3028341846453171, U_2-Qv_upper=-0.04567244266948278
INFO:root:eta=1, l=0.7780883415025328, r=1
INFO:root:Iter 25: Q=0.0805, term1=0.0183, term2=0.0737, penalty=0.006834107451140881
INFO:root:U_1-Qu_upper=0.3051699413736221, U_2-Qv_upper=-0.05254702559060753
INFO:root:eta=1, l=0.7891839244274061, r=1
INFO:root:Iter 26: Q=0.0830, term1=0.0187, term2=0.0727, penalty=0.01031789556145668
INFO:root:U_1-Qu_upper=0.3027673630828561, U_2-Qv_upper=-0.045718270578890774
INFO:root:eta=1, l=0.7997247282060358, r=1
INFO:root:Iter 27: Q=0.0774, term1=0.0183, term2=0.0728, penalty=0.004652816336601973
INFO:root:U_1-Qu_upper=0.3011171206231737, U_2-Qv_upper=-0.050442763609635066
INFO:root:eta=1, l=0.809738491795734, r=1
INFO:root:Iter 28: Q=0.0748, term1=0.0195, term2=0.0665, penalty=0.00831665564328432
INFO:root:U_1-Qu_upper=0.2992539772767542, U_2-Qv_upper=-0.023199118600199853
INFO:root:eta=1, l=0.8192515672059473, r=1
INFO:root:Iter 29: Q=0.0806, term1=0.0198, term2=0.0672, penalty=0.01346402708441019
INFO:root:U_1-Qu_upper=0.29503557477922104, U_2-Qv_upper=-0.03362514378280873
INFO:root:eta=1, l=0.8282889888456499, r=1
INFO:root:Iter 30: Q=0.0841, term1=0.0209, term2=0.0651, penalty=0.019021496176719666
INFO:root:U_1-Qu_upper=0.2917862093890782, U_2-Qv_upper=-0.02219127693284212
INFO:root:eta=1, l=0.8368745394033674, r=1
INFO:root:Iter 31: Q=0.0742, term1=0.0207, term2=0.0661, penalty=0.008037284016609192
INFO:root:U_1-Qu_upper=0.2930859391515337, U_2-Qv_upper=-0.025228373533778548
INFO:root:eta=1, l=0.8450308124331991, r=1
INFO:root:Iter 32: Q=0.0708, term1=0.0205, term2=0.0625, penalty=0.008311765268445015
INFO:root:U_1-Qu_upper=0.29141391317285104, U_2-Qv_upper=-0.020745924029027973
INFO:root:eta=1, l=0.8527792718115391, r=1
INFO:root:Iter 33: Q=0.0712, term1=0.0207, term2=0.0637, penalty=0.007475531194359064
INFO:root:U_1-Qu_upper=0.2918576579537034, U_2-Qv_upper=-0.0231785659758591
INFO:root:eta=1, l=0.8601403082209622, r=1
INFO:root:Iter 34: Q=0.0668, term1=0.0205, term2=0.0638, penalty=0.003056689165532589
INFO:root:U_1-Qu_upper=0.29393094423240035, U_2-Qv_upper=-0.021979378817223172
INFO:root:eta=1, l=0.8671332928099141, r=1
INFO:root:Iter 35: Q=0.0645, term1=0.0206, term2=0.0597, penalty=0.0048595694825053215
INFO:root:U_1-Qu_upper=0.2917125503931123, U_2-Qv_upper=-0.011222189358340462
INFO:root:eta=1, l=0.8737766281694185, r=1
INFO:root:Iter 36: Q=0.0667, term1=0.0206, term2=0.0642, penalty=0.0025212743785232306
INFO:root:U_1-Qu_upper=0.28994644308381834, U_2-Qv_upper=-0.023616380855688734
INFO:root:eta=1, l=0.8800877967609475, r=1
INFO:root:Iter 37: Q=0.0616, term1=0.0205, term2=0.0606, penalty=0.0010428507812321186
INFO:root:U_1-Qu_upper=0.29137322353665074, U_2-Qv_upper=-0.020418889270560403
INFO:root:eta=1, l=0.8860834069229001, r=1
INFO:root:Iter 38: Q=0.0632, term1=0.0207, term2=0.0620, penalty=0.0011209056247025728
INFO:root:U_1-Qu_upper=0.2902818201841183, U_2-Qv_upper=-0.024972286154594625
INFO:root:eta=1, l=0.8917792365767551, r=1
INFO:root:Iter 39: Q=0.0633, term1=0.0206, term2=0.0627, penalty=0.0006034031976014376
INFO:root:U_1-Qu_upper=0.2907951222160468, U_2-Qv_upper=-0.02491274190143289
INFO:root:eta=1, l=0.8971902747479173, r=1
INFO:root:Iter 40: Q=0.0659, term1=0.0216, term2=0.0643, penalty=0.0016410358948633075
INFO:root:U_1-Qu_upper=0.2876900691978836, U_2-Qv_upper=-0.027235453548501876
INFO:root:eta=1, l=0.9023307610105215, r=1
INFO:root:Iter 41: Q=0.0674, term1=0.0225, term2=0.0597, penalty=0.007690408732742071
INFO:root:U_1-Qu_upper=0.2839166810211713, U_2-Qv_upper=-0.01458510182317263
INFO:root:eta=1, l=0.9072142229599954, r=1
INFO:root:Iter 42: Q=0.0659, term1=0.0219, term2=0.0614, penalty=0.004485318902879953
INFO:root:U_1-Qu_upper=0.28234853062602683, U_2-Qv_upper=-0.01596151844768562
INFO:root:eta=1, l=0.9118535118119957, r=1
INFO:root:Iter 43: Q=0.0647, term1=0.0224, term2=0.0592, penalty=0.005450038705021143
INFO:root:U_1-Qu_upper=0.2810137100194264, U_2-Qv_upper=-0.015171794458361698
INFO:root:eta=1, l=0.9162608362213959, r=1
INFO:root:Iter 44: Q=0.0619, term1=0.0224, term2=0.0572, penalty=0.00473809614777565
INFO:root:U_1-Qu_upper=0.28039141333984696, U_2-Qv_upper=-0.013403381884923127
INFO:root:eta=1, l=0.9204477944103261, r=1
INFO:root:Iter 45: Q=0.0620, term1=0.0229, term2=0.0559, penalty=0.006163242273032665
INFO:root:U_1-Qu_upper=0.27937914425521193, U_2-Qv_upper=-0.005611498642722257
INFO:root:eta=1, l=0.9244254046898098, r=1
INFO:root:Iter 46: Q=0.0634, term1=0.0230, term2=0.0590, penalty=0.004403285216540098
INFO:root:U_1-Qu_upper=0.2755401024687085, U_2-Qv_upper=-0.010665150077735941
INFO:root:eta=1, l=0.9282041344553194, r=1
INFO:root:Iter 47: Q=0.0575, term1=0.0228, term2=0.0550, penalty=0.0024792810436338186
INFO:root:U_1-Qu_upper=0.27990456880882497, U_2-Qv_upper=0.0022371522726495896
INFO:root:eta=0.999430717714649, l=0.9317939277325534, r=1
INFO:root:Iter 48: Q=0.0566, term1=0.0226, term2=0.0561, penalty=0.0005049302708357573
INFO:root:U_1-Qu_upper=0.28090313864023225, U_2-Qv_upper=-0.005434234887527534
INFO:root:eta=1, l=0.9352042313459258, r=1
INFO:root:Iter 49: Q=0.0582, term1=0.0220, term2=0.0582, penalty=0.0
INFO:root:U_1-Qu_upper=0.285172275005119, U_2-Qv_upper=-0.012422087165634588
INFO:root:eta=1, l=0.9384440197786295, r=1
INFO:root:Iter 50: Q=0.0611, term1=0.0217, term2=0.0611, penalty=0.0
/zhome/c3/3/213266/SC/distributional-counterfactual-explanation/market_new.py:270: DeprecationWarning: __array_wrap__ must accept context and return_scalar arguments (positionally) in the future. (Deprecated NumPy 2.0)
  #     best_X_MeanConstraint = best_X_MeanConstraint * std.values + mean.values
INFO:root:Optimization started
INFO:root:U_1-Qu_upper=0.5, U_2-Qv_upper=-0.41413379340414364
INFO:root:eta=1, l=0.24000000000000002, r=1
INFO:root:Iter 1: Q=0.2216, term1=0.0055, term2=0.2212, penalty=0.00047739080036990345
INFO:root:U_1-Qu_upper=0.48902643443825244, U_2-Qv_upper=-0.32528863113283396
INFO:root:eta=1, l=0.278, r=1
INFO:root:Iter 2: Q=0.2773, term1=0.0053, term2=0.1866, penalty=0.09063869714736938
INFO:root:U_1-Qu_upper=0.46170692559486004, U_2-Qv_upper=-0.3107218563622725
INFO:root:eta=1, l=0.31410000000000005, r=1
INFO:root:Iter 3: Q=0.3020, term1=0.0034, term2=0.1617, penalty=0.14026466012001038
INFO:root:U_1-Qu_upper=0.45106644232824755, U_2-Qv_upper=-0.27774414714521073
INFO:root:eta=1, l=0.34839500000000007, r=1
INFO:root:Iter 4: Q=0.3658, term1=0.0038, term2=0.1466, penalty=0.21911677718162537
INFO:root:U_1-Qu_upper=0.4379155130091301, U_2-Qv_upper=-0.24435009902008858
INFO:root:eta=1, l=0.38097525000000004, r=1
INFO:root:Iter 5: Q=0.3822, term1=0.0044, term2=0.1343, penalty=0.24786950647830963
INFO:root:U_1-Qu_upper=0.4334291721274785, U_2-Qv_upper=-0.21937940106495396
INFO:root:eta=1, l=0.41192648750000005, r=1
INFO:root:Iter 6: Q=0.4110, term1=0.0064, term2=0.1279, penalty=0.2831258475780487
INFO:root:U_1-Qu_upper=0.4322842817927567, U_2-Qv_upper=-0.2166581407727673
INFO:root:eta=1, l=0.44133016312500006, r=1
INFO:root:Iter 7: Q=0.5245, term1=0.0055, term2=0.1252, penalty=0.3993297815322876
INFO:root:U_1-Qu_upper=0.41945440510143417, U_2-Qv_upper=-0.190289189021293
INFO:root:eta=1, l=0.46926365496875005, r=1
INFO:root:Iter 8: Q=0.4390, term1=0.0048, term2=0.1269, penalty=0.3120252788066864
INFO:root:U_1-Qu_upper=0.4166095161479193, U_2-Qv_upper=-0.21322439704800417
INFO:root:eta=1, l=0.49580047222031254, r=1
INFO:root:Iter 9: Q=0.4738, term1=0.0105, term2=0.1181, penalty=0.35572823882102966
INFO:root:U_1-Qu_upper=0.4055002541837779, U_2-Qv_upper=-0.07956340644735416
INFO:root:eta=1, l=0.5210104486092969, r=1
INFO:root:Iter 10: Q=0.3518, term1=0.0087, term2=0.0811, penalty=0.2707363963127136
INFO:root:U_1-Qu_upper=0.40180948067178857, U_2-Qv_upper=-0.08822222619383852
INFO:root:eta=1, l=0.544959926178832, r=1
INFO:root:Iter 11: Q=0.3188, term1=0.0069, term2=0.0766, penalty=0.24224862456321716
INFO:root:U_1-Qu_upper=0.397893735936248, U_2-Qv_upper=-0.06419059399111637
INFO:root:eta=1, l=0.5677119298698905, r=1
INFO:root:Iter 12: Q=0.2169, term1=0.0067, term2=0.0739, penalty=0.14300578832626343
INFO:root:U_1-Qu_upper=0.39703977966953197, U_2-Qv_upper=-0.06404517911772811
INFO:root:eta=1, l=0.589326333376396, r=1
INFO:root:Iter 13: Q=0.2060, term1=0.0066, term2=0.0717, penalty=0.13433526456356049
INFO:root:U_1-Qu_upper=0.39869206307945687, U_2-Qv_upper=-0.0569698358392936
INFO:root:eta=1, l=0.6098600167075762, r=1
INFO:root:Iter 14: Q=0.1800, term1=0.0071, term2=0.0692, penalty=0.11079243570566177
INFO:root:U_1-Qu_upper=0.3958482670990651, U_2-Qv_upper=-0.04637456388095007
INFO:root:eta=1, l=0.6293670158721973, r=1
INFO:root:Iter 15: Q=0.1500, term1=0.0075, term2=0.0675, penalty=0.08253421634435654
INFO:root:U_1-Qu_upper=0.3931549993896054, U_2-Qv_upper=-0.032833210346637665
INFO:root:eta=1, l=0.6478986650785875, r=1
INFO:root:Iter 16: Q=0.1261, term1=0.0068, term2=0.0663, penalty=0.05982530862092972
INFO:root:U_1-Qu_upper=0.39672827212777223, U_2-Qv_upper=-0.04332308444537036
INFO:root:eta=1, l=0.6655037318246582, r=1
INFO:root:Iter 17: Q=0.1237, term1=0.0071, term2=0.0699, penalty=0.053851544857025146
INFO:root:U_1-Qu_upper=0.3923590725120397, U_2-Qv_upper=-0.05012431089800057
INFO:root:eta=1, l=0.6822285452334252, r=1
INFO:root:Iter 18: Q=0.0990, term1=0.0069, term2=0.0644, penalty=0.03467781841754913
INFO:root:U_1-Qu_upper=0.394555815872976, U_2-Qv_upper=-0.04092094744624275
INFO:root:eta=1, l=0.698117117971754, r=1
INFO:root:Iter 19: Q=0.1140, term1=0.0086, term2=0.0662, penalty=0.04779842123389244
INFO:root:U_1-Qu_upper=0.3894177945586379, U_2-Qv_upper=-0.030015940282338838
INFO:root:eta=1, l=0.7132112620731663, r=1
INFO:root:Iter 20: Q=0.1259, term1=0.0081, term2=0.0685, penalty=0.05744684115052223
INFO:root:U_1-Qu_upper=0.38646965611763, U_2-Qv_upper=-0.030939315846300053
INFO:root:eta=1, l=0.727550698969508, r=1
INFO:root:Iter 21: Q=0.1007, term1=0.0078, term2=0.0656, penalty=0.035072192549705505
INFO:root:U_1-Qu_upper=0.3884122999352547, U_2-Qv_upper=-0.02345993682881231
INFO:root:eta=1, l=0.7411731640210326, r=1
INFO:root:Iter 22: Q=0.0899, term1=0.0075, term2=0.0673, penalty=0.022685857489705086
INFO:root:U_1-Qu_upper=0.3867441413829669, U_2-Qv_upper=-0.0339950987839841
INFO:root:eta=1, l=0.754114505819981, r=1
INFO:root:Iter 23: Q=0.0840, term1=0.0075, term2=0.0663, penalty=0.01770109497010708
INFO:root:U_1-Qu_upper=0.3873405937215852, U_2-Qv_upper=-0.03259891831115275
INFO:root:eta=1, l=0.7664087805289819, r=1
INFO:root:Iter 24: Q=0.0786, term1=0.0075, term2=0.0653, penalty=0.013327022083103657
INFO:root:U_1-Qu_upper=0.3876856054805658, U_2-Qv_upper=-0.03154643637033405
INFO:root:eta=1, l=0.7780883415025328, r=1
INFO:root:Iter 25: Q=0.0862, term1=0.0082, term2=0.0674, penalty=0.018764900043606758
INFO:root:U_1-Qu_upper=0.3841497416731709, U_2-Qv_upper=-0.03141972185070052
INFO:root:eta=1, l=0.7891839244274061, r=1
INFO:root:Iter 26: Q=0.0803, term1=0.0079, term2=0.0662, penalty=0.014133192598819733
INFO:root:U_1-Qu_upper=0.3836433949346113, U_2-Qv_upper=-0.02911427187503679
INFO:root:eta=1, l=0.7997247282060358, r=1
INFO:root:Iter 27: Q=0.0755, term1=0.0078, term2=0.0647, penalty=0.010826131328940392
INFO:root:U_1-Qu_upper=0.3837011698395632, U_2-Qv_upper=-0.027902248392188633
INFO:root:eta=1, l=0.809738491795734, r=1
INFO:root:Iter 28: Q=0.0775, term1=0.0079, term2=0.0657, penalty=0.011756890453398228
INFO:root:U_1-Qu_upper=0.3842340094930894, U_2-Qv_upper=-0.027522805930229988
INFO:root:eta=1, l=0.8192515672059473, r=1
INFO:root:Iter 29: Q=0.0722, term1=0.0079, term2=0.0632, penalty=0.008985711261630058
INFO:root:U_1-Qu_upper=0.38307953065309014, U_2-Qv_upper=-0.027032135744895658
INFO:root:eta=1, l=0.8282889888456499, r=1
INFO:root:Iter 30: Q=0.0724, term1=0.0079, term2=0.0624, penalty=0.00993924681097269
INFO:root:U_1-Qu_upper=0.3823616130048139, U_2-Qv_upper=-0.015425512563753574
INFO:root:eta=1, l=0.8368745394033674, r=1
INFO:root:Iter 31: Q=0.0755, term1=0.0080, term2=0.0659, penalty=0.009609786793589592
INFO:root:U_1-Qu_upper=0.3847721411933006, U_2-Qv_upper=-0.0203403909972934
INFO:root:eta=1, l=0.8450308124331991, r=1
INFO:root:Iter 32: Q=0.0692, term1=0.0080, term2=0.0621, penalty=0.007081571500748396
INFO:root:U_1-Qu_upper=0.3844792006530202, U_2-Qv_upper=-0.01902179752861105
INFO:root:eta=1, l=0.8527792718115391, r=1
INFO:root:Iter 33: Q=0.0691, term1=0.0080, term2=0.0601, penalty=0.00899449922144413
INFO:root:U_1-Qu_upper=0.3841889991696976, U_2-Qv_upper=-0.01644783526753385
INFO:root:eta=1, l=0.8601403082209622, r=1
INFO:root:Iter 34: Q=0.0670, term1=0.0080, term2=0.0572, penalty=0.009803898632526398
INFO:root:U_1-Qu_upper=0.383519576114798, U_2-Qv_upper=-0.011393441907281143
INFO:root:eta=1, l=0.8671332928099141, r=1
INFO:root:Iter 35: Q=0.0769, term1=0.0085, term2=0.0596, penalty=0.01735086739063263
INFO:root:U_1-Qu_upper=0.3790395324845438, U_2-Qv_upper=-0.0050980546769325286
INFO:root:eta=1, l=0.8737766281694185, r=1
INFO:root:Iter 36: Q=0.0677, term1=0.0081, term2=0.0592, penalty=0.008488954044878483
INFO:root:U_1-Qu_upper=0.38328177191174445, U_2-Qv_upper=-0.01612964713857984
INFO:root:eta=1, l=0.8800877967609475, r=1
INFO:root:Iter 37: Q=0.0691, term1=0.0081, term2=0.0611, penalty=0.008016163483262062
INFO:root:U_1-Qu_upper=0.3830836133167498, U_2-Qv_upper=-0.018493783988865475
INFO:root:eta=1, l=0.8860834069229001, r=1
INFO:root:Iter 38: Q=0.0690, term1=0.0080, term2=0.0649, penalty=0.004120685160160065
INFO:root:U_1-Qu_upper=0.38299545839803484, U_2-Qv_upper=-0.024293213646496836
INFO:root:eta=1, l=0.8917792365767551, r=1
INFO:root:Iter 39: Q=0.0648, term1=0.0084, term2=0.0618, penalty=0.0030041085556149483
INFO:root:U_1-Qu_upper=0.38089761984847914, U_2-Qv_upper=-0.01467841027522293
INFO:root:eta=1, l=0.8971902747479173, r=1
INFO:root:Iter 40: Q=0.0653, term1=0.0084, term2=0.0640, penalty=0.0012871327344328165
INFO:root:U_1-Qu_upper=0.38259554559611486, U_2-Qv_upper=-0.020116759451812127
INFO:root:eta=1, l=0.9023307610105215, r=1
INFO:root:Iter 41: Q=0.0617, term1=0.0080, term2=0.0604, penalty=0.0013245666632428765
INFO:root:U_1-Qu_upper=0.38000713600273656, U_2-Qv_upper=-0.02089230307498624
INFO:root:eta=1, l=0.9072142229599954, r=1
INFO:root:Iter 42: Q=0.0600, term1=0.0082, term2=0.0591, penalty=0.0008741301717236638
INFO:root:U_1-Qu_upper=0.38086466100666305, U_2-Qv_upper=-0.024797425845525023
INFO:root:eta=1, l=0.9118535118119957, r=1
INFO:root:Iter 43: Q=0.0578, term1=0.0082, term2=0.0574, penalty=0.0004109353176318109
INFO:root:U_1-Qu_upper=0.38300020085833697, U_2-Qv_upper=-0.012526705018062079
INFO:root:eta=1, l=0.9162608362213959, r=1
INFO:root:Iter 44: Q=0.0574, term1=0.0082, term2=0.0567, penalty=0.0006406750180758536
INFO:root:U_1-Qu_upper=0.37999491214604797, U_2-Qv_upper=-0.0073392732834312024
INFO:root:eta=1, l=0.9204477944103261, r=1
INFO:root:Iter 45: Q=0.0593, term1=0.0082, term2=0.0579, penalty=0.0013953163288533688
INFO:root:U_1-Qu_upper=0.37989587758046356, U_2-Qv_upper=-0.010185604213750976
INFO:root:eta=1, l=0.9244254046898098, r=1
INFO:root:Iter 46: Q=0.0578, term1=0.0081, term2=0.0570, penalty=0.0008234039996750653
INFO:root:U_1-Qu_upper=0.38250155452725954, U_2-Qv_upper=-0.01053673304785091
INFO:root:eta=1, l=0.9282041344553194, r=1
INFO:root:Iter 47: Q=0.0555, term1=0.0081, term2=0.0553, penalty=0.00022179153165780008
INFO:root:U_1-Qu_upper=0.37857834629185666, U_2-Qv_upper=-0.010253300544644628
INFO:root:eta=1, l=0.9317939277325534, r=1
INFO:root:Iter 48: Q=0.0573, term1=0.0081, term2=0.0568, penalty=0.0005372754530981183
INFO:root:U_1-Qu_upper=0.3800239121579458, U_2-Qv_upper=-0.0031401979738732155
INFO:root:eta=1, l=0.9352042313459258, r=1
INFO:root:Iter 49: Q=0.0552, term1=0.0081, term2=0.0551, penalty=0.00010263115837005898
INFO:root:U_1-Qu_upper=0.38231716518400777, U_2-Qv_upper=-0.012872827424967814
INFO:root:eta=1, l=0.9384440197786295, r=1
INFO:root:Iter 50: Q=0.0576, term1=0.0083, term2=0.0561, penalty=0.0014526573941111565
/zhome/c3/3/213266/SC/distributional-counterfactual-explanation/market_new.py:270: DeprecationWarning: __array_wrap__ must accept context and return_scalar arguments (positionally) in the future. (Deprecated NumPy 2.0)
  #     best_X_MeanConstraint = best_X_MeanConstraint * std.values + mean.values
INFO:root:Optimization started
INFO:root:U_1-Qu_upper=0.5, U_2-Qv_upper=-0.4050336575421148
INFO:root:eta=1, l=0.24000000000000002, r=1
INFO:root:Iter 1: Q=0.3174, term1=0.0233, term2=0.2157, penalty=0.10167784988880157
INFO:root:U_1-Qu_upper=0.4661769263962296, U_2-Qv_upper=-0.34205980527983143
INFO:root:eta=1, l=0.278, r=1
INFO:root:Iter 2: Q=0.4606, term1=0.0116, term2=0.1874, penalty=0.2731931209564209
INFO:root:U_1-Qu_upper=0.4284421110438995, U_2-Qv_upper=-0.2003966293153398
INFO:root:eta=1, l=0.31410000000000005, r=1
INFO:root:Iter 3: Q=0.3823, term1=0.0051, term2=0.1174, penalty=0.26487404108047485
INFO:root:U_1-Qu_upper=0.4224256129579522, U_2-Qv_upper=-0.16873589534202055
INFO:root:eta=1, l=0.34839500000000007, r=1
INFO:root:Iter 4: Q=0.3666, term1=0.0089, term2=0.1031, penalty=0.2635357975959778
INFO:root:U_1-Qu_upper=0.40578734698037544, U_2-Qv_upper=-0.14764543028433397
INFO:root:eta=1, l=0.38097525000000004, r=1
INFO:root:Iter 5: Q=0.3621, term1=0.0067, term2=0.0977, penalty=0.264422208070755
INFO:root:U_1-Qu_upper=0.39931350052271564, U_2-Qv_upper=-0.13263412769639255
INFO:root:eta=1, l=0.41192648750000005, r=1
INFO:root:Iter 6: Q=0.5145, term1=0.0108, term2=0.1003, penalty=0.41421279311180115
INFO:root:U_1-Qu_upper=0.38511456314020176, U_2-Qv_upper=-0.1449543141922061
INFO:root:eta=1, l=0.44133016312500006, r=1
INFO:root:Iter 7: Q=0.5450, term1=0.0174, term2=0.0917, penalty=0.4532717168331146
INFO:root:U_1-Qu_upper=0.3620779183715529, U_2-Qv_upper=-0.11418638535339948
INFO:root:eta=1, l=0.46926365496875005, r=1
INFO:root:Iter 8: Q=0.4998, term1=0.0122, term2=0.0885, penalty=0.4113292396068573
INFO:root:U_1-Qu_upper=0.3534900563183363, U_2-Qv_upper=-0.09896630031200104
INFO:root:eta=1, l=0.49580047222031254, r=1
INFO:root:Iter 9: Q=0.3937, term1=0.0112, term2=0.0864, penalty=0.3073662221431732
INFO:root:U_1-Qu_upper=0.35178358844191404, U_2-Qv_upper=-0.09259778858397222
INFO:root:eta=1, l=0.5210104486092969, r=1
INFO:root:Iter 10: Q=0.3089, term1=0.0114, term2=0.0842, penalty=0.2247733324766159
INFO:root:U_1-Qu_upper=0.3504736012957713, U_2-Qv_upper=-0.09591142052551554
INFO:root:eta=1, l=0.544959926178832, r=1
INFO:root:Iter 11: Q=0.2691, term1=0.0116, term2=0.0803, penalty=0.18884579837322235
INFO:root:U_1-Qu_upper=0.3482075711462448, U_2-Qv_upper=-0.08692687291173712
INFO:root:eta=1, l=0.5677119298698905, r=1
INFO:root:Iter 12: Q=0.2827, term1=0.0146, term2=0.0776, penalty=0.20502983033657074
INFO:root:U_1-Qu_upper=0.34020452948301744, U_2-Qv_upper=-0.0778915871530445
INFO:root:eta=1, l=0.589326333376396, r=1
INFO:root:Iter 13: Q=0.2382, term1=0.0130, term2=0.0761, penalty=0.16209577023983002
INFO:root:U_1-Qu_upper=0.33905943959750806, U_2-Qv_upper=-0.07606069923870473
INFO:root:eta=1, l=0.6098600167075762, r=1
INFO:root:Iter 14: Q=0.1881, term1=0.0130, term2=0.0758, penalty=0.112356036901474
INFO:root:U_1-Qu_upper=0.33831995602537523, U_2-Qv_upper=-0.07202629169362662
INFO:root:eta=1, l=0.6293670158721973, r=1
INFO:root:Iter 15: Q=0.1940, term1=0.0137, term2=0.0729, penalty=0.12101934105157852
INFO:root:U_1-Qu_upper=0.3354432777579125, U_2-Qv_upper=-0.06392782620287579
INFO:root:eta=1, l=0.6478986650785875, r=1
INFO:root:Iter 16: Q=0.1760, term1=0.0148, term2=0.0717, penalty=0.10426333546638489
INFO:root:U_1-Qu_upper=0.32945232231094324, U_2-Qv_upper=-0.05567695106226078
INFO:root:eta=1, l=0.6655037318246582, r=1
INFO:root:Iter 17: Q=0.1931, term1=0.0159, term2=0.0723, penalty=0.120868019759655
INFO:root:U_1-Qu_upper=0.3215905436638335, U_2-Qv_upper=-0.054203132079798044
INFO:root:eta=1, l=0.6822285452334252, r=1
INFO:root:Iter 18: Q=0.1509, term1=0.0152, term2=0.0715, penalty=0.07938581705093384
INFO:root:U_1-Qu_upper=0.3238616880511418, U_2-Qv_upper=-0.05294805522741908
INFO:root:eta=1, l=0.698117117971754, r=1
INFO:root:Iter 19: Q=0.1211, term1=0.0152, term2=0.0706, penalty=0.05053723603487015
INFO:root:U_1-Qu_upper=0.3216465738877476, U_2-Qv_upper=-0.05192797697469054
INFO:root:eta=1, l=0.7132112620731663, r=1
INFO:root:Iter 20: Q=0.1225, term1=0.0157, term2=0.0698, penalty=0.052712224423885345
INFO:root:U_1-Qu_upper=0.3187803917484695, U_2-Qv_upper=-0.04213050567410764
INFO:root:eta=1, l=0.727550698969508, r=1
INFO:root:Iter 21: Q=0.1026, term1=0.0163, term2=0.0669, penalty=0.035697825253009796
INFO:root:U_1-Qu_upper=0.3161893207111763, U_2-Qv_upper=-0.03520084192276174
INFO:root:eta=1, l=0.7411731640210326, r=1
INFO:root:Iter 22: Q=0.0943, term1=0.0161, term2=0.0678, penalty=0.026472395285964012
INFO:root:U_1-Qu_upper=0.3149406739494123, U_2-Qv_upper=-0.03950998946079037
INFO:root:eta=1, l=0.754114505819981, r=1
INFO:root:Iter 23: Q=0.0871, term1=0.0163, term2=0.0715, penalty=0.01562534272670746
INFO:root:U_1-Qu_upper=0.31562615535126215, U_2-Qv_upper=-0.04982590589701641
INFO:root:eta=1, l=0.7664087805289819, r=1
INFO:root:Iter 24: Q=0.0826, term1=0.0161, term2=0.0702, penalty=0.012344352900981903
INFO:root:U_1-Qu_upper=0.31685342694258534, U_2-Qv_upper=-0.038622648353039635
INFO:root:eta=1, l=0.7780883415025328, r=1
INFO:root:Iter 25: Q=0.0791, term1=0.0162, term2=0.0690, penalty=0.010119695216417313
INFO:root:U_1-Qu_upper=0.31599784559009625, U_2-Qv_upper=-0.037706359607573625
INFO:root:eta=1, l=0.7891839244274061, r=1
INFO:root:Iter 26: Q=0.0756, term1=0.0162, term2=0.0703, penalty=0.005301889963448048
INFO:root:U_1-Qu_upper=0.3157487732687458, U_2-Qv_upper=-0.046651196450785415
INFO:root:eta=1, l=0.7997247282060358, r=1
INFO:root:Iter 27: Q=0.0745, term1=0.0162, term2=0.0695, penalty=0.005004798993468285
INFO:root:U_1-Qu_upper=0.31497163712550325, U_2-Qv_upper=-0.04549821246747621
INFO:root:eta=1, l=0.809738491795734, r=1
INFO:root:Iter 28: Q=0.0734, term1=0.0163, term2=0.0691, penalty=0.004313940182328224
INFO:root:U_1-Qu_upper=0.3146826403811257, U_2-Qv_upper=-0.03740880120884155
INFO:root:eta=1, l=0.8192515672059473, r=1
INFO:root:Iter 29: Q=0.0729, term1=0.0164, term2=0.0686, penalty=0.004326927941292524
INFO:root:U_1-Qu_upper=0.31340713774354023, U_2-Qv_upper=-0.044058534891033896
INFO:root:eta=1, l=0.8282889888456499, r=1
INFO:root:Iter 30: Q=0.0717, term1=0.0165, term2=0.0673, penalty=0.004386392887681723
INFO:root:U_1-Qu_upper=0.3141509106516515, U_2-Qv_upper=-0.033822490263828386
INFO:root:eta=1, l=0.8368745394033674, r=1
INFO:root:Iter 31: Q=0.0726, term1=0.0174, term2=0.0655, penalty=0.007147002965211868
INFO:root:U_1-Qu_upper=0.31072866972405633, U_2-Qv_upper=-0.02628962153214809
INFO:root:eta=1, l=0.8450308124331991, r=1
INFO:root:Iter 32: Q=0.0740, term1=0.0172, term2=0.0653, penalty=0.00864685419946909
INFO:root:U_1-Qu_upper=0.30953420184823055, U_2-Qv_upper=-0.032401510964165214
INFO:root:eta=1, l=0.8527792718115391, r=1
INFO:root:Iter 33: Q=0.0685, term1=0.0175, term2=0.0639, penalty=0.004604863468557596
INFO:root:U_1-Qu_upper=0.3099894347602616, U_2-Qv_upper=-0.016964905041318867
INFO:root:eta=1, l=0.8601403082209622, r=1
INFO:root:Iter 34: Q=0.0642, term1=0.0169, term2=0.0638, penalty=0.00043572363210842013
INFO:root:U_1-Qu_upper=0.31245018180085804, U_2-Qv_upper=-0.022261863599847387
INFO:root:eta=1, l=0.8671332928099141, r=1
INFO:root:Iter 35: Q=0.0632, term1=0.0169, term2=0.0619, penalty=0.0013356748968362808
INFO:root:U_1-Qu_upper=0.31145522028578976, U_2-Qv_upper=-0.019640360393005374
INFO:root:eta=1, l=0.8737766281694185, r=1
INFO:root:Iter 36: Q=0.0633, term1=0.0170, term2=0.0621, penalty=0.0012756643118336797
INFO:root:U_1-Qu_upper=0.3116453800376453, U_2-Qv_upper=-0.026444997478067
INFO:root:eta=1, l=0.8800877967609475, r=1
INFO:root:Iter 37: Q=0.0647, term1=0.0168, term2=0.0645, penalty=0.00013860610488336533
INFO:root:U_1-Qu_upper=0.3155286802350191, U_2-Qv_upper=-0.03293940507120152
INFO:root:eta=1, l=0.8860834069229001, r=1
INFO:root:Iter 38: Q=0.0666, term1=0.0173, term2=0.0599, penalty=0.006767209619283676
INFO:root:U_1-Qu_upper=0.3095320153663107, U_2-Qv_upper=-0.015220845031384878
INFO:root:eta=1, l=0.8917792365767551, r=1
INFO:root:Iter 39: Q=0.0734, term1=0.0181, term2=0.0585, penalty=0.014953374862670898
INFO:root:U_1-Qu_upper=0.30626250753803974, U_2-Qv_upper=-0.012186891337537364
INFO:root:eta=1, l=0.8971902747479173, r=1
INFO:root:Iter 40: Q=0.0754, term1=0.0188, term2=0.0580, penalty=0.017405830323696136
INFO:root:U_1-Qu_upper=0.30168376087353677, U_2-Qv_upper=-0.010758669773939744
INFO:root:eta=1, l=0.9023307610105215, r=1
INFO:root:Iter 41: Q=0.0724, term1=0.0184, term2=0.0573, penalty=0.01504816859960556
INFO:root:U_1-Qu_upper=0.3023879032168681, U_2-Qv_upper=-0.006176966265665329
INFO:root:eta=1, l=0.9072142229599954, r=1
INFO:root:Iter 42: Q=0.0700, term1=0.0187, term2=0.0597, penalty=0.010299226269125938
INFO:root:U_1-Qu_upper=0.30471566444124076, U_2-Qv_upper=-0.004957176648034356
INFO:root:eta=1, l=0.9118535118119957, r=1
INFO:root:Iter 43: Q=0.0637, term1=0.0183, term2=0.0591, penalty=0.00459021283313632
INFO:root:U_1-Qu_upper=0.30388538162482176, U_2-Qv_upper=-0.0040764524190771145
INFO:root:eta=1, l=0.9162608362213959, r=1
INFO:root:Iter 44: Q=0.0611, term1=0.0180, term2=0.0593, penalty=0.0017875191988423467
INFO:root:U_1-Qu_upper=0.3035124251788437, U_2-Qv_upper=-0.015772217230169805
INFO:root:eta=1, l=0.9204477944103261, r=1
INFO:root:Iter 45: Q=0.0584, term1=0.0179, term2=0.0563, penalty=0.002110755769535899
INFO:root:U_1-Qu_upper=0.3022792577551177, U_2-Qv_upper=-0.005849926322719967
INFO:root:eta=1, l=0.9244254046898098, r=1
INFO:root:Iter 46: Q=0.0646, term1=0.0185, term2=0.0595, penalty=0.0051634893752634525
INFO:root:U_1-Qu_upper=0.30406321071484577, U_2-Qv_upper=-0.007380784795561535
INFO:root:eta=1, l=0.9282041344553194, r=1
INFO:root:Iter 47: Q=0.0595, term1=0.0186, term2=0.0584, penalty=0.0011214145924896002
INFO:root:U_1-Qu_upper=0.3039203833013421, U_2-Qv_upper=-0.006829335677710213
INFO:root:eta=1, l=0.9317939277325534, r=1
INFO:root:Iter 48: Q=0.0583, term1=0.0184, term2=0.0575, penalty=0.0008739891927689314
INFO:root:U_1-Qu_upper=0.30198857529898554, U_2-Qv_upper=0.00029981365543768623
INFO:root:eta=0.9999323523079392, l=0.9352042313459258, r=1
INFO:root:Iter 49: Q=0.0581, term1=0.0184, term2=0.0574, penalty=0.000686656916514039
INFO:root:U_1-Qu_upper=0.30126380476148673, U_2-Qv_upper=-0.009795988868867511
INFO:root:eta=1, l=0.9384440197786295, r=1
INFO:root:Iter 50: Q=0.0580, term1=0.0184, term2=0.0574, penalty=0.0005547402543015778
/zhome/c3/3/213266/SC/distributional-counterfactual-explanation/market_new.py:270: DeprecationWarning: __array_wrap__ must accept context and return_scalar arguments (positionally) in the future. (Deprecated NumPy 2.0)
  #     best_X_MeanConstraint = best_X_MeanConstraint * std.values + mean.values
Using device: cuda
Test Accuracy: 85.94%
X Sliced Wasserstein Distance (SWD) with Mean constraint: 0.177806
Y Wasserstein Distance (WD) with Mean constraint: 0.073694
X Sliced Wasserstein Distance (SWD) with Mean constraint: 0.138459
Y Wasserstein Distance (WD) with Mean constraint: 0.073958
X Sliced Wasserstein Distance (SWD) with Mean constraint: 0.166641
Y Wasserstein Distance (WD) with Mean constraint: 0.068592
X Sliced Wasserstein Distance (SWD) with Mean constraint: 0.100805
Y Wasserstein Distance (WD) with Mean constraint: 0.069955
X Sliced Wasserstein Distance (SWD) with Mean constraint: 0.151481
Y Wasserstein Distance (WD) with Mean constraint: 0.071809

------------------------------------------------------------
Sender: LSF System <lsfadmin@hpc.dtu.dk>
Subject: Job 27595539: <NONAME> in cluster <dcc> Done

Job <NONAME> was submitted from host <hpclogin1> by user <s242612> in cluster <dcc> at Mon Jan 12 03:26:16 2026
Job was executed on host(s) <4*n-62-20-2>, in queue <gpuv100>, as user <s242612> in cluster <dcc> at Mon Jan 12 03:26:17 2026
</zhome/c3/3/213266> was used as the home directory.
</zhome/c3/3/213266/SC/distributional-counterfactual-explanation> was used as the working directory.
Started at Mon Jan 12 03:26:17 2026
Terminated at Mon Jan 12 05:28:24 2026
Results reported at Mon Jan 12 05:28:24 2026

Your job looked like:

------------------------------------------------------------
# LSBATCH: User input
#!/bin/bash
#BSUB -q gpuv100              # 指定队列类型
#BSUB -gpu "num=1"             # 请求一个 GPU
#BSUB -n 4                     # 请求 4 个 CPU 核心
#BSUB -R "rusage[mem=4096]"     # 请求 4096MB 内存
#BSUB -W 6:00                  # 设置最大运行时长为 1 小时
#BSUB -o output_%J.log         # 输出日志文件名设置为 output_<job_id>.log

# 激活虚拟环境
source ~/myenv/bin/activate

# 运行你的 Python 脚本
# python HELOC.py
# python Cardio.py
# python Cardio.py
# python cardio_new.py
# python HELOC_new.py
python market_new.py




------------------------------------------------------------

Successfully completed.

Resource usage summary:

    CPU time :                                   7336.68 sec.
    Max Memory :                                 7807 MB
    Average Memory :                             7564.90 MB
    Total Requested Memory :                     16384.00 MB
    Delta Memory :                               8577.00 MB
    Max Swap :                                   -
    Max Processes :                              4
    Max Threads :                                8
    Run time :                                   7388 sec.
    Turnaround time :                            7328 sec.

The output (if any) is above this job summary.

