/zhome/c3/3/213266/myenv/lib64/python3.9/site-packages/networkx/utils/backends.py:135: RuntimeWarning: networkx backend defined more than once: nx-loopback
  backends.update(_get_backends("networkx.backends"))
INFO:root:Optimization started
INFO:root:U_1-Qu_upper=0.5, U_2-Qv_upper=-0.423156950932191
INFO:root:eta=1, l=0.24000000000000002, r=1
INFO:root:Iter 1: Q=5.2972, term1=0.0001, term2=0.2978, penalty=4.999362945556641
INFO:root:U_1-Qu_upper=0.5, U_2-Qv_upper=-0.41333735147189193
INFO:root:eta=1, l=0.278, r=1
INFO:root:Iter 2: Q=4.9670, term1=0.0001, term2=0.2901, penalty=4.676908493041992
INFO:root:U_1-Qu_upper=0.5, U_2-Qv_upper=-0.4003319876911496
INFO:root:eta=1, l=0.31410000000000005, r=1
INFO:root:Iter 3: Q=4.6545, term1=0.0001, term2=0.2814, penalty=4.373124122619629
INFO:root:U_1-Qu_upper=0.5, U_2-Qv_upper=-0.390837014244195
INFO:root:eta=1, l=0.34839500000000007, r=1
INFO:root:Iter 4: Q=4.3644, term1=0.0002, term2=0.2738, penalty=4.090579986572266
INFO:root:U_1-Qu_upper=0.5, U_2-Qv_upper=-0.39445169693749255
INFO:root:eta=1, l=0.38097525000000004, r=1
INFO:root:Iter 5: Q=4.0897, term1=0.0002, term2=0.2668, penalty=3.8228888511657715
INFO:root:U_1-Qu_upper=0.5, U_2-Qv_upper=-0.3856331746484268
INFO:root:eta=1, l=0.41192648750000005, r=1
INFO:root:Iter 6: Q=3.8319, term1=0.0003, term2=0.2623, penalty=3.5695347785949707
INFO:root:U_1-Qu_upper=0.5, U_2-Qv_upper=-0.37380935836311174
INFO:root:eta=1, l=0.44133016312500006, r=1
INFO:root:Iter 7: Q=3.5909, term1=0.0003, term2=0.2583, penalty=3.332623243331909
INFO:root:U_1-Qu_upper=0.5, U_2-Qv_upper=-0.37118739384029514
INFO:root:eta=1, l=0.46926365496875005, r=1
INFO:root:Iter 8: Q=3.3615, term1=0.0003, term2=0.2534, penalty=3.1080737113952637
INFO:root:U_1-Qu_upper=0.5, U_2-Qv_upper=-0.36953211754260834
INFO:root:eta=1, l=0.49580047222031254, r=1
INFO:root:Iter 9: Q=3.1444, term1=0.0004, term2=0.2487, penalty=2.8957314491271973
INFO:root:U_1-Qu_upper=0.5, U_2-Qv_upper=-0.366509588308183
INFO:root:eta=1, l=0.5210104486092969, r=1
INFO:root:Iter 10: Q=2.9420, term1=0.0004, term2=0.2447, penalty=2.6973748207092285
INFO:root:U_1-Qu_upper=0.5, U_2-Qv_upper=-0.3504517285967191
INFO:root:eta=1, l=0.544959926178832, r=1
INFO:root:Iter 11: Q=2.7518, term1=0.0005, term2=0.2417, penalty=2.5101447105407715
INFO:root:U_1-Qu_upper=0.5, U_2-Qv_upper=-0.3565158836137627
INFO:root:eta=1, l=0.5677119298698905, r=1
INFO:root:Iter 12: Q=2.5745, term1=0.0005, term2=0.2389, penalty=2.33557391166687
INFO:root:U_1-Qu_upper=0.5, U_2-Qv_upper=-0.34957345569604154
INFO:root:eta=1, l=0.589326333376396, r=1
INFO:root:Iter 13: Q=2.4094, term1=0.0006, term2=0.2366, penalty=2.1728696823120117
INFO:root:U_1-Qu_upper=0.5, U_2-Qv_upper=-0.3595476143783058
INFO:root:eta=1, l=0.6098600167075762, r=1
INFO:root:Iter 14: Q=2.2551, term1=0.0006, term2=0.2349, penalty=2.0202255249023438
INFO:root:U_1-Qu_upper=0.5, U_2-Qv_upper=-0.3438529219340453
INFO:root:eta=1, l=0.6293670158721973, r=1
INFO:root:Iter 15: Q=2.1094, term1=0.0007, term2=0.2338, penalty=1.8756239414215088
INFO:root:U_1-Qu_upper=0.5, U_2-Qv_upper=-0.35615471051585973
INFO:root:eta=1, l=0.6478986650785875, r=1
INFO:root:Iter 16: Q=1.9717, term1=0.0007, term2=0.2330, penalty=1.7386455535888672
INFO:root:U_1-Qu_upper=0.5, U_2-Qv_upper=-0.3578512252862022
INFO:root:eta=1, l=0.6655037318246582, r=1
INFO:root:Iter 17: Q=1.8421, term1=0.0008, term2=0.2324, penalty=1.6097157001495361
INFO:root:U_1-Qu_upper=0.4929603705070913, U_2-Qv_upper=-0.34408728538901395
INFO:root:eta=1, l=0.6822285452334252, r=1
INFO:root:Iter 18: Q=1.7231, term1=0.0008, term2=0.2318, penalty=1.491277813911438
INFO:root:U_1-Qu_upper=0.48833691234971127, U_2-Qv_upper=-0.331389887932164
INFO:root:eta=1, l=0.698117117971754, r=1
INFO:root:Iter 19: Q=1.6127, term1=0.0009, term2=0.2312, penalty=1.3815162181854248
INFO:root:U_1-Qu_upper=0.48507055316718667, U_2-Qv_upper=-0.3382379968361909
INFO:root:eta=1, l=0.7132112620731663, r=1
INFO:root:Iter 20: Q=1.5081, term1=0.0009, term2=0.2306, penalty=1.2775462865829468
INFO:root:U_1-Qu_upper=0.48802888064307537, U_2-Qv_upper=-0.34221964782339126
INFO:root:eta=1, l=0.727550698969508, r=1
INFO:root:Iter 21: Q=1.4103, term1=0.0009, term2=0.2298, penalty=1.1804847717285156
INFO:root:U_1-Qu_upper=0.4820985937715555, U_2-Qv_upper=-0.35772750774332346
INFO:root:eta=1, l=0.7411731640210326, r=1
INFO:root:Iter 22: Q=1.3230, term1=0.0010, term2=0.2287, penalty=1.094306230545044
INFO:root:U_1-Qu_upper=0.49460490882117364, U_2-Qv_upper=-0.34091576862553347
INFO:root:eta=1, l=0.754114505819981, r=1
INFO:root:Iter 23: Q=1.2431, term1=0.0010, term2=0.2271, penalty=1.0159614086151123
INFO:root:U_1-Qu_upper=0.48749569782516267, U_2-Qv_upper=-0.3366303148463498
INFO:root:eta=1, l=0.7664087805289819, r=1
INFO:root:Iter 24: Q=1.1669, term1=0.0010, term2=0.2252, penalty=0.9417221546173096
INFO:root:U_1-Qu_upper=0.49125445893290975, U_2-Qv_upper=-0.3298020620113304
INFO:root:eta=1, l=0.7780883415025328, r=1
INFO:root:Iter 25: Q=1.0951, term1=0.0011, term2=0.2231, penalty=0.8719956278800964
INFO:root:U_1-Qu_upper=0.4826571198374949, U_2-Qv_upper=-0.32852126860470493
INFO:root:eta=1, l=0.7891839244274061, r=1
INFO:root:Iter 26: Q=1.0305, term1=0.0011, term2=0.2217, penalty=0.8087931871414185
INFO:root:U_1-Qu_upper=0.4844714588988313, U_2-Qv_upper=-0.34963731986638974
INFO:root:eta=1, l=0.7997247282060358, r=1
INFO:root:Iter 27: Q=0.9697, term1=0.0011, term2=0.2208, penalty=0.7488751411437988
INFO:root:U_1-Qu_upper=0.4830092610111294, U_2-Qv_upper=-0.3364801021056511
INFO:root:eta=1, l=0.809738491795734, r=1
INFO:root:Iter 28: Q=0.9123, term1=0.0011, term2=0.2202, penalty=0.6920781135559082
INFO:root:U_1-Qu_upper=0.4836098661062764, U_2-Qv_upper=-0.3191735779329266
INFO:root:eta=1, l=0.8192515672059473, r=1
INFO:root:Iter 29: Q=0.8580, term1=0.0011, term2=0.2197, penalty=0.6382466554641724
INFO:root:U_1-Qu_upper=0.4914611110390234, U_2-Qv_upper=-0.3416309454473562
INFO:root:eta=1, l=0.8282889888456499, r=1
INFO:root:Iter 30: Q=0.8065, term1=0.0012, term2=0.2193, penalty=0.5872308015823364
INFO:root:U_1-Qu_upper=0.48649988079723855, U_2-Qv_upper=-0.32875273530926313
INFO:root:eta=1, l=0.8368745394033674, r=1
INFO:root:Iter 31: Q=0.7578, term1=0.0012, term2=0.2189, penalty=0.5388838052749634
INFO:root:U_1-Qu_upper=0.5, U_2-Qv_upper=-0.3164794430591645
INFO:root:eta=1, l=0.8450308124331991, r=1
INFO:root:Iter 32: Q=0.7145, term1=0.0012, term2=0.2185, penalty=0.4960096478462219
INFO:root:U_1-Qu_upper=0.49707453969110615, U_2-Qv_upper=-0.32861974599375515
INFO:root:eta=1, l=0.8527792718115391, r=1
INFO:root:Iter 33: Q=0.6740, term1=0.0012, term2=0.2181, penalty=0.4559202194213867
INFO:root:U_1-Qu_upper=0.5, U_2-Qv_upper=-0.3356773431291144
INFO:root:eta=1, l=0.8601403082209622, r=1
INFO:root:Iter 34: Q=0.6356, term1=0.0012, term2=0.2177, penalty=0.41791921854019165
INFO:root:U_1-Qu_upper=0.4846719632219332, U_2-Qv_upper=-0.3198404157057008
INFO:root:eta=1, l=0.8671332928099141, r=1
INFO:root:Iter 35: Q=0.5991, term1=0.0012, term2=0.2172, penalty=0.38188761472702026
INFO:root:U_1-Qu_upper=0.48607092650168005, U_2-Qv_upper=-0.3267051904709885
INFO:root:eta=1, l=0.8737766281694185, r=1
INFO:root:Iter 36: Q=0.5643, term1=0.0012, term2=0.2166, penalty=0.3476932644844055
INFO:root:U_1-Qu_upper=0.4842393799348428, U_2-Qv_upper=-0.3282847019381541
INFO:root:eta=1, l=0.8800877967609475, r=1
INFO:root:Iter 37: Q=0.5308, term1=0.0013, term2=0.2156, penalty=0.3151821494102478
INFO:root:U_1-Qu_upper=0.4939241046436575, U_2-Qv_upper=-0.32128897064026024
INFO:root:eta=1, l=0.8860834069229001, r=1
INFO:root:Iter 38: Q=0.4984, term1=0.0013, term2=0.2123, penalty=0.2861187756061554
INFO:root:U_1-Qu_upper=0.4801249117722245, U_2-Qv_upper=-0.32452886824813415
INFO:root:eta=1, l=0.8917792365767551, r=1
INFO:root:Iter 39: Q=0.4658, term1=0.0013, term2=0.2067, penalty=0.25909391045570374
INFO:root:U_1-Qu_upper=0.4884220726346817, U_2-Qv_upper=-0.31661628685022164
INFO:root:eta=1, l=0.8971902747479173, r=1
INFO:root:Iter 40: Q=0.4409, term1=0.0013, term2=0.2059, penalty=0.2349974811077118
INFO:root:U_1-Qu_upper=0.4959109677826835, U_2-Qv_upper=-0.3143576618180299
INFO:root:eta=1, l=0.9023307610105215, r=1
INFO:root:Iter 41: Q=0.4178, term1=0.0013, term2=0.2056, penalty=0.212189719080925
INFO:root:U_1-Qu_upper=0.4900972143813537, U_2-Qv_upper=-0.3395137904314522
INFO:root:eta=1, l=0.9072142229599954, r=1
INFO:root:Iter 42: Q=0.3960, term1=0.0013, term2=0.2054, penalty=0.19058343768119812
INFO:root:U_1-Qu_upper=0.4858573930860435, U_2-Qv_upper=-0.3117281765656051
INFO:root:eta=1, l=0.9118535118119957, r=1
INFO:root:Iter 43: Q=0.3752, term1=0.0013, term2=0.2051, penalty=0.17011521756649017
INFO:root:U_1-Qu_upper=0.4777344825395872, U_2-Qv_upper=-0.31515720610075565
INFO:root:eta=1, l=0.9162608362213959, r=1
INFO:root:Iter 44: Q=0.3560, term1=0.0014, term2=0.2049, penalty=0.15109556913375854
INFO:root:U_1-Qu_upper=0.47958710729027265, U_2-Qv_upper=-0.30770875834869843
INFO:root:eta=1, l=0.9204477944103261, r=1
INFO:root:Iter 45: Q=0.3408, term1=0.0014, term2=0.2046, penalty=0.13618384301662445
INFO:root:U_1-Qu_upper=0.4898474232502969, U_2-Qv_upper=-0.31616824738247334
INFO:root:eta=1, l=0.9244254046898098, r=1
INFO:root:Iter 46: Q=0.3264, term1=0.0014, term2=0.2043, penalty=0.1220574826002121
INFO:root:U_1-Qu_upper=0.4939342121485056, U_2-Qv_upper=-0.29590874078195956
INFO:root:eta=1, l=0.9282041344553194, r=1
INFO:root:Iter 47: Q=0.3127, term1=0.0014, term2=0.2041, penalty=0.10867524892091751
INFO:root:U_1-Qu_upper=0.48251664158927376, U_2-Qv_upper=-0.3067637772961635
INFO:root:eta=1, l=0.9317939277325534, r=1
INFO:root:Iter 48: Q=0.2998, term1=0.0014, term2=0.2038, penalty=0.09599796682596207
INFO:root:U_1-Qu_upper=0.4774305324499478, U_2-Qv_upper=-0.31217283505414356
INFO:root:eta=1, l=0.9352042313459258, r=1
INFO:root:Iter 49: Q=0.2875, term1=0.0014, term2=0.2035, penalty=0.08398837596178055
INFO:root:U_1-Qu_upper=0.4842875763252441, U_2-Qv_upper=-0.3284142269565538
INFO:root:eta=1, l=0.9384440197786295, r=1
INFO:root:Iter 50: Q=0.2758, term1=0.0014, term2=0.2032, penalty=0.07261142879724503
/zhome/c3/3/213266/SC/distributional-counterfactual-explanation/market_new.py:431: DeprecationWarning: __array_wrap__ must accept context and return_scalar arguments (positionally) in the future. (Deprecated NumPy 2.0)
  #     best_X_lsc_hinge = best_X_lsc_hinge * std.values + mean.values
INFO:root:Optimization started
INFO:root:U_1-Qu_upper=0.5, U_2-Qv_upper=-0.3963710795459761
INFO:root:eta=1, l=0.24000000000000002, r=1
INFO:root:Iter 1: Q=5.2819, term1=0.0001, term2=0.2999, penalty=4.982019424438477
INFO:root:U_1-Qu_upper=0.5, U_2-Qv_upper=-0.40976696355438397
INFO:root:eta=1, l=0.278, r=1
INFO:root:Iter 2: Q=4.9497, term1=0.0001, term2=0.2892, penalty=4.660478591918945
INFO:root:U_1-Qu_upper=0.5, U_2-Qv_upper=-0.39140971662438945
INFO:root:eta=1, l=0.31410000000000005, r=1
INFO:root:Iter 3: Q=4.6393, term1=0.0002, term2=0.2809, penalty=4.358379364013672
INFO:root:U_1-Qu_upper=0.5, U_2-Qv_upper=-0.4147742253247995
INFO:root:eta=1, l=0.34839500000000007, r=1
INFO:root:Iter 4: Q=4.3477, term1=0.0002, term2=0.2735, penalty=4.074226379394531
INFO:root:U_1-Qu_upper=0.5, U_2-Qv_upper=-0.39272221880574437
INFO:root:eta=1, l=0.38097525000000004, r=1
INFO:root:Iter 5: Q=4.0761, term1=0.0002, term2=0.2657, penalty=3.8103904724121094
INFO:root:U_1-Qu_upper=0.5, U_2-Qv_upper=-0.3852151304432015
INFO:root:eta=1, l=0.41192648750000005, r=1
INFO:root:Iter 6: Q=3.8213, term1=0.0003, term2=0.2604, penalty=3.5608794689178467
INFO:root:U_1-Qu_upper=0.5, U_2-Qv_upper=-0.37790371513455495
INFO:root:eta=1, l=0.44133016312500006, r=1
INFO:root:Iter 7: Q=3.5798, term1=0.0003, term2=0.2553, penalty=3.3244519233703613
INFO:root:U_1-Qu_upper=0.5, U_2-Qv_upper=-0.3637015480898202
INFO:root:eta=1, l=0.46926365496875005, r=1
INFO:root:Iter 8: Q=3.3514, term1=0.0004, term2=0.2510, penalty=3.1003670692443848
INFO:root:U_1-Qu_upper=0.5, U_2-Qv_upper=-0.3910500479038887
INFO:root:eta=1, l=0.49580047222031254, r=1
INFO:root:Iter 9: Q=3.1370, term1=0.0004, term2=0.2486, penalty=2.8884265422821045
INFO:root:U_1-Qu_upper=0.5, U_2-Qv_upper=-0.37018907740089907
INFO:root:eta=1, l=0.5210104486092969, r=1
INFO:root:Iter 10: Q=2.9336, term1=0.0005, term2=0.2460, penalty=2.687650680541992
INFO:root:U_1-Qu_upper=0.5, U_2-Qv_upper=-0.36419182696144087
INFO:root:eta=1, l=0.544959926178832, r=1
INFO:root:Iter 11: Q=2.7420, term1=0.0006, term2=0.2432, penalty=2.4988269805908203
INFO:root:U_1-Qu_upper=0.5, U_2-Qv_upper=-0.35433719197648833
INFO:root:eta=1, l=0.5677119298698905, r=1
INFO:root:Iter 12: Q=2.5671, term1=0.0006, term2=0.2405, penalty=2.3266897201538086
INFO:root:U_1-Qu_upper=0.5, U_2-Qv_upper=-0.3708224399283904
INFO:root:eta=1, l=0.589326333376396, r=1
INFO:root:Iter 13: Q=2.4038, term1=0.0007, term2=0.2379, penalty=2.1659328937530518
INFO:root:U_1-Qu_upper=0.5, U_2-Qv_upper=-0.3506105248836316
INFO:root:eta=1, l=0.6098600167075762, r=1
INFO:root:Iter 14: Q=2.2494, term1=0.0007, term2=0.2357, penalty=2.0136446952819824
INFO:root:U_1-Qu_upper=0.5, U_2-Qv_upper=-0.35822984092216253
INFO:root:eta=1, l=0.6293670158721973, r=1
INFO:root:Iter 15: Q=2.1036, term1=0.0007, term2=0.2343, penalty=1.8693783283233643
INFO:root:U_1-Qu_upper=0.5, U_2-Qv_upper=-0.34890404658376334
INFO:root:eta=1, l=0.6478986650785875, r=1
INFO:root:Iter 16: Q=1.9660, term1=0.0008, term2=0.2333, penalty=1.732711911201477
INFO:root:U_1-Qu_upper=0.5, U_2-Qv_upper=-0.3472705587062073
INFO:root:eta=1, l=0.6655037318246582, r=1
INFO:root:Iter 17: Q=1.8376, term1=0.0008, term2=0.2325, penalty=1.6050587892532349
INFO:root:U_1-Qu_upper=0.5, U_2-Qv_upper=-0.3448375618487279
INFO:root:eta=1, l=0.6822285452334252, r=1
INFO:root:Iter 18: Q=1.7194, term1=0.0008, term2=0.2319, penalty=1.487425446510315
INFO:root:U_1-Qu_upper=0.5, U_2-Qv_upper=-0.3412856242953311
INFO:root:eta=1, l=0.698117117971754, r=1
INFO:root:Iter 19: Q=1.6092, term1=0.0009, term2=0.2314, penalty=1.3778413534164429
INFO:root:U_1-Qu_upper=0.5, U_2-Qv_upper=-0.3498217213848602
INFO:root:eta=1, l=0.7132112620731663, r=1
INFO:root:Iter 20: Q=1.5049, term1=0.0009, term2=0.2308, penalty=1.274033546447754
INFO:root:U_1-Qu_upper=0.5, U_2-Qv_upper=-0.34664720634013907
INFO:root:eta=1, l=0.727550698969508, r=1
INFO:root:Iter 21: Q=1.4085, term1=0.0009, term2=0.2302, penalty=1.1782644987106323
INFO:root:U_1-Qu_upper=0.5, U_2-Qv_upper=-0.3543376198223724
INFO:root:eta=1, l=0.7411731640210326, r=1
INFO:root:Iter 22: Q=1.3213, term1=0.0009, term2=0.2295, penalty=1.091801643371582
INFO:root:U_1-Qu_upper=0.5, U_2-Qv_upper=-0.3627301996471218
INFO:root:eta=1, l=0.754114505819981, r=1
INFO:root:Iter 23: Q=1.2422, term1=0.0009, term2=0.2287, penalty=1.0135133266448975
INFO:root:U_1-Qu_upper=0.4945909635531281, U_2-Qv_upper=-0.3306998033340403
INFO:root:eta=1, l=0.7664087805289819, r=1
INFO:root:Iter 24: Q=1.1668, term1=0.0010, term2=0.2275, penalty=0.9393635988235474
INFO:root:U_1-Qu_upper=0.5, U_2-Qv_upper=-0.34111047382422804
INFO:root:eta=1, l=0.7780883415025328, r=1
INFO:root:Iter 25: Q=1.0950, term1=0.0010, term2=0.2257, penalty=0.8693246841430664
INFO:root:U_1-Qu_upper=0.5, U_2-Qv_upper=-0.3160550792446854
INFO:root:eta=1, l=0.7891839244274061, r=1
INFO:root:Iter 26: Q=1.0299, term1=0.0010, term2=0.2237, penalty=0.8062333464622498
INFO:root:U_1-Qu_upper=0.5, U_2-Qv_upper=-0.33793345264951563
INFO:root:eta=1, l=0.7997247282060358, r=1
INFO:root:Iter 27: Q=0.9681, term1=0.0010, term2=0.2217, penalty=0.7464438676834106
INFO:root:U_1-Qu_upper=0.49395124972636506, U_2-Qv_upper=-0.32812030028962075
INFO:root:eta=1, l=0.809738491795734, r=1
INFO:root:Iter 28: Q=0.9101, term1=0.0011, term2=0.2204, penalty=0.6897708177566528
INFO:root:U_1-Qu_upper=0.5, U_2-Qv_upper=-0.3333238372488186
INFO:root:eta=1, l=0.8192515672059473, r=1
INFO:root:Iter 29: Q=0.8555, term1=0.0011, term2=0.2195, penalty=0.6360190510749817
INFO:root:U_1-Qu_upper=0.5, U_2-Qv_upper=-0.32464620977818787
INFO:root:eta=1, l=0.8282889888456499, r=1
INFO:root:Iter 30: Q=0.8039, term1=0.0011, term2=0.2189, penalty=0.5850328207015991
INFO:root:U_1-Qu_upper=0.4973502106689785, U_2-Qv_upper=-0.3365655711867264
INFO:root:eta=1, l=0.8368745394033674, r=1
INFO:root:Iter 31: Q=0.7548, term1=0.0011, term2=0.2181, penalty=0.5366360545158386
INFO:root:U_1-Qu_upper=0.49176946644985053, U_2-Qv_upper=-0.3318483383872061
INFO:root:eta=1, l=0.8450308124331991, r=1
INFO:root:Iter 32: Q=0.7107, term1=0.0012, term2=0.2167, penalty=0.4940190315246582
INFO:root:U_1-Qu_upper=0.5, U_2-Qv_upper=-0.3231589811389664
INFO:root:eta=1, l=0.8527792718115391, r=1
INFO:root:Iter 33: Q=0.6640, term1=0.0012, term2=0.2108, penalty=0.45313024520874023
INFO:root:U_1-Qu_upper=0.49116697992918235, U_2-Qv_upper=-0.3324508392930145
INFO:root:eta=1, l=0.8601403082209622, r=1
INFO:root:Iter 34: Q=0.6215, term1=0.0012, term2=0.2078, penalty=0.4137498736381531
INFO:root:U_1-Qu_upper=0.49783458930978086, U_2-Qv_upper=-0.320344698163986
INFO:root:eta=1, l=0.8671332928099141, r=1
INFO:root:Iter 35: Q=0.5854, term1=0.0012, term2=0.2073, penalty=0.37806475162506104
INFO:root:U_1-Qu_upper=0.49078130458639835, U_2-Qv_upper=-0.30540517073261236
INFO:root:eta=1, l=0.8737766281694185, r=1
INFO:root:Iter 36: Q=0.5512, term1=0.0012, term2=0.2070, penalty=0.34425702691078186
INFO:root:U_1-Qu_upper=0.49545585764324895, U_2-Qv_upper=-0.3093323918876542
INFO:root:eta=1, l=0.8800877967609475, r=1
INFO:root:Iter 37: Q=0.5189, term1=0.0013, term2=0.2067, penalty=0.312228262424469
INFO:root:U_1-Qu_upper=0.5, U_2-Qv_upper=-0.3225504604631099
INFO:root:eta=1, l=0.8860834069229001, r=1
INFO:root:Iter 38: Q=0.4900, term1=0.0013, term2=0.2064, penalty=0.2836407423019409
INFO:root:U_1-Qu_upper=0.4838712335744991, U_2-Qv_upper=-0.3167723684050748
INFO:root:eta=1, l=0.8917792365767551, r=1
INFO:root:Iter 39: Q=0.4644, term1=0.0013, term2=0.2062, penalty=0.2582707405090332
INFO:root:U_1-Qu_upper=0.5, U_2-Qv_upper=-0.3101328367852659
INFO:root:eta=1, l=0.8971902747479173, r=1
INFO:root:Iter 40: Q=0.4401, term1=0.0013, term2=0.2059, penalty=0.23423722386360168
INFO:root:U_1-Qu_upper=0.4875641844958056, U_2-Qv_upper=-0.31403914412035355
INFO:root:eta=1, l=0.9023307610105215, r=1
INFO:root:Iter 41: Q=0.4171, term1=0.0013, term2=0.2057, penalty=0.2114696055650711
INFO:root:U_1-Qu_upper=0.5, U_2-Qv_upper=-0.3081330101548109
INFO:root:eta=1, l=0.9072142229599954, r=1
INFO:root:Iter 42: Q=0.3953, term1=0.0013, term2=0.2054, penalty=0.18990115821361542
INFO:root:U_1-Qu_upper=0.4876476271737628, U_2-Qv_upper=-0.31858959587323027
INFO:root:eta=1, l=0.9118535118119957, r=1
INFO:root:Iter 43: Q=0.3747, term1=0.0014, term2=0.2052, penalty=0.16946889460086823
INFO:root:U_1-Qu_upper=0.4885617364592885, U_2-Qv_upper=-0.3147875374177906
INFO:root:eta=1, l=0.9162608362213959, r=1
INFO:root:Iter 44: Q=0.3553, term1=0.0014, term2=0.2050, penalty=0.15029290318489075
INFO:root:U_1-Qu_upper=0.4934436212609872, U_2-Qv_upper=-0.3204600775383262
INFO:root:eta=1, l=0.9204477944103261, r=1
INFO:root:Iter 45: Q=0.3402, term1=0.0014, term2=0.2047, penalty=0.13542339205741882
INFO:root:U_1-Qu_upper=0.4796113022616823, U_2-Qv_upper=-0.309901906203688
INFO:root:eta=1, l=0.9244254046898098, r=1
INFO:root:Iter 46: Q=0.3258, term1=0.0014, term2=0.2045, penalty=0.12133718281984329
INFO:root:U_1-Qu_upper=0.48120558986621675, U_2-Qv_upper=-0.3082866296547448
INFO:root:eta=1, l=0.9282041344553194, r=1
INFO:root:Iter 47: Q=0.3123, term1=0.0014, term2=0.2043, penalty=0.10799290239810944
INFO:root:U_1-Qu_upper=0.4825259087517753, U_2-Qv_upper=-0.31745810521773904
INFO:root:eta=1, l=0.9317939277325534, r=1
INFO:root:Iter 48: Q=0.2994, term1=0.0014, term2=0.2040, penalty=0.09535152465105057
INFO:root:U_1-Qu_upper=0.4840336857731591, U_2-Qv_upper=-0.31393205923168416
INFO:root:eta=1, l=0.9352042313459258, r=1
INFO:root:Iter 49: Q=0.2872, term1=0.0015, term2=0.2038, penalty=0.08337605744600296
INFO:root:U_1-Qu_upper=0.48447627255502834, U_2-Qv_upper=-0.31179432536083346
INFO:root:eta=1, l=0.9384440197786295, r=1
INFO:root:Iter 50: Q=0.2755, term1=0.0015, term2=0.2035, penalty=0.07203134149312973
/zhome/c3/3/213266/SC/distributional-counterfactual-explanation/market_new.py:431: DeprecationWarning: __array_wrap__ must accept context and return_scalar arguments (positionally) in the future. (Deprecated NumPy 2.0)
  #     best_X_lsc_hinge = best_X_lsc_hinge * std.values + mean.values
INFO:root:Optimization started
INFO:root:U_1-Qu_upper=0.5, U_2-Qv_upper=-0.42551708664899984
INFO:root:eta=1, l=0.24000000000000002, r=1
INFO:root:Iter 1: Q=5.2755, term1=0.0001, term2=0.2989, penalty=4.9766693115234375
INFO:root:U_1-Qu_upper=0.5, U_2-Qv_upper=-0.4037722464267101
INFO:root:eta=1, l=0.278, r=1
INFO:root:Iter 2: Q=4.9492, term1=0.0001, term2=0.2908, penalty=4.658402442932129
INFO:root:U_1-Qu_upper=0.5, U_2-Qv_upper=-0.40431585846979584
INFO:root:eta=1, l=0.31410000000000005, r=1
INFO:root:Iter 3: Q=4.6383, term1=0.0002, term2=0.2810, penalty=4.357308387756348
INFO:root:U_1-Qu_upper=0.5, U_2-Qv_upper=-0.40007433650921514
INFO:root:eta=1, l=0.34839500000000007, r=1
INFO:root:Iter 4: Q=4.3421, term1=0.0002, term2=0.2698, penalty=4.07232141494751
INFO:root:U_1-Qu_upper=0.5, U_2-Qv_upper=-0.37809824918246465
INFO:root:eta=1, l=0.38097525000000004, r=1
INFO:root:Iter 5: Q=4.0646, term1=0.0003, term2=0.2592, penalty=3.8053879737854004
INFO:root:U_1-Qu_upper=0.5, U_2-Qv_upper=-0.3768537142401595
INFO:root:eta=1, l=0.41192648750000005, r=1
INFO:root:Iter 6: Q=3.8084, term1=0.0004, term2=0.2521, penalty=3.556313991546631
INFO:root:U_1-Qu_upper=0.5, U_2-Qv_upper=-0.3735893647496477
INFO:root:eta=1, l=0.44133016312500006, r=1
INFO:root:Iter 7: Q=3.5690, term1=0.0004, term2=0.2486, penalty=3.3203606605529785
INFO:root:U_1-Qu_upper=0.5, U_2-Qv_upper=-0.37006281101481825
INFO:root:eta=1, l=0.46926365496875005, r=1
INFO:root:Iter 8: Q=3.3427, term1=0.0004, term2=0.2458, penalty=3.0968375205993652
INFO:root:U_1-Qu_upper=0.5, U_2-Qv_upper=-0.36735170011087687
INFO:root:eta=1, l=0.49580047222031254, r=1
INFO:root:Iter 9: Q=3.1285, term1=0.0005, term2=0.2434, penalty=2.8850884437561035
INFO:root:U_1-Qu_upper=0.5, U_2-Qv_upper=-0.3546977673956821
INFO:root:eta=1, l=0.5210104486092969, r=1
INFO:root:Iter 10: Q=2.9265, term1=0.0005, term2=0.2414, penalty=2.6851274967193604
INFO:root:U_1-Qu_upper=0.5, U_2-Qv_upper=-0.36333532798130136
INFO:root:eta=1, l=0.544959926178832, r=1
INFO:root:Iter 11: Q=2.7387, term1=0.0005, term2=0.2393, penalty=2.499422788619995
INFO:root:U_1-Qu_upper=0.5, U_2-Qv_upper=-0.3491872529079599
INFO:root:eta=1, l=0.5677119298698905, r=1
INFO:root:Iter 12: Q=2.5647, term1=0.0006, term2=0.2372, penalty=2.3275084495544434
INFO:root:U_1-Qu_upper=0.5, U_2-Qv_upper=-0.34697297668449095
INFO:root:eta=1, l=0.589326333376396, r=1
INFO:root:Iter 13: Q=2.4021, term1=0.0006, term2=0.2353, penalty=2.1667168140411377
INFO:root:U_1-Qu_upper=0.5, U_2-Qv_upper=-0.34677204260654443
INFO:root:eta=1, l=0.6098600167075762, r=1
INFO:root:Iter 14: Q=2.2484, term1=0.0006, term2=0.2341, penalty=2.0143988132476807
INFO:root:U_1-Qu_upper=0.5, U_2-Qv_upper=-0.3536028429283909
INFO:root:eta=1, l=0.6293670158721973, r=1
INFO:root:Iter 15: Q=2.1033, term1=0.0007, term2=0.2332, penalty=1.870110034942627
INFO:root:U_1-Qu_upper=0.5, U_2-Qv_upper=-0.3406271934471727
INFO:root:eta=1, l=0.6478986650785875, r=1
INFO:root:Iter 16: Q=1.9660, term1=0.0007, term2=0.2325, penalty=1.7334263324737549
INFO:root:U_1-Qu_upper=0.5, U_2-Qv_upper=-0.3576838836519746
INFO:root:eta=1, l=0.6655037318246582, r=1
INFO:root:Iter 17: Q=1.8387, term1=0.0007, term2=0.2320, penalty=1.6067765951156616
INFO:root:U_1-Qu_upper=0.5, U_2-Qv_upper=-0.32943328637483643
INFO:root:eta=1, l=0.6822285452334252, r=1
INFO:root:Iter 18: Q=1.7196, term1=0.0008, term2=0.2314, penalty=1.4881892204284668
INFO:root:U_1-Qu_upper=0.5, U_2-Qv_upper=-0.3405648409695243
INFO:root:eta=1, l=0.698117117971754, r=1
INFO:root:Iter 19: Q=1.6094, term1=0.0008, term2=0.2308, penalty=1.3785984516143799
INFO:root:U_1-Qu_upper=0.5, U_2-Qv_upper=-0.3475850928414132
INFO:root:eta=1, l=0.7132112620731663, r=1
INFO:root:Iter 20: Q=1.5050, term1=0.0008, term2=0.2300, penalty=1.2749828100204468
INFO:root:U_1-Qu_upper=0.5, U_2-Qv_upper=-0.3414648656511449
INFO:root:eta=1, l=0.727550698969508, r=1
INFO:root:Iter 21: Q=1.4096, term1=0.0009, term2=0.2291, penalty=1.1805726289749146
INFO:root:U_1-Qu_upper=0.5, U_2-Qv_upper=-0.3596973813584991
INFO:root:eta=1, l=0.7411731640210326, r=1
INFO:root:Iter 22: Q=1.3227, term1=0.0009, term2=0.2277, penalty=1.0950250625610352
INFO:root:U_1-Qu_upper=0.5, U_2-Qv_upper=-0.3264067711379561
INFO:root:eta=1, l=0.754114505819981, r=1
INFO:root:Iter 23: Q=1.2425, term1=0.0010, term2=0.2259, penalty=1.0166175365447998
INFO:root:U_1-Qu_upper=0.49369970877399894, U_2-Qv_upper=-0.3373334626211359
INFO:root:eta=1, l=0.7664087805289819, r=1
INFO:root:Iter 24: Q=1.1661, term1=0.0010, term2=0.2238, penalty=0.9423516988754272
INFO:root:U_1-Qu_upper=0.5, U_2-Qv_upper=-0.3333956759848726
INFO:root:eta=1, l=0.7780883415025328, r=1
INFO:root:Iter 25: Q=1.0967, term1=0.0011, term2=0.2221, penalty=0.8745657205581665
INFO:root:U_1-Qu_upper=0.49352498761664637, U_2-Qv_upper=-0.3259951608070129
INFO:root:eta=1, l=0.7891839244274061, r=1
INFO:root:Iter 26: Q=1.0323, term1=0.0011, term2=0.2211, penalty=0.8111968040466309
INFO:root:U_1-Qu_upper=0.49429102734479824, U_2-Qv_upper=-0.3157310451991862
INFO:root:eta=1, l=0.7997247282060358, r=1
INFO:root:Iter 27: Q=0.9716, term1=0.0011, term2=0.2204, penalty=0.751132071018219
INFO:root:U_1-Qu_upper=0.5, U_2-Qv_upper=-0.32911001837518233
INFO:root:eta=1, l=0.809738491795734, r=1
INFO:root:Iter 28: Q=0.9142, term1=0.0012, term2=0.2200, penalty=0.6942038536071777
INFO:root:U_1-Qu_upper=0.5, U_2-Qv_upper=-0.3171165362134671
INFO:root:eta=1, l=0.8192515672059473, r=1
INFO:root:Iter 29: Q=0.8598, term1=0.0012, term2=0.2196, penalty=0.6402560472488403
INFO:root:U_1-Qu_upper=0.48556593994918373, U_2-Qv_upper=-0.324972751440677
INFO:root:eta=1, l=0.8282889888456499, r=1
INFO:root:Iter 30: Q=0.8083, term1=0.0012, term2=0.2192, penalty=0.5891342163085938
INFO:root:U_1-Qu_upper=0.48747938718768025, U_2-Qv_upper=-0.3418486701371491
INFO:root:eta=1, l=0.8368745394033674, r=1
INFO:root:Iter 31: Q=0.7595, term1=0.0013, term2=0.2188, penalty=0.540691077709198
INFO:root:U_1-Qu_upper=0.4888248005360181, U_2-Qv_upper=-0.34156064377686685
INFO:root:eta=1, l=0.8450308124331991, r=1
INFO:root:Iter 32: Q=0.7148, term1=0.0013, term2=0.2184, penalty=0.4964309632778168
INFO:root:U_1-Qu_upper=0.4807653949817129, U_2-Qv_upper=-0.33329788036755575
INFO:root:eta=1, l=0.8527792718115391, r=1
INFO:root:Iter 33: Q=0.6743, term1=0.0013, term2=0.2180, penalty=0.4563096761703491
INFO:root:U_1-Qu_upper=0.48731088904858577, U_2-Qv_upper=-0.3272326594931429
INFO:root:eta=1, l=0.8601403082209622, r=1
INFO:root:Iter 34: Q=0.6359, term1=0.0013, term2=0.2176, penalty=0.41827505826950073
INFO:root:U_1-Qu_upper=0.489824566758413, U_2-Qv_upper=-0.32987308287683653
INFO:root:eta=1, l=0.8671332928099141, r=1
INFO:root:Iter 35: Q=0.5993, term1=0.0013, term2=0.2171, penalty=0.3822048008441925
INFO:root:U_1-Qu_upper=0.4820529644654784, U_2-Qv_upper=-0.3233237067083146
INFO:root:eta=1, l=0.8737766281694185, r=1
INFO:root:Iter 36: Q=0.5644, term1=0.0014, term2=0.2164, penalty=0.34795162081718445
INFO:root:U_1-Qu_upper=0.5, U_2-Qv_upper=-0.3412789005209362
INFO:root:eta=1, l=0.8800877967609475, r=1
INFO:root:Iter 37: Q=0.5302, term1=0.0014, term2=0.2148, penalty=0.315321683883667
INFO:root:U_1-Qu_upper=0.4897929696474229, U_2-Qv_upper=-0.33856745954204076
INFO:root:eta=1, l=0.8860834069229001, r=1
INFO:root:Iter 38: Q=0.4944, term1=0.0014, term2=0.2085, penalty=0.2858981192111969
INFO:root:U_1-Qu_upper=0.49194442073992906, U_2-Qv_upper=-0.3072005583212491
INFO:root:eta=1, l=0.8917792365767551, r=1
INFO:root:Iter 39: Q=0.4655, term1=0.0015, term2=0.2062, penalty=0.2592659294605255
INFO:root:U_1-Qu_upper=0.480805705061927, U_2-Qv_upper=-0.309283228835237
INFO:root:eta=1, l=0.8971902747479173, r=1
INFO:root:Iter 40: Q=0.4410, term1=0.0015, term2=0.2058, penalty=0.23517993092536926
INFO:root:U_1-Qu_upper=0.4819456049147598, U_2-Qv_upper=-0.312647653196884
INFO:root:eta=1, l=0.9023307610105215, r=1
INFO:root:Iter 41: Q=0.4179, term1=0.0015, term2=0.2056, penalty=0.2123626172542572
INFO:root:U_1-Qu_upper=0.48759251838478596, U_2-Qv_upper=-0.3115209643991051
INFO:root:eta=1, l=0.9072142229599954, r=1
INFO:root:Iter 42: Q=0.3961, term1=0.0015, term2=0.2053, penalty=0.1907472163438797
INFO:root:U_1-Qu_upper=0.48136851590246477, U_2-Qv_upper=-0.316565059708755
INFO:root:eta=1, l=0.9118535118119957, r=1
INFO:root:Iter 43: Q=0.3754, term1=0.0016, term2=0.2051, penalty=0.1702703833580017
INFO:root:U_1-Qu_upper=0.4825210623106346, U_2-Qv_upper=-0.32776367668646883
INFO:root:eta=1, l=0.9162608362213959, r=1
INFO:root:Iter 44: Q=0.3558, term1=0.0016, term2=0.2049, penalty=0.1509355902671814
INFO:root:U_1-Qu_upper=0.4850938283313929, U_2-Qv_upper=-0.30410681043011006
INFO:root:eta=1, l=0.9204477944103261, r=1
INFO:root:Iter 45: Q=0.3407, term1=0.0016, term2=0.2047, penalty=0.13603228330612183
INFO:root:U_1-Qu_upper=0.4775096322973363, U_2-Qv_upper=-0.32177299928173403
INFO:root:eta=1, l=0.9244254046898098, r=1
INFO:root:Iter 46: Q=0.3264, term1=0.0016, term2=0.2044, penalty=0.12191396951675415
INFO:root:U_1-Qu_upper=0.4827930612517861, U_2-Qv_upper=-0.31434054098092074
INFO:root:eta=1, l=0.9282041344553194, r=1
INFO:root:Iter 47: Q=0.3128, term1=0.0017, term2=0.2042, penalty=0.10853929817676544
INFO:root:U_1-Qu_upper=0.4811558246337082, U_2-Qv_upper=-0.31684733595700293
INFO:root:eta=1, l=0.9317939277325534, r=1
INFO:root:Iter 48: Q=0.2999, term1=0.0017, term2=0.2040, penalty=0.09586912393569946
INFO:root:U_1-Qu_upper=0.4755878053116033, U_2-Qv_upper=-0.33097124377457804
INFO:root:eta=1, l=0.9352042313459258, r=1
INFO:root:Iter 49: Q=0.2876, term1=0.0017, term2=0.2038, penalty=0.08386634290218353
INFO:root:U_1-Qu_upper=0.4788848437152454, U_2-Qv_upper=-0.3161787405534801
INFO:root:eta=1, l=0.9384440197786295, r=1
INFO:root:Iter 50: Q=0.2760, term1=0.0017, term2=0.2035, penalty=0.07249579578638077
/zhome/c3/3/213266/SC/distributional-counterfactual-explanation/market_new.py:431: DeprecationWarning: __array_wrap__ must accept context and return_scalar arguments (positionally) in the future. (Deprecated NumPy 2.0)
  #     best_X_lsc_hinge = best_X_lsc_hinge * std.values + mean.values
INFO:root:Optimization started
INFO:root:U_1-Qu_upper=0.5, U_2-Qv_upper=-0.41413379340414364
INFO:root:eta=1, l=0.24000000000000002, r=1
INFO:root:Iter 1: Q=5.2837, term1=0.0001, term2=0.3013, penalty=4.982327461242676
INFO:root:U_1-Qu_upper=0.5, U_2-Qv_upper=-0.41811182077439096
INFO:root:eta=1, l=0.278, r=1
INFO:root:Iter 2: Q=4.9539, term1=0.0001, term2=0.2924, penalty=4.661486625671387
INFO:root:U_1-Qu_upper=0.5, U_2-Qv_upper=-0.40649357157075333
INFO:root:eta=1, l=0.31410000000000005, r=1
INFO:root:Iter 3: Q=4.6427, term1=0.0002, term2=0.2799, penalty=4.362767696380615
INFO:root:U_1-Qu_upper=0.5, U_2-Qv_upper=-0.40468585892759007
INFO:root:eta=1, l=0.34839500000000007, r=1
INFO:root:Iter 4: Q=4.3532, term1=0.0002, term2=0.2724, penalty=4.080755233764648
INFO:root:U_1-Qu_upper=0.5, U_2-Qv_upper=-0.39486568726612187
INFO:root:eta=1, l=0.38097525000000004, r=1
INFO:root:Iter 5: Q=4.0792, term1=0.0003, term2=0.2656, penalty=3.8135650157928467
INFO:root:U_1-Qu_upper=0.5, U_2-Qv_upper=-0.38337480035914656
INFO:root:eta=1, l=0.41192648750000005, r=1
INFO:root:Iter 6: Q=3.8237, term1=0.0003, term2=0.2604, penalty=3.563218593597412
INFO:root:U_1-Qu_upper=0.5, U_2-Qv_upper=-0.39603542989081114
INFO:root:eta=1, l=0.44133016312500006, r=1
INFO:root:Iter 7: Q=3.5810, term1=0.0004, term2=0.2544, penalty=3.326594591140747
INFO:root:U_1-Qu_upper=0.5, U_2-Qv_upper=-0.35591641303593763
INFO:root:eta=1, l=0.46926365496875005, r=1
INFO:root:Iter 8: Q=3.3530, term1=0.0004, term2=0.2503, penalty=3.102724313735962
INFO:root:U_1-Qu_upper=0.5, U_2-Qv_upper=-0.36776754488803903
INFO:root:eta=1, l=0.49580047222031254, r=1
INFO:root:Iter 9: Q=3.1382, term1=0.0005, term2=0.2475, penalty=2.89064621925354
INFO:root:U_1-Qu_upper=0.5, U_2-Qv_upper=-0.3635600994480241
INFO:root:eta=1, l=0.5210104486092969, r=1
INFO:root:Iter 10: Q=2.9344, term1=0.0005, term2=0.2446, penalty=2.6897404193878174
INFO:root:U_1-Qu_upper=0.49492724644266867, U_2-Qv_upper=-0.36103484274481573
INFO:root:eta=1, l=0.544959926178832, r=1
INFO:root:Iter 11: Q=2.7432, term1=0.0005, term2=0.2418, penalty=2.501439094543457
INFO:root:U_1-Qu_upper=0.5, U_2-Qv_upper=-0.36021076998652707
INFO:root:eta=1, l=0.5677119298698905, r=1
INFO:root:Iter 12: Q=2.5671, term1=0.0006, term2=0.2391, penalty=2.327962875366211
INFO:root:U_1-Qu_upper=0.5, U_2-Qv_upper=-0.3431726175359591
INFO:root:eta=1, l=0.589326333376396, r=1
INFO:root:Iter 13: Q=2.4020, term1=0.0006, term2=0.2367, penalty=2.1653268337249756
INFO:root:U_1-Qu_upper=0.5, U_2-Qv_upper=-0.3518773613157324
INFO:root:eta=1, l=0.6098600167075762, r=1
INFO:root:Iter 14: Q=2.2478, term1=0.0007, term2=0.2348, penalty=2.0130536556243896
INFO:root:U_1-Qu_upper=0.5, U_2-Qv_upper=-0.3617830690540936
INFO:root:eta=1, l=0.6293670158721973, r=1
INFO:root:Iter 15: Q=2.1024, term1=0.0007, term2=0.2336, penalty=1.8688017129898071
INFO:root:U_1-Qu_upper=0.5, U_2-Qv_upper=-0.34147191966021667
INFO:root:eta=1, l=0.6478986650785875, r=1
INFO:root:Iter 16: Q=1.9648, term1=0.0008, term2=0.2326, penalty=1.7321476936340332
INFO:root:U_1-Qu_upper=0.5, U_2-Qv_upper=-0.35271056249935756
INFO:root:eta=1, l=0.6655037318246582, r=1
INFO:root:Iter 17: Q=1.8352, term1=0.0008, term2=0.2320, penalty=1.6032464504241943
INFO:root:U_1-Qu_upper=0.4978308507496916, U_2-Qv_upper=-0.3454742382511579
INFO:root:eta=1, l=0.6822285452334252, r=1
INFO:root:Iter 18: Q=1.7166, term1=0.0008, term2=0.2315, penalty=1.4850475788116455
INFO:root:U_1-Qu_upper=0.4941098239205948, U_2-Qv_upper=-0.35028631330373433
INFO:root:eta=1, l=0.698117117971754, r=1
INFO:root:Iter 19: Q=1.6067, term1=0.0009, term2=0.2312, penalty=1.3755600452423096
INFO:root:U_1-Qu_upper=0.4963085028114621, U_2-Qv_upper=-0.3341497972855924
INFO:root:eta=1, l=0.7132112620731663, r=1
INFO:root:Iter 20: Q=1.5027, term1=0.0009, term2=0.2308, penalty=1.2718397378921509
INFO:root:U_1-Qu_upper=0.5, U_2-Qv_upper=-0.34141110245313006
INFO:root:eta=1, l=0.727550698969508, r=1
INFO:root:Iter 21: Q=1.4093, term1=0.0009, term2=0.2305, penalty=1.1787774562835693
INFO:root:U_1-Qu_upper=0.49516580791630643, U_2-Qv_upper=-0.34830639300820715
INFO:root:eta=1, l=0.7411731640210326, r=1
INFO:root:Iter 22: Q=1.3226, term1=0.0009, term2=0.2302, penalty=1.09237539768219
INFO:root:U_1-Qu_upper=0.5, U_2-Qv_upper=-0.3436601532115214
INFO:root:eta=1, l=0.754114505819981, r=1
INFO:root:Iter 23: Q=1.2436, term1=0.0009, term2=0.2299, penalty=1.0137051343917847
INFO:root:U_1-Qu_upper=0.4952595426490963, U_2-Qv_upper=-0.3283249810697258
INFO:root:eta=1, l=0.7664087805289819, r=1
INFO:root:Iter 24: Q=1.1697, term1=0.0010, term2=0.2296, penalty=0.9401516914367676
INFO:root:U_1-Qu_upper=0.48896812054031286, U_2-Qv_upper=-0.3314304501087943
INFO:root:eta=1, l=0.7780883415025328, r=1
INFO:root:Iter 25: Q=1.1025, term1=0.0010, term2=0.2292, penalty=0.8732717633247375
INFO:root:U_1-Qu_upper=0.48813784899125756, U_2-Qv_upper=-0.34438077586191135
INFO:root:eta=1, l=0.7891839244274061, r=1
INFO:root:Iter 26: Q=1.0388, term1=0.0010, term2=0.2289, penalty=0.8099145293235779
INFO:root:U_1-Qu_upper=0.4831144990094868, U_2-Qv_upper=-0.33325955706021143
INFO:root:eta=1, l=0.7997247282060358, r=1
INFO:root:Iter 27: Q=0.9785, term1=0.0010, term2=0.2286, penalty=0.749894917011261
INFO:root:U_1-Qu_upper=0.48336259135639736, U_2-Qv_upper=-0.33328585816670814
INFO:root:eta=1, l=0.809738491795734, r=1
INFO:root:Iter 28: Q=0.9213, term1=0.0010, term2=0.2282, penalty=0.6930383443832397
INFO:root:U_1-Qu_upper=0.4879962203799308, U_2-Qv_upper=-0.3358514311022753
INFO:root:eta=1, l=0.8192515672059473, r=1
INFO:root:Iter 29: Q=0.8670, term1=0.0011, term2=0.2278, penalty=0.6391816139221191
INFO:root:U_1-Qu_upper=0.48513710340387933, U_2-Qv_upper=-0.33041725846552966
INFO:root:eta=1, l=0.8282889888456499, r=1
INFO:root:Iter 30: Q=0.8155, term1=0.0011, term2=0.2274, penalty=0.5881665945053101
INFO:root:U_1-Qu_upper=0.483987542720449, U_2-Qv_upper=-0.34123238461728683
INFO:root:eta=1, l=0.8368745394033674, r=1
INFO:root:Iter 31: Q=0.7667, term1=0.0011, term2=0.2268, penalty=0.5398426651954651
INFO:root:U_1-Qu_upper=0.48373150726599845, U_2-Qv_upper=-0.3331455714046036
INFO:root:eta=1, l=0.8450308124331991, r=1
INFO:root:Iter 32: Q=0.7231, term1=0.0011, term2=0.2262, penalty=0.49683693051338196
INFO:root:U_1-Qu_upper=0.48647858538048794, U_2-Qv_upper=-0.3465669806796689
INFO:root:eta=1, l=0.8527792718115391, r=1
INFO:root:Iter 33: Q=0.6822, term1=0.0011, term2=0.2254, penalty=0.45681220293045044
INFO:root:U_1-Qu_upper=0.48309521383923937, U_2-Qv_upper=-0.333038678486335
INFO:root:eta=1, l=0.8601403082209622, r=1
INFO:root:Iter 34: Q=0.6433, term1=0.0012, term2=0.2244, penalty=0.4189082384109497
INFO:root:U_1-Qu_upper=0.485270543365443, U_2-Qv_upper=-0.3355011176768971
INFO:root:eta=1, l=0.8671332928099141, r=1
INFO:root:Iter 35: Q=0.6059, term1=0.0012, term2=0.2228, penalty=0.38301515579223633
INFO:root:U_1-Qu_upper=0.4878659158705124, U_2-Qv_upper=-0.3452500770917793
INFO:root:eta=1, l=0.8737766281694185, r=1
INFO:root:Iter 36: Q=0.5699, term1=0.0012, term2=0.2208, penalty=0.3490264415740967
INFO:root:U_1-Qu_upper=0.4829152399199203, U_2-Qv_upper=-0.3385025765366834
INFO:root:eta=1, l=0.8800877967609475, r=1
INFO:root:Iter 37: Q=0.5356, term1=0.0012, term2=0.2187, penalty=0.31691667437553406
INFO:root:U_1-Qu_upper=0.4807047145358329, U_2-Qv_upper=-0.33683498175885734
INFO:root:eta=1, l=0.8860834069229001, r=1
INFO:root:Iter 38: Q=0.5068, term1=0.0012, term2=0.2171, penalty=0.28972822427749634
INFO:root:U_1-Qu_upper=0.4803609410860086, U_2-Qv_upper=-0.33223115449733825
INFO:root:eta=1, l=0.8917792365767551, r=1
INFO:root:Iter 39: Q=0.4801, term1=0.0012, term2=0.2161, penalty=0.2639963626861572
INFO:root:U_1-Qu_upper=0.4797394030086019, U_2-Qv_upper=-0.33412836629051873
INFO:root:eta=1, l=0.8971902747479173, r=1
INFO:root:Iter 40: Q=0.4549, term1=0.0013, term2=0.2154, penalty=0.23951269686222076
INFO:root:U_1-Qu_upper=0.47912466360757994, U_2-Qv_upper=-0.31532866497175444
INFO:root:eta=1, l=0.9023307610105215, r=1
INFO:root:Iter 41: Q=0.4310, term1=0.0013, term2=0.2147, penalty=0.21630895137786865
INFO:root:U_1-Qu_upper=0.4795073647923219, U_2-Qv_upper=-0.32226336850549225
INFO:root:eta=1, l=0.9072142229599954, r=1
INFO:root:Iter 42: Q=0.4080, term1=0.0013, term2=0.2138, penalty=0.19422999024391174
INFO:root:U_1-Qu_upper=0.47981469292136036, U_2-Qv_upper=-0.33157682397388993
INFO:root:eta=1, l=0.9118535118119957, r=1
INFO:root:Iter 43: Q=0.3839, term1=0.0013, term2=0.2109, penalty=0.17306818068027496
INFO:root:U_1-Qu_upper=0.48010201873172476, U_2-Qv_upper=-0.3172668025820659
INFO:root:eta=1, l=0.9162608362213959, r=1
INFO:root:Iter 44: Q=0.3571, term1=0.0013, term2=0.2049, penalty=0.1522466391324997
INFO:root:U_1-Qu_upper=0.4812923251765642, U_2-Qv_upper=-0.30440859393797487
INFO:root:eta=1, l=0.9204477944103261, r=1
INFO:root:Iter 45: Q=0.3413, term1=0.0013, term2=0.2042, penalty=0.13719333708286285
INFO:root:U_1-Qu_upper=0.4763967601832335, U_2-Qv_upper=-0.31937388439491804
INFO:root:eta=1, l=0.9244254046898098, r=1
INFO:root:Iter 46: Q=0.3269, term1=0.0013, term2=0.2039, penalty=0.1230049580335617
INFO:root:U_1-Qu_upper=0.48026657384566057, U_2-Qv_upper=-0.31011279631556715
INFO:root:eta=1, l=0.9282041344553194, r=1
INFO:root:Iter 47: Q=0.3132, term1=0.0013, term2=0.2036, penalty=0.10955990105867386
INFO:root:U_1-Qu_upper=0.48041208018377624, U_2-Qv_upper=-0.32677441691190473
INFO:root:eta=1, l=0.9317939277325534, r=1
INFO:root:Iter 48: Q=0.3002, term1=0.0013, term2=0.2033, penalty=0.09682421386241913
INFO:root:U_1-Qu_upper=0.4812608280130175, U_2-Qv_upper=-0.3034054121596122
INFO:root:eta=1, l=0.9352042313459258, r=1
INFO:root:Iter 49: Q=0.2879, term1=0.0013, term2=0.2031, penalty=0.08477114140987396
INFO:root:U_1-Qu_upper=0.47775977746687104, U_2-Qv_upper=-0.3101157170678602
INFO:root:eta=1, l=0.9384440197786295, r=1
INFO:root:Iter 50: Q=0.2762, term1=0.0014, term2=0.2028, penalty=0.07335291802883148
/zhome/c3/3/213266/SC/distributional-counterfactual-explanation/market_new.py:431: DeprecationWarning: __array_wrap__ must accept context and return_scalar arguments (positionally) in the future. (Deprecated NumPy 2.0)
  #     best_X_lsc_hinge = best_X_lsc_hinge * std.values + mean.values
INFO:root:Optimization started
INFO:root:U_1-Qu_upper=0.5, U_2-Qv_upper=-0.4050336575421148
INFO:root:eta=1, l=0.24000000000000002, r=1
INFO:root:Iter 1: Q=5.2749, term1=0.0001, term2=0.2937, penalty=4.981173992156982
INFO:root:U_1-Qu_upper=0.5, U_2-Qv_upper=-0.3922678605872166
INFO:root:eta=1, l=0.278, r=1
INFO:root:Iter 2: Q=4.9438, term1=0.0001, term2=0.2841, penalty=4.659671783447266
INFO:root:U_1-Qu_upper=0.5, U_2-Qv_upper=-0.42531803391345296
INFO:root:eta=1, l=0.31410000000000005, r=1
INFO:root:Iter 3: Q=4.6310, term1=0.0002, term2=0.2759, penalty=4.3550944328308105
INFO:root:U_1-Qu_upper=0.5, U_2-Qv_upper=-0.39579870283920665
INFO:root:eta=1, l=0.34839500000000007, r=1
INFO:root:Iter 4: Q=4.3377, term1=0.0002, term2=0.2685, penalty=4.069207191467285
INFO:root:U_1-Qu_upper=0.5, U_2-Qv_upper=-0.3865420929068433
INFO:root:eta=1, l=0.38097525000000004, r=1
INFO:root:Iter 5: Q=4.0651, term1=0.0002, term2=0.2627, penalty=3.8023881912231445
INFO:root:U_1-Qu_upper=0.5, U_2-Qv_upper=-0.37309690246364496
INFO:root:eta=1, l=0.41192648750000005, r=1
INFO:root:Iter 6: Q=3.8123, term1=0.0003, term2=0.2590, penalty=3.553309917449951
INFO:root:U_1-Qu_upper=0.5, U_2-Qv_upper=-0.3776182402232446
INFO:root:eta=1, l=0.44133016312500006, r=1
INFO:root:Iter 7: Q=3.5715, term1=0.0003, term2=0.2543, penalty=3.3172292709350586
INFO:root:U_1-Qu_upper=0.5, U_2-Qv_upper=-0.3756958929630417
INFO:root:eta=1, l=0.46926365496875005, r=1
INFO:root:Iter 8: Q=3.3434, term1=0.0003, term2=0.2500, penalty=3.0934572219848633
INFO:root:U_1-Qu_upper=0.5, U_2-Qv_upper=-0.36890419743175534
INFO:root:eta=1, l=0.49580047222031254, r=1
INFO:root:Iter 9: Q=3.1293, term1=0.0004, term2=0.2474, penalty=2.8818750381469727
INFO:root:U_1-Qu_upper=0.5, U_2-Qv_upper=-0.3556573061783867
INFO:root:eta=1, l=0.5210104486092969, r=1
INFO:root:Iter 10: Q=2.9272, term1=0.0004, term2=0.2448, penalty=2.6823782920837402
INFO:root:U_1-Qu_upper=0.5, U_2-Qv_upper=-0.35418487415796257
INFO:root:eta=1, l=0.544959926178832, r=1
INFO:root:Iter 11: Q=2.7385, term1=0.0004, term2=0.2424, penalty=2.49606990814209
INFO:root:U_1-Qu_upper=0.5, U_2-Qv_upper=-0.3534901576372695
INFO:root:eta=1, l=0.5677119298698905, r=1
INFO:root:Iter 12: Q=2.5630, term1=0.0005, term2=0.2401, penalty=2.322906970977783
INFO:root:U_1-Qu_upper=0.5, U_2-Qv_upper=-0.35990729349618095
INFO:root:eta=1, l=0.589326333376396, r=1
INFO:root:Iter 13: Q=2.3979, term1=0.0005, term2=0.2379, penalty=2.1599678993225098
INFO:root:U_1-Qu_upper=0.5, U_2-Qv_upper=-0.3561870286451871
INFO:root:eta=1, l=0.6098600167075762, r=1
INFO:root:Iter 14: Q=2.2439, term1=0.0005, term2=0.2359, penalty=2.007984161376953
INFO:root:U_1-Qu_upper=0.5, U_2-Qv_upper=-0.3576808756416125
INFO:root:eta=1, l=0.6293670158721973, r=1
INFO:root:Iter 15: Q=2.0985, term1=0.0006, term2=0.2345, penalty=1.8640060424804688
INFO:root:U_1-Qu_upper=0.5, U_2-Qv_upper=-0.3499981171209317
INFO:root:eta=1, l=0.6478986650785875, r=1
INFO:root:Iter 16: Q=1.9613, term1=0.0006, term2=0.2337, penalty=1.727611780166626
INFO:root:U_1-Qu_upper=0.5, U_2-Qv_upper=-0.34635565908327853
INFO:root:eta=1, l=0.6655037318246582, r=1
INFO:root:Iter 17: Q=1.8321, term1=0.0007, term2=0.2330, penalty=1.599078893661499
INFO:root:U_1-Qu_upper=0.49501645974713865, U_2-Qv_upper=-0.3585023853398012
INFO:root:eta=1, l=0.6822285452334252, r=1
INFO:root:Iter 18: Q=1.7147, term1=0.0007, term2=0.2325, penalty=1.4821736812591553
INFO:root:U_1-Qu_upper=0.5, U_2-Qv_upper=-0.3491891962111681
INFO:root:eta=1, l=0.698117117971754, r=1
INFO:root:Iter 19: Q=1.6049, term1=0.0008, term2=0.2321, penalty=1.3728454113006592
INFO:root:U_1-Qu_upper=0.4945016696640505, U_2-Qv_upper=-0.35234460830632014
INFO:root:eta=1, l=0.7132112620731663, r=1
INFO:root:Iter 20: Q=1.5010, term1=0.0008, term2=0.2317, penalty=1.269275426864624
INFO:root:U_1-Qu_upper=0.49266697950735105, U_2-Qv_upper=-0.3389054052268489
INFO:root:eta=1, l=0.727550698969508, r=1
INFO:root:Iter 21: Q=1.4056, term1=0.0008, term2=0.2313, penalty=1.1743355989456177
INFO:root:U_1-Qu_upper=0.48895261366725395, U_2-Qv_upper=-0.34118187647070525
INFO:root:eta=1, l=0.7411731640210326, r=1
INFO:root:Iter 22: Q=1.3174, term1=0.0009, term2=0.2309, penalty=1.086496353149414
INFO:root:U_1-Qu_upper=0.48653104272803305, U_2-Qv_upper=-0.3324571023593514
INFO:root:eta=1, l=0.754114505819981, r=1
INFO:root:Iter 23: Q=1.2389, term1=0.0009, term2=0.2304, penalty=1.0084415674209595
INFO:root:U_1-Qu_upper=0.4859960962883933, U_2-Qv_upper=-0.34211695276623605
INFO:root:eta=1, l=0.7664087805289819, r=1
INFO:root:Iter 24: Q=1.1645, term1=0.0009, term2=0.2300, penalty=0.9345022439956665
INFO:root:U_1-Qu_upper=0.486744925017019, U_2-Qv_upper=-0.3538064131867766
INFO:root:eta=1, l=0.7780883415025328, r=1
INFO:root:Iter 25: Q=1.0966, term1=0.0010, term2=0.2294, penalty=0.8672164678573608
INFO:root:U_1-Qu_upper=0.4825689120073058, U_2-Qv_upper=-0.32252747940400656
INFO:root:eta=1, l=0.7891839244274061, r=1
INFO:root:Iter 26: Q=1.0329, term1=0.0010, term2=0.2287, penalty=0.8041963577270508
INFO:root:U_1-Qu_upper=0.4884675047495742, U_2-Qv_upper=-0.34277378889020355
INFO:root:eta=1, l=0.7997247282060358, r=1
INFO:root:Iter 27: Q=0.9723, term1=0.0011, term2=0.2278, penalty=0.7444992661476135
INFO:root:U_1-Qu_upper=0.47936139699324765, U_2-Qv_upper=-0.3512889125867044
INFO:root:eta=1, l=0.809738491795734, r=1
INFO:root:Iter 28: Q=0.9145, term1=0.0011, term2=0.2266, penalty=0.6879525780677795
INFO:root:U_1-Qu_upper=0.4788699486388646, U_2-Qv_upper=-0.33442406165148714
INFO:root:eta=1, l=0.8192515672059473, r=1
INFO:root:Iter 29: Q=0.8592, term1=0.0011, term2=0.2248, penalty=0.6344132423400879
INFO:root:U_1-Qu_upper=0.47667949648337105, U_2-Qv_upper=-0.3342213771170756
INFO:root:eta=1, l=0.8282889888456499, r=1
INFO:root:Iter 30: Q=0.8063, term1=0.0012, term2=0.2227, penalty=0.583652138710022
INFO:root:U_1-Qu_upper=0.47902708877930994, U_2-Qv_upper=-0.3388654249348318
INFO:root:eta=1, l=0.8368745394033674, r=1
INFO:root:Iter 31: Q=0.7563, term1=0.0012, term2=0.2207, penalty=0.5355321764945984
INFO:root:U_1-Qu_upper=0.48344966843625437, U_2-Qv_upper=-0.34696600942976025
INFO:root:eta=1, l=0.8450308124331991, r=1
INFO:root:Iter 32: Q=0.7110, term1=0.0013, term2=0.2193, penalty=0.49169716238975525
INFO:root:U_1-Qu_upper=0.47669361556150186, U_2-Qv_upper=-0.3438312590339591
INFO:root:eta=1, l=0.8527792718115391, r=1
INFO:root:Iter 33: Q=0.6698, term1=0.0013, term2=0.2181, penalty=0.4516720175743103
INFO:root:U_1-Qu_upper=0.47779870253231227, U_2-Qv_upper=-0.32253702403082646
INFO:root:eta=1, l=0.8601403082209622, r=1
INFO:root:Iter 34: Q=0.6291, term1=0.0014, term2=0.2156, penalty=0.41346949338912964
INFO:root:U_1-Qu_upper=0.47384297134347175, U_2-Qv_upper=-0.32777563759448697
INFO:root:eta=1, l=0.8671332928099141, r=1
INFO:root:Iter 35: Q=0.5851, term1=0.0014, term2=0.2087, penalty=0.3764064610004425
INFO:root:U_1-Qu_upper=0.46910218849300833, U_2-Qv_upper=-0.3199595859333309
INFO:root:eta=1, l=0.8737766281694185, r=1
INFO:root:Iter 36: Q=0.5503, term1=0.0014, term2=0.2078, penalty=0.34253016114234924
INFO:root:U_1-Qu_upper=0.46886814502894164, U_2-Qv_upper=-0.32200890182560143
INFO:root:eta=1, l=0.8800877967609475, r=1
INFO:root:Iter 37: Q=0.5179, term1=0.0015, term2=0.2074, penalty=0.31054866313934326
INFO:root:U_1-Qu_upper=0.4677579574466179, U_2-Qv_upper=-0.3277199595160489
INFO:root:eta=1, l=0.8860834069229001, r=1
INFO:root:Iter 38: Q=0.4894, term1=0.0015, term2=0.2070, penalty=0.28245872259140015
INFO:root:U_1-Qu_upper=0.46929697349607513, U_2-Qv_upper=-0.3158014045955851
INFO:root:eta=1, l=0.8917792365767551, r=1
INFO:root:Iter 39: Q=0.4637, term1=0.0015, term2=0.2066, penalty=0.25713858008384705
INFO:root:U_1-Qu_upper=0.46611257259769084, U_2-Qv_upper=-0.3244175652819466
INFO:root:eta=1, l=0.8971902747479173, r=1
INFO:root:Iter 40: Q=0.4394, term1=0.0015, term2=0.2063, penalty=0.23314905166625977
INFO:root:U_1-Qu_upper=0.46843667873687395, U_2-Qv_upper=-0.3074482081062407
INFO:root:eta=1, l=0.9023307610105215, r=1
INFO:root:Iter 41: Q=0.4164, term1=0.0015, term2=0.2060, penalty=0.21043866872787476
INFO:root:U_1-Qu_upper=0.46862731016154774, U_2-Qv_upper=-0.3210103032897525
INFO:root:eta=1, l=0.9072142229599954, r=1
INFO:root:Iter 42: Q=0.3946, term1=0.0016, term2=0.2057, penalty=0.188924640417099
INFO:root:U_1-Qu_upper=0.4682819129302273, U_2-Qv_upper=-0.33047866346702853
INFO:root:eta=1, l=0.9118535118119957, r=1
INFO:root:Iter 43: Q=0.3739, term1=0.0016, term2=0.2054, penalty=0.1685437560081482
INFO:root:U_1-Qu_upper=0.4689853336065135, U_2-Qv_upper=-0.3048274732704123
INFO:root:eta=1, l=0.9162608362213959, r=1
INFO:root:Iter 44: Q=0.3548, term1=0.0016, term2=0.2051, penalty=0.14969435334205627
INFO:root:U_1-Qu_upper=0.4640737727447437, U_2-Qv_upper=-0.31188310318988627
INFO:root:eta=1, l=0.9204477944103261, r=1
INFO:root:Iter 45: Q=0.3397, term1=0.0016, term2=0.2048, penalty=0.13485637307167053
INFO:root:U_1-Qu_upper=0.4701637521176608, U_2-Qv_upper=-0.3240230960277883
INFO:root:eta=1, l=0.9244254046898098, r=1
INFO:root:Iter 46: Q=0.3254, term1=0.0016, term2=0.2046, penalty=0.12079998105764389
INFO:root:U_1-Qu_upper=0.46560389488457843, U_2-Qv_upper=-0.30303525695550865
INFO:root:eta=1, l=0.9282041344553194, r=1
INFO:root:Iter 47: Q=0.3118, term1=0.0016, term2=0.2044, penalty=0.10748402774333954
INFO:root:U_1-Qu_upper=0.46500811815480503, U_2-Qv_upper=-0.336050186026503
INFO:root:eta=1, l=0.9317939277325534, r=1
INFO:root:Iter 48: Q=0.2990, term1=0.0016, term2=0.2041, penalty=0.0948694497346878
INFO:root:U_1-Qu_upper=0.46461048731547955, U_2-Qv_upper=-0.32404803912600705
INFO:root:eta=1, l=0.9352042313459258, r=1
INFO:root:Iter 49: Q=0.2868, term1=0.0017, term2=0.2039, penalty=0.08291935920715332
INFO:root:U_1-Qu_upper=0.4623042815818153, U_2-Qv_upper=-0.32016309793487413
INFO:root:eta=1, l=0.9384440197786295, r=1
INFO:root:Iter 50: Q=0.2752, term1=0.0017, term2=0.2036, penalty=0.07159869372844696
/zhome/c3/3/213266/SC/distributional-counterfactual-explanation/market_new.py:431: DeprecationWarning: __array_wrap__ must accept context and return_scalar arguments (positionally) in the future. (Deprecated NumPy 2.0)
  #     best_X_lsc_hinge = best_X_lsc_hinge * std.values + mean.values
Using device: cuda
Test Accuracy: 85.94%
X Sliced Wasserstein Distance (SWD) with LSC constraint: 0.041941
Y Wasserstein Distance (WD) with LSC constraint: 0.253997
X Sliced Wasserstein Distance (SWD) with LSC constraint: 0.042960
Y Wasserstein Distance (WD) with LSC constraint: 0.254394
X Sliced Wasserstein Distance (SWD) with LSC constraint: 0.046379
Y Wasserstein Distance (WD) with LSC constraint: 0.254407
X Sliced Wasserstein Distance (SWD) with LSC constraint: 0.041122
Y Wasserstein Distance (WD) with LSC constraint: 0.253533
X Sliced Wasserstein Distance (SWD) with LSC constraint: 0.045877
Y Wasserstein Distance (WD) with LSC constraint: 0.254525

------------------------------------------------------------
Sender: LSF System <lsfadmin@hpc.dtu.dk>
Subject: Job 27595541: <NONAME> in cluster <dcc> Done

Job <NONAME> was submitted from host <hpclogin1> by user <s242612> in cluster <dcc> at Mon Jan 12 03:28:34 2026
Job was executed on host(s) <4*n-62-20-16>, in queue <gpuv100>, as user <s242612> in cluster <dcc> at Mon Jan 12 03:28:35 2026
</zhome/c3/3/213266> was used as the home directory.
</zhome/c3/3/213266/SC/distributional-counterfactual-explanation> was used as the working directory.
Started at Mon Jan 12 03:28:35 2026
Terminated at Mon Jan 12 05:35:06 2026
Results reported at Mon Jan 12 05:35:06 2026

Your job looked like:

------------------------------------------------------------
# LSBATCH: User input
#!/bin/bash
#BSUB -q gpuv100              # 指定队列类型
#BSUB -gpu "num=1"             # 请求一个 GPU
#BSUB -n 4                     # 请求 4 个 CPU 核心
#BSUB -R "rusage[mem=4096]"     # 请求 4096MB 内存
#BSUB -W 6:00                  # 设置最大运行时长为 1 小时
#BSUB -o output_%J.log         # 输出日志文件名设置为 output_<job_id>.log

# 激活虚拟环境
source ~/myenv/bin/activate

# 运行你的 Python 脚本
# python HELOC.py
# python Cardio.py
# python Cardio.py
# python cardio_new.py
# python HELOC_new.py
python market_new.py




------------------------------------------------------------

Successfully completed.

Resource usage summary:

    CPU time :                                   7548.32 sec.
    Max Memory :                                 7822 MB
    Average Memory :                             7583.31 MB
    Total Requested Memory :                     16384.00 MB
    Delta Memory :                               8562.00 MB
    Max Swap :                                   -
    Max Processes :                              4
    Max Threads :                                8
    Run time :                                   7677 sec.
    Turnaround time :                            7592 sec.

The output (if any) is above this job summary.

