/zhome/c3/3/213266/myenv/lib64/python3.9/site-packages/networkx/utils/backends.py:135: RuntimeWarning: networkx backend defined more than once: nx-loopback
  backends.update(_get_backends("networkx.backends"))
INFO:root:Optimization started
INFO:root:U_1-Qu_upper=0.5, U_2-Qv_upper=-0.423156950932191
INFO:root:eta=1, l=0.24000000000000002, r=1
INFO:root:Iter 1: Q=0.2509, term1=0.0158, term2=0.2165, penalty=0.03446945920586586
INFO:root:U_1-Qu_upper=0.4804120437110104, U_2-Qv_upper=-0.34998069909903046
INFO:root:eta=1, l=0.278, r=1
INFO:root:Iter 2: Q=0.2852, term1=0.0044, term2=0.1876, penalty=0.09756425768136978
INFO:root:U_1-Qu_upper=0.4638679672306011, U_2-Qv_upper=-0.3141944476559852
INFO:root:eta=1, l=0.31410000000000005, r=1
INFO:root:Iter 3: Q=0.1843, term1=0.0065, term2=0.1642, penalty=0.020061807706952095
INFO:root:U_1-Qu_upper=0.43440502334783404, U_2-Qv_upper=-0.2856601036206145
INFO:root:eta=1, l=0.34839500000000007, r=1
INFO:root:Iter 4: Q=0.1727, term1=0.0085, term2=0.1467, penalty=0.026038944721221924
INFO:root:U_1-Qu_upper=0.4058411811059819, U_2-Qv_upper=-0.1379690699792211
INFO:root:eta=1, l=0.38097525000000004, r=1
INFO:root:Iter 5: Q=0.1093, term1=0.0080, term2=0.0985, penalty=0.01074741967022419
INFO:root:U_1-Qu_upper=0.3974333216911082, U_2-Qv_upper=-0.1315597922383826
INFO:root:eta=1, l=0.41192648750000005, r=1
INFO:root:Iter 6: Q=0.0931, term1=0.0095, term2=0.0911, penalty=0.001915088971145451
INFO:root:U_1-Qu_upper=0.38404810434761266, U_2-Qv_upper=-0.11403000924554119
INFO:root:eta=1, l=0.44133016312500006, r=1
INFO:root:Iter 7: Q=0.0885, term1=0.0103, term2=0.0884, penalty=9.243340173270553e-05
INFO:root:U_1-Qu_upper=0.3752255419729941, U_2-Qv_upper=-0.10780103320684531
INFO:root:eta=1, l=0.46926365496875005, r=1
INFO:root:Iter 8: Q=0.0947, term1=0.0098, term2=0.0925, penalty=0.0021966956555843353
INFO:root:U_1-Qu_upper=0.37438629226098663, U_2-Qv_upper=-0.11408609129618902
INFO:root:eta=1, l=0.49580047222031254, r=1
INFO:root:Iter 9: Q=0.0869, term1=0.0149, term2=0.0861, penalty=0.0007837595185264945
INFO:root:U_1-Qu_upper=0.34905028398219495, U_2-Qv_upper=-0.09918440008008755
INFO:root:eta=1, l=0.5210104486092969, r=1
INFO:root:Iter 10: Q=0.0827, term1=0.0131, term2=0.0822, penalty=0.0004643536522053182
INFO:root:U_1-Qu_upper=0.3424190670863283, U_2-Qv_upper=-0.0868794966888552
INFO:root:eta=1, l=0.544959926178832, r=1
INFO:root:Iter 11: Q=0.0773, term1=0.0169, term2=0.0769, penalty=0.00043842141167260706
INFO:root:U_1-Qu_upper=0.3333743792107995, U_2-Qv_upper=-0.06687452377482578
INFO:root:eta=1, l=0.5677119298698905, r=1
INFO:root:Iter 12: Q=0.0757, term1=0.0162, term2=0.0756, penalty=0.00015809541218914092
INFO:root:U_1-Qu_upper=0.3207937476232073, U_2-Qv_upper=-0.06962759818950487
INFO:root:eta=1, l=0.589326333376396, r=1
INFO:root:Iter 13: Q=0.0735, term1=0.0164, term2=0.0730, penalty=0.0005424203118309379
INFO:root:U_1-Qu_upper=0.32378514417709425, U_2-Qv_upper=-0.06435249557958844
INFO:root:eta=1, l=0.6098600167075762, r=1
INFO:root:Iter 14: Q=0.0717, term1=0.0160, term2=0.0715, penalty=0.00016365943884011358
INFO:root:U_1-Qu_upper=0.32058688978593886, U_2-Qv_upper=-0.05582900773527161
INFO:root:eta=1, l=0.6293670158721973, r=1
INFO:root:Iter 15: Q=0.0724, term1=0.0166, term2=0.0724, penalty=0.0
INFO:root:U_1-Qu_upper=0.3187451089875222, U_2-Qv_upper=-0.05625078497662145
INFO:root:eta=1, l=0.6478986650785875, r=1
INFO:root:Iter 16: Q=0.0720, term1=0.0170, term2=0.0720, penalty=0.0
INFO:root:U_1-Qu_upper=0.31385828211848277, U_2-Qv_upper=-0.04956870575063599
INFO:root:eta=1, l=0.6655037318246582, r=1
INFO:root:Iter 17: Q=0.0709, term1=0.0171, term2=0.0709, penalty=0.0
INFO:root:U_1-Qu_upper=0.3140700951505113, U_2-Qv_upper=-0.043814261617882044
INFO:root:eta=1, l=0.6822285452334252, r=1
INFO:root:Iter 18: Q=0.0703, term1=0.0175, term2=0.0703, penalty=0.0
INFO:root:U_1-Qu_upper=0.3102993152308559, U_2-Qv_upper=-0.049465537584212016
INFO:root:eta=1, l=0.698117117971754, r=1
INFO:root:Iter 19: Q=0.0695, term1=0.0231, term2=0.0695, penalty=1.1910152863947587e-07
INFO:root:U_1-Qu_upper=0.2995960385174666, U_2-Qv_upper=-0.03957901048200363
INFO:root:eta=1, l=0.7132112620731663, r=1
INFO:root:Iter 20: Q=0.0688, term1=0.0206, term2=0.0688, penalty=0.0
INFO:root:U_1-Qu_upper=0.2949302801895297, U_2-Qv_upper=-0.04230699156634682
INFO:root:eta=1, l=0.727550698969508, r=1
INFO:root:Iter 21: Q=0.0731, term1=0.0206, term2=0.0731, penalty=6.336479418678209e-05
INFO:root:U_1-Qu_upper=0.29416342484949115, U_2-Qv_upper=-0.05877347846390535
INFO:root:eta=1, l=0.7411731640210326, r=1
INFO:root:Iter 22: Q=0.0720, term1=0.0207, term2=0.0719, penalty=1.1713497769960668e-05
INFO:root:U_1-Qu_upper=0.2926552695612996, U_2-Qv_upper=-0.048873687659451714
INFO:root:eta=1, l=0.754114505819981, r=1
INFO:root:Iter 23: Q=0.0705, term1=0.0211, term2=0.0705, penalty=0.0
INFO:root:U_1-Qu_upper=0.2935860180595159, U_2-Qv_upper=-0.036507352869670495
INFO:root:eta=1, l=0.7664087805289819, r=1
INFO:root:Iter 24: Q=0.0679, term1=0.0212, term2=0.0679, penalty=0.0
INFO:root:U_1-Qu_upper=0.2894521931268453, U_2-Qv_upper=-0.031044778422366193
INFO:root:eta=1, l=0.7780883415025328, r=1
INFO:root:Iter 25: Q=0.0659, term1=0.0214, term2=0.0659, penalty=0.0
INFO:root:U_1-Qu_upper=0.2890396142963527, U_2-Qv_upper=-0.03541575157986476
INFO:root:eta=1, l=0.7891839244274061, r=1
INFO:root:Iter 26: Q=0.0682, term1=0.0215, term2=0.0682, penalty=0.0
INFO:root:U_1-Qu_upper=0.288212490073426, U_2-Qv_upper=-0.031769448456601124
INFO:root:eta=1, l=0.7997247282060358, r=1
INFO:root:Iter 27: Q=0.0603, term1=0.0217, term2=0.0603, penalty=0.0
INFO:root:U_1-Qu_upper=0.28428907997259795, U_2-Qv_upper=-0.02082819596528862
INFO:root:eta=1, l=0.809738491795734, r=1
INFO:root:Iter 28: Q=0.0630, term1=0.0253, term2=0.0630, penalty=0.0
INFO:root:U_1-Qu_upper=0.27429852377974095, U_2-Qv_upper=-0.016302402991648368
INFO:root:eta=1, l=0.8192515672059473, r=1
INFO:root:Iter 29: Q=0.0604, term1=0.0242, term2=0.0604, penalty=0.0
INFO:root:U_1-Qu_upper=0.27259030379707794, U_2-Qv_upper=-0.009612839993684064
INFO:root:eta=1, l=0.8282889888456499, r=1
INFO:root:Iter 30: Q=0.0611, term1=0.0245, term2=0.0611, penalty=0.0
INFO:root:U_1-Qu_upper=0.27209080914751815, U_2-Qv_upper=-0.0069944618112700585
INFO:root:eta=1, l=0.8368745394033674, r=1
INFO:root:Iter 31: Q=0.0604, term1=0.0247, term2=0.0604, penalty=0.0
INFO:root:U_1-Qu_upper=0.2708024225669108, U_2-Qv_upper=-0.013826280187939799
INFO:root:eta=1, l=0.8450308124331991, r=1
INFO:root:Iter 32: Q=0.0602, term1=0.0247, term2=0.0602, penalty=0.0
INFO:root:U_1-Qu_upper=0.2700223810717718, U_2-Qv_upper=-0.010864090400781956
INFO:root:eta=1, l=0.8527792718115391, r=1
INFO:root:Iter 33: Q=0.0605, term1=0.0241, term2=0.0605, penalty=0.0
INFO:root:U_1-Qu_upper=0.27844986271387884, U_2-Qv_upper=-0.010894586127302375
INFO:root:eta=1, l=0.8601403082209622, r=1
INFO:root:Iter 34: Q=0.0642, term1=0.0236, term2=0.0642, penalty=0.0
INFO:root:U_1-Qu_upper=0.2776866588176804, U_2-Qv_upper=-0.0034460473428234994
INFO:root:eta=1, l=0.8671332928099141, r=1
INFO:root:Iter 35: Q=0.0615, term1=0.0233, term2=0.0615, penalty=0.0
INFO:root:U_1-Qu_upper=0.2777495498061036, U_2-Qv_upper=-0.010843707919633294
INFO:root:eta=1, l=0.8737766281694185, r=1
INFO:root:Iter 36: Q=0.0608, term1=0.0232, term2=0.0608, penalty=0.0
INFO:root:U_1-Qu_upper=0.27722176895091133, U_2-Qv_upper=-0.019426912216286063
INFO:root:eta=1, l=0.8800877967609475, r=1
INFO:root:Iter 37: Q=0.0633, term1=0.0228, term2=0.0633, penalty=0.0
INFO:root:U_1-Qu_upper=0.28039682717094094, U_2-Qv_upper=-0.020063290384920496
INFO:root:eta=1, l=0.8860834069229001, r=1
INFO:root:Iter 38: Q=0.0617, term1=0.0227, term2=0.0617, penalty=0.0
INFO:root:U_1-Qu_upper=0.28339344901361385, U_2-Qv_upper=-0.02127851147125054
INFO:root:eta=1, l=0.8917792365767551, r=1
INFO:root:Iter 39: Q=0.0609, term1=0.0230, term2=0.0609, penalty=0.0
INFO:root:U_1-Qu_upper=0.27908581733743976, U_2-Qv_upper=-0.01785541047463507
INFO:root:eta=1, l=0.8971902747479173, r=1
INFO:root:Iter 40: Q=0.0603, term1=0.0232, term2=0.0603, penalty=0.0
INFO:root:U_1-Qu_upper=0.2793977366226911, U_2-Qv_upper=-0.014841733433818116
INFO:root:eta=1, l=0.9023307610105215, r=1
INFO:root:Iter 41: Q=0.0599, term1=0.0234, term2=0.0599, penalty=0.0
INFO:root:U_1-Qu_upper=0.27859099347185645, U_2-Qv_upper=-0.010893711853874333
INFO:root:eta=1, l=0.9072142229599954, r=1
INFO:root:Iter 42: Q=0.0583, term1=0.0236, term2=0.0583, penalty=0.0
INFO:root:U_1-Qu_upper=0.2753197277301404, U_2-Qv_upper=-0.01428945529068032
INFO:root:eta=1, l=0.9118535118119957, r=1
INFO:root:Iter 43: Q=0.0603, term1=0.0258, term2=0.0603, penalty=0.0
INFO:root:U_1-Qu_upper=0.2679772584079721, U_2-Qv_upper=-0.006985052409065162
INFO:root:eta=1, l=0.9162608362213959, r=1
INFO:root:Iter 44: Q=0.0586, term1=0.0252, term2=0.0586, penalty=0.0
INFO:root:U_1-Qu_upper=0.26683058313893504, U_2-Qv_upper=-0.010327476397453517
INFO:root:eta=1, l=0.9204477944103261, r=1
INFO:root:Iter 45: Q=0.0580, term1=0.0258, term2=0.0580, penalty=0.0
INFO:root:U_1-Qu_upper=0.26724063815638677, U_2-Qv_upper=-0.008116980940636565
INFO:root:eta=1, l=0.9244254046898098, r=1
INFO:root:Iter 46: Q=0.0570, term1=0.0255, term2=0.0570, penalty=0.0
INFO:root:U_1-Qu_upper=0.26431739801696696, U_2-Qv_upper=-0.007964570221776879
INFO:root:eta=1, l=0.9282041344553194, r=1
INFO:root:Iter 47: Q=0.0556, term1=0.0254, term2=0.0556, penalty=0.0
INFO:root:U_1-Qu_upper=0.2669829899588913, U_2-Qv_upper=-0.0011469795770590596
INFO:root:eta=1, l=0.9317939277325534, r=1
INFO:root:Iter 48: Q=0.0630, term1=0.0249, term2=0.0630, penalty=0.0
INFO:root:U_1-Qu_upper=0.2683344510104947, U_2-Qv_upper=-0.018458111786610387
INFO:root:eta=1, l=0.9352042313459258, r=1
INFO:root:Iter 49: Q=0.0580, term1=0.0251, term2=0.0580, penalty=0.0
INFO:root:U_1-Qu_upper=0.26835419384830894, U_2-Qv_upper=-0.012861769008769397
INFO:root:eta=1, l=0.9384440197786295, r=1
INFO:root:Iter 50: Q=0.0578, term1=0.0250, term2=0.0578, penalty=0.0
/zhome/c3/3/213266/SC/distributional-counterfactual-explanation/market_new.py:346: DeprecationWarning: __array_wrap__ must accept context and return_scalar arguments (positionally) in the future. (Deprecated NumPy 2.0)
  best_X_StdConstraint = best_X_StdConstraint * std.values + mean.values
INFO:root:Optimization started
INFO:root:U_1-Qu_upper=0.5, U_2-Qv_upper=-0.3963710795459761
INFO:root:eta=1, l=0.24000000000000002, r=1
INFO:root:Iter 1: Q=0.2498, term1=0.0090, term2=0.2167, penalty=0.03316494822502136
INFO:root:U_1-Qu_upper=0.4808391483243642, U_2-Qv_upper=-0.3271979935204902
INFO:root:eta=1, l=0.278, r=1
INFO:root:Iter 2: Q=0.2965, term1=0.0098, term2=0.1891, penalty=0.10743207484483719
INFO:root:U_1-Qu_upper=0.45218132783730464, U_2-Qv_upper=-0.2961091940117802
INFO:root:eta=1, l=0.31410000000000005, r=1
INFO:root:Iter 3: Q=0.1826, term1=0.0047, term2=0.1594, penalty=0.023194925859570503
INFO:root:U_1-Qu_upper=0.43632505903557267, U_2-Qv_upper=-0.26544621794260354
INFO:root:eta=1, l=0.34839500000000007, r=1
INFO:root:Iter 4: Q=0.1575, term1=0.0054, term2=0.1410, penalty=0.016499044373631477
INFO:root:U_1-Qu_upper=0.42638221748190575, U_2-Qv_upper=-0.2533325163669928
INFO:root:eta=1, l=0.38097525000000004, r=1
INFO:root:Iter 5: Q=0.1479, term1=0.0101, term2=0.1343, penalty=0.013551763258874416
INFO:root:U_1-Qu_upper=0.4099458350368733, U_2-Qv_upper=-0.22632933216882317
INFO:root:eta=1, l=0.41192648750000005, r=1
INFO:root:Iter 6: Q=0.1328, term1=0.0063, term2=0.1281, penalty=0.004694787785410881
INFO:root:U_1-Qu_upper=0.4042229050484778, U_2-Qv_upper=-0.21357639915785404
INFO:root:eta=1, l=0.44133016312500006, r=1
INFO:root:Iter 7: Q=0.1281, term1=0.0067, term2=0.1272, penalty=0.0008832824532873929
INFO:root:U_1-Qu_upper=0.40366875692097115, U_2-Qv_upper=-0.21228024347695446
INFO:root:eta=1, l=0.46926365496875005, r=1
INFO:root:Iter 8: Q=0.1201, term1=0.0105, term2=0.1199, penalty=0.0002283414069097489
INFO:root:U_1-Qu_upper=0.38806965763376705, U_2-Qv_upper=-0.08440357762029516
INFO:root:eta=1, l=0.49580047222031254, r=1
INFO:root:Iter 9: Q=0.0871, term1=0.0084, term2=0.0870, penalty=5.4344945965567604e-05
INFO:root:U_1-Qu_upper=0.38401279839788943, U_2-Qv_upper=-0.10858944757049
INFO:root:eta=1, l=0.5210104486092969, r=1
INFO:root:Iter 10: Q=0.0848, term1=0.0097, term2=0.0813, penalty=0.0034888412337750196
INFO:root:U_1-Qu_upper=0.3768111171068168, U_2-Qv_upper=-0.08350796475941985
INFO:root:eta=1, l=0.544959926178832, r=1
INFO:root:Iter 11: Q=0.0848, term1=0.0098, term2=0.0837, penalty=0.0011079323012381792
INFO:root:U_1-Qu_upper=0.3716366005107674, U_2-Qv_upper=-0.10212485228969503
INFO:root:eta=1, l=0.5677119298698905, r=1
INFO:root:Iter 12: Q=0.0808, term1=0.0100, term2=0.0805, penalty=0.0003217511111870408
INFO:root:U_1-Qu_upper=0.36995050851857597, U_2-Qv_upper=-0.09227163000910332
INFO:root:eta=1, l=0.589326333376396, r=1
INFO:root:Iter 13: Q=0.0791, term1=0.0113, term2=0.0789, penalty=0.000249395176069811
INFO:root:U_1-Qu_upper=0.3655986581814158, U_2-Qv_upper=-0.073329409364434
INFO:root:eta=1, l=0.6098600167075762, r=1
INFO:root:Iter 14: Q=0.0771, term1=0.0127, term2=0.0771, penalty=0.0
INFO:root:U_1-Qu_upper=0.35579985678807147, U_2-Qv_upper=-0.06699349498059087
INFO:root:eta=1, l=0.6293670158721973, r=1
INFO:root:Iter 15: Q=0.0733, term1=0.0118, term2=0.0733, penalty=0.0
INFO:root:U_1-Qu_upper=0.351726332679664, U_2-Qv_upper=-0.0627952444690576
INFO:root:eta=1, l=0.6478986650785875, r=1
INFO:root:Iter 16: Q=0.0739, term1=0.0123, term2=0.0739, penalty=0.0
INFO:root:U_1-Qu_upper=0.35292171637565267, U_2-Qv_upper=-0.06840015501176733
INFO:root:eta=1, l=0.6655037318246582, r=1
INFO:root:Iter 17: Q=0.0738, term1=0.0132, term2=0.0738, penalty=0.0
INFO:root:U_1-Qu_upper=0.3486526520700499, U_2-Qv_upper=-0.061826773094717014
INFO:root:eta=1, l=0.6822285452334252, r=1
INFO:root:Iter 18: Q=0.0770, term1=0.0158, term2=0.0710, penalty=0.006055368576198816
INFO:root:U_1-Qu_upper=0.3448864368721891, U_2-Qv_upper=-0.05175750648743632
INFO:root:eta=1, l=0.698117117971754, r=1
INFO:root:Iter 19: Q=0.0731, term1=0.0139, term2=0.0727, penalty=0.00039994201506488025
INFO:root:U_1-Qu_upper=0.3428064797848007, U_2-Qv_upper=-0.053580815405903315
INFO:root:eta=1, l=0.7132112620731663, r=1
INFO:root:Iter 20: Q=0.0710, term1=0.0132, term2=0.0708, penalty=0.00016393406258430332
INFO:root:U_1-Qu_upper=0.3419500879262145, U_2-Qv_upper=-0.04881586323468173
INFO:root:eta=1, l=0.727550698969508, r=1
INFO:root:Iter 21: Q=0.0692, term1=0.0133, term2=0.0692, penalty=2.6001609512604773e-05
INFO:root:U_1-Qu_upper=0.34133628915338654, U_2-Qv_upper=-0.042971695515838126
INFO:root:eta=1, l=0.7411731640210326, r=1
INFO:root:Iter 22: Q=0.0699, term1=0.0134, term2=0.0699, penalty=1.8712231621975661e-06
INFO:root:U_1-Qu_upper=0.34193987026661415, U_2-Qv_upper=-0.04772690285466735
INFO:root:eta=1, l=0.754114505819981, r=1
INFO:root:Iter 23: Q=0.0670, term1=0.0144, term2=0.0670, penalty=0.0
INFO:root:U_1-Qu_upper=0.3373117056135112, U_2-Qv_upper=-0.03385745949864499
INFO:root:eta=1, l=0.7664087805289819, r=1
INFO:root:Iter 24: Q=0.0633, term1=0.0150, term2=0.0633, penalty=0.0
INFO:root:U_1-Qu_upper=0.3321575709083554, U_2-Qv_upper=-0.024023668790370267
INFO:root:eta=1, l=0.7780883415025328, r=1
INFO:root:Iter 25: Q=0.0617, term1=0.0151, term2=0.0617, penalty=3.298413730590255e-06
INFO:root:U_1-Qu_upper=0.3326099836439553, U_2-Qv_upper=-0.020766908201462153
INFO:root:eta=1, l=0.7891839244274061, r=1
INFO:root:Iter 26: Q=0.0588, term1=0.0153, term2=0.0587, penalty=1.0244924851576798e-05
INFO:root:U_1-Qu_upper=0.3315496829970138, U_2-Qv_upper=-0.016544899467680563
INFO:root:eta=1, l=0.7997247282060358, r=1
INFO:root:Iter 27: Q=0.0608, term1=0.0157, term2=0.0608, penalty=2.7624879294307902e-05
INFO:root:U_1-Qu_upper=0.32488152471793186, U_2-Qv_upper=-0.008823454297068156
INFO:root:eta=1, l=0.809738491795734, r=1
INFO:root:Iter 28: Q=0.0574, term1=0.0155, term2=0.0574, penalty=2.092665226882673e-06
INFO:root:U_1-Qu_upper=0.32619761514975343, U_2-Qv_upper=-0.016109885243772437
INFO:root:eta=1, l=0.8192515672059473, r=1
INFO:root:Iter 29: Q=0.0607, term1=0.0155, term2=0.0607, penalty=0.0
INFO:root:U_1-Qu_upper=0.32753992259851894, U_2-Qv_upper=-0.013967630602391257
INFO:root:eta=1, l=0.8282889888456499, r=1
INFO:root:Iter 30: Q=0.0591, term1=0.0157, term2=0.0591, penalty=1.6042722563724965e-06
INFO:root:U_1-Qu_upper=0.3271125771663763, U_2-Qv_upper=-0.012777640419405434
INFO:root:eta=1, l=0.8368745394033674, r=1
INFO:root:Iter 31: Q=0.0604, term1=0.0170, term2=0.0604, penalty=0.0
INFO:root:U_1-Qu_upper=0.32128950145747986, U_2-Qv_upper=-0.008782787307492768
INFO:root:eta=1, l=0.8450308124331991, r=1
INFO:root:Iter 32: Q=0.0591, term1=0.0164, term2=0.0591, penalty=0.0
INFO:root:U_1-Qu_upper=0.31859760692652206, U_2-Qv_upper=-0.014783392751721691
INFO:root:eta=1, l=0.8527792718115391, r=1
INFO:root:Iter 33: Q=0.0591, term1=0.0164, term2=0.0591, penalty=0.0
INFO:root:U_1-Qu_upper=0.32287191919666236, U_2-Qv_upper=-0.005783332461632762
INFO:root:eta=1, l=0.8601403082209622, r=1
INFO:root:Iter 34: Q=0.0591, term1=0.0164, term2=0.0591, penalty=0.0
INFO:root:U_1-Qu_upper=0.3236852310507472, U_2-Qv_upper=-0.015246453372895874
INFO:root:eta=1, l=0.8671332928099141, r=1
INFO:root:Iter 35: Q=0.0590, term1=0.0164, term2=0.0590, penalty=0.0
INFO:root:U_1-Qu_upper=0.32125697883137927, U_2-Qv_upper=-0.009519481547143827
INFO:root:eta=1, l=0.8737766281694185, r=1
INFO:root:Iter 36: Q=0.0589, term1=0.0164, term2=0.0589, penalty=0.0
INFO:root:U_1-Qu_upper=0.32111148091563413, U_2-Qv_upper=-0.005950199358969954
INFO:root:eta=1, l=0.8800877967609475, r=1
INFO:root:Iter 37: Q=0.0581, term1=0.0163, term2=0.0581, penalty=0.0
INFO:root:U_1-Qu_upper=0.32206275200641304, U_2-Qv_upper=-0.005743541530546348
INFO:root:eta=1, l=0.8860834069229001, r=1
INFO:root:Iter 38: Q=0.0580, term1=0.0160, term2=0.0580, penalty=0.0
INFO:root:U_1-Qu_upper=0.32544146477051084, U_2-Qv_upper=-0.009825918047122073
INFO:root:eta=1, l=0.8917792365767551, r=1
INFO:root:Iter 39: Q=0.0576, term1=0.0160, term2=0.0576, penalty=0.0
INFO:root:U_1-Qu_upper=0.32410286019102347, U_2-Qv_upper=-0.009700975911600851
INFO:root:eta=1, l=0.8971902747479173, r=1
INFO:root:Iter 40: Q=0.0581, term1=0.0159, term2=0.0581, penalty=0.0
INFO:root:U_1-Qu_upper=0.3254694413264686, U_2-Qv_upper=-0.013810723002465719
INFO:root:eta=1, l=0.9023307610105215, r=1
INFO:root:Iter 41: Q=0.0566, term1=0.0159, term2=0.0566, penalty=5.2250561566324905e-06
INFO:root:U_1-Qu_upper=0.32412179627570736, U_2-Qv_upper=0.0026394567004944247
INFO:root:eta=0.9992110639650971, l=0.9072142229599954, r=1
INFO:root:Iter 42: Q=0.0547, term1=0.0160, term2=0.0548, penalty=4.895264282822609e-06
INFO:root:U_1-Qu_upper=0.32324455429839777, U_2-Qv_upper=7.321268841797846e-05
INFO:root:eta=0.9999789894126532, l=0.9118535118119957, r=1
INFO:root:Iter 43: Q=0.0533, term1=0.0164, term2=0.0533, penalty=2.6147703465539962e-05
INFO:root:U_1-Qu_upper=0.3257152552076955, U_2-Qv_upper=0.01070125993015858
INFO:root:eta=0.9971960993602114, l=0.9162608362213959, r=1
INFO:root:Iter 44: Q=0.0523, term1=0.0160, term2=0.0524, penalty=2.707005842239596e-05
INFO:root:U_1-Qu_upper=0.3233964497705088, U_2-Qv_upper=0.007499276800417953
INFO:root:eta=0.9981021720204154, l=0.9204477944103261, r=1
INFO:root:Iter 45: Q=0.0543, term1=0.0157, term2=0.0544, penalty=1.032782734000648e-06
INFO:root:U_1-Qu_upper=0.3240249002688931, U_2-Qv_upper=-0.0006939879080032907
INFO:root:eta=1, l=0.9244254046898098, r=1
INFO:root:Iter 46: Q=0.0530, term1=0.0156, term2=0.0530, penalty=4.304951289668679e-06
INFO:root:U_1-Qu_upper=0.3248637012163755, U_2-Qv_upper=0.005070015406158868
INFO:root:eta=0.9988386626063585, l=0.9282041344553194, r=1
INFO:root:Iter 47: Q=0.0538, term1=0.0158, term2=0.0538, penalty=2.934248186647892e-05
INFO:root:U_1-Qu_upper=0.32366611180408933, U_2-Qv_upper=0.0017925011261263335
INFO:root:eta=0.999604575928468, l=0.9317939277325534, r=1
INFO:root:Iter 48: Q=0.0521, term1=0.0157, term2=0.0521, penalty=0.0
INFO:root:U_1-Qu_upper=0.3261228958224005, U_2-Qv_upper=0.013536429922691218
INFO:root:eta=0.9972817860498163, l=0.9352042313459258, r=1
INFO:root:Iter 49: Q=0.0514, term1=0.0156, term2=0.0515, penalty=5.681500169885112e-06
INFO:root:U_1-Qu_upper=0.3268708047165829, U_2-Qv_upper=0.0021708829925901063
INFO:root:eta=0.999572503918448, l=0.9384440197786295, r=1
INFO:root:Iter 50: Q=0.0523, term1=0.0160, term2=0.0523, penalty=7.827919944247697e-06
/zhome/c3/3/213266/SC/distributional-counterfactual-explanation/market_new.py:346: DeprecationWarning: __array_wrap__ must accept context and return_scalar arguments (positionally) in the future. (Deprecated NumPy 2.0)
  #     best_X_StdConstraint = best_X_StdConstraint * std.values + mean.values
INFO:root:Optimization started
INFO:root:U_1-Qu_upper=0.5, U_2-Qv_upper=-0.42551708664899984
INFO:root:eta=1, l=0.24000000000000002, r=1
INFO:root:Iter 1: Q=0.2542, term1=0.0079, term2=0.2174, penalty=0.03673558682203293
INFO:root:U_1-Qu_upper=0.5, U_2-Qv_upper=-0.3271531282176445
INFO:root:eta=1, l=0.278, r=1
INFO:root:Iter 2: Q=0.2432, term1=0.0059, term2=0.1862, penalty=0.05699073523283005
INFO:root:U_1-Qu_upper=0.4464591892996442, U_2-Qv_upper=-0.31720359244070223
INFO:root:eta=1, l=0.31410000000000005, r=1
INFO:root:Iter 3: Q=0.1714, term1=0.0060, term2=0.1616, penalty=0.009804842993617058
INFO:root:U_1-Qu_upper=0.42424674637712934, U_2-Qv_upper=-0.2591497576808401
INFO:root:eta=1, l=0.34839500000000007, r=1
INFO:root:Iter 4: Q=0.1558, term1=0.0083, term2=0.1425, penalty=0.013386712409555912
INFO:root:U_1-Qu_upper=0.40566342939220046, U_2-Qv_upper=-0.12207423710973286
INFO:root:eta=1, l=0.38097525000000004, r=1
INFO:root:Iter 5: Q=0.0988, term1=0.0094, term2=0.0947, penalty=0.0041124820709228516
INFO:root:U_1-Qu_upper=0.39075317663496134, U_2-Qv_upper=-0.1179164009199965
INFO:root:eta=1, l=0.41192648750000005, r=1
INFO:root:Iter 6: Q=0.1193, term1=0.0108, term2=0.0925, penalty=0.026856455951929092
INFO:root:U_1-Qu_upper=0.37870697189120556, U_2-Qv_upper=-0.10804120495961622
INFO:root:eta=1, l=0.44133016312500006, r=1
INFO:root:Iter 7: Q=0.0935, term1=0.0120, term2=0.0897, penalty=0.003765122964978218
INFO:root:U_1-Qu_upper=0.3662827813866042, U_2-Qv_upper=-0.11953455161814747
INFO:root:eta=1, l=0.46926365496875005, r=1
INFO:root:Iter 8: Q=0.0951, term1=0.0108, term2=0.0938, penalty=0.0012776129879057407
INFO:root:U_1-Qu_upper=0.3651234291374558, U_2-Qv_upper=-0.12008541881326146
INFO:root:eta=1, l=0.49580047222031254, r=1
INFO:root:Iter 9: Q=0.0883, term1=0.0136, term2=0.0847, penalty=0.0036251996643841267
INFO:root:U_1-Qu_upper=0.3514720160152621, U_2-Qv_upper=-0.08473982070912772
INFO:root:eta=1, l=0.5210104486092969, r=1
INFO:root:Iter 10: Q=0.0816, term1=0.0127, term2=0.0800, penalty=0.0016464005457237363
INFO:root:U_1-Qu_upper=0.34100863176170304, U_2-Qv_upper=-0.0879815786355479
INFO:root:eta=1, l=0.544959926178832, r=1
INFO:root:Iter 11: Q=0.0771, term1=0.0130, term2=0.0763, penalty=0.0008433549664914608
INFO:root:U_1-Qu_upper=0.3364503802338128, U_2-Qv_upper=-0.0763236061681749
INFO:root:eta=1, l=0.5677119298698905, r=1
INFO:root:Iter 12: Q=0.0734, term1=0.0134, term2=0.0729, penalty=0.00048073058133013546
INFO:root:U_1-Qu_upper=0.33376621405343904, U_2-Qv_upper=-0.07242408301557357
INFO:root:eta=1, l=0.589326333376396, r=1
INFO:root:Iter 13: Q=0.0727, term1=0.0137, term2=0.0726, penalty=0.00013406857033260167
INFO:root:U_1-Qu_upper=0.3302230671415636, U_2-Qv_upper=-0.055197337961919224
INFO:root:eta=1, l=0.6098600167075762, r=1
INFO:root:Iter 14: Q=0.0707, term1=0.0154, term2=0.0705, penalty=0.00015842533321119845
INFO:root:U_1-Qu_upper=0.3252107268128906, U_2-Qv_upper=-0.059396546433174935
INFO:root:eta=1, l=0.6293670158721973, r=1
INFO:root:Iter 15: Q=0.0717, term1=0.0150, term2=0.0717, penalty=0.0
INFO:root:U_1-Qu_upper=0.3249358377515845, U_2-Qv_upper=-0.060355359861219704
INFO:root:eta=1, l=0.6478986650785875, r=1
INFO:root:Iter 16: Q=0.0704, term1=0.0151, term2=0.0704, penalty=0.0
INFO:root:U_1-Qu_upper=0.3247464656779975, U_2-Qv_upper=-0.05787130160545073
INFO:root:eta=1, l=0.6655037318246582, r=1
INFO:root:Iter 17: Q=0.0700, term1=0.0161, term2=0.0700, penalty=0.0
INFO:root:U_1-Qu_upper=0.31980680136625284, U_2-Qv_upper=-0.05674782809920964
INFO:root:eta=1, l=0.6822285452334252, r=1
INFO:root:Iter 18: Q=0.0699, term1=0.0157, term2=0.0699, penalty=2.292068757014931e-06
INFO:root:U_1-Qu_upper=0.31919775710932885, U_2-Qv_upper=-0.04956204544195891
INFO:root:eta=1, l=0.698117117971754, r=1
INFO:root:Iter 19: Q=0.0689, term1=0.0160, term2=0.0689, penalty=1.9586479993449757e-06
INFO:root:U_1-Qu_upper=0.31482973285766114, U_2-Qv_upper=-0.04330208786542522
INFO:root:eta=1, l=0.7132112620731663, r=1
INFO:root:Iter 20: Q=0.0696, term1=0.0168, term2=0.0696, penalty=0.0
INFO:root:U_1-Qu_upper=0.3158959700596533, U_2-Qv_upper=-0.050694634076013156
INFO:root:eta=1, l=0.727550698969508, r=1
INFO:root:Iter 21: Q=0.0694, term1=0.0176, term2=0.0694, penalty=0.0
INFO:root:U_1-Qu_upper=0.31438638357023285, U_2-Qv_upper=-0.045822505893341914
INFO:root:eta=1, l=0.7411731640210326, r=1
INFO:root:Iter 22: Q=0.0652, term1=0.0166, term2=0.0652, penalty=0.0
INFO:root:U_1-Qu_upper=0.3135564629463129, U_2-Qv_upper=-0.026266155779224032
INFO:root:eta=1, l=0.754114505819981, r=1
INFO:root:Iter 23: Q=0.0704, term1=0.0164, term2=0.0704, penalty=0.0
INFO:root:U_1-Qu_upper=0.3178797655329185, U_2-Qv_upper=-0.044649947462651385
INFO:root:eta=1, l=0.7664087805289819, r=1
INFO:root:Iter 24: Q=0.0690, term1=0.0163, term2=0.0690, penalty=0.0
INFO:root:U_1-Qu_upper=0.3157189191591082, U_2-Qv_upper=-0.04564087584772575
INFO:root:eta=1, l=0.7780883415025328, r=1
INFO:root:Iter 25: Q=0.0665, term1=0.0179, term2=0.0665, penalty=0.0
INFO:root:U_1-Qu_upper=0.3083806229819691, U_2-Qv_upper=-0.03485872750065938
INFO:root:eta=1, l=0.7891839244274061, r=1
INFO:root:Iter 26: Q=0.0651, term1=0.0175, term2=0.0650, penalty=7.051132706692442e-05
INFO:root:U_1-Qu_upper=0.3074420524832042, U_2-Qv_upper=-0.0279148694860214
INFO:root:eta=1, l=0.7997247282060358, r=1
INFO:root:Iter 27: Q=0.0647, term1=0.0215, term2=0.0647, penalty=0.0
INFO:root:U_1-Qu_upper=0.29328935768335745, U_2-Qv_upper=-0.027336932580191486
INFO:root:eta=1, l=0.809738491795734, r=1
INFO:root:Iter 28: Q=0.0621, term1=0.0202, term2=0.0621, penalty=0.0
INFO:root:U_1-Qu_upper=0.2930594023592056, U_2-Qv_upper=-0.01676610333892936
INFO:root:eta=1, l=0.8192515672059473, r=1
INFO:root:Iter 29: Q=0.0661, term1=0.0201, term2=0.0661, penalty=1.2930842785863206e-05
INFO:root:U_1-Qu_upper=0.2908010926239278, U_2-Qv_upper=-0.03565310274977035
INFO:root:eta=1, l=0.8282889888456499, r=1
INFO:root:Iter 30: Q=0.0658, term1=0.0207, term2=0.0657, penalty=1.8906484910985455e-05
INFO:root:U_1-Qu_upper=0.28867109602216334, U_2-Qv_upper=-0.026203505330093135
INFO:root:eta=1, l=0.8368745394033674, r=1
INFO:root:Iter 31: Q=0.0648, term1=0.0208, term2=0.0647, penalty=1.2794032954843715e-05
INFO:root:U_1-Qu_upper=0.2878845895703053, U_2-Qv_upper=-0.024663210615214537
INFO:root:eta=1, l=0.8450308124331991, r=1
INFO:root:Iter 32: Q=0.0642, term1=0.0209, term2=0.0642, penalty=2.092665226882673e-06
INFO:root:U_1-Qu_upper=0.28569620477839436, U_2-Qv_upper=-0.02310983002315775
INFO:root:eta=1, l=0.8527792718115391, r=1
INFO:root:Iter 33: Q=0.0645, term1=0.0211, term2=0.0644, penalty=2.343614505662117e-05
INFO:root:U_1-Qu_upper=0.2890415983158058, U_2-Qv_upper=-0.02076631982190047
INFO:root:eta=1, l=0.8601403082209622, r=1
INFO:root:Iter 34: Q=0.0630, term1=0.0218, term2=0.0630, penalty=0.0
INFO:root:U_1-Qu_upper=0.28519670370883565, U_2-Qv_upper=-0.01588367382139033
INFO:root:eta=1, l=0.8671332928099141, r=1
INFO:root:Iter 35: Q=0.0617, term1=0.0215, term2=0.0617, penalty=0.0
INFO:root:U_1-Qu_upper=0.2839964517802351, U_2-Qv_upper=-0.009664202841359215
INFO:root:eta=1, l=0.8737766281694185, r=1
INFO:root:Iter 36: Q=0.0609, term1=0.0216, term2=0.0609, penalty=0.0
INFO:root:U_1-Qu_upper=0.28326704968998473, U_2-Qv_upper=-0.015927346309998813
INFO:root:eta=1, l=0.8800877967609475, r=1
INFO:root:Iter 37: Q=0.0593, term1=0.0215, term2=0.0593, penalty=0.0
INFO:root:U_1-Qu_upper=0.28265580438990845, U_2-Qv_upper=-0.012369213452214145
INFO:root:eta=1, l=0.8860834069229001, r=1
INFO:root:Iter 38: Q=0.0591, term1=0.0216, term2=0.0591, penalty=0.0
INFO:root:U_1-Qu_upper=0.2825979869421863, U_2-Qv_upper=-0.013740422115233575
INFO:root:eta=1, l=0.8917792365767551, r=1
INFO:root:Iter 39: Q=0.0590, term1=0.0217, term2=0.0590, penalty=0.0
INFO:root:U_1-Qu_upper=0.2820357788100947, U_2-Qv_upper=-0.005822639037445565
INFO:root:eta=1, l=0.8971902747479173, r=1
INFO:root:Iter 40: Q=0.0588, term1=0.0217, term2=0.0588, penalty=0.0
INFO:root:U_1-Qu_upper=0.2828895708673378, U_2-Qv_upper=-0.011632588078015094
INFO:root:eta=1, l=0.9023307610105215, r=1
INFO:root:Iter 41: Q=0.0582, term1=0.0217, term2=0.0582, penalty=0.0
INFO:root:U_1-Qu_upper=0.28233237796427046, U_2-Qv_upper=-0.011109990769428757
INFO:root:eta=1, l=0.9072142229599954, r=1
INFO:root:Iter 42: Q=0.0628, term1=0.0219, term2=0.0628, penalty=0.0
INFO:root:U_1-Qu_upper=0.2803893631749915, U_2-Qv_upper=-0.013836968545187955
INFO:root:eta=1, l=0.9118535118119957, r=1
INFO:root:Iter 43: Q=0.0607, term1=0.0220, term2=0.0607, penalty=0.0
INFO:root:U_1-Qu_upper=0.2822021038470032, U_2-Qv_upper=-0.01651224756828118
INFO:root:eta=1, l=0.9162608362213959, r=1
INFO:root:Iter 44: Q=0.0610, term1=0.0220, term2=0.0610, penalty=0.0
INFO:root:U_1-Qu_upper=0.2818153339350892, U_2-Qv_upper=-0.013020884352657136
INFO:root:eta=1, l=0.9204477944103261, r=1
INFO:root:Iter 45: Q=0.0599, term1=0.0219, term2=0.0599, penalty=0.0
INFO:root:U_1-Qu_upper=0.28072403490445863, U_2-Qv_upper=-0.017011826471523495
INFO:root:eta=1, l=0.9244254046898098, r=1
INFO:root:Iter 46: Q=0.0579, term1=0.0219, term2=0.0579, penalty=0.0
INFO:root:U_1-Qu_upper=0.2803340962421943, U_2-Qv_upper=-0.009809453546632263
INFO:root:eta=1, l=0.9282041344553194, r=1
INFO:root:Iter 47: Q=0.0610, term1=0.0224, term2=0.0610, penalty=0.0
INFO:root:U_1-Qu_upper=0.28092625470666027, U_2-Qv_upper=-0.011164690948064715
INFO:root:eta=1, l=0.9317939277325534, r=1
INFO:root:Iter 48: Q=0.0605, term1=0.0219, term2=0.0605, penalty=0.0
INFO:root:U_1-Qu_upper=0.28083344935298593, U_2-Qv_upper=-0.014180006456053162
INFO:root:eta=1, l=0.9352042313459258, r=1
INFO:root:Iter 49: Q=0.0590, term1=0.0218, term2=0.0590, penalty=0.0
INFO:root:U_1-Qu_upper=0.2829426677728293, U_2-Qv_upper=-0.015383202342844904
INFO:root:eta=1, l=0.9384440197786295, r=1
INFO:root:Iter 50: Q=0.0596, term1=0.0218, term2=0.0596, penalty=0.0
/zhome/c3/3/213266/SC/distributional-counterfactual-explanation/market_new.py:346: DeprecationWarning: __array_wrap__ must accept context and return_scalar arguments (positionally) in the future. (Deprecated NumPy 2.0)
  #     best_X_StdConstraint = best_X_StdConstraint * std.values + mean.values
INFO:root:Optimization started
INFO:root:U_1-Qu_upper=0.5, U_2-Qv_upper=-0.41413379340414364
INFO:root:eta=1, l=0.24000000000000002, r=1
INFO:root:Iter 1: Q=0.2617, term1=0.0055, term2=0.2211, penalty=0.04054320603609085
INFO:root:U_1-Qu_upper=0.4887452686231048, U_2-Qv_upper=-0.3253522366137603
INFO:root:eta=1, l=0.278, r=1
INFO:root:Iter 2: Q=0.2378, term1=0.0056, term2=0.1865, penalty=0.0513441264629364
INFO:root:U_1-Qu_upper=0.4595264099042565, U_2-Qv_upper=-0.31052004571542885
INFO:root:eta=1, l=0.31410000000000005, r=1
INFO:root:Iter 3: Q=0.1716, term1=0.0037, term2=0.1617, penalty=0.00998151209205389
INFO:root:U_1-Qu_upper=0.44790407537813937, U_2-Qv_upper=-0.2768757994301156
INFO:root:eta=1, l=0.34839500000000007, r=1
INFO:root:Iter 4: Q=0.1571, term1=0.0041, term2=0.1464, penalty=0.010639678686857224
INFO:root:U_1-Qu_upper=0.43290391249416715, U_2-Qv_upper=-0.24402759604235197
INFO:root:eta=1, l=0.38097525000000004, r=1
INFO:root:Iter 5: Q=0.1366, term1=0.0064, term2=0.1338, penalty=0.002783769043162465
INFO:root:U_1-Qu_upper=0.4226444472211674, U_2-Qv_upper=-0.21901789575057012
INFO:root:eta=1, l=0.41192648750000005, r=1
INFO:root:Iter 6: Q=0.1332, term1=0.0079, term2=0.1293, penalty=0.003960258327424526
INFO:root:U_1-Qu_upper=0.41247860181356893, U_2-Qv_upper=-0.21948484252945138
INFO:root:eta=1, l=0.44133016312500006, r=1
INFO:root:Iter 7: Q=0.1287, term1=0.0082, term2=0.1253, penalty=0.003350058337673545
INFO:root:U_1-Qu_upper=0.39700350310823307, U_2-Qv_upper=-0.08707645446611811
INFO:root:eta=1, l=0.46926365496875005, r=1
INFO:root:Iter 8: Q=0.0854, term1=0.0069, term2=0.0840, penalty=0.0013903557555750012
INFO:root:U_1-Qu_upper=0.3912889237831818, U_2-Qv_upper=-0.09911777540693734
INFO:root:eta=1, l=0.49580047222031254, r=1
INFO:root:Iter 9: Q=0.0837, term1=0.0087, term2=0.0827, penalty=0.0009427808690816164
INFO:root:U_1-Qu_upper=0.38449948534157163, U_2-Qv_upper=-0.0857567559883361
INFO:root:eta=1, l=0.5210104486092969, r=1
INFO:root:Iter 10: Q=0.0830, term1=0.0098, term2=0.0826, penalty=0.0004486897960305214
INFO:root:U_1-Qu_upper=0.37757369560545817, U_2-Qv_upper=-0.09762241658959281
INFO:root:eta=1, l=0.544959926178832, r=1
INFO:root:Iter 11: Q=0.0757, term1=0.0097, term2=0.0753, penalty=0.0003943118790630251
INFO:root:U_1-Qu_upper=0.3698032174114187, U_2-Qv_upper=-0.06418275315466293
INFO:root:eta=1, l=0.5677119298698905, r=1
INFO:root:Iter 12: Q=0.0706, term1=0.0103, term2=0.0701, penalty=0.0005113930674269795
INFO:root:U_1-Qu_upper=0.3614420190530716, U_2-Qv_upper=-0.052217263474135356
INFO:root:eta=1, l=0.589326333376396, r=1
INFO:root:Iter 13: Q=0.0745, term1=0.0100, term2=0.0736, penalty=0.00089248240692541
INFO:root:U_1-Qu_upper=0.3626932871183738, U_2-Qv_upper=-0.05616732561394383
INFO:root:eta=1, l=0.6098600167075762, r=1
INFO:root:Iter 14: Q=0.0726, term1=0.0105, term2=0.0726, penalty=1.6694564692443237e-05
INFO:root:U_1-Qu_upper=0.36112745119210277, U_2-Qv_upper=-0.05518175790838331
INFO:root:eta=1, l=0.6293670158721973, r=1
INFO:root:Iter 15: Q=0.0711, term1=0.0101, term2=0.0711, penalty=1.239692437593476e-06
INFO:root:U_1-Qu_upper=0.35913576239068473, U_2-Qv_upper=-0.04420427654944242
INFO:root:eta=1, l=0.6478986650785875, r=1
INFO:root:Iter 16: Q=0.0722, term1=0.0101, term2=0.0722, penalty=0.0
INFO:root:U_1-Qu_upper=0.3622155629138568, U_2-Qv_upper=-0.057755604613043854
INFO:root:eta=1, l=0.6655037318246582, r=1
INFO:root:Iter 17: Q=0.0734, term1=0.0101, term2=0.0733, penalty=0.00010014052531914786
INFO:root:U_1-Qu_upper=0.3612718357754461, U_2-Qv_upper=-0.060655005298013875
INFO:root:eta=1, l=0.6822285452334252, r=1
INFO:root:Iter 18: Q=0.0701, term1=0.0110, term2=0.0701, penalty=0.0
INFO:root:U_1-Qu_upper=0.3556967012615507, U_2-Qv_upper=-0.04788367221214351
INFO:root:eta=1, l=0.698117117971754, r=1
INFO:root:Iter 19: Q=0.0687, term1=0.0121, term2=0.0687, penalty=0.0
INFO:root:U_1-Qu_upper=0.3528722758791969, U_2-Qv_upper=-0.044064717332198466
INFO:root:eta=1, l=0.7132112620731663, r=1
INFO:root:Iter 20: Q=0.0691, term1=0.0110, term2=0.0691, penalty=0.0
INFO:root:U_1-Qu_upper=0.35462005995229895, U_2-Qv_upper=-0.04267304518034859
INFO:root:eta=1, l=0.727550698969508, r=1
INFO:root:Iter 21: Q=0.0677, term1=0.0110, term2=0.0677, penalty=0.0
INFO:root:U_1-Qu_upper=0.350355324360868, U_2-Qv_upper=-0.033365732269381054
INFO:root:eta=1, l=0.7411731640210326, r=1
INFO:root:Iter 22: Q=0.0706, term1=0.0112, term2=0.0706, penalty=0.0
INFO:root:U_1-Qu_upper=0.3532768946905661, U_2-Qv_upper=-0.04178594925992901
INFO:root:eta=1, l=0.754114505819981, r=1
INFO:root:Iter 23: Q=0.0684, term1=0.0112, term2=0.0684, penalty=0.0
INFO:root:U_1-Qu_upper=0.3511857957536158, U_2-Qv_upper=-0.036362393585046726
INFO:root:eta=1, l=0.7664087805289819, r=1
INFO:root:Iter 24: Q=0.0667, term1=0.0114, term2=0.0667, penalty=0.0
INFO:root:U_1-Qu_upper=0.3475942509929534, U_2-Qv_upper=-0.03631287120937021
INFO:root:eta=1, l=0.7780883415025328, r=1
INFO:root:Iter 25: Q=0.0647, term1=0.0116, term2=0.0647, penalty=0.0
INFO:root:U_1-Qu_upper=0.34789703715540254, U_2-Qv_upper=-0.03064224579024777
INFO:root:eta=1, l=0.7891839244274061, r=1
INFO:root:Iter 26: Q=0.0624, term1=0.0118, term2=0.0624, penalty=0.0
INFO:root:U_1-Qu_upper=0.3472983902436771, U_2-Qv_upper=-0.025722549373496884
INFO:root:eta=1, l=0.7997247282060358, r=1
INFO:root:Iter 27: Q=0.0669, term1=0.0123, term2=0.0669, penalty=0.0
INFO:root:U_1-Qu_upper=0.3416995319273068, U_2-Qv_upper=-0.032352943675479084
INFO:root:eta=1, l=0.809738491795734, r=1
INFO:root:Iter 28: Q=0.0647, term1=0.0122, term2=0.0647, penalty=3.801205139097874e-06
INFO:root:U_1-Qu_upper=0.34591931917390595, U_2-Qv_upper=-0.03215334765046163
INFO:root:eta=1, l=0.8192515672059473, r=1
INFO:root:Iter 29: Q=0.0610, term1=0.0126, term2=0.0609, penalty=0.00010500573262106627
INFO:root:U_1-Qu_upper=0.34153190285899415, U_2-Qv_upper=-0.011880150965780378
INFO:root:eta=1, l=0.8282889888456499, r=1
INFO:root:Iter 30: Q=0.0630, term1=0.0133, term2=0.0622, penalty=0.0007799595477990806
INFO:root:U_1-Qu_upper=0.3382924828609456, U_2-Qv_upper=-0.013646260197846372
INFO:root:eta=1, l=0.8368745394033674, r=1
INFO:root:Iter 31: Q=0.0615, term1=0.0131, term2=0.0613, penalty=0.0002227913064416498
INFO:root:U_1-Qu_upper=0.33914523530216945, U_2-Qv_upper=-0.015215528496751896
INFO:root:eta=1, l=0.8450308124331991, r=1
INFO:root:Iter 32: Q=0.0593, term1=0.0131, term2=0.0593, penalty=8.45364138513105e-06
INFO:root:U_1-Qu_upper=0.3348341849973853, U_2-Qv_upper=-0.0034222159627107507
INFO:root:eta=1, l=0.8527792718115391, r=1
INFO:root:Iter 33: Q=0.0617, term1=0.0130, term2=0.0617, penalty=0.0
INFO:root:U_1-Qu_upper=0.339282128906526, U_2-Qv_upper=-0.017592711805761663
INFO:root:eta=1, l=0.8601403082209622, r=1
INFO:root:Iter 34: Q=0.0613, term1=0.0128, term2=0.0613, penalty=1.6027627225412289e-06
INFO:root:U_1-Qu_upper=0.33868788919275894, U_2-Qv_upper=-0.018416504326867755
INFO:root:eta=1, l=0.8671332928099141, r=1
INFO:root:Iter 35: Q=0.0624, term1=0.0130, term2=0.0624, penalty=1.0290763384546153e-05
INFO:root:U_1-Qu_upper=0.3373224716240125, U_2-Qv_upper=-0.013468062948111537
INFO:root:eta=1, l=0.8737766281694185, r=1
INFO:root:Iter 36: Q=0.0608, term1=0.0129, term2=0.0608, penalty=5.052115739090368e-06
INFO:root:U_1-Qu_upper=0.33974619670625106, U_2-Qv_upper=-0.02150938152913595
INFO:root:eta=1, l=0.8800877967609475, r=1
INFO:root:Iter 37: Q=0.0616, term1=0.0129, term2=0.0616, penalty=1.6880167095223442e-05
INFO:root:U_1-Qu_upper=0.33972043191664797, U_2-Qv_upper=-0.017152622523946837
INFO:root:eta=1, l=0.8860834069229001, r=1
INFO:root:Iter 38: Q=0.0590, term1=0.0130, term2=0.0590, penalty=0.0
INFO:root:U_1-Qu_upper=0.3376482789594121, U_2-Qv_upper=-0.014137933310897521
INFO:root:eta=1, l=0.8917792365767551, r=1
INFO:root:Iter 39: Q=0.0585, term1=0.0130, term2=0.0585, penalty=0.0
INFO:root:U_1-Qu_upper=0.33819131482474435, U_2-Qv_upper=-0.0083129996995146
INFO:root:eta=1, l=0.8971902747479173, r=1
INFO:root:Iter 40: Q=0.0605, term1=0.0132, term2=0.0605, penalty=0.0
INFO:root:U_1-Qu_upper=0.3384735517453775, U_2-Qv_upper=-0.013135977248550257
INFO:root:eta=1, l=0.9023307610105215, r=1
INFO:root:Iter 41: Q=0.0593, term1=0.0131, term2=0.0593, penalty=0.0
INFO:root:U_1-Qu_upper=0.33705944587393893, U_2-Qv_upper=-0.012262402451765186
INFO:root:eta=1, l=0.9072142229599954, r=1
INFO:root:Iter 42: Q=0.0592, term1=0.0131, term2=0.0592, penalty=0.0
INFO:root:U_1-Qu_upper=0.33823441956336153, U_2-Qv_upper=-0.024514460430106355
INFO:root:eta=1, l=0.9118535118119957, r=1
INFO:root:Iter 43: Q=0.0592, term1=0.0131, term2=0.0592, penalty=0.0
INFO:root:U_1-Qu_upper=0.3388750611115666, U_2-Qv_upper=-0.00622785388417213
INFO:root:eta=1, l=0.9162608362213959, r=1
INFO:root:Iter 44: Q=0.0592, term1=0.0131, term2=0.0592, penalty=0.0
INFO:root:U_1-Qu_upper=0.337441124357156, U_2-Qv_upper=-0.010236466967979918
INFO:root:eta=1, l=0.9204477944103261, r=1
INFO:root:Iter 45: Q=0.0592, term1=0.0130, term2=0.0592, penalty=0.0
INFO:root:U_1-Qu_upper=0.33800246255900707, U_2-Qv_upper=-0.011459090125345683
INFO:root:eta=1, l=0.9244254046898098, r=1
INFO:root:Iter 46: Q=0.0591, term1=0.0130, term2=0.0591, penalty=0.0
INFO:root:U_1-Qu_upper=0.33703163488930465, U_2-Qv_upper=-0.01196256348871455
INFO:root:eta=1, l=0.9282041344553194, r=1
INFO:root:Iter 47: Q=0.0589, term1=0.0130, term2=0.0589, penalty=0.0
INFO:root:U_1-Qu_upper=0.3378976604454418, U_2-Qv_upper=-0.01423563899733038
INFO:root:eta=1, l=0.9317939277325534, r=1
INFO:root:Iter 48: Q=0.0550, term1=0.0130, term2=0.0550, penalty=0.0
INFO:root:U_1-Qu_upper=0.33641912503014015, U_2-Qv_upper=0.00625512312730242
INFO:root:eta=0.9987549768260773, l=0.9352042313459258, r=1
INFO:root:Iter 49: Q=0.0600, term1=0.0129, term2=0.0600, penalty=0.0
INFO:root:U_1-Qu_upper=0.33969401706497837, U_2-Qv_upper=-0.016597061548826564
INFO:root:eta=1, l=0.9384440197786295, r=1
INFO:root:Iter 50: Q=0.0594, term1=0.0128, term2=0.0594, penalty=0.0
/zhome/c3/3/213266/SC/distributional-counterfactual-explanation/market_new.py:346: DeprecationWarning: __array_wrap__ must accept context and return_scalar arguments (positionally) in the future. (Deprecated NumPy 2.0)
  #     best_X_StdConstraint = best_X_StdConstraint * std.values + mean.values
INFO:root:Optimization started
INFO:root:U_1-Qu_upper=0.5, U_2-Qv_upper=-0.4050336575421148
INFO:root:eta=1, l=0.24000000000000002, r=1
INFO:root:Iter 1: Q=0.2533, term1=0.0233, term2=0.2157, penalty=0.03755995258688927
INFO:root:U_1-Qu_upper=0.4662435171268789, U_2-Qv_upper=-0.34254145010319564
INFO:root:eta=1, l=0.278, r=1
INFO:root:Iter 2: Q=0.3112, term1=0.0127, term2=0.1871, penalty=0.1240735873579979
INFO:root:U_1-Qu_upper=0.42714020049908485, U_2-Qv_upper=-0.19994920681212286
INFO:root:eta=1, l=0.31410000000000005, r=1
INFO:root:Iter 3: Q=0.1457, term1=0.0054, term2=0.1182, penalty=0.02748030237853527
INFO:root:U_1-Qu_upper=0.4195548210976908, U_2-Qv_upper=-0.16983603274506298
INFO:root:eta=1, l=0.34839500000000007, r=1
INFO:root:Iter 4: Q=0.1575, term1=0.0099, term2=0.1027, penalty=0.054769985377788544
INFO:root:U_1-Qu_upper=0.4020796487723505, U_2-Qv_upper=-0.14632825053343634
INFO:root:eta=1, l=0.38097525000000004, r=1
INFO:root:Iter 5: Q=0.1146, term1=0.0069, term2=0.0959, penalty=0.01869495026767254
INFO:root:U_1-Qu_upper=0.3966311242178934, U_2-Qv_upper=-0.1301028669396867
INFO:root:eta=1, l=0.41192648750000005, r=1
INFO:root:Iter 6: Q=0.1020, term1=0.0084, term2=0.0991, penalty=0.0029026279225945473
INFO:root:U_1-Qu_upper=0.39055402448533844, U_2-Qv_upper=-0.1487285281897956
INFO:root:eta=1, l=0.44133016312500006, r=1
INFO:root:Iter 7: Q=0.0930, term1=0.0167, term2=0.0903, penalty=0.0027031616773456335
INFO:root:U_1-Qu_upper=0.3662703694081011, U_2-Qv_upper=-0.1101744521734247
INFO:root:eta=1, l=0.46926365496875005, r=1
INFO:root:Iter 8: Q=0.0897, term1=0.0119, term2=0.0872, penalty=0.0025097201578319073
INFO:root:U_1-Qu_upper=0.354604453969512, U_2-Qv_upper=-0.0972135388944691
INFO:root:eta=1, l=0.49580047222031254, r=1
INFO:root:Iter 9: Q=0.0850, term1=0.0111, term2=0.0843, penalty=0.0007093878230080009
INFO:root:U_1-Qu_upper=0.3517330149067909, U_2-Qv_upper=-0.08876104110822458
INFO:root:eta=1, l=0.5210104486092969, r=1
INFO:root:Iter 10: Q=0.0809, term1=0.0116, term2=0.0802, penalty=0.0007302080048248172
INFO:root:U_1-Qu_upper=0.3487693604551153, U_2-Qv_upper=-0.08203086731117287
INFO:root:eta=1, l=0.544959926178832, r=1
INFO:root:Iter 11: Q=0.0787, term1=0.0118, term2=0.0782, penalty=0.000508136348798871
INFO:root:U_1-Qu_upper=0.3468295834259716, U_2-Qv_upper=-0.08317179216383142
INFO:root:eta=1, l=0.5677119298698905, r=1
INFO:root:Iter 12: Q=0.0763, term1=0.0121, term2=0.0762, penalty=0.00015502277528867126
INFO:root:U_1-Qu_upper=0.34430186956922093, U_2-Qv_upper=-0.07765883515877436
INFO:root:eta=1, l=0.589326333376396, r=1
INFO:root:Iter 13: Q=0.0786, term1=0.0149, term2=0.0755, penalty=0.0031221690587699413
INFO:root:U_1-Qu_upper=0.3323940366204343, U_2-Qv_upper=-0.06689602564978742
INFO:root:eta=1, l=0.6098600167075762, r=1
INFO:root:Iter 14: Q=0.0736, term1=0.0147, term2=0.0725, penalty=0.00113640446215868
INFO:root:U_1-Qu_upper=0.32717407844868873, U_2-Qv_upper=-0.06474860865837928
INFO:root:eta=1, l=0.6293670158721973, r=1
INFO:root:Iter 15: Q=0.0750, term1=0.0152, term2=0.0745, penalty=0.0004766357596963644
INFO:root:U_1-Qu_upper=0.3254023475094613, U_2-Qv_upper=-0.052960123624378186
INFO:root:eta=1, l=0.6478986650785875, r=1
INFO:root:Iter 16: Q=0.0701, term1=0.0167, term2=0.0701, penalty=0.0
INFO:root:U_1-Qu_upper=0.3171272825878837, U_2-Qv_upper=-0.0397075378731333
INFO:root:eta=1, l=0.6655037318246582, r=1
INFO:root:Iter 17: Q=0.0669, term1=0.0159, term2=0.0669, penalty=0.0
INFO:root:U_1-Qu_upper=0.31765585755523074, U_2-Qv_upper=-0.038876749942648614
INFO:root:eta=1, l=0.6822285452334252, r=1
INFO:root:Iter 18: Q=0.0658, term1=0.0160, term2=0.0658, penalty=0.0
INFO:root:U_1-Qu_upper=0.3174169178514548, U_2-Qv_upper=-0.03770949836949572
INFO:root:eta=1, l=0.698117117971754, r=1
INFO:root:Iter 19: Q=0.0702, term1=0.0168, term2=0.0702, penalty=0.0
INFO:root:U_1-Qu_upper=0.3153925771287141, U_2-Qv_upper=-0.0436050889875117
INFO:root:eta=1, l=0.7132112620731663, r=1
INFO:root:Iter 20: Q=0.0670, term1=0.0170, term2=0.0670, penalty=0.0
INFO:root:U_1-Qu_upper=0.31219424874629753, U_2-Qv_upper=-0.02838357914943196
INFO:root:eta=1, l=0.727550698969508, r=1
INFO:root:Iter 21: Q=0.0707, term1=0.0173, term2=0.0707, penalty=0.0
INFO:root:U_1-Qu_upper=0.3110018206701286, U_2-Qv_upper=-0.050468272065556596
INFO:root:eta=1, l=0.7411731640210326, r=1
INFO:root:Iter 22: Q=0.0688, term1=0.0177, term2=0.0688, penalty=0.0
INFO:root:U_1-Qu_upper=0.30991318703248205, U_2-Qv_upper=-0.04249834830345289
INFO:root:eta=1, l=0.754114505819981, r=1
INFO:root:Iter 23: Q=0.0691, term1=0.0172, term2=0.0691, penalty=0.0
INFO:root:U_1-Qu_upper=0.3098032872558908, U_2-Qv_upper=-0.04247335546767911
INFO:root:eta=1, l=0.7664087805289819, r=1
INFO:root:Iter 24: Q=0.0686, term1=0.0172, term2=0.0686, penalty=0.0
INFO:root:U_1-Qu_upper=0.30974353982186426, U_2-Qv_upper=-0.03194006340902383
INFO:root:eta=1, l=0.7780883415025328, r=1
INFO:root:Iter 25: Q=0.0672, term1=0.0173, term2=0.0672, penalty=0.0
INFO:root:U_1-Qu_upper=0.30760745865470895, U_2-Qv_upper=-0.03675690233439238
INFO:root:eta=1, l=0.7891839244274061, r=1
INFO:root:Iter 26: Q=0.0687, term1=0.0174, term2=0.0687, penalty=0.0
INFO:root:U_1-Qu_upper=0.3075198227185969, U_2-Qv_upper=-0.04573880781944678
INFO:root:eta=1, l=0.7997247282060358, r=1
INFO:root:Iter 27: Q=0.0669, term1=0.0176, term2=0.0669, penalty=0.0
INFO:root:U_1-Qu_upper=0.30597390151940185, U_2-Qv_upper=-0.038379581940652
INFO:root:eta=1, l=0.809738491795734, r=1
INFO:root:Iter 28: Q=0.0636, term1=0.0179, term2=0.0636, penalty=0.0
INFO:root:U_1-Qu_upper=0.3038963070687596, U_2-Qv_upper=-0.025189303723515855
INFO:root:eta=1, l=0.8192515672059473, r=1
INFO:root:Iter 29: Q=0.0659, term1=0.0184, term2=0.0659, penalty=0.0
INFO:root:U_1-Qu_upper=0.3016054967762705, U_2-Qv_upper=-0.03665887691424907
INFO:root:eta=1, l=0.8282889888456499, r=1
INFO:root:Iter 30: Q=0.0620, term1=0.0194, term2=0.0620, penalty=0.0
INFO:root:U_1-Qu_upper=0.29870227444215347, U_2-Qv_upper=-0.008232390714929705
INFO:root:eta=1, l=0.8368745394033674, r=1
INFO:root:Iter 31: Q=0.0626, term1=0.0192, term2=0.0626, penalty=0.0
INFO:root:U_1-Qu_upper=0.29787775995545035, U_2-Qv_upper=-0.016027484200923592
INFO:root:eta=1, l=0.8450308124331991, r=1
INFO:root:Iter 32: Q=0.0616, term1=0.0192, term2=0.0616, penalty=0.0
INFO:root:U_1-Qu_upper=0.2968039154010934, U_2-Qv_upper=-0.023588894544457728
INFO:root:eta=1, l=0.8527792718115391, r=1
INFO:root:Iter 33: Q=0.0638, term1=0.0190, term2=0.0638, penalty=0.0
INFO:root:U_1-Qu_upper=0.30053433747755565, U_2-Qv_upper=-0.019991889274337316
INFO:root:eta=1, l=0.8601403082209622, r=1
INFO:root:Iter 34: Q=0.0633, term1=0.0190, term2=0.0633, penalty=0.0
INFO:root:U_1-Qu_upper=0.2989469791843591, U_2-Qv_upper=-0.021688016784802033
INFO:root:eta=1, l=0.8671332928099141, r=1
INFO:root:Iter 35: Q=0.0620, term1=0.0192, term2=0.0620, penalty=0.0
INFO:root:U_1-Qu_upper=0.2976583529361506, U_2-Qv_upper=-0.01996696577097201
INFO:root:eta=1, l=0.8737766281694185, r=1
INFO:root:Iter 36: Q=0.0622, term1=0.0192, term2=0.0622, penalty=0.0
INFO:root:U_1-Qu_upper=0.2970980216793192, U_2-Qv_upper=-0.014664465953582395
INFO:root:eta=1, l=0.8800877967609475, r=1
INFO:root:Iter 37: Q=0.0601, term1=0.0195, term2=0.0601, penalty=0.0
INFO:root:U_1-Qu_upper=0.29785168628707936, U_2-Qv_upper=-0.007123888729817174
INFO:root:eta=1, l=0.8860834069229001, r=1
INFO:root:Iter 38: Q=0.0620, term1=0.0193, term2=0.0620, penalty=0.0
INFO:root:U_1-Qu_upper=0.29559103139765386, U_2-Qv_upper=-0.017175330054247206
INFO:root:eta=1, l=0.8917792365767551, r=1
INFO:root:Iter 39: Q=0.0630, term1=0.0196, term2=0.0630, penalty=0.0
INFO:root:U_1-Qu_upper=0.29732230617845673, U_2-Qv_upper=-0.02245106072552311
INFO:root:eta=1, l=0.8971902747479173, r=1
INFO:root:Iter 40: Q=0.0651, term1=0.0205, term2=0.0651, penalty=0.0
INFO:root:U_1-Qu_upper=0.29070671583459007, U_2-Qv_upper=-0.024371880683297653
INFO:root:eta=1, l=0.9023307610105215, r=1
INFO:root:Iter 41: Q=0.0634, term1=0.0201, term2=0.0634, penalty=0.0
INFO:root:U_1-Qu_upper=0.29141897347468926, U_2-Qv_upper=-0.01843757692800313
INFO:root:eta=1, l=0.9072142229599954, r=1
INFO:root:Iter 42: Q=0.0627, term1=0.0200, term2=0.0627, penalty=0.0
INFO:root:U_1-Qu_upper=0.2950962468243897, U_2-Qv_upper=-0.0177812682302404
INFO:root:eta=1, l=0.9118535118119957, r=1
INFO:root:Iter 43: Q=0.0620, term1=0.0199, term2=0.0620, penalty=0.0
INFO:root:U_1-Qu_upper=0.294105436116528, U_2-Qv_upper=-0.00975081960405716
INFO:root:eta=1, l=0.9162608362213959, r=1
INFO:root:Iter 44: Q=0.0610, term1=0.0198, term2=0.0610, penalty=0.0
INFO:root:U_1-Qu_upper=0.2943186694945086, U_2-Qv_upper=-0.02297273148844825
INFO:root:eta=1, l=0.9204477944103261, r=1
INFO:root:Iter 45: Q=0.0636, term1=0.0197, term2=0.0636, penalty=0.0
INFO:root:U_1-Qu_upper=0.29333613107892, U_2-Qv_upper=-0.020289142123339765
INFO:root:eta=1, l=0.9244254046898098, r=1
INFO:root:Iter 46: Q=0.0633, term1=0.0214, term2=0.0633, penalty=0.0
INFO:root:U_1-Qu_upper=0.2928629060046345, U_2-Qv_upper=-0.019558564285942326
INFO:root:eta=1, l=0.9282041344553194, r=1
INFO:root:Iter 47: Q=0.0621, term1=0.0201, term2=0.0621, penalty=0.0
INFO:root:U_1-Qu_upper=0.2936522116223698, U_2-Qv_upper=-0.01843793900106716
INFO:root:eta=1, l=0.9317939277325534, r=1
INFO:root:Iter 48: Q=0.0609, term1=0.0200, term2=0.0609, penalty=0.0
INFO:root:U_1-Qu_upper=0.29428209680980355, U_2-Qv_upper=-0.018830817392801402
INFO:root:eta=1, l=0.9352042313459258, r=1
INFO:root:Iter 49: Q=0.0620, term1=0.0201, term2=0.0620, penalty=0.0
INFO:root:U_1-Qu_upper=0.2914051484852143, U_2-Qv_upper=-0.017857237336590004
INFO:root:eta=1, l=0.9384440197786295, r=1
INFO:root:Iter 50: Q=0.0609, term1=0.0200, term2=0.0609, penalty=0.0
/zhome/c3/3/213266/SC/distributional-counterfactual-explanation/market_new.py:346: DeprecationWarning: __array_wrap__ must accept context and return_scalar arguments (positionally) in the future. (Deprecated NumPy 2.0)
  #     best_X_StdConstraint = best_X_StdConstraint * std.values + mean.values
Using device: cuda
Test Accuracy: 85.94%
X Sliced Wasserstein Distance (SWD) with std constraint: 0.176620
Y Wasserstein Distance (WD) with std constraint: 0.071990
X Sliced Wasserstein Distance (SWD) with std constraint: 0.139255
Y Wasserstein Distance (WD) with std constraint: 0.066767
X Sliced Wasserstein Distance (SWD) with std constraint: 0.165068
Y Wasserstein Distance (WD) with std constraint: 0.074553
X Sliced Wasserstein Distance (SWD) with std constraint: 0.126265
Y Wasserstein Distance (WD) with std constraint: 0.073161
X Sliced Wasserstein Distance (SWD) with std constraint: 0.158067
Y Wasserstein Distance (WD) with std constraint: 0.076114

------------------------------------------------------------
Sender: LSF System <lsfadmin@hpc.dtu.dk>
Subject: Job 27595540: <NONAME> in cluster <dcc> Done

Job <NONAME> was submitted from host <hpclogin1> by user <s242612> in cluster <dcc> at Mon Jan 12 03:27:15 2026
Job was executed on host(s) <4*n-62-20-4>, in queue <gpuv100>, as user <s242612> in cluster <dcc> at Mon Jan 12 03:27:17 2026
</zhome/c3/3/213266> was used as the home directory.
</zhome/c3/3/213266/SC/distributional-counterfactual-explanation> was used as the working directory.
Started at Mon Jan 12 03:27:17 2026
Terminated at Mon Jan 12 05:29:04 2026
Results reported at Mon Jan 12 05:29:04 2026

Your job looked like:

------------------------------------------------------------
# LSBATCH: User input
#!/bin/bash
#BSUB -q gpuv100              # 指定队列类型
#BSUB -gpu "num=1"             # 请求一个 GPU
#BSUB -n 4                     # 请求 4 个 CPU 核心
#BSUB -R "rusage[mem=4096]"     # 请求 4096MB 内存
#BSUB -W 6:00                  # 设置最大运行时长为 1 小时
#BSUB -o output_%J.log         # 输出日志文件名设置为 output_<job_id>.log

# 激活虚拟环境
source ~/myenv/bin/activate

# 运行你的 Python 脚本
# python HELOC.py
# python Cardio.py
# python Cardio.py
# python cardio_new.py
# python HELOC_new.py
python market_new.py




------------------------------------------------------------

Successfully completed.

Resource usage summary:

    CPU time :                                   7316.39 sec.
    Max Memory :                                 7805 MB
    Average Memory :                             7608.54 MB
    Total Requested Memory :                     16384.00 MB
    Delta Memory :                               8579.00 MB
    Max Swap :                                   -
    Max Processes :                              4
    Max Threads :                                8
    Run time :                                   7308 sec.
    Turnaround time :                            7309 sec.

The output (if any) is above this job summary.

