/zhome/c3/3/213266/myenv/lib64/python3.9/site-packages/networkx/utils/backends.py:135: RuntimeWarning: networkx backend defined more than once: nx-loopback
  backends.update(_get_backends("networkx.backends"))
MC
Using device: cuda
Test Accuracy: 85.94%
0.01
[40, 41, 42, 43, 44]
lr=5
MC FSD; lambda： 0.01 current seed： 40
INFO:root:Optimization started
INFO:root:U_1-Qu_upper=0.5, U_2-Qv_upper=-0.423156950932191
INFO:root:eta=1, l=0.24000000000000002, r=1
INFO:root:Iter 1: Q=0.2507, term1=0.0040, term2=0.2298, penalty=0.020919503644108772
INFO:root:U_1-Qu_upper=0.5, U_2-Qv_upper=-0.3479062190445212
INFO:root:eta=1, l=0.278, r=1
INFO:root:Iter 2: Q=0.2380, term1=0.0026, term2=0.2026, penalty=0.03547579050064087
INFO:root:U_1-Qu_upper=0.4866342393342402, U_2-Qv_upper=-0.33387503018884096
INFO:root:eta=1, l=0.31410000000000005, r=1
INFO:root:Iter 3: Q=0.2396, term1=0.0015, term2=0.1926, penalty=0.04697515815496445
INFO:root:U_1-Qu_upper=0.4727859061850812, U_2-Qv_upper=-0.3329655603456984
INFO:root:eta=1, l=0.34839500000000007, r=1
INFO:root:Iter 4: Q=0.2283, term1=0.0024, term2=0.1759, penalty=0.052414827048778534
INFO:root:U_1-Qu_upper=0.4656871059310667, U_2-Qv_upper=-0.2895159745379507
INFO:root:eta=1, l=0.38097525000000004, r=1
INFO:root:Iter 5: Q=0.2210, term1=0.0025, term2=0.1637, penalty=0.05735967680811882
INFO:root:U_1-Qu_upper=0.45802998966985053, U_2-Qv_upper=-0.2765197182370012
INFO:root:eta=1, l=0.41192648750000005, r=1
INFO:root:Iter 6: Q=0.2099, term1=0.0029, term2=0.1564, penalty=0.05346766859292984
INFO:root:U_1-Qu_upper=0.45338739450340027, U_2-Qv_upper=-0.2677892644019381
INFO:root:eta=1, l=0.44133016312500006, r=1
INFO:root:Iter 7: Q=0.2082, term1=0.0031, term2=0.1502, penalty=0.058012958616018295
INFO:root:U_1-Qu_upper=0.44911441134351654, U_2-Qv_upper=-0.2523723055015132
INFO:root:eta=1, l=0.46926365496875005, r=1
INFO:root:Iter 8: Q=0.1996, term1=0.0039, term2=0.1436, penalty=0.055993594229221344
INFO:root:U_1-Qu_upper=0.43930680334733696, U_2-Qv_upper=-0.23603353345489458
INFO:root:eta=1, l=0.49580047222031254, r=1
INFO:root:Iter 9: Q=0.1919, term1=0.0043, term2=0.1377, penalty=0.05425449088215828
INFO:root:U_1-Qu_upper=0.43126400156116174, U_2-Qv_upper=-0.23775255222127228
INFO:root:eta=1, l=0.5210104486092969, r=1
INFO:root:Iter 10: Q=0.1884, term1=0.0052, term2=0.1337, penalty=0.05468127131462097
INFO:root:U_1-Qu_upper=0.4228259554604156, U_2-Qv_upper=-0.21984326433245643
INFO:root:eta=1, l=0.544959926178832, r=1
INFO:root:Iter 11: Q=0.1835, term1=0.0049, term2=0.1286, penalty=0.054938606917858124
INFO:root:U_1-Qu_upper=0.4176392266208888, U_2-Qv_upper=-0.20486219168486458
INFO:root:eta=1, l=0.5677119298698905, r=1
INFO:root:Iter 12: Q=0.1812, term1=0.0056, term2=0.1262, penalty=0.05507643148303032
INFO:root:U_1-Qu_upper=0.41169441919881766, U_2-Qv_upper=-0.21273049115789838
INFO:root:eta=1, l=0.589326333376396, r=1
INFO:root:Iter 13: Q=0.1783, term1=0.0057, term2=0.1236, penalty=0.0547141507267952
INFO:root:U_1-Qu_upper=0.40548664667499124, U_2-Qv_upper=-0.20886202836300277
INFO:root:eta=1, l=0.6098600167075762, r=1
INFO:root:Iter 14: Q=0.1769, term1=0.0060, term2=0.1213, penalty=0.055535800755023956
INFO:root:U_1-Qu_upper=0.40609098025478163, U_2-Qv_upper=-0.1978578826006283
INFO:root:eta=1, l=0.6293670158721973, r=1
INFO:root:Iter 15: Q=0.1731, term1=0.0063, term2=0.1183, penalty=0.05486447364091873
INFO:root:U_1-Qu_upper=0.39856048094759966, U_2-Qv_upper=-0.19479043324634676
INFO:root:eta=1, l=0.6478986650785875, r=1
INFO:root:Iter 16: Q=0.1681, term1=0.0073, term2=0.1146, penalty=0.05351646617054939
INFO:root:U_1-Qu_upper=0.39426004302137097, U_2-Qv_upper=-0.18577217915201943
INFO:root:eta=1, l=0.6655037318246582, r=1
INFO:root:Iter 17: Q=0.1667, term1=0.0072, term2=0.1115, penalty=0.055239707231521606
INFO:root:U_1-Qu_upper=0.3903081785370701, U_2-Qv_upper=-0.17179637476526138
INFO:root:eta=1, l=0.6822285452334252, r=1
INFO:root:Iter 18: Q=0.1640, term1=0.0079, term2=0.1083, penalty=0.055710505694150925
INFO:root:U_1-Qu_upper=0.38399956656622003, U_2-Qv_upper=-0.16349484929637903
INFO:root:eta=1, l=0.698117117971754, r=1
INFO:root:Iter 19: Q=0.1582, term1=0.0092, term2=0.1040, penalty=0.0542813315987587
INFO:root:U_1-Qu_upper=0.37677823185522746, U_2-Qv_upper=-0.15563861217461677
INFO:root:eta=1, l=0.7132112620731663, r=1
INFO:root:Iter 20: Q=0.1518, term1=0.0092, term2=0.1000, penalty=0.051816605031490326
INFO:root:U_1-Qu_upper=0.3717947239454393, U_2-Qv_upper=-0.147930476526537
INFO:root:eta=1, l=0.727550698969508, r=1
INFO:root:Iter 21: Q=0.1510, term1=0.0104, term2=0.1011, penalty=0.04990745708346367
INFO:root:U_1-Qu_upper=0.3622551591889106, U_2-Qv_upper=-0.15683836126968886
INFO:root:eta=1, l=0.7411731640210326, r=1
INFO:root:Iter 22: Q=0.1438, term1=0.0112, term2=0.0974, penalty=0.04646759480237961
INFO:root:U_1-Qu_upper=0.35992053205536617, U_2-Qv_upper=-0.13475865044016333
INFO:root:eta=1, l=0.754114505819981, r=1
INFO:root:Iter 23: Q=0.1439, term1=0.0112, term2=0.0970, penalty=0.04688027501106262
INFO:root:U_1-Qu_upper=0.3574689700137925, U_2-Qv_upper=-0.13053597710227988
INFO:root:eta=1, l=0.7664087805289819, r=1
INFO:root:Iter 24: Q=0.1415, term1=0.0119, term2=0.0954, penalty=0.046120285987854004
INFO:root:U_1-Qu_upper=0.3502418148033568, U_2-Qv_upper=-0.12604191810881077
INFO:root:eta=1, l=0.7780883415025328, r=1
INFO:root:Iter 25: Q=0.1397, term1=0.0118, term2=0.0951, penalty=0.04464593529701233
INFO:root:U_1-Qu_upper=0.35154848006149114, U_2-Qv_upper=-0.13284904733654684
INFO:root:eta=1, l=0.7891839244274061, r=1
INFO:root:Iter 26: Q=0.1386, term1=0.0120, term2=0.0943, penalty=0.04429119825363159
INFO:root:U_1-Qu_upper=0.3480448877428075, U_2-Qv_upper=-0.12520153494939806
INFO:root:eta=1, l=0.7997247282060358, r=1
INFO:root:Iter 27: Q=0.1373, term1=0.0121, term2=0.0940, penalty=0.04326045513153076
INFO:root:U_1-Qu_upper=0.34770909923259374, U_2-Qv_upper=-0.1311634390624879
INFO:root:eta=1, l=0.809738491795734, r=1
INFO:root:Iter 28: Q=0.1367, term1=0.0127, term2=0.0933, penalty=0.043394796550273895
INFO:root:U_1-Qu_upper=0.34122632628665467, U_2-Qv_upper=-0.121869301867857
INFO:root:eta=1, l=0.8192515672059473, r=1
INFO:root:Iter 29: Q=0.1349, term1=0.0129, term2=0.0922, penalty=0.04269308224320412
INFO:root:U_1-Qu_upper=0.3424751230933789, U_2-Qv_upper=-0.1215721308146781
INFO:root:eta=1, l=0.8282889888456499, r=1
INFO:root:Iter 30: Q=0.1338, term1=0.0131, term2=0.0905, penalty=0.04324443265795708
INFO:root:U_1-Qu_upper=0.34096172668717184, U_2-Qv_upper=-0.11793797682733093
INFO:root:eta=1, l=0.8368745394033674, r=1
INFO:root:Iter 31: Q=0.1324, term1=0.0167, term2=0.0890, penalty=0.04337053745985031
INFO:root:U_1-Qu_upper=0.32573160129015105, U_2-Qv_upper=-0.10468348030262764
INFO:root:eta=1, l=0.8450308124331991, r=1
INFO:root:Iter 32: Q=0.1344, term1=0.0151, term2=0.0885, penalty=0.045863520354032516
INFO:root:U_1-Qu_upper=0.32704439295225335, U_2-Qv_upper=-0.1097457285660805
INFO:root:eta=1, l=0.8527792718115391, r=1
INFO:root:Iter 33: Q=0.1329, term1=0.0154, term2=0.0883, penalty=0.044546570628881454
INFO:root:U_1-Qu_upper=0.32673402524971196, U_2-Qv_upper=-0.10937604437669368
INFO:root:eta=1, l=0.8601403082209622, r=1
INFO:root:Iter 34: Q=0.1311, term1=0.0154, term2=0.0875, penalty=0.043601445853710175
INFO:root:U_1-Qu_upper=0.3239571459715562, U_2-Qv_upper=-0.09327204306847137
INFO:root:eta=1, l=0.8671332928099141, r=1
INFO:root:Iter 35: Q=0.1294, term1=0.0156, term2=0.0870, penalty=0.042418163269758224
INFO:root:U_1-Qu_upper=0.32150985186433706, U_2-Qv_upper=-0.09945464464346582
INFO:root:eta=1, l=0.8737766281694185, r=1
INFO:root:Iter 36: Q=0.1296, term1=0.0162, term2=0.0864, penalty=0.04321204870939255
INFO:root:U_1-Qu_upper=0.31774317146838055, U_2-Qv_upper=-0.10085062050316063
INFO:root:eta=1, l=0.8800877967609475, r=1
INFO:root:Iter 37: Q=0.1227, term1=0.0164, term2=0.0813, penalty=0.04140402749180794
INFO:root:U_1-Qu_upper=0.3184471428150428, U_2-Qv_upper=-0.07993607098690636
INFO:root:eta=1, l=0.8860834069229001, r=1
INFO:root:Iter 38: Q=0.1198, term1=0.0166, term2=0.0782, penalty=0.041564058512449265
INFO:root:U_1-Qu_upper=0.3159711738373387, U_2-Qv_upper=-0.08685333698760217
INFO:root:eta=1, l=0.8917792365767551, r=1
INFO:root:Iter 39: Q=0.1178, term1=0.0168, term2=0.0768, penalty=0.041025254875421524
INFO:root:U_1-Qu_upper=0.3142897474124439, U_2-Qv_upper=-0.08398869032777911
INFO:root:eta=1, l=0.8971902747479173, r=1
INFO:root:Iter 40: Q=0.1148, term1=0.0171, term2=0.0758, penalty=0.038999706506729126
INFO:root:U_1-Qu_upper=0.3121375089757129, U_2-Qv_upper=-0.07034268656055626
INFO:root:eta=1, l=0.9023307610105215, r=1
INFO:root:Iter 41: Q=0.1112, term1=0.0173, term2=0.0729, penalty=0.0383075475692749
INFO:root:U_1-Qu_upper=0.3126773480268177, U_2-Qv_upper=-0.06801902357710643
INFO:root:eta=1, l=0.9072142229599954, r=1
INFO:root:Iter 42: Q=0.1116, term1=0.0194, term2=0.0736, penalty=0.03801271691918373
INFO:root:U_1-Qu_upper=0.3008462724701944, U_2-Qv_upper=-0.06186373513049759
INFO:root:eta=1, l=0.9118535118119957, r=1
INFO:root:Iter 43: Q=0.1121, term1=0.0192, term2=0.0754, penalty=0.036696624010801315
INFO:root:U_1-Qu_upper=0.3005063348861955, U_2-Qv_upper=-0.061585548048730954
INFO:root:eta=1, l=0.9162608362213959, r=1
INFO:root:Iter 44: Q=0.1047, term1=0.0194, term2=0.0677, penalty=0.03701941296458244
INFO:root:U_1-Qu_upper=0.2995068579824956, U_2-Qv_upper=-0.04274824571551833
INFO:root:eta=1, l=0.9204477944103261, r=1
INFO:root:Iter 45: Q=0.1057, term1=0.0197, term2=0.0674, penalty=0.03831315040588379
INFO:root:U_1-Qu_upper=0.296289842051382, U_2-Qv_upper=-0.04281700555666834
INFO:root:eta=1, l=0.9244254046898098, r=1
INFO:root:Iter 46: Q=0.1056, term1=0.0199, term2=0.0664, penalty=0.03917976841330528
INFO:root:U_1-Qu_upper=0.29628361458516284, U_2-Qv_upper=-0.04386152468630067
INFO:root:eta=1, l=0.9282041344553194, r=1
INFO:root:Iter 47: Q=0.1077, term1=0.0206, term2=0.0696, penalty=0.03807997331023216
INFO:root:U_1-Qu_upper=0.29093714404179877, U_2-Qv_upper=-0.05084389026930741
INFO:root:eta=1, l=0.9317939277325534, r=1
INFO:root:Iter 48: Q=0.1071, term1=0.0207, term2=0.0690, penalty=0.038025520741939545
INFO:root:U_1-Qu_upper=0.2928225319178771, U_2-Qv_upper=-0.04365511757874024
INFO:root:eta=1, l=0.9352042313459258, r=1
INFO:root:Iter 49: Q=0.1054, term1=0.0202, term2=0.0680, penalty=0.037387631833553314
INFO:root:U_1-Qu_upper=0.29462213728680164, U_2-Qv_upper=-0.050504162610070014
INFO:root:eta=1, l=0.9384440197786295, r=1
INFO:root:Iter 50: Q=0.1013, term1=0.0211, term2=0.0654, penalty=0.035875104367733
/zhome/c3/3/213266/SC/distributional-counterfactual-explanation/market_new.py:521: DeprecationWarning: __array_wrap__ must accept context and return_scalar arguments (positionally) in the future. (Deprecated NumPy 2.0)
  best_X_fsd = best_X_fsd * std.values + mean.values
X Sliced Wasserstein Distance (SWD) with FSD constraint: 0.161493
Y Wasserstein Distance (WD) with FSD constraint: 0.076941
MC FSD; lambda： 0.01 current seed： 41
INFO:root:Optimization started
INFO:root:U_1-Qu_upper=0.5, U_2-Qv_upper=-0.3963710795459761
INFO:root:eta=1, l=0.24000000000000002, r=1
INFO:root:Iter 1: Q=0.2509, term1=0.0023, term2=0.2302, penalty=0.020664256066083908
INFO:root:U_1-Qu_upper=0.5, U_2-Qv_upper=-0.3385038507720886
INFO:root:eta=1, l=0.278, r=1
INFO:root:Iter 2: Q=0.2435, term1=0.0028, term2=0.2030, penalty=0.040473733097314835
INFO:root:U_1-Qu_upper=0.4815568644017235, U_2-Qv_upper=-0.3172097817756792
INFO:root:eta=1, l=0.31410000000000005, r=1
INFO:root:Iter 3: Q=0.2412, term1=0.0014, term2=0.1952, penalty=0.04599954932928085
INFO:root:U_1-Qu_upper=0.4831424600578315, U_2-Qv_upper=-0.31766808606808744
INFO:root:eta=1, l=0.34839500000000007, r=1
INFO:root:Iter 4: Q=0.2318, term1=0.0017, term2=0.1848, penalty=0.04697561636567116
INFO:root:U_1-Qu_upper=0.4754335774734355, U_2-Qv_upper=-0.30285706096567216
INFO:root:eta=1, l=0.38097525000000004, r=1
INFO:root:Iter 5: Q=0.2171, term1=0.0025, term2=0.1687, penalty=0.048325181007385254
INFO:root:U_1-Qu_upper=0.46332648288557804, U_2-Qv_upper=-0.2804456018861268
INFO:root:eta=1, l=0.41192648750000005, r=1
INFO:root:Iter 6: Q=0.2075, term1=0.0025, term2=0.1565, penalty=0.050984855741262436
INFO:root:U_1-Qu_upper=0.45542711429419025, U_2-Qv_upper=-0.2580462900794461
INFO:root:eta=1, l=0.44133016312500006, r=1
INFO:root:Iter 7: Q=0.2042, term1=0.0027, term2=0.1520, penalty=0.05220505967736244
INFO:root:U_1-Qu_upper=0.45293332188142055, U_2-Qv_upper=-0.2425195144280871
INFO:root:eta=1, l=0.46926365496875005, r=1
INFO:root:Iter 8: Q=0.1969, term1=0.0033, term2=0.1468, penalty=0.0501222088932991
INFO:root:U_1-Qu_upper=0.44606934992530073, U_2-Qv_upper=-0.2396206469633631
INFO:root:eta=1, l=0.49580047222031254, r=1
INFO:root:Iter 9: Q=0.1899, term1=0.0038, term2=0.1376, penalty=0.05229727551341057
INFO:root:U_1-Qu_upper=0.44335956520182385, U_2-Qv_upper=-0.23006283475177997
INFO:root:eta=1, l=0.5210104486092969, r=1
INFO:root:Iter 10: Q=0.1849, term1=0.0039, term2=0.1311, penalty=0.053780656307935715
INFO:root:U_1-Qu_upper=0.43926744065129303, U_2-Qv_upper=-0.21080319384888063
INFO:root:eta=1, l=0.544959926178832, r=1
INFO:root:Iter 11: Q=0.1870, term1=0.0047, term2=0.1355, penalty=0.05151518061757088
INFO:root:U_1-Qu_upper=0.4324032689391626, U_2-Qv_upper=-0.21136921800561842
INFO:root:eta=1, l=0.5677119298698905, r=1
INFO:root:Iter 12: Q=0.1800, term1=0.0046, term2=0.1283, penalty=0.05171481519937515
INFO:root:U_1-Qu_upper=0.42933121328034635, U_2-Qv_upper=-0.21040562067113927
INFO:root:eta=1, l=0.589326333376396, r=1
INFO:root:Iter 13: Q=0.1730, term1=0.0048, term2=0.1251, penalty=0.04788238927721977
INFO:root:U_1-Qu_upper=0.42480304597116647, U_2-Qv_upper=-0.19625242654269615
INFO:root:eta=1, l=0.6098600167075762, r=1
INFO:root:Iter 14: Q=0.1712, term1=0.0049, term2=0.1227, penalty=0.048556048423051834
INFO:root:U_1-Qu_upper=0.42124714796140994, U_2-Qv_upper=-0.1886686870797244
INFO:root:eta=1, l=0.6293670158721973, r=1
INFO:root:Iter 15: Q=0.1710, term1=0.0051, term2=0.1194, penalty=0.05157037451863289
INFO:root:U_1-Qu_upper=0.4192112781221037, U_2-Qv_upper=-0.19535587584163283
INFO:root:eta=1, l=0.6478986650785875, r=1
INFO:root:Iter 16: Q=0.1685, term1=0.0054, term2=0.1167, penalty=0.05178678780794144
INFO:root:U_1-Qu_upper=0.419080933313564, U_2-Qv_upper=-0.17668133801721025
INFO:root:eta=1, l=0.6655037318246582, r=1
INFO:root:Iter 17: Q=0.1679, term1=0.0056, term2=0.1158, penalty=0.05216022580862045
INFO:root:U_1-Qu_upper=0.41589067883349184, U_2-Qv_upper=-0.18132311158029718
INFO:root:eta=1, l=0.6822285452334252, r=1
INFO:root:Iter 18: Q=0.1612, term1=0.0067, term2=0.1111, penalty=0.05008888244628906
INFO:root:U_1-Qu_upper=0.40870694587083795, U_2-Qv_upper=-0.1546942157757369
INFO:root:eta=1, l=0.698117117971754, r=1
INFO:root:Iter 19: Q=0.1567, term1=0.0064, term2=0.1046, penalty=0.05210554972290993
INFO:root:U_1-Qu_upper=0.40794854595235236, U_2-Qv_upper=-0.16290668487856746
INFO:root:eta=1, l=0.7132112620731663, r=1
INFO:root:Iter 20: Q=0.1549, term1=0.0069, term2=0.1035, penalty=0.05146291106939316
INFO:root:U_1-Qu_upper=0.4015741260001163, U_2-Qv_upper=-0.15527588840775725
INFO:root:eta=1, l=0.727550698969508, r=1
INFO:root:Iter 21: Q=0.1503, term1=0.0071, term2=0.0960, penalty=0.05429963767528534
INFO:root:U_1-Qu_upper=0.39732259988734436, U_2-Qv_upper=-0.1410866356673558
INFO:root:eta=1, l=0.7411731640210326, r=1
INFO:root:Iter 22: Q=0.1449, term1=0.0078, term2=0.0932, penalty=0.05160238593816757
INFO:root:U_1-Qu_upper=0.3938690444953341, U_2-Qv_upper=-0.12463426174869391
INFO:root:eta=1, l=0.754114505819981, r=1
INFO:root:Iter 23: Q=0.1442, term1=0.0082, term2=0.0925, penalty=0.051635950803756714
INFO:root:U_1-Qu_upper=0.387903894464056, U_2-Qv_upper=-0.12035671541330956
INFO:root:eta=1, l=0.7664087805289819, r=1
INFO:root:Iter 24: Q=0.1483, term1=0.0088, term2=0.0992, penalty=0.04911346733570099
INFO:root:U_1-Qu_upper=0.3849643854911353, U_2-Qv_upper=-0.14638007986722912
INFO:root:eta=1, l=0.7780883415025328, r=1
INFO:root:Iter 25: Q=0.1442, term1=0.0085, term2=0.0961, penalty=0.04813408851623535
INFO:root:U_1-Qu_upper=0.38825659359780496, U_2-Qv_upper=-0.12930489108278703
INFO:root:eta=1, l=0.7891839244274061, r=1
INFO:root:Iter 26: Q=0.1407, term1=0.0086, term2=0.0946, penalty=0.04610816389322281
INFO:root:U_1-Qu_upper=0.38366855759738233, U_2-Qv_upper=-0.12159107862161594
INFO:root:eta=1, l=0.7997247282060358, r=1
INFO:root:Iter 27: Q=0.1386, term1=0.0087, term2=0.0936, penalty=0.0449664406478405
INFO:root:U_1-Qu_upper=0.38019690685216406, U_2-Qv_upper=-0.12969834812515446
INFO:root:eta=1, l=0.809738491795734, r=1
INFO:root:Iter 28: Q=0.1375, term1=0.0088, term2=0.0925, penalty=0.04500714689493179
INFO:root:U_1-Qu_upper=0.3819813529818791, U_2-Qv_upper=-0.12405174284772669
INFO:root:eta=1, l=0.8192515672059473, r=1
INFO:root:Iter 29: Q=0.1355, term1=0.0090, term2=0.0920, penalty=0.04347313195466995
INFO:root:U_1-Qu_upper=0.37805286089744045, U_2-Qv_upper=-0.122680309583927
INFO:root:eta=1, l=0.8282889888456499, r=1
INFO:root:Iter 30: Q=0.1344, term1=0.0108, term2=0.0900, penalty=0.04435417428612709
INFO:root:U_1-Qu_upper=0.3711798961719348, U_2-Qv_upper=-0.11355230043647824
INFO:root:eta=1, l=0.8368745394033674, r=1
INFO:root:Iter 31: Q=0.1346, term1=0.0105, term2=0.0880, penalty=0.04659368097782135
INFO:root:U_1-Qu_upper=0.3667505036635062, U_2-Qv_upper=-0.10935426017498734
INFO:root:eta=1, l=0.8450308124331991, r=1
INFO:root:Iter 32: Q=0.1354, term1=0.0106, term2=0.0888, penalty=0.046653248369693756
INFO:root:U_1-Qu_upper=0.363078721724825, U_2-Qv_upper=-0.11628038774794386
INFO:root:eta=1, l=0.8527792718115391, r=1
INFO:root:Iter 33: Q=0.1353, term1=0.0108, term2=0.0884, penalty=0.0468420535326004
INFO:root:U_1-Qu_upper=0.3619315760715465, U_2-Qv_upper=-0.1074572338668805
INFO:root:eta=1, l=0.8601403082209622, r=1
INFO:root:Iter 34: Q=0.1346, term1=0.0108, term2=0.0874, penalty=0.04723963513970375
INFO:root:U_1-Qu_upper=0.3654952100418204, U_2-Qv_upper=-0.10399289797362848
INFO:root:eta=1, l=0.8671332928099141, r=1
INFO:root:Iter 35: Q=0.1403, term1=0.0110, term2=0.0933, penalty=0.04698916897177696
INFO:root:U_1-Qu_upper=0.3610704464804798, U_2-Qv_upper=-0.11457762726753984
INFO:root:eta=1, l=0.8737766281694185, r=1
INFO:root:Iter 36: Q=0.1341, term1=0.0111, term2=0.0865, penalty=0.0475551076233387
INFO:root:U_1-Qu_upper=0.3627557572709421, U_2-Qv_upper=-0.10519848291272343
INFO:root:eta=1, l=0.8800877967609475, r=1
INFO:root:Iter 37: Q=0.1289, term1=0.0117, term2=0.0824, penalty=0.04652122035622597
INFO:root:U_1-Qu_upper=0.3607381575497156, U_2-Qv_upper=-0.015032840733541497
INFO:root:eta=1, l=0.8860834069229001, r=1
INFO:root:Iter 38: Q=0.1058, term1=0.0116, term2=0.0602, penalty=0.04560869187116623
INFO:root:U_1-Qu_upper=0.358424054078313, U_2-Qv_upper=-0.011481634462354562
INFO:root:eta=1, l=0.8917792365767551, r=1
INFO:root:Iter 39: Q=0.1042, term1=0.0116, term2=0.0588, penalty=0.04544370621442795
INFO:root:U_1-Qu_upper=0.35786931802520006, U_2-Qv_upper=-0.018732989812184464
INFO:root:eta=1, l=0.8971902747479173, r=1
INFO:root:Iter 40: Q=0.1071, term1=0.0120, term2=0.0598, penalty=0.04731470346450806
INFO:root:U_1-Qu_upper=0.35325776690824195, U_2-Qv_upper=-0.009564831230903903
INFO:root:eta=1, l=0.9023307610105215, r=1
INFO:root:Iter 41: Q=0.1056, term1=0.0120, term2=0.0585, penalty=0.04709023982286453
INFO:root:U_1-Qu_upper=0.3525290196109203, U_2-Qv_upper=-0.01344442069080648
INFO:root:eta=1, l=0.9072142229599954, r=1
INFO:root:Iter 42: Q=0.1050, term1=0.0123, term2=0.0595, penalty=0.045513395220041275
INFO:root:U_1-Qu_upper=0.351571085245842, U_2-Qv_upper=-0.009283089140226075
INFO:root:eta=1, l=0.9118535118119957, r=1
INFO:root:Iter 43: Q=0.1004, term1=0.0124, term2=0.0561, penalty=0.044347018003463745
INFO:root:U_1-Qu_upper=0.3497280610087574, U_2-Qv_upper=-0.004533164660314948
INFO:root:eta=1, l=0.9162608362213959, r=1
INFO:root:Iter 44: Q=0.0991, term1=0.0127, term2=0.0556, penalty=0.04347680136561394
INFO:root:U_1-Qu_upper=0.3500181448983988, U_2-Qv_upper=-0.0032263522145560275
INFO:root:eta=1, l=0.9204477944103261, r=1
INFO:root:Iter 45: Q=0.0994, term1=0.0128, term2=0.0565, penalty=0.04288634657859802
INFO:root:U_1-Qu_upper=0.34879071108215276, U_2-Qv_upper=0.0007194142205091958
INFO:root:eta=0.9998362537053125, l=0.9244254046898098, r=1
INFO:root:Iter 46: Q=0.0988, term1=0.0130, term2=0.0573, penalty=0.04154111444950104
INFO:root:U_1-Qu_upper=0.345710263659587, U_2-Qv_upper=-0.0061380259802611414
INFO:root:eta=1, l=0.9282041344553194, r=1
INFO:root:Iter 47: Q=0.0975, term1=0.0131, term2=0.0555, penalty=0.04206126555800438
INFO:root:U_1-Qu_upper=0.346323453041921, U_2-Qv_upper=-0.009154944384665742
INFO:root:eta=1, l=0.9317939277325534, r=1
INFO:root:Iter 48: Q=0.0949, term1=0.0132, term2=0.0538, penalty=0.041129808872938156
INFO:root:U_1-Qu_upper=0.34653240663378304, U_2-Qv_upper=0.0034145642746976623
INFO:root:eta=0.9993344876880138, l=0.9352042313459258, r=1
INFO:root:Iter 49: Q=0.0954, term1=0.0133, term2=0.0537, penalty=0.041735291481018066
INFO:root:U_1-Qu_upper=0.3428908277521767, U_2-Qv_upper=-0.0037192239274881356
INFO:root:eta=1, l=0.9384440197786295, r=1
INFO:root:Iter 50: Q=0.0953, term1=0.0135, term2=0.0541, penalty=0.04127193242311478
/zhome/c3/3/213266/SC/distributional-counterfactual-explanation/market_new.py:521: DeprecationWarning: __array_wrap__ must accept context and return_scalar arguments (positionally) in the future. (Deprecated NumPy 2.0)
  best_X_fsd = best_X_fsd * std.values + mean.values
X Sliced Wasserstein Distance (SWD) with FSD constraint: 0.127121
Y Wasserstein Distance (WD) with FSD constraint: 0.069712
MC FSD; lambda： 0.01 current seed： 42
INFO:root:Optimization started
INFO:root:U_1-Qu_upper=0.5, U_2-Qv_upper=-0.42551708664899984
INFO:root:eta=1, l=0.24000000000000002, r=1
INFO:root:Iter 1: Q=0.2505, term1=0.0021, term2=0.2289, penalty=0.021605029702186584
INFO:root:U_1-Qu_upper=0.5, U_2-Qv_upper=-0.33000005325864007
INFO:root:eta=1, l=0.278, r=1
INFO:root:Iter 2: Q=0.2398, term1=0.0019, term2=0.2028, penalty=0.036997970193624496
INFO:root:U_1-Qu_upper=0.4810326038844545, U_2-Qv_upper=-0.31504747094869107
INFO:root:eta=1, l=0.31410000000000005, r=1
INFO:root:Iter 3: Q=0.2329, term1=0.0014, term2=0.1926, penalty=0.04029500111937523
INFO:root:U_1-Qu_upper=0.481510591414739, U_2-Qv_upper=-0.3044995521626774
INFO:root:eta=1, l=0.34839500000000007, r=1
INFO:root:Iter 4: Q=0.2242, term1=0.0024, term2=0.1741, penalty=0.05003318563103676
INFO:root:U_1-Qu_upper=0.46400303886604044, U_2-Qv_upper=-0.2598551976997547
INFO:root:eta=1, l=0.38097525000000004, r=1
INFO:root:Iter 5: Q=0.2140, term1=0.0024, term2=0.1615, penalty=0.0525011271238327
INFO:root:U_1-Qu_upper=0.4579265289207833, U_2-Qv_upper=-0.2586748881199426
INFO:root:eta=1, l=0.41192648750000005, r=1
INFO:root:Iter 6: Q=0.2075, term1=0.0026, term2=0.1530, penalty=0.05448285862803459
INFO:root:U_1-Qu_upper=0.455142207023392, U_2-Qv_upper=-0.25100102182706135
INFO:root:eta=1, l=0.44133016312500006, r=1
INFO:root:Iter 7: Q=0.2020, term1=0.0029, term2=0.1495, penalty=0.052575208246707916
INFO:root:U_1-Qu_upper=0.44191022076427, U_2-Qv_upper=-0.24980193538891687
INFO:root:eta=1, l=0.46926365496875005, r=1
INFO:root:Iter 8: Q=0.1988, term1=0.0032, term2=0.1453, penalty=0.053460441529750824
INFO:root:U_1-Qu_upper=0.4422999424771397, U_2-Qv_upper=-0.24190717167839443
INFO:root:eta=1, l=0.49580047222031254, r=1
INFO:root:Iter 9: Q=0.1895, term1=0.0046, term2=0.1367, penalty=0.052807774394750595
INFO:root:U_1-Qu_upper=0.43131351130218215, U_2-Qv_upper=-0.21014226486087134
INFO:root:eta=1, l=0.5210104486092969, r=1
INFO:root:Iter 10: Q=0.1826, term1=0.0039, term2=0.1323, penalty=0.05026088282465935
INFO:root:U_1-Qu_upper=0.4278459621677965, U_2-Qv_upper=-0.2187135952217047
INFO:root:eta=1, l=0.544959926178832, r=1
INFO:root:Iter 11: Q=0.1813, term1=0.0061, term2=0.1330, penalty=0.048360057175159454
INFO:root:U_1-Qu_upper=0.4152742911417424, U_2-Qv_upper=-0.20985173068199642
INFO:root:eta=1, l=0.5677119298698905, r=1
INFO:root:Iter 12: Q=0.1791, term1=0.0057, term2=0.1283, penalty=0.05076498165726662
INFO:root:U_1-Qu_upper=0.41136018899359433, U_2-Qv_upper=-0.2118211146973133
INFO:root:eta=1, l=0.589326333376396, r=1
INFO:root:Iter 13: Q=0.1758, term1=0.0066, term2=0.1247, penalty=0.05119699612259865
INFO:root:U_1-Qu_upper=0.40001360338855657, U_2-Qv_upper=-0.1899039874463505
INFO:root:eta=1, l=0.6098600167075762, r=1
INFO:root:Iter 14: Q=0.1732, term1=0.0061, term2=0.1219, penalty=0.05130145326256752
INFO:root:U_1-Qu_upper=0.3991545642415175, U_2-Qv_upper=-0.20576615192586584
INFO:root:eta=1, l=0.6293670158721973, r=1
INFO:root:Iter 15: Q=0.1672, term1=0.0065, term2=0.1187, penalty=0.04850117489695549
INFO:root:U_1-Qu_upper=0.3963088913615043, U_2-Qv_upper=-0.18267043559819995
INFO:root:eta=1, l=0.6478986650785875, r=1
INFO:root:Iter 16: Q=0.1680, term1=0.0067, term2=0.1178, penalty=0.05017121508717537
INFO:root:U_1-Qu_upper=0.393148395215091, U_2-Qv_upper=-0.18964534666488053
INFO:root:eta=1, l=0.6655037318246582, r=1
INFO:root:Iter 17: Q=0.1597, term1=0.0087, term2=0.1130, penalty=0.046737074851989746
INFO:root:U_1-Qu_upper=0.3859307031776539, U_2-Qv_upper=-0.15532800031635213
INFO:root:eta=1, l=0.6822285452334252, r=1
INFO:root:Iter 18: Q=0.1553, term1=0.0083, term2=0.1055, penalty=0.049851641058921814
INFO:root:U_1-Qu_upper=0.378240820552878, U_2-Qv_upper=-0.15843461897139127
INFO:root:eta=1, l=0.698117117971754, r=1
INFO:root:Iter 19: Q=0.1526, term1=0.0087, term2=0.1050, penalty=0.04764199256896973
INFO:root:U_1-Qu_upper=0.3732138854782165, U_2-Qv_upper=-0.1529405290310356
INFO:root:eta=1, l=0.7132112620731663, r=1
INFO:root:Iter 20: Q=0.1523, term1=0.0087, term2=0.1035, penalty=0.0488566979765892
INFO:root:U_1-Qu_upper=0.37472895557305025, U_2-Qv_upper=-0.16347848065538378
INFO:root:eta=1, l=0.727550698969508, r=1
INFO:root:Iter 21: Q=0.1495, term1=0.0095, term2=0.1005, penalty=0.04897613823413849
INFO:root:U_1-Qu_upper=0.36902344896665074, U_2-Qv_upper=-0.15059902538411574
INFO:root:eta=1, l=0.7411731640210326, r=1
INFO:root:Iter 22: Q=0.1461, term1=0.0101, term2=0.0979, penalty=0.048206593841314316
INFO:root:U_1-Qu_upper=0.3621179851133183, U_2-Qv_upper=-0.12957092762946665
INFO:root:eta=1, l=0.754114505819981, r=1
INFO:root:Iter 23: Q=0.1434, term1=0.0109, term2=0.0935, penalty=0.04988224431872368
INFO:root:U_1-Qu_upper=0.35894753928760004, U_2-Qv_upper=-0.12213050866691033
INFO:root:eta=1, l=0.7664087805289819, r=1
INFO:root:Iter 24: Q=0.1427, term1=0.0106, term2=0.0906, penalty=0.05203592777252197
INFO:root:U_1-Qu_upper=0.3574302764707714, U_2-Qv_upper=-0.11582471212260759
INFO:root:eta=1, l=0.7780883415025328, r=1
INFO:root:Iter 25: Q=0.1393, term1=0.0109, term2=0.0895, penalty=0.0498058944940567
INFO:root:U_1-Qu_upper=0.3535244002220884, U_2-Qv_upper=-0.11251724418897285
INFO:root:eta=1, l=0.7891839244274061, r=1
INFO:root:Iter 26: Q=0.1469, term1=0.0108, term2=0.0970, penalty=0.04989619553089142
INFO:root:U_1-Qu_upper=0.35472650927902405, U_2-Qv_upper=-0.12863532140267492
INFO:root:eta=1, l=0.7997247282060358, r=1
INFO:root:Iter 27: Q=0.1406, term1=0.0128, term2=0.0922, penalty=0.04840811342000961
INFO:root:U_1-Qu_upper=0.3467172165069954, U_2-Qv_upper=-0.1102904659880779
INFO:root:eta=1, l=0.809738491795734, r=1
INFO:root:Iter 28: Q=0.1382, term1=0.0122, term2=0.0896, penalty=0.04862567037343979
INFO:root:U_1-Qu_upper=0.3453200162997173, U_2-Qv_upper=-0.11169794390186177
INFO:root:eta=1, l=0.8192515672059473, r=1
INFO:root:Iter 29: Q=0.1361, term1=0.0124, term2=0.0888, penalty=0.04727891832590103
INFO:root:U_1-Qu_upper=0.34284862153270873, U_2-Qv_upper=-0.10995770485390866
INFO:root:eta=1, l=0.8282889888456499, r=1
INFO:root:Iter 30: Q=0.1351, term1=0.0126, term2=0.0872, penalty=0.04792839288711548
INFO:root:U_1-Qu_upper=0.3413119365442666, U_2-Qv_upper=-0.10655331063569334
INFO:root:eta=1, l=0.8368745394033674, r=1
INFO:root:Iter 31: Q=0.1359, term1=0.0128, term2=0.0882, penalty=0.04768788814544678
INFO:root:U_1-Qu_upper=0.3405397952689858, U_2-Qv_upper=-0.11274761476930811
INFO:root:eta=1, l=0.8450308124331991, r=1
INFO:root:Iter 32: Q=0.1339, term1=0.0154, term2=0.0862, penalty=0.047673288732767105
INFO:root:U_1-Qu_upper=0.3294137654883482, U_2-Qv_upper=-0.09378837517181798
INFO:root:eta=1, l=0.8527792718115391, r=1
INFO:root:Iter 33: Q=0.1311, term1=0.0143, term2=0.0857, penalty=0.04541103169322014
INFO:root:U_1-Qu_upper=0.329635207183286, U_2-Qv_upper=-0.09727400043683443
INFO:root:eta=1, l=0.8601403082209622, r=1
INFO:root:Iter 34: Q=0.1298, term1=0.0143, term2=0.0846, penalty=0.045134153217077255
INFO:root:U_1-Qu_upper=0.3275903481951925, U_2-Qv_upper=-0.09021686368129522
INFO:root:eta=1, l=0.8671332928099141, r=1
INFO:root:Iter 35: Q=0.1295, term1=0.0145, term2=0.0847, penalty=0.04482182115316391
INFO:root:U_1-Qu_upper=0.32684511262997484, U_2-Qv_upper=-0.09323328302346778
INFO:root:eta=1, l=0.8737766281694185, r=1
INFO:root:Iter 36: Q=0.1300, term1=0.0151, term2=0.0843, penalty=0.04570844769477844
INFO:root:U_1-Qu_upper=0.3229990186783732, U_2-Qv_upper=-0.09696478173116257
INFO:root:eta=1, l=0.8800877967609475, r=1
INFO:root:Iter 37: Q=0.1279, term1=0.0152, term2=0.0827, penalty=0.045154742896556854
INFO:root:U_1-Qu_upper=0.32076270694252695, U_2-Qv_upper=-0.08834256222022879
INFO:root:eta=1, l=0.8860834069229001, r=1
INFO:root:Iter 38: Q=0.1256, term1=0.0155, term2=0.0813, penalty=0.04431355744600296
INFO:root:U_1-Qu_upper=0.31929495473795344, U_2-Qv_upper=-0.08913861625534325
INFO:root:eta=1, l=0.8917792365767551, r=1
INFO:root:Iter 39: Q=0.1276, term1=0.0156, term2=0.0835, penalty=0.044110823422670364
INFO:root:U_1-Qu_upper=0.3197992195754693, U_2-Qv_upper=-0.08758877940836401
INFO:root:eta=1, l=0.8971902747479173, r=1
INFO:root:Iter 40: Q=0.1220, term1=0.0168, term2=0.0777, penalty=0.04428593069314957
INFO:root:U_1-Qu_upper=0.31528796593186115, U_2-Qv_upper=-0.07789264689652431
INFO:root:eta=1, l=0.9023307610105215, r=1
INFO:root:Iter 41: Q=0.1203, term1=0.0166, term2=0.0761, penalty=0.04422252997756004
INFO:root:U_1-Qu_upper=0.3145178745123258, U_2-Qv_upper=-0.08245127334049857
INFO:root:eta=1, l=0.9072142229599954, r=1
INFO:root:Iter 42: Q=0.1224, term1=0.0167, term2=0.0792, penalty=0.04319927096366882
INFO:root:U_1-Qu_upper=0.3134939336358775, U_2-Qv_upper=-0.07611892184883018
INFO:root:eta=1, l=0.9118535118119957, r=1
INFO:root:Iter 43: Q=0.1210, term1=0.0171, term2=0.0771, penalty=0.043824829161167145
INFO:root:U_1-Qu_upper=0.311356061172794, U_2-Qv_upper=-0.081206945500432
INFO:root:eta=1, l=0.9162608362213959, r=1
INFO:root:Iter 44: Q=0.1152, term1=0.0174, term2=0.0720, penalty=0.04316364601254463
INFO:root:U_1-Qu_upper=0.30758689545229423, U_2-Qv_upper=-0.06627846247881869
INFO:root:eta=1, l=0.9204477944103261, r=1
INFO:root:Iter 45: Q=0.1137, term1=0.0186, term2=0.0698, penalty=0.04387599229812622
INFO:root:U_1-Qu_upper=0.30184557802290657, U_2-Qv_upper=-0.058849071811746534
INFO:root:eta=1, l=0.9244254046898098, r=1
INFO:root:Iter 46: Q=0.1194, term1=0.0183, term2=0.0776, penalty=0.04184373840689659
INFO:root:U_1-Qu_upper=0.3029077732037857, U_2-Qv_upper=-0.07334696111597705
INFO:root:eta=1, l=0.9282041344553194, r=1
INFO:root:Iter 47: Q=0.1194, term1=0.0189, term2=0.0772, penalty=0.0422217957675457
INFO:root:U_1-Qu_upper=0.300675275864674, U_2-Qv_upper=-0.07047284433329909
INFO:root:eta=1, l=0.9317939277325534, r=1
INFO:root:Iter 48: Q=0.1184, term1=0.0192, term2=0.0769, penalty=0.04144671559333801
INFO:root:U_1-Qu_upper=0.2967658876772275, U_2-Qv_upper=-0.06762936275025361
INFO:root:eta=1, l=0.9352042313459258, r=1
INFO:root:Iter 49: Q=0.1140, term1=0.0192, term2=0.0726, penalty=0.04144255071878433
INFO:root:U_1-Qu_upper=0.29696368879620577, U_2-Qv_upper=-0.0529573988577417
INFO:root:eta=1, l=0.9384440197786295, r=1
INFO:root:Iter 50: Q=0.1135, term1=0.0203, term2=0.0722, penalty=0.04131988063454628
/zhome/c3/3/213266/SC/distributional-counterfactual-explanation/market_new.py:521: DeprecationWarning: __array_wrap__ must accept context and return_scalar arguments (positionally) in the future. (Deprecated NumPy 2.0)
  best_X_fsd = best_X_fsd * std.values + mean.values
X Sliced Wasserstein Distance (SWD) with FSD constraint: 0.157127
Y Wasserstein Distance (WD) with FSD constraint: 0.089525
MC FSD; lambda： 0.01 current seed： 43
INFO:root:Optimization started
INFO:root:U_1-Qu_upper=0.5, U_2-Qv_upper=-0.41413379340414364
INFO:root:eta=1, l=0.24000000000000002, r=1
INFO:root:Iter 1: Q=0.2593, term1=0.0014, term2=0.2322, penalty=0.02711162157356739
INFO:root:U_1-Qu_upper=0.5, U_2-Qv_upper=-0.3442734283579006
INFO:root:eta=1, l=0.278, r=1
INFO:root:Iter 2: Q=0.2448, term1=0.0013, term2=0.2041, penalty=0.04074446111917496
INFO:root:U_1-Qu_upper=0.5, U_2-Qv_upper=-0.3248967687468712
INFO:root:eta=1, l=0.31410000000000005, r=1
INFO:root:Iter 3: Q=0.2422, term1=0.0015, term2=0.1930, penalty=0.0492389053106308
INFO:root:U_1-Qu_upper=0.48587270144114314, U_2-Qv_upper=-0.3097999799508934
INFO:root:eta=1, l=0.34839500000000007, r=1
INFO:root:Iter 4: Q=0.2350, term1=0.0015, term2=0.1821, penalty=0.05296427756547928
INFO:root:U_1-Qu_upper=0.4720840271446536, U_2-Qv_upper=-0.30302025825569495
INFO:root:eta=1, l=0.38097525000000004, r=1
INFO:root:Iter 5: Q=0.2230, term1=0.0018, term2=0.1656, penalty=0.05747198313474655
INFO:root:U_1-Qu_upper=0.46590197078557233, U_2-Qv_upper=-0.25587308971296824
INFO:root:eta=1, l=0.41192648750000005, r=1
INFO:root:Iter 6: Q=0.2130, term1=0.0023, term2=0.1553, penalty=0.057661473751068115
INFO:root:U_1-Qu_upper=0.4572002743684137, U_2-Qv_upper=-0.26471704431077475
INFO:root:eta=1, l=0.44133016312500006, r=1
INFO:root:Iter 7: Q=0.2077, term1=0.0023, term2=0.1500, penalty=0.05769853666424751
INFO:root:U_1-Qu_upper=0.45655543543251975, U_2-Qv_upper=-0.22904174909466218
INFO:root:eta=1, l=0.46926365496875005, r=1
INFO:root:Iter 8: Q=0.2009, term1=0.0025, term2=0.1463, penalty=0.05462416261434555
INFO:root:U_1-Qu_upper=0.4500706578634419, U_2-Qv_upper=-0.247691123847896
INFO:root:eta=1, l=0.49580047222031254, r=1
INFO:root:Iter 9: Q=0.1915, term1=0.0035, term2=0.1369, penalty=0.054527346044778824
INFO:root:U_1-Qu_upper=0.444913826368654, U_2-Qv_upper=-0.21822832024008348
INFO:root:eta=1, l=0.5210104486092969, r=1
INFO:root:Iter 10: Q=0.1858, term1=0.0035, term2=0.1311, penalty=0.05466212332248688
INFO:root:U_1-Qu_upper=0.4346727818945576, U_2-Qv_upper=-0.21289527281567672
INFO:root:eta=1, l=0.544959926178832, r=1
INFO:root:Iter 11: Q=0.1875, term1=0.0042, term2=0.1339, penalty=0.0535251647233963
INFO:root:U_1-Qu_upper=0.429890870117131, U_2-Qv_upper=-0.2136298260321638
INFO:root:eta=1, l=0.5677119298698905, r=1
INFO:root:Iter 12: Q=0.1802, term1=0.0044, term2=0.1255, penalty=0.05467046797275543
INFO:root:U_1-Qu_upper=0.4234145874492723, U_2-Qv_upper=-0.1913946261418476
INFO:root:eta=1, l=0.589326333376396, r=1
INFO:root:Iter 13: Q=0.1716, term1=0.0057, term2=0.1188, penalty=0.052853915840387344
INFO:root:U_1-Qu_upper=0.4185713912205119, U_2-Qv_upper=-0.18954392593304947
INFO:root:eta=1, l=0.6098600167075762, r=1
INFO:root:Iter 14: Q=0.1671, term1=0.0049, term2=0.1160, penalty=0.051100149750709534
INFO:root:U_1-Qu_upper=0.4175117440408443, U_2-Qv_upper=-0.18414955891763723
INFO:root:eta=1, l=0.6293670158721973, r=1
INFO:root:Iter 15: Q=0.1626, term1=0.0053, term2=0.1136, penalty=0.049068573862314224
INFO:root:U_1-Qu_upper=0.4143016123209153, U_2-Qv_upper=-0.16928368665308113
INFO:root:eta=1, l=0.6478986650785875, r=1
INFO:root:Iter 16: Q=0.1581, term1=0.0055, term2=0.1095, penalty=0.04853477701544762
INFO:root:U_1-Qu_upper=0.4133747298659891, U_2-Qv_upper=-0.16876717496242954
INFO:root:eta=1, l=0.6655037318246582, r=1
INFO:root:Iter 17: Q=0.1538, term1=0.0060, term2=0.1071, penalty=0.04672640189528465
INFO:root:U_1-Qu_upper=0.40516088862385014, U_2-Qv_upper=-0.1649670170983666
INFO:root:eta=1, l=0.6822285452334252, r=1
INFO:root:Iter 18: Q=0.1515, term1=0.0061, term2=0.1046, penalty=0.04693412035703659
INFO:root:U_1-Qu_upper=0.4017960717365718, U_2-Qv_upper=-0.16227968919514135
INFO:root:eta=1, l=0.698117117971754, r=1
INFO:root:Iter 19: Q=0.1497, term1=0.0064, term2=0.1034, penalty=0.046343687921762466
INFO:root:U_1-Qu_upper=0.39921999173238576, U_2-Qv_upper=-0.15258862734784145
INFO:root:eta=1, l=0.7132112620731663, r=1
INFO:root:Iter 20: Q=0.1485, term1=0.0065, term2=0.1017, penalty=0.0468486063182354
INFO:root:U_1-Qu_upper=0.39601547723779473, U_2-Qv_upper=-0.15729645447860435
INFO:root:eta=1, l=0.727550698969508, r=1
INFO:root:Iter 21: Q=0.1468, term1=0.0068, term2=0.0988, penalty=0.047932613641023636
INFO:root:U_1-Qu_upper=0.3931861315205372, U_2-Qv_upper=-0.13831403689561733
INFO:root:eta=1, l=0.7411731640210326, r=1
INFO:root:Iter 22: Q=0.1477, term1=0.0075, term2=0.0984, penalty=0.04925236478447914
INFO:root:U_1-Qu_upper=0.3880191233647916, U_2-Qv_upper=-0.14047324838503022
INFO:root:eta=1, l=0.754114505819981, r=1
INFO:root:Iter 23: Q=0.1445, term1=0.0076, term2=0.0970, penalty=0.047447431832551956
INFO:root:U_1-Qu_upper=0.384965721508742, U_2-Qv_upper=-0.13068374450412468
INFO:root:eta=1, l=0.7664087805289819, r=1
INFO:root:Iter 24: Q=0.1448, term1=0.0082, term2=0.0958, penalty=0.049029640853405
INFO:root:U_1-Qu_upper=0.3805879887449803, U_2-Qv_upper=-0.12322061591105693
INFO:root:eta=1, l=0.7780883415025328, r=1
INFO:root:Iter 25: Q=0.1401, term1=0.0081, term2=0.0902, penalty=0.04992036521434784
INFO:root:U_1-Qu_upper=0.380900763149817, U_2-Qv_upper=-0.11156727087113061
INFO:root:eta=1, l=0.7891839244274061, r=1
INFO:root:Iter 26: Q=0.1406, term1=0.0082, term2=0.0890, penalty=0.051520779728889465
INFO:root:U_1-Qu_upper=0.37805853480238577, U_2-Qv_upper=-0.11359119290374553
INFO:root:eta=1, l=0.7997247282060358, r=1
INFO:root:Iter 27: Q=0.1386, term1=0.0083, term2=0.0879, penalty=0.05066453292965889
INFO:root:U_1-Qu_upper=0.37565963398713803, U_2-Qv_upper=-0.10152379714054588
INFO:root:eta=1, l=0.809738491795734, r=1
INFO:root:Iter 28: Q=0.1358, term1=0.0085, term2=0.0863, penalty=0.04947185888886452
INFO:root:U_1-Qu_upper=0.3777575167733964, U_2-Qv_upper=-0.09257957116615045
INFO:root:eta=1, l=0.8192515672059473, r=1
INFO:root:Iter 29: Q=0.1290, term1=0.0086, term2=0.0811, penalty=0.047901052981615067
INFO:root:U_1-Qu_upper=0.37455419490549086, U_2-Qv_upper=-0.08759527597347655
INFO:root:eta=1, l=0.8282889888456499, r=1
INFO:root:Iter 30: Q=0.1292, term1=0.0090, term2=0.0810, penalty=0.04820094257593155
INFO:root:U_1-Qu_upper=0.3727111289875704, U_2-Qv_upper=-0.08690031851399882
INFO:root:eta=1, l=0.8368745394033674, r=1
INFO:root:Iter 31: Q=0.1278, term1=0.0091, term2=0.0796, penalty=0.04814730957150459
INFO:root:U_1-Qu_upper=0.37173872429117305, U_2-Qv_upper=-0.08887843880214275
INFO:root:eta=1, l=0.8450308124331991, r=1
INFO:root:Iter 32: Q=0.1320, term1=0.0091, term2=0.0840, penalty=0.04797937721014023
INFO:root:U_1-Qu_upper=0.370134833798299, U_2-Qv_upper=-0.09863810035771992
INFO:root:eta=1, l=0.8527792718115391, r=1
INFO:root:Iter 33: Q=0.1305, term1=0.0094, term2=0.0828, penalty=0.04774622619152069
INFO:root:U_1-Qu_upper=0.3680691426887953, U_2-Qv_upper=-0.09911940765398064
INFO:root:eta=1, l=0.8601403082209622, r=1
INFO:root:Iter 34: Q=0.1280, term1=0.0095, term2=0.0817, penalty=0.04627367854118347
INFO:root:U_1-Qu_upper=0.3667833247488859, U_2-Qv_upper=-0.09470644922745397
INFO:root:eta=1, l=0.8671332928099141, r=1
INFO:root:Iter 35: Q=0.1293, term1=0.0098, term2=0.0826, penalty=0.046710699796676636
INFO:root:U_1-Qu_upper=0.3647976890490585, U_2-Qv_upper=-0.08452253686670042
INFO:root:eta=1, l=0.8737766281694185, r=1
INFO:root:Iter 36: Q=0.1306, term1=0.0099, term2=0.0816, penalty=0.0489666610956192
INFO:root:U_1-Qu_upper=0.3629100179610948, U_2-Qv_upper=-0.09029675282047633
INFO:root:eta=1, l=0.8800877967609475, r=1
INFO:root:Iter 37: Q=0.1301, term1=0.0101, term2=0.0807, penalty=0.04948140308260918
INFO:root:U_1-Qu_upper=0.3621402678286003, U_2-Qv_upper=-0.09088071738069259
INFO:root:eta=1, l=0.8860834069229001, r=1
INFO:root:Iter 38: Q=0.1279, term1=0.0102, term2=0.0799, penalty=0.04805430769920349
INFO:root:U_1-Qu_upper=0.3605624957537168, U_2-Qv_upper=-0.08512272904113266
INFO:root:eta=1, l=0.8917792365767551, r=1
INFO:root:Iter 39: Q=0.1272, term1=0.0104, term2=0.0785, penalty=0.04869740828871727
INFO:root:U_1-Qu_upper=0.35852716661502404, U_2-Qv_upper=-0.08424824358485022
INFO:root:eta=1, l=0.8971902747479173, r=1
INFO:root:Iter 40: Q=0.1238, term1=0.0107, term2=0.0777, penalty=0.04612721875309944
INFO:root:U_1-Qu_upper=0.35853341595040616, U_2-Qv_upper=-0.08452876093201073
INFO:root:eta=1, l=0.9023307610105215, r=1
INFO:root:Iter 41: Q=0.1207, term1=0.0109, term2=0.0760, penalty=0.04471858963370323
INFO:root:U_1-Qu_upper=0.3559230475827502, U_2-Qv_upper=-0.07561717208506502
INFO:root:eta=1, l=0.9072142229599954, r=1
INFO:root:Iter 42: Q=0.1162, term1=0.0112, term2=0.0721, penalty=0.04410198703408241
INFO:root:U_1-Qu_upper=0.35100970574097246, U_2-Qv_upper=-0.07170681944606688
INFO:root:eta=1, l=0.9118535118119957, r=1
INFO:root:Iter 43: Q=0.1110, term1=0.0121, term2=0.0673, penalty=0.04368153586983681
INFO:root:U_1-Qu_upper=0.34943147519160644, U_2-Qv_upper=-0.05401430996043921
INFO:root:eta=1, l=0.9162608362213959, r=1
INFO:root:Iter 44: Q=0.1107, term1=0.0122, term2=0.0673, penalty=0.04334663972258568
INFO:root:U_1-Qu_upper=0.3444314706915659, U_2-Qv_upper=-0.05113431405588664
INFO:root:eta=1, l=0.9204477944103261, r=1
INFO:root:Iter 45: Q=0.1064, term1=0.0123, term2=0.0662, penalty=0.04017271846532822
INFO:root:U_1-Qu_upper=0.34302179771001484, U_2-Qv_upper=-0.0516421532465286
INFO:root:eta=1, l=0.9244254046898098, r=1
INFO:root:Iter 46: Q=0.1074, term1=0.0126, term2=0.0654, penalty=0.04205789789557457
INFO:root:U_1-Qu_upper=0.34405532854688625, U_2-Qv_upper=-0.04754365399613997
INFO:root:eta=1, l=0.9282041344553194, r=1
INFO:root:Iter 47: Q=0.1070, term1=0.0126, term2=0.0669, penalty=0.04016915336251259
INFO:root:U_1-Qu_upper=0.34181073048087074, U_2-Qv_upper=-0.047854497459148715
INFO:root:eta=1, l=0.9317939277325534, r=1
INFO:root:Iter 48: Q=0.1076, term1=0.0128, term2=0.0672, penalty=0.0403573252260685
INFO:root:U_1-Qu_upper=0.3397119256635721, U_2-Qv_upper=-0.035330167825531555
INFO:root:eta=1, l=0.9352042313459258, r=1
INFO:root:Iter 49: Q=0.1079, term1=0.0128, term2=0.0648, penalty=0.043092094361782074
INFO:root:U_1-Qu_upper=0.34178954075775847, U_2-Qv_upper=-0.05026807667346056
INFO:root:eta=1, l=0.9384440197786295, r=1
INFO:root:Iter 50: Q=0.1054, term1=0.0132, term2=0.0655, penalty=0.039928942918777466
/zhome/c3/3/213266/SC/distributional-counterfactual-explanation/market_new.py:521: DeprecationWarning: __array_wrap__ must accept context and return_scalar arguments (positionally) in the future. (Deprecated NumPy 2.0)
  best_X_fsd = best_X_fsd * std.values + mean.values
X Sliced Wasserstein Distance (SWD) with FSD constraint: 0.127945
Y Wasserstein Distance (WD) with FSD constraint: 0.079129
MC FSD; lambda： 0.01 current seed： 44
INFO:root:Optimization started
INFO:root:U_1-Qu_upper=0.5, U_2-Qv_upper=-0.4050336575421148
INFO:root:eta=1, l=0.24000000000000002, r=1
INFO:root:Iter 1: Q=0.2580, term1=0.0059, term2=0.2259, penalty=0.032110460102558136
INFO:root:U_1-Qu_upper=0.5, U_2-Qv_upper=-0.33458359030196344
INFO:root:eta=1, l=0.278, r=1
INFO:root:Iter 2: Q=0.2586, term1=0.0038, term2=0.2034, penalty=0.05514587461948395
INFO:root:U_1-Qu_upper=0.46175249140403846, U_2-Qv_upper=-0.33291602288699557
INFO:root:eta=1, l=0.31410000000000005, r=1
INFO:root:Iter 3: Q=0.2563, term1=0.0021, term2=0.1947, penalty=0.06164667382836342
INFO:root:U_1-Qu_upper=0.45650869655086296, U_2-Qv_upper=-0.32235929253516754
INFO:root:eta=1, l=0.34839500000000007, r=1
INFO:root:Iter 4: Q=0.2360, term1=0.0031, term2=0.1777, penalty=0.05827104300260544
INFO:root:U_1-Qu_upper=0.448230836055592, U_2-Qv_upper=-0.2879317405491984
INFO:root:eta=1, l=0.38097525000000004, r=1
INFO:root:Iter 5: Q=0.2265, term1=0.0031, term2=0.1652, penalty=0.06132309511303902
INFO:root:U_1-Qu_upper=0.43812605634819496, U_2-Qv_upper=-0.28125172712213015
INFO:root:eta=1, l=0.41192648750000005, r=1
INFO:root:Iter 6: Q=0.2177, term1=0.0035, term2=0.1561, penalty=0.06163463741540909
INFO:root:U_1-Qu_upper=0.43185893898080324, U_2-Qv_upper=-0.27368634740119596
INFO:root:eta=1, l=0.44133016312500006, r=1
INFO:root:Iter 7: Q=0.2130, term1=0.0037, term2=0.1517, penalty=0.06128081679344177
INFO:root:U_1-Qu_upper=0.4277836372286655, U_2-Qv_upper=-0.2557873072989873
INFO:root:eta=1, l=0.46926365496875005, r=1
INFO:root:Iter 8: Q=0.2041, term1=0.0047, term2=0.1435, penalty=0.06059970334172249
INFO:root:U_1-Qu_upper=0.4196010553666404, U_2-Qv_upper=-0.23225608306348694
INFO:root:eta=1, l=0.49580047222031254, r=1
INFO:root:Iter 9: Q=0.1971, term1=0.0045, term2=0.1364, penalty=0.060776177793741226
INFO:root:U_1-Qu_upper=0.41854678961714004, U_2-Qv_upper=-0.22979185144087694
INFO:root:eta=1, l=0.5210104486092969, r=1
INFO:root:Iter 10: Q=0.1919, term1=0.0054, term2=0.1323, penalty=0.059630006551742554
INFO:root:U_1-Qu_upper=0.4113708272373382, U_2-Qv_upper=-0.2100066428228144
INFO:root:eta=1, l=0.544959926178832, r=1
INFO:root:Iter 11: Q=0.1922, term1=0.0066, term2=0.1325, penalty=0.05967922881245613
INFO:root:U_1-Qu_upper=0.4021291192394782, U_2-Qv_upper=-0.21883641885441968
INFO:root:eta=1, l=0.5677119298698905, r=1
INFO:root:Iter 12: Q=0.1853, term1=0.0064, term2=0.1282, penalty=0.057160742580890656
INFO:root:U_1-Qu_upper=0.4009762092540555, U_2-Qv_upper=-0.18852839947964933
INFO:root:eta=1, l=0.589326333376396, r=1
INFO:root:Iter 13: Q=0.1761, term1=0.0066, term2=0.1189, penalty=0.05719906836748123
INFO:root:U_1-Qu_upper=0.3933890970121325, U_2-Qv_upper=-0.18567793539669647
INFO:root:eta=1, l=0.6098600167075762, r=1
INFO:root:Iter 14: Q=0.1718, term1=0.0081, term2=0.1140, penalty=0.05774608254432678
INFO:root:U_1-Qu_upper=0.39128670384246717, U_2-Qv_upper=-0.1927643117010509
INFO:root:eta=1, l=0.6293670158721973, r=1
INFO:root:Iter 15: Q=0.1779, term1=0.0072, term2=0.1205, penalty=0.05737363547086716
INFO:root:U_1-Qu_upper=0.38700448115785074, U_2-Qv_upper=-0.19890929314515265
INFO:root:eta=1, l=0.6478986650785875, r=1
INFO:root:Iter 16: Q=0.1736, term1=0.0075, term2=0.1164, penalty=0.057270947843790054
INFO:root:U_1-Qu_upper=0.3851221351225053, U_2-Qv_upper=-0.18743109735763525
INFO:root:eta=1, l=0.6655037318246582, r=1
INFO:root:Iter 17: Q=0.1721, term1=0.0078, term2=0.1138, penalty=0.05825598165392876
INFO:root:U_1-Qu_upper=0.3819483970747222, U_2-Qv_upper=-0.18087936781249903
INFO:root:eta=1, l=0.6822285452334252, r=1
INFO:root:Iter 18: Q=0.1716, term1=0.0083, term2=0.1113, penalty=0.06032185256481171
INFO:root:U_1-Qu_upper=0.3791324653031096, U_2-Qv_upper=-0.1732082737363403
INFO:root:eta=1, l=0.698117117971754, r=1
INFO:root:Iter 19: Q=0.1682, term1=0.0087, term2=0.1080, penalty=0.0601804293692112
INFO:root:U_1-Qu_upper=0.37366558962457397, U_2-Qv_upper=-0.16760452223083216
INFO:root:eta=1, l=0.7132112620731663, r=1
INFO:root:Iter 20: Q=0.1625, term1=0.0097, term2=0.1028, penalty=0.05970318242907524
INFO:root:U_1-Qu_upper=0.36702372483847023, U_2-Qv_upper=-0.14039781205567564
INFO:root:eta=1, l=0.727550698969508, r=1
INFO:root:Iter 21: Q=0.1582, term1=0.0096, term2=0.0961, penalty=0.062126025557518005
INFO:root:U_1-Qu_upper=0.36479925797751345, U_2-Qv_upper=-0.14115976249606793
INFO:root:eta=1, l=0.7411731640210326, r=1
INFO:root:Iter 22: Q=0.1598, term1=0.0097, term2=0.0952, penalty=0.06456846743822098
INFO:root:U_1-Qu_upper=0.36356574033827904, U_2-Qv_upper=-0.12929552709768766
INFO:root:eta=1, l=0.754114505819981, r=1
INFO:root:Iter 23: Q=0.1544, term1=0.0109, term2=0.0931, penalty=0.06123541295528412
INFO:root:U_1-Qu_upper=0.35978933895927856, U_2-Qv_upper=-0.13026951992833274
INFO:root:eta=1, l=0.7664087805289819, r=1
INFO:root:Iter 24: Q=0.1524, term1=0.0110, term2=0.0927, penalty=0.05961757153272629
INFO:root:U_1-Qu_upper=0.354214699050159, U_2-Qv_upper=-0.11578467443916735
INFO:root:eta=1, l=0.7780883415025328, r=1
INFO:root:Iter 25: Q=0.1487, term1=0.0114, term2=0.0913, penalty=0.05741295963525772
INFO:root:U_1-Qu_upper=0.3497120087325374, U_2-Qv_upper=-0.11608823827566067
INFO:root:eta=1, l=0.7891839244274061, r=1
INFO:root:Iter 26: Q=0.1482, term1=0.0113, term2=0.0906, penalty=0.05761227756738663
INFO:root:U_1-Qu_upper=0.34807713905751947, U_2-Qv_upper=-0.13140167639068528
INFO:root:eta=1, l=0.7997247282060358, r=1
INFO:root:Iter 27: Q=0.1497, term1=0.0115, term2=0.0952, penalty=0.05441110208630562
INFO:root:U_1-Qu_upper=0.34684934328499145, U_2-Qv_upper=-0.13112364011371985
INFO:root:eta=1, l=0.809738491795734, r=1
INFO:root:Iter 28: Q=0.1452, term1=0.0127, term2=0.0932, penalty=0.051985617727041245
INFO:root:U_1-Qu_upper=0.343839448844414, U_2-Qv_upper=-0.1191593929214676
INFO:root:eta=1, l=0.8192515672059473, r=1
INFO:root:Iter 29: Q=0.1408, term1=0.0122, term2=0.0909, penalty=0.049903612583875656
INFO:root:U_1-Qu_upper=0.3436243765975583, U_2-Qv_upper=-0.11751474574401088
INFO:root:eta=1, l=0.8282889888456499, r=1
INFO:root:Iter 30: Q=0.1386, term1=0.0135, term2=0.0895, penalty=0.04912078380584717
INFO:root:U_1-Qu_upper=0.33537816420521793, U_2-Qv_upper=-0.11087099197076133
INFO:root:eta=1, l=0.8368745394033674, r=1
INFO:root:Iter 31: Q=0.1338, term1=0.0142, term2=0.0846, penalty=0.04912612587213516
INFO:root:U_1-Qu_upper=0.33364310109246165, U_2-Qv_upper=-0.09556261930902388
INFO:root:eta=1, l=0.8450308124331991, r=1
INFO:root:Iter 32: Q=0.1332, term1=0.0143, term2=0.0821, penalty=0.0511152446269989
INFO:root:U_1-Qu_upper=0.32869993576207296, U_2-Qv_upper=-0.09249373745990463
INFO:root:eta=1, l=0.8527792718115391, r=1
INFO:root:Iter 33: Q=0.1315, term1=0.0147, term2=0.0794, penalty=0.052103906869888306
INFO:root:U_1-Qu_upper=0.3265350120776185, U_2-Qv_upper=-0.07750874618162501
INFO:root:eta=1, l=0.8601403082209622, r=1
INFO:root:Iter 34: Q=0.1268, term1=0.0145, term2=0.0773, penalty=0.049566276371479034
INFO:root:U_1-Qu_upper=0.3261940473274287, U_2-Qv_upper=-0.07185386622205958
INFO:root:eta=1, l=0.8671332928099141, r=1
INFO:root:Iter 35: Q=0.1264, term1=0.0146, term2=0.0775, penalty=0.0489661805331707
INFO:root:U_1-Qu_upper=0.3265506831259494, U_2-Qv_upper=-0.07526555121251499
INFO:root:eta=1, l=0.8737766281694185, r=1
INFO:root:Iter 36: Q=0.1263, term1=0.0150, term2=0.0775, penalty=0.04881350323557854
INFO:root:U_1-Qu_upper=0.32421640848189465, U_2-Qv_upper=-0.07749360600758032
INFO:root:eta=1, l=0.8800877967609475, r=1
INFO:root:Iter 37: Q=0.1243, term1=0.0153, term2=0.0769, penalty=0.04748108237981796
INFO:root:U_1-Qu_upper=0.32250962887543616, U_2-Qv_upper=-0.06612872726833607
INFO:root:eta=1, l=0.8860834069229001, r=1
INFO:root:Iter 38: Q=0.1220, term1=0.0155, term2=0.0756, penalty=0.04643937200307846
INFO:root:U_1-Qu_upper=0.3218033274874406, U_2-Qv_upper=-0.07620334820384866
INFO:root:eta=1, l=0.8917792365767551, r=1
INFO:root:Iter 39: Q=0.1219, term1=0.0157, term2=0.0746, penalty=0.04724890738725662
INFO:root:U_1-Qu_upper=0.3202512971920931, U_2-Qv_upper=-0.07062249000070886
INFO:root:eta=1, l=0.8971902747479173, r=1
INFO:root:Iter 40: Q=0.1206, term1=0.0159, term2=0.0733, penalty=0.04735341668128967
INFO:root:U_1-Qu_upper=0.3172282231069917, U_2-Qv_upper=-0.07337321242819911
INFO:root:eta=1, l=0.9023307610105215, r=1
INFO:root:Iter 41: Q=0.1155, term1=0.0162, term2=0.0701, penalty=0.04544438421726227
INFO:root:U_1-Qu_upper=0.3164904511801585, U_2-Qv_upper=-0.05841756504583434
INFO:root:eta=1, l=0.9072142229599954, r=1
INFO:root:Iter 42: Q=0.1120, term1=0.0166, term2=0.0673, penalty=0.044727955013513565
INFO:root:U_1-Qu_upper=0.31345224252159504, U_2-Qv_upper=0.013650624919336496
INFO:root:eta=0.9961278730139809, l=0.9118535118119957, r=1
INFO:root:Iter 43: Q=0.0959, term1=0.0173, term2=0.0518, penalty=0.04428008198738098
INFO:root:U_1-Qu_upper=0.3087246031034214, U_2-Qv_upper=0.017836753892393642
INFO:root:eta=0.9951854462182788, l=0.9162608362213959, r=1
INFO:root:Iter 44: Q=0.0987, term1=0.0172, term2=0.0528, penalty=0.04609542340040207
INFO:root:U_1-Qu_upper=0.30915748883430105, U_2-Qv_upper=-0.0017415258339448236
INFO:root:eta=1, l=0.9204477944103261, r=1
INFO:root:Iter 45: Q=0.0973, term1=0.0177, term2=0.0520, penalty=0.045249659568071365
INFO:root:U_1-Qu_upper=0.30559282302099033, U_2-Qv_upper=0.018823333538865505
INFO:root:eta=0.9953842073852122, l=0.9244254046898098, r=1
INFO:root:Iter 46: Q=0.0981, term1=0.0177, term2=0.0531, penalty=0.04508458077907562
INFO:root:U_1-Qu_upper=0.30435495021369224, U_2-Qv_upper=0.007024077980090748
INFO:root:eta=0.9982951907395567, l=0.9282041344553194, r=1
INFO:root:Iter 47: Q=0.0940, term1=0.0177, term2=0.0504, penalty=0.0436764620244503
INFO:root:U_1-Qu_upper=0.306898374144041, U_2-Qv_upper=0.020295084730967583
INFO:root:eta=0.9955466616613534, l=0.9317939277325534, r=1
INFO:root:Iter 48: Q=0.0960, term1=0.0178, term2=0.0540, penalty=0.04213690757751465
INFO:root:U_1-Qu_upper=0.3050914435404315, U_2-Qv_upper=0.01285530100030785
INFO:root:eta=0.9972422753052141, l=0.9352042313459258, r=1
INFO:root:Iter 49: Q=0.0939, term1=0.0176, term2=0.0515, penalty=0.04244362562894821
INFO:root:U_1-Qu_upper=0.30680586594387327, U_2-Qv_upper=0.012130801863660834
INFO:root:eta=0.9975354836540133, l=0.9384440197786295, r=1
INFO:root:Iter 50: Q=0.0908, term1=0.0177, term2=0.0504, penalty=0.0404403991997242
/zhome/c3/3/213266/SC/distributional-counterfactual-explanation/market_new.py:521: DeprecationWarning: __array_wrap__ must accept context and return_scalar arguments (positionally) in the future. (Deprecated NumPy 2.0)
  best_X_fsd = best_X_fsd * std.values + mean.values
X Sliced Wasserstein Distance (SWD) with FSD constraint: 0.148656
Y Wasserstein Distance (WD) with FSD constraint: 0.061802

------------------------------------------------------------
Sender: LSF System <lsfadmin@hpc.dtu.dk>
Subject: Job 27710846: <NONAME> in cluster <dcc> Done

Job <NONAME> was submitted from host <hpclogin1> by user <s242612> in cluster <dcc> at Fri Jan 30 06:26:02 2026
Job was executed on host(s) <4*n-62-20-2>, in queue <gpuv100>, as user <s242612> in cluster <dcc> at Fri Jan 30 06:26:02 2026
</zhome/c3/3/213266> was used as the home directory.
</zhome/c3/3/213266/SC/distributional-counterfactual-explanation> was used as the working directory.
Started at Fri Jan 30 06:26:02 2026
Terminated at Fri Jan 30 08:24:22 2026
Results reported at Fri Jan 30 08:24:22 2026

Your job looked like:

------------------------------------------------------------
# LSBATCH: User input
#!/bin/bash
#BSUB -q gpuv100              # 指定队列类型
#BSUB -gpu "num=1"             # 请求一个 GPU
#BSUB -n 4                     # 请求 4 个 CPU 核心
#BSUB -R "rusage[mem=4096]"     # 请求 4096MB 内存
#BSUB -W 6:00                  # 设置最大运行时长为 6 小时
#BSUB -o output_%J.log         # 输出日志文件名设置为 output_<job_id>.log

# 激活虚拟环境
source ~/myenv/bin/activate

# 运行你的 Python 脚本
# python HELOC_new.py
# python Cardio.py
# python Cardio.py
# python cardio_new.py
python market_new.py




------------------------------------------------------------

Successfully completed.

Resource usage summary:

    CPU time :                                   7109.56 sec.
    Max Memory :                                 7805 MB
    Average Memory :                             7588.26 MB
    Total Requested Memory :                     16384.00 MB
    Delta Memory :                               8579.00 MB
    Max Swap :                                   -
    Max Processes :                              4
    Max Threads :                                8
    Run time :                                   7168 sec.
    Turnaround time :                            7100 sec.

The output (if any) is above this job summary.

