/zhome/c3/3/213266/myenv/lib64/python3.9/site-packages/networkx/utils/backends.py:135: RuntimeWarning: networkx backend defined more than once: nx-loopback
  backends.update(_get_backends("networkx.backends"))
INFO:root:Optimization started
INFO:root:U_1-Qu_upper=0.5, U_2-Qv_upper=-0.423156950932191
INFO:root:eta=1, l=0.24000000000000002, r=1
INFO:root:Iter 1: Q = 0.21640044450759888, term1 = 0.015811186283826828, term2 = 0.21640044450759888
INFO:root:U_1-Qu_upper=0.4807476609659497, U_2-Qv_upper=-0.3496861970382917
INFO:root:eta=1, l=0.278, r=1
INFO:root:Iter 2: Q = 0.1877318173646927, term1 = 0.0041545177809894085, term2 = 0.1877318173646927
INFO:root:U_1-Qu_upper=0.46332979116190187, U_2-Qv_upper=-0.31443701254301787
INFO:root:eta=1, l=0.31410000000000005, r=1
INFO:root:Iter 3: Q = 0.16414137184619904, term1 = 0.006388989742845297, term2 = 0.16414137184619904
INFO:root:U_1-Qu_upper=0.43515019419862594, U_2-Qv_upper=-0.2855371646190464
INFO:root:eta=1, l=0.34839500000000007, r=1
INFO:root:Iter 4: Q = 0.14689449965953827, term1 = 0.008319412358105183, term2 = 0.14689449965953827
INFO:root:U_1-Qu_upper=0.40739990437202717, U_2-Qv_upper=-0.13852760361955235
INFO:root:eta=1, l=0.38097525000000004, r=1
INFO:root:Iter 5: Q = 0.09992970526218414, term1 = 0.007440102286636829, term2 = 0.09992970526218414
INFO:root:U_1-Qu_upper=0.40061770121491114, U_2-Qv_upper=-0.13716046641528828
INFO:root:eta=1, l=0.41192648750000005, r=1
INFO:root:Iter 6: Q = 0.09302769601345062, term1 = 0.011563546024262905, term2 = 0.09302769601345062
INFO:root:U_1-Qu_upper=0.38061350853096265, U_2-Qv_upper=-0.11521819759176971
INFO:root:eta=1, l=0.44133016312500006, r=1
INFO:root:Iter 7: Q = 0.08733124285936356, term1 = 0.011592211201786995, term2 = 0.08733124285936356
INFO:root:U_1-Qu_upper=0.36957464899930725, U_2-Qv_upper=-0.1072396945208191
INFO:root:eta=1, l=0.46926365496875005, r=1
INFO:root:Iter 8: Q = 0.09184706956148148, term1 = 0.009894090704619884, term2 = 0.09184706956148148
INFO:root:U_1-Qu_upper=0.37147768405911413, U_2-Qv_upper=-0.1142137588572964
INFO:root:eta=1, l=0.49580047222031254, r=1
INFO:root:Iter 9: Q = 0.085535429418087, term1 = 0.015598882921040058, term2 = 0.085535429418087
INFO:root:U_1-Qu_upper=0.3444069318276807, U_2-Qv_upper=-0.1010692409432184
INFO:root:eta=1, l=0.5210104486092969, r=1
INFO:root:Iter 10: Q = 0.08265945315361023, term1 = 0.013600751757621765, term2 = 0.08265945315361023
INFO:root:U_1-Qu_upper=0.339476799035781, U_2-Qv_upper=-0.08941008189816085
INFO:root:eta=1, l=0.544959926178832, r=1
INFO:root:Iter 11: Q = 0.07640855759382248, term1 = 0.014860725030303001, term2 = 0.07640855759382248
INFO:root:U_1-Qu_upper=0.3334779354972894, U_2-Qv_upper=-0.07304436136067938
INFO:root:eta=1, l=0.5677119298698905, r=1
INFO:root:Iter 12: Q = 0.07501886785030365, term1 = 0.01933000423014164, term2 = 0.07501886785030365
INFO:root:U_1-Qu_upper=0.31857051216429716, U_2-Qv_upper=-0.06645092031012245
INFO:root:eta=1, l=0.589326333376396, r=1
INFO:root:Iter 13: Q = 0.0725618526339531, term1 = 0.016727924346923828, term2 = 0.0725618526339531
INFO:root:U_1-Qu_upper=0.3186154812553128, U_2-Qv_upper=-0.06360996484563147
INFO:root:eta=1, l=0.6098600167075762, r=1
INFO:root:Iter 14: Q = 0.07085273414850235, term1 = 0.016735587269067764, term2 = 0.07085273414850235
INFO:root:U_1-Qu_upper=0.31659735208542805, U_2-Qv_upper=-0.057189184671510795
INFO:root:eta=1, l=0.6293670158721973, r=1
INFO:root:Iter 15: Q = 0.07533445209264755, term1 = 0.01756490394473076, term2 = 0.07533445209264755
INFO:root:U_1-Qu_upper=0.31368489777010594, U_2-Qv_upper=-0.05864065207424485
INFO:root:eta=1, l=0.6478986650785875, r=1
INFO:root:Iter 16: Q = 0.07272177189588547, term1 = 0.020166974514722824, term2 = 0.07272177189588547
INFO:root:U_1-Qu_upper=0.30690930029285257, U_2-Qv_upper=-0.04955341208208025
INFO:root:eta=1, l=0.6655037318246582, r=1
INFO:root:Iter 17: Q = 0.07048267871141434, term1 = 0.01836693286895752, term2 = 0.07048267871141434
INFO:root:U_1-Qu_upper=0.3067061153927707, U_2-Qv_upper=-0.04295396927741757
INFO:root:eta=1, l=0.6822285452334252, r=1
INFO:root:Iter 18: Q = 0.06953762471675873, term1 = 0.018696611747145653, term2 = 0.06953762471675873
INFO:root:U_1-Qu_upper=0.3022248273485626, U_2-Qv_upper=-0.04548112360237905
INFO:root:eta=1, l=0.698117117971754, r=1
INFO:root:Iter 19: Q = 0.06920865178108215, term1 = 0.018730275332927704, term2 = 0.06920865178108215
INFO:root:U_1-Qu_upper=0.30408411473035457, U_2-Qv_upper=-0.04099307245115258
INFO:root:eta=1, l=0.7132112620731663, r=1
INFO:root:Iter 20: Q = 0.06919506192207336, term1 = 0.02251456491649151, term2 = 0.06919506192207336
INFO:root:U_1-Qu_upper=0.2902521487045443, U_2-Qv_upper=-0.041735118463909315
INFO:root:eta=1, l=0.727550698969508, r=1
INFO:root:Iter 21: Q = 0.06899283826351166, term1 = 0.0212221872061491, term2 = 0.06899283826351166
INFO:root:U_1-Qu_upper=0.29002160671904753, U_2-Qv_upper=-0.04623720931384706
INFO:root:eta=1, l=0.7411731640210326, r=1
INFO:root:Iter 22: Q = 0.06841955333948135, term1 = 0.0213150754570961, term2 = 0.06841955333948135
INFO:root:U_1-Qu_upper=0.2897745037156819, U_2-Qv_upper=-0.03603851690277554
INFO:root:eta=1, l=0.754114505819981, r=1
INFO:root:Iter 23: Q = 0.06728801131248474, term1 = 0.021472714841365814, term2 = 0.06728801131248474
INFO:root:U_1-Qu_upper=0.2907412556634532, U_2-Qv_upper=-0.03621516424176813
INFO:root:eta=1, l=0.7664087805289819, r=1
INFO:root:Iter 24: Q = 0.06644287705421448, term1 = 0.021699009463191032, term2 = 0.06644287705421448
INFO:root:U_1-Qu_upper=0.2874134021226568, U_2-Qv_upper=-0.027945009888051542
INFO:root:eta=1, l=0.7780883415025328, r=1
INFO:root:Iter 25: Q = 0.06469883024692535, term1 = 0.02199885994195938, term2 = 0.06469883024692535
INFO:root:U_1-Qu_upper=0.28560039610198273, U_2-Qv_upper=-0.02752179974381097
INFO:root:eta=1, l=0.7891839244274061, r=1
INFO:root:Iter 26: Q = 0.06773336231708527, term1 = 0.022200092673301697, term2 = 0.06773336231708527
INFO:root:U_1-Qu_upper=0.28405559963192506, U_2-Qv_upper=-0.031068947155802995
INFO:root:eta=1, l=0.7997247282060358, r=1
INFO:root:Iter 27: Q = 0.0629158467054367, term1 = 0.02234606444835663, term2 = 0.0629158467054367
INFO:root:U_1-Qu_upper=0.28121329093881775, U_2-Qv_upper=-0.027026878803646126
INFO:root:eta=1, l=0.809738491795734, r=1
INFO:root:Iter 28: Q = 0.0622822605073452, term1 = 0.022583339363336563, term2 = 0.0622822605073452
INFO:root:U_1-Qu_upper=0.28087355992994845, U_2-Qv_upper=-0.018489170236649755
INFO:root:eta=1, l=0.8192515672059473, r=1
INFO:root:Iter 29: Q = 0.06336646527051926, term1 = 0.022305335849523544, term2 = 0.06336646527051926
INFO:root:U_1-Qu_upper=0.28477551192604406, U_2-Qv_upper=-0.017606926212628382
INFO:root:eta=1, l=0.8282889888456499, r=1
INFO:root:Iter 30: Q = 0.062447689473629, term1 = 0.02429831214249134, term2 = 0.062447689473629
INFO:root:U_1-Qu_upper=0.28000792782538897, U_2-Qv_upper=-0.0118571355188275
INFO:root:eta=1, l=0.8368745394033674, r=1
INFO:root:Iter 31: Q = 0.06158663332462311, term1 = 0.023357409983873367, term2 = 0.06158663332462311
INFO:root:U_1-Qu_upper=0.27895278918788025, U_2-Qv_upper=-0.01478328313505134
INFO:root:eta=1, l=0.8450308124331991, r=1
INFO:root:Iter 32: Q = 0.06278204172849655, term1 = 0.024035748094320297, term2 = 0.06278204172849655
INFO:root:U_1-Qu_upper=0.27426546541904995, U_2-Qv_upper=-0.014259891491278653
INFO:root:eta=1, l=0.8527792718115391, r=1
INFO:root:Iter 33: Q = 0.06235356628894806, term1 = 0.02403995767235756, term2 = 0.06235356628894806
INFO:root:U_1-Qu_upper=0.2746842508670286, U_2-Qv_upper=-0.013756756770330947
INFO:root:eta=1, l=0.8601403082209622, r=1
INFO:root:Iter 34: Q = 0.06174040958285332, term1 = 0.02413061261177063, term2 = 0.06174040958285332
INFO:root:U_1-Qu_upper=0.27545593896532133, U_2-Qv_upper=-0.00409164776990284
INFO:root:eta=1, l=0.8671332928099141, r=1
INFO:root:Iter 35: Q = 0.060607098042964935, term1 = 0.024238411337137222, term2 = 0.060607098042964935
INFO:root:U_1-Qu_upper=0.27290434867677305, U_2-Qv_upper=-0.004274024613488581
INFO:root:eta=1, l=0.8737766281694185, r=1
INFO:root:Iter 36: Q = 0.06262298673391342, term1 = 0.025176584720611572, term2 = 0.06262298673391342
INFO:root:U_1-Qu_upper=0.2665335635202863, U_2-Qv_upper=-0.0197131539191453
INFO:root:eta=1, l=0.8800877967609475, r=1
INFO:root:Iter 37: Q = 0.0605437234044075, term1 = 0.02489437162876129, term2 = 0.0605437234044075
INFO:root:U_1-Qu_upper=0.27152031338711113, U_2-Qv_upper=-0.011270264139202457
INFO:root:eta=1, l=0.8860834069229001, r=1
INFO:root:Iter 38: Q = 0.06051519513130188, term1 = 0.02489718608558178, term2 = 0.06051519513130188
INFO:root:U_1-Qu_upper=0.2730437903205559, U_2-Qv_upper=-0.013640496951724979
INFO:root:eta=1, l=0.8917792365767551, r=1
INFO:root:Iter 39: Q = 0.06048119440674782, term1 = 0.02490837685763836, term2 = 0.06048119440674782
INFO:root:U_1-Qu_upper=0.2689008910089279, U_2-Qv_upper=-0.012757926238046946
INFO:root:eta=1, l=0.8971902747479173, r=1
INFO:root:Iter 40: Q = 0.060421496629714966, term1 = 0.024919575080275536, term2 = 0.060421496629714966
INFO:root:U_1-Qu_upper=0.2710797396653427, U_2-Qv_upper=-0.009382998870027082
INFO:root:eta=1, l=0.9023307610105215, r=1
INFO:root:Iter 41: Q = 0.060284778475761414, term1 = 0.024923725053668022, term2 = 0.060284778475761414
INFO:root:U_1-Qu_upper=0.2705180933485438, U_2-Qv_upper=-0.007017889108249353
INFO:root:eta=1, l=0.9072142229599954, r=1
INFO:root:Iter 42: Q = 0.059392765164375305, term1 = 0.024914728477597237, term2 = 0.059392765164375305
INFO:root:U_1-Qu_upper=0.2691233626035056, U_2-Qv_upper=-0.010856805147476445
INFO:root:eta=1, l=0.9118535118119957, r=1
INFO:root:Iter 43: Q = 0.06074897199869156, term1 = 0.024878744035959244, term2 = 0.06074897199869156
INFO:root:U_1-Qu_upper=0.2709285799925375, U_2-Qv_upper=-0.011563413022252167
INFO:root:eta=1, l=0.9162608362213959, r=1
INFO:root:Iter 44: Q = 0.061372388154268265, term1 = 0.027121812105178833, term2 = 0.061372388154268265
INFO:root:U_1-Qu_upper=0.2638673373167413, U_2-Qv_upper=-0.01037096943563831
INFO:root:eta=1, l=0.9204477944103261, r=1
INFO:root:Iter 45: Q = 0.05980726704001427, term1 = 0.0260529275983572, term2 = 0.05980726704001427
INFO:root:U_1-Qu_upper=0.26546536473455373, U_2-Qv_upper=-0.015283764606346284
INFO:root:eta=1, l=0.9244254046898098, r=1
INFO:root:Iter 46: Q = 0.06071491912007332, term1 = 0.02620355226099491, term2 = 0.06071491912007332
INFO:root:U_1-Qu_upper=0.262856204065121, U_2-Qv_upper=-0.01337410271405437
INFO:root:eta=1, l=0.9282041344553194, r=1
INFO:root:Iter 47: Q = 0.05958982929587364, term1 = 0.02605842426419258, term2 = 0.05958982929587364
INFO:root:U_1-Qu_upper=0.26603799263046807, U_2-Qv_upper=-0.00802049689338502
INFO:root:eta=1, l=0.9317939277325534, r=1
INFO:root:Iter 48: Q = 0.05882995203137398, term1 = 0.026055965572595596, term2 = 0.05882995203137398
INFO:root:U_1-Qu_upper=0.2646443404669554, U_2-Qv_upper=-0.006857189465978575
INFO:root:eta=1, l=0.9352042313459258, r=1
INFO:root:Iter 49: Q = 0.05761822685599327, term1 = 0.026095706969499588, term2 = 0.05761822685599327
INFO:root:U_1-Qu_upper=0.2658233625089228, U_2-Qv_upper=-0.010305254436017208
INFO:root:eta=1, l=0.9384440197786295, r=1
INFO:root:Iter 50: Q = 0.06051196902990341, term1 = 0.026170318946242332, term2 = 0.06051196902990341
/zhome/c3/3/213266/SC/distributional-counterfactual-explanation/market_new.py:195: DeprecationWarning: __array_wrap__ must accept context and return_scalar arguments (positionally) in the future. (Deprecated NumPy 2.0)
  X_s = X_s * std.values + mean.values
INFO:root:Optimization started
INFO:root:U_1-Qu_upper=0.5, U_2-Qv_upper=-0.3963710795459761
INFO:root:eta=1, l=0.24000000000000002, r=1
INFO:root:Iter 1: Q = 0.21658769249916077, term1 = 0.008994035422801971, term2 = 0.21658769249916077
INFO:root:U_1-Qu_upper=0.48089380280376487, U_2-Qv_upper=-0.3269972441055072
INFO:root:eta=1, l=0.278, r=1
INFO:root:Iter 2: Q = 0.18920762836933136, term1 = 0.008836308494210243, term2 = 0.18920762836933136
INFO:root:U_1-Qu_upper=0.45334594569708664, U_2-Qv_upper=-0.3112293184887884
INFO:root:eta=1, l=0.31410000000000005, r=1
INFO:root:Iter 3: Q = 0.16571198403835297, term1 = 0.0045120595023036, term2 = 0.16571198403835297
INFO:root:U_1-Qu_upper=0.4386975731598661, U_2-Qv_upper=-0.27895423790651236
INFO:root:eta=1, l=0.34839500000000007, r=1
INFO:root:Iter 4: Q = 0.14667069911956787, term1 = 0.005094090010970831, term2 = 0.14667069911956787
INFO:root:U_1-Qu_upper=0.4281491902604706, U_2-Qv_upper=-0.24824420777734463
INFO:root:eta=1, l=0.38097525000000004, r=1
INFO:root:Iter 5: Q = 0.13768382370471954, term1 = 0.009228039532899857, term2 = 0.13768382370471954
INFO:root:U_1-Qu_upper=0.4091296900431648, U_2-Qv_upper=-0.22756404831662141
INFO:root:eta=1, l=0.41192648750000005, r=1
INFO:root:Iter 6: Q = 0.1291448473930359, term1 = 0.017264559864997864, term2 = 0.1291448473930359
INFO:root:U_1-Qu_upper=0.39239230294121713, U_2-Qv_upper=-0.21121241310829514
INFO:root:eta=1, l=0.44133016312500006, r=1
INFO:root:Iter 7: Q = 0.12538853287696838, term1 = 0.008480862714350224, term2 = 0.12538853287696838
INFO:root:U_1-Qu_upper=0.3864034651589391, U_2-Qv_upper=-0.2074797020309465
INFO:root:eta=1, l=0.46926365496875005, r=1
INFO:root:Iter 8: Q = 0.11879215389490128, term1 = 0.009530266746878624, term2 = 0.11879215389490128
INFO:root:U_1-Qu_upper=0.3813295445490218, U_2-Qv_upper=-0.19111013345094552
INFO:root:eta=1, l=0.49580047222031254, r=1
INFO:root:Iter 9: Q = 0.11743319034576416, term1 = 0.010379170998930931, term2 = 0.11743319034576416
INFO:root:U_1-Qu_upper=0.3714600784278747, U_2-Qv_upper=-0.0834178031581746
INFO:root:eta=1, l=0.5210104486092969, r=1
INFO:root:Iter 10: Q = 0.0764419212937355, term1 = 0.011137585155665874, term2 = 0.0764419212937355
INFO:root:U_1-Qu_upper=0.36704756088787294, U_2-Qv_upper=-0.07051896994445905
INFO:root:eta=1, l=0.544959926178832, r=1
INFO:root:Iter 11: Q = 0.0749334841966629, term1 = 0.010861624032258987, term2 = 0.0749334841966629
INFO:root:U_1-Qu_upper=0.36264780207876846, U_2-Qv_upper=-0.07811898855285909
INFO:root:eta=1, l=0.5677119298698905, r=1
INFO:root:Iter 12: Q = 0.07121313363313675, term1 = 0.011534357443451881, term2 = 0.07121313363313675
INFO:root:U_1-Qu_upper=0.35814019459960633, U_2-Qv_upper=-0.05713027839616103
INFO:root:eta=1, l=0.589326333376396, r=1
INFO:root:Iter 13: Q = 0.07215078175067902, term1 = 0.01288770604878664, term2 = 0.07215078175067902
INFO:root:U_1-Qu_upper=0.3524793606235589, U_2-Qv_upper=-0.048598692931392795
INFO:root:eta=1, l=0.6098600167075762, r=1
INFO:root:Iter 14: Q = 0.07188992202281952, term1 = 0.012339097447693348, term2 = 0.07188992202281952
INFO:root:U_1-Qu_upper=0.35099675734704355, U_2-Qv_upper=-0.05504255132338692
INFO:root:eta=1, l=0.6293670158721973, r=1
INFO:root:Iter 15: Q = 0.07085253298282623, term1 = 0.012455742806196213, term2 = 0.07085253298282623
INFO:root:U_1-Qu_upper=0.3458778102425408, U_2-Qv_upper=-0.04773326727905597
INFO:root:eta=1, l=0.6478986650785875, r=1
INFO:root:Iter 16: Q = 0.06957989186048508, term1 = 0.012659949250519276, term2 = 0.06957989186048508
INFO:root:U_1-Qu_upper=0.34930543979654827, U_2-Qv_upper=-0.047428031015038175
INFO:root:eta=1, l=0.6655037318246582, r=1
INFO:root:Iter 17: Q = 0.06867844611406326, term1 = 0.012739202007651329, term2 = 0.06867844611406326
INFO:root:U_1-Qu_upper=0.34794905567530127, U_2-Qv_upper=-0.04777746685829831
INFO:root:eta=1, l=0.6822285452334252, r=1
INFO:root:Iter 18: Q = 0.07156563550233841, term1 = 0.01350694615393877, term2 = 0.07156563550233841
INFO:root:U_1-Qu_upper=0.34353060946371905, U_2-Qv_upper=-0.046077659547201666
INFO:root:eta=1, l=0.698117117971754, r=1
INFO:root:Iter 19: Q = 0.07016418874263763, term1 = 0.013800559565424919, term2 = 0.07016418874263763
INFO:root:U_1-Qu_upper=0.3385933917575855, U_2-Qv_upper=-0.04340127452237763
INFO:root:eta=1, l=0.7132112620731663, r=1
INFO:root:Iter 20: Q = 0.0685928612947464, term1 = 0.01369156688451767, term2 = 0.0685928612947464
INFO:root:U_1-Qu_upper=0.34029439922895605, U_2-Qv_upper=-0.04173297516374469
INFO:root:eta=1, l=0.727550698969508, r=1
INFO:root:Iter 21: Q = 0.06852427124977112, term1 = 0.013764923438429832, term2 = 0.06852427124977112
INFO:root:U_1-Qu_upper=0.3381512950885239, U_2-Qv_upper=-0.03670281822811616
INFO:root:eta=1, l=0.7411731640210326, r=1
INFO:root:Iter 22: Q = 0.0690082311630249, term1 = 0.013764685019850731, term2 = 0.0690082311630249
INFO:root:U_1-Qu_upper=0.3408164575109652, U_2-Qv_upper=-0.03570055562022162
INFO:root:eta=1, l=0.754114505819981, r=1
INFO:root:Iter 23: Q = 0.06656433641910553, term1 = 0.013776677660644054, term2 = 0.06656433641910553
INFO:root:U_1-Qu_upper=0.338457567107455, U_2-Qv_upper=-0.034411775798173505
INFO:root:eta=1, l=0.7664087805289819, r=1
INFO:root:Iter 24: Q = 0.0663067176938057, term1 = 0.013924126513302326, term2 = 0.0663067176938057
INFO:root:U_1-Qu_upper=0.3387394523691544, U_2-Qv_upper=-0.03739423038206513
INFO:root:eta=1, l=0.7780883415025328, r=1
INFO:root:Iter 25: Q = 0.06492165476083755, term1 = 0.014489064924418926, term2 = 0.06492165476083755
INFO:root:U_1-Qu_upper=0.339067389709126, U_2-Qv_upper=-0.03284750335151371
INFO:root:eta=1, l=0.7891839244274061, r=1
INFO:root:Iter 26: Q = 0.06402627378702164, term1 = 0.014925098046660423, term2 = 0.06402627378702164
INFO:root:U_1-Qu_upper=0.33374293329627175, U_2-Qv_upper=-0.02271741669452282
INFO:root:eta=1, l=0.7997247282060358, r=1
INFO:root:Iter 27: Q = 0.06722493469715118, term1 = 0.014944428578019142, term2 = 0.06722493469715118
INFO:root:U_1-Qu_upper=0.3334377723308951, U_2-Qv_upper=-0.03444229614688521
INFO:root:eta=1, l=0.809738491795734, r=1
INFO:root:Iter 28: Q = 0.06268005818128586, term1 = 0.014768627472221851, term2 = 0.06268005818128586
INFO:root:U_1-Qu_upper=0.33242780003881084, U_2-Qv_upper=-0.02832125077008596
INFO:root:eta=1, l=0.8192515672059473, r=1
INFO:root:Iter 29: Q = 0.05877505615353584, term1 = 0.01500624231994152, term2 = 0.05877505615353584
INFO:root:U_1-Qu_upper=0.3312858435301154, U_2-Qv_upper=-0.008661195772541042
INFO:root:eta=1, l=0.8282889888456499, r=1
INFO:root:Iter 30: Q = 0.06282706558704376, term1 = 0.016221117228269577, term2 = 0.06282706558704376
INFO:root:U_1-Qu_upper=0.3336908922925072, U_2-Qv_upper=-0.020391524121070037
INFO:root:eta=1, l=0.8368745394033674, r=1
INFO:root:Iter 31: Q = 0.05985718593001366, term1 = 0.015449060127139091, term2 = 0.05985718593001366
INFO:root:U_1-Qu_upper=0.3264678143229992, U_2-Qv_upper=-0.014253947754040097
INFO:root:eta=1, l=0.8450308124331991, r=1
INFO:root:Iter 32: Q = 0.059711944311857224, term1 = 0.01615956611931324, term2 = 0.059711944311857224
INFO:root:U_1-Qu_upper=0.323306794846692, U_2-Qv_upper=-0.012800541243296826
INFO:root:eta=1, l=0.8527792718115391, r=1
INFO:root:Iter 33: Q = 0.05789834260940552, term1 = 0.016017653048038483, term2 = 0.05789834260940552
INFO:root:U_1-Qu_upper=0.3271816490726186, U_2-Qv_upper=-0.006652430592601399
INFO:root:eta=1, l=0.8601403082209622, r=1
INFO:root:Iter 34: Q = 0.05744697153568268, term1 = 0.016089314594864845, term2 = 0.05744697153568268
INFO:root:U_1-Qu_upper=0.3274249228273173, U_2-Qv_upper=-0.010491369193326994
INFO:root:eta=1, l=0.8671332928099141, r=1
INFO:root:Iter 35: Q = 0.05736922100186348, term1 = 0.016430454328656197, term2 = 0.05736922100186348
INFO:root:U_1-Qu_upper=0.3209511069324805, U_2-Qv_upper=-0.0008417581099701699
INFO:root:eta=1, l=0.8737766281694185, r=1
INFO:root:Iter 36: Q = 0.06001337990164757, term1 = 0.016205115243792534, term2 = 0.06001337990164757
INFO:root:U_1-Qu_upper=0.32522288419749334, U_2-Qv_upper=-0.008820028127741852
INFO:root:eta=1, l=0.8800877967609475, r=1
INFO:root:Iter 37: Q = 0.061184704303741455, term1 = 0.01616230607032776, term2 = 0.061184704303741455
INFO:root:U_1-Qu_upper=0.3238553568502981, U_2-Qv_upper=-0.01834815581861171
INFO:root:eta=1, l=0.8860834069229001, r=1
INFO:root:Iter 38: Q = 0.061778075993061066, term1 = 0.0159531868994236, term2 = 0.061778075993061066
INFO:root:U_1-Qu_upper=0.3261317823866152, U_2-Qv_upper=-0.01970650596023188
INFO:root:eta=1, l=0.8917792365767551, r=1
INFO:root:Iter 39: Q = 0.06058363988995552, term1 = 0.016019752249121666, term2 = 0.06058363988995552
INFO:root:U_1-Qu_upper=0.3283488172731816, U_2-Qv_upper=-0.023359286571406734
INFO:root:eta=1, l=0.8971902747479173, r=1
INFO:root:Iter 40: Q = 0.06004870682954788, term1 = 0.016155382618308067, term2 = 0.06004870682954788
INFO:root:U_1-Qu_upper=0.32275157820112965, U_2-Qv_upper=-0.021205408284620586
INFO:root:eta=1, l=0.9023307610105215, r=1
INFO:root:Iter 41: Q = 0.05755064636468887, term1 = 0.016316311433911324, term2 = 0.05755064636468887
INFO:root:U_1-Qu_upper=0.3217843532686535, U_2-Qv_upper=-0.006853454831623695
INFO:root:eta=1, l=0.9072142229599954, r=1
INFO:root:Iter 42: Q = 0.06218942254781723, term1 = 0.016716361045837402, term2 = 0.06218942254781723
INFO:root:U_1-Qu_upper=0.32051866237798304, U_2-Qv_upper=-0.020037429153090536
INFO:root:eta=1, l=0.9118535118119957, r=1
INFO:root:Iter 43: Q = 0.05771149322390556, term1 = 0.016722192987799644, term2 = 0.05771149322390556
INFO:root:U_1-Qu_upper=0.32323619434930084, U_2-Qv_upper=-0.008071789510373462
INFO:root:eta=1, l=0.9162608362213959, r=1
INFO:root:Iter 44: Q = 0.059148188680410385, term1 = 0.016734255477786064, term2 = 0.059148188680410385
INFO:root:U_1-Qu_upper=0.3204364983148693, U_2-Qv_upper=-0.009596722887225573
INFO:root:eta=1, l=0.9204477944103261, r=1
INFO:root:Iter 45: Q = 0.05841638892889023, term1 = 0.0168975330889225, term2 = 0.05841638892889023
INFO:root:U_1-Qu_upper=0.3177541418177884, U_2-Qv_upper=-0.003507053838453955
INFO:root:eta=1, l=0.9244254046898098, r=1
INFO:root:Iter 46: Q = 0.058117106556892395, term1 = 0.01669241487979889, term2 = 0.058117106556892395
INFO:root:U_1-Qu_upper=0.3212107452971973, U_2-Qv_upper=-0.015930941107554664
INFO:root:eta=1, l=0.9282041344553194, r=1
INFO:root:Iter 47: Q = 0.06093674898147583, term1 = 0.016690801829099655, term2 = 0.06093674898147583
INFO:root:U_1-Qu_upper=0.31933442712364835, U_2-Qv_upper=-0.01895001420236536
INFO:root:eta=1, l=0.9317939277325534, r=1
INFO:root:Iter 48: Q = 0.05841199308633804, term1 = 0.01666606403887272, term2 = 0.05841199308633804
INFO:root:U_1-Qu_upper=0.3208378400195221, U_2-Qv_upper=-0.005933899344412907
INFO:root:eta=1, l=0.9352042313459258, r=1
INFO:root:Iter 49: Q = 0.059042658656835556, term1 = 0.017150474712252617, term2 = 0.059042658656835556
INFO:root:U_1-Qu_upper=0.32028227120226893, U_2-Qv_upper=-0.01889612346506675
INFO:root:eta=1, l=0.9384440197786295, r=1
INFO:root:Iter 50: Q = 0.06075450778007507, term1 = 0.01722278632223606, term2 = 0.06075450778007507
/zhome/c3/3/213266/SC/distributional-counterfactual-explanation/market_new.py:195: DeprecationWarning: __array_wrap__ must accept context and return_scalar arguments (positionally) in the future. (Deprecated NumPy 2.0)
  #     X_s = X_s * std.values + mean.values
INFO:root:Optimization started
INFO:root:U_1-Qu_upper=0.5, U_2-Qv_upper=-0.42551708664899984
INFO:root:eta=1, l=0.24000000000000002, r=1
INFO:root:Iter 1: Q = 0.21735143661499023, term1 = 0.0079305749386549, term2 = 0.21735143661499023
INFO:root:U_1-Qu_upper=0.5, U_2-Qv_upper=-0.3268989640606362
INFO:root:eta=1, l=0.278, r=1
INFO:root:Iter 2: Q = 0.18638868629932404, term1 = 0.005605375859886408, term2 = 0.18638868629932404
INFO:root:U_1-Qu_upper=0.44803362143989894, U_2-Qv_upper=-0.3175083063026412
INFO:root:eta=1, l=0.31410000000000005, r=1
INFO:root:Iter 3: Q = 0.16178523004055023, term1 = 0.0058358656242489815, term2 = 0.16178523004055023
INFO:root:U_1-Qu_upper=0.42599032756410593, U_2-Qv_upper=-0.27329511349390184
INFO:root:eta=1, l=0.34839500000000007, r=1
INFO:root:Iter 4: Q = 0.14696462452411652, term1 = 0.008896100334823132, term2 = 0.14696462452411652
INFO:root:U_1-Qu_upper=0.4050535414860448, U_2-Qv_upper=-0.24649730650712692
INFO:root:eta=1, l=0.38097525000000004, r=1
INFO:root:Iter 5: Q = 0.13416707515716553, term1 = 0.007627005688846111, term2 = 0.13416707515716553
INFO:root:U_1-Qu_upper=0.39268433391632296, U_2-Qv_upper=-0.10853221805626767
INFO:root:eta=1, l=0.41192648750000005, r=1
INFO:root:Iter 6: Q = 0.09481882303953171, term1 = 0.007321019656956196, term2 = 0.09481882303953171
INFO:root:U_1-Qu_upper=0.3898518102658714, U_2-Qv_upper=-0.11568394185643893
INFO:root:eta=1, l=0.44133016312500006, r=1
INFO:root:Iter 7: Q = 0.08958595246076584, term1 = 0.01082190964370966, term2 = 0.08958595246076584
INFO:root:U_1-Qu_upper=0.375585072354689, U_2-Qv_upper=-0.1195321827617058
INFO:root:eta=1, l=0.46926365496875005, r=1
INFO:root:Iter 8: Q = 0.09024305641651154, term1 = 0.013333779759705067, term2 = 0.09024305641651154
INFO:root:U_1-Qu_upper=0.3584353461662799, U_2-Qv_upper=-0.10939203342461762
INFO:root:eta=1, l=0.49580047222031254, r=1
INFO:root:Iter 9: Q = 0.086078941822052, term1 = 0.013045961037278175, term2 = 0.086078941822052
INFO:root:U_1-Qu_upper=0.3460166437907147, U_2-Qv_upper=-0.0892856640811992
INFO:root:eta=1, l=0.5210104486092969, r=1
INFO:root:Iter 10: Q = 0.0822708010673523, term1 = 0.013724257238209248, term2 = 0.0822708010673523
INFO:root:U_1-Qu_upper=0.3357166577231223, U_2-Qv_upper=-0.08999824883452989
INFO:root:eta=1, l=0.544959926178832, r=1
INFO:root:Iter 11: Q = 0.07793876528739929, term1 = 0.01396302878856659, term2 = 0.07793876528739929
INFO:root:U_1-Qu_upper=0.3312144616149256, U_2-Qv_upper=-0.07508912356105807
INFO:root:eta=1, l=0.5677119298698905, r=1
INFO:root:Iter 12: Q = 0.07337237149477005, term1 = 0.014079120941460133, term2 = 0.07337237149477005
INFO:root:U_1-Qu_upper=0.3297888450689196, U_2-Qv_upper=-0.07281461857887628
INFO:root:eta=1, l=0.589326333376396, r=1
INFO:root:Iter 13: Q = 0.0708480253815651, term1 = 0.014655264094471931, term2 = 0.0708480253815651
INFO:root:U_1-Qu_upper=0.3253023375403271, U_2-Qv_upper=-0.052468442580130226
INFO:root:eta=1, l=0.6098600167075762, r=1
INFO:root:Iter 14: Q = 0.07252851873636246, term1 = 0.016090065240859985, term2 = 0.07252851873636246
INFO:root:U_1-Qu_upper=0.32054970934429405, U_2-Qv_upper=-0.06192973108645644
INFO:root:eta=1, l=0.6293670158721973, r=1
INFO:root:Iter 15: Q = 0.0711641013622284, term1 = 0.015327518805861473, term2 = 0.0711641013622284
INFO:root:U_1-Qu_upper=0.32234355434137396, U_2-Qv_upper=-0.059816606411370876
INFO:root:eta=1, l=0.6478986650785875, r=1
INFO:root:Iter 16: Q = 0.0744541585445404, term1 = 0.015670431777834892, term2 = 0.0744541585445404
INFO:root:U_1-Qu_upper=0.3200236965674761, U_2-Qv_upper=-0.06795084227886111
INFO:root:eta=1, l=0.6655037318246582, r=1
INFO:root:Iter 17: Q = 0.06972392648458481, term1 = 0.016111256554722786, term2 = 0.06972392648458481
INFO:root:U_1-Qu_upper=0.31735760042316197, U_2-Qv_upper=-0.05689109818026489
INFO:root:eta=1, l=0.6822285452334252, r=1
INFO:root:Iter 18: Q = 0.07495462894439697, term1 = 0.017584774643182755, term2 = 0.07495462894439697
INFO:root:U_1-Qu_upper=0.31203110255870375, U_2-Qv_upper=-0.05687168252366692
INFO:root:eta=1, l=0.698117117971754, r=1
INFO:root:Iter 19: Q = 0.06991948932409286, term1 = 0.017285523936152458, term2 = 0.06991948932409286
INFO:root:U_1-Qu_upper=0.30717236991597485, U_2-Qv_upper=-0.04258236626899792
INFO:root:eta=1, l=0.7132112620731663, r=1
INFO:root:Iter 20: Q = 0.06809037178754807, term1 = 0.01886092685163021, term2 = 0.06809037178754807
INFO:root:U_1-Qu_upper=0.30450639819309433, U_2-Qv_upper=-0.04098495985129641
INFO:root:eta=1, l=0.727550698969508, r=1
INFO:root:Iter 21: Q = 0.06884501129388809, term1 = 0.018465785309672356, term2 = 0.06884501129388809
INFO:root:U_1-Qu_upper=0.302461365856487, U_2-Qv_upper=-0.03930513132121688
INFO:root:eta=1, l=0.7411731640210326, r=1
INFO:root:Iter 22: Q = 0.06828105449676514, term1 = 0.018331211060285568, term2 = 0.06828105449676514
INFO:root:U_1-Qu_upper=0.30168334633581384, U_2-Qv_upper=-0.03784250167528369
INFO:root:eta=1, l=0.754114505819981, r=1
INFO:root:Iter 23: Q = 0.0673176571726799, term1 = 0.01854659989476204, term2 = 0.0673176571726799
INFO:root:U_1-Qu_upper=0.3027177368057091, U_2-Qv_upper=-0.04063039149820835
INFO:root:eta=1, l=0.7664087805289819, r=1
INFO:root:Iter 24: Q = 0.06505940854549408, term1 = 0.018961157649755478, term2 = 0.06505940854549408
INFO:root:U_1-Qu_upper=0.3007272456908481, U_2-Qv_upper=-0.023838797808687584
INFO:root:eta=1, l=0.7780883415025328, r=1
INFO:root:Iter 25: Q = 0.06416142731904984, term1 = 0.01908668503165245, term2 = 0.06416142731904984
INFO:root:U_1-Qu_upper=0.2990901171568434, U_2-Qv_upper=-0.023050492830325675
INFO:root:eta=1, l=0.7891839244274061, r=1
INFO:root:Iter 26: Q = 0.0712842345237732, term1 = 0.020300883799791336, term2 = 0.0712842345237732
INFO:root:U_1-Qu_upper=0.29349635648589667, U_2-Qv_upper=-0.027375339136688992
INFO:root:eta=1, l=0.7997247282060358, r=1
INFO:root:Iter 27: Q = 0.06751086562871933, term1 = 0.019814077764749527, term2 = 0.06751086562871933
INFO:root:U_1-Qu_upper=0.29330744663172015, U_2-Qv_upper=-0.03757155615165575
INFO:root:eta=1, l=0.809738491795734, r=1
INFO:root:Iter 28: Q = 0.06522120535373688, term1 = 0.02010514959692955, term2 = 0.06522120535373688
INFO:root:U_1-Qu_upper=0.2920537263290195, U_2-Qv_upper=-0.03230079971353966
INFO:root:eta=1, l=0.8192515672059473, r=1
INFO:root:Iter 29: Q = 0.061871614307165146, term1 = 0.02044675126671791, term2 = 0.061871614307165146
INFO:root:U_1-Qu_upper=0.2903859635615641, U_2-Qv_upper=-0.02235825608967018
INFO:root:eta=1, l=0.8282889888456499, r=1
INFO:root:Iter 30: Q = 0.06128223240375519, term1 = 0.022282186895608902, term2 = 0.06128223240375519
INFO:root:U_1-Qu_upper=0.2828830852786931, U_2-Qv_upper=-0.016490777522281175
INFO:root:eta=1, l=0.8368745394033674, r=1
INFO:root:Iter 31: Q = 0.06859744340181351, term1 = 0.022675147280097008, term2 = 0.06859744340181351
INFO:root:U_1-Qu_upper=0.2794987297007034, U_2-Qv_upper=-0.0256923668636293
INFO:root:eta=1, l=0.8450308124331991, r=1
INFO:root:Iter 32: Q = 0.06218189373612404, term1 = 0.022458616644144058, term2 = 0.06218189373612404
INFO:root:U_1-Qu_upper=0.2775332201956332, U_2-Qv_upper=-0.022634711020018072
INFO:root:eta=1, l=0.8527792718115391, r=1
INFO:root:Iter 33: Q = 0.06410909444093704, term1 = 0.022379612550139427, term2 = 0.06410909444093704
INFO:root:U_1-Qu_upper=0.2796487867736685, U_2-Qv_upper=-0.025099011931453197
INFO:root:eta=1, l=0.8601403082209622, r=1
INFO:root:Iter 34: Q = 0.06740822643041611, term1 = 0.02371962182223797, term2 = 0.06740822643041611
INFO:root:U_1-Qu_upper=0.27716350225438435, U_2-Qv_upper=-0.02305980533105917
INFO:root:eta=1, l=0.8671332928099141, r=1
INFO:root:Iter 35: Q = 0.062302134931087494, term1 = 0.02281227335333824, term2 = 0.062302134931087494
INFO:root:U_1-Qu_upper=0.2767895550743335, U_2-Qv_upper=-0.019475485848693908
INFO:root:eta=1, l=0.8737766281694185, r=1
INFO:root:Iter 36: Q = 0.06649095565080643, term1 = 0.02379361353814602, term2 = 0.06649095565080643
INFO:root:U_1-Qu_upper=0.27351842520322367, U_2-Qv_upper=-0.029930710745361022
INFO:root:eta=1, l=0.8800877967609475, r=1
INFO:root:Iter 37: Q = 0.06407833099365234, term1 = 0.02348468452692032, term2 = 0.06407833099365234
INFO:root:U_1-Qu_upper=0.27377446731309596, U_2-Qv_upper=-0.017040772631099876
INFO:root:eta=1, l=0.8860834069229001, r=1
INFO:root:Iter 38: Q = 0.06211979687213898, term1 = 0.02301560714840889, term2 = 0.06211979687213898
INFO:root:U_1-Qu_upper=0.2752074330822305, U_2-Qv_upper=-0.01769014311984024
INFO:root:eta=1, l=0.8917792365767551, r=1
INFO:root:Iter 39: Q = 0.0620824359357357, term1 = 0.023000668734312057, term2 = 0.0620824359357357
INFO:root:U_1-Qu_upper=0.27501010125101344, U_2-Qv_upper=-0.015708565626155024
INFO:root:eta=1, l=0.8971902747479173, r=1
INFO:root:Iter 40: Q = 0.0620388463139534, term1 = 0.023032039403915405, term2 = 0.0620388463139534
INFO:root:U_1-Qu_upper=0.27388953877860545, U_2-Qv_upper=-0.01891901348146563
INFO:root:eta=1, l=0.9023307610105215, r=1
INFO:root:Iter 41: Q = 0.06195606663823128, term1 = 0.023075176402926445, term2 = 0.06195606663823128
INFO:root:U_1-Qu_upper=0.27541377873395434, U_2-Qv_upper=-0.018570654478861803
INFO:root:eta=1, l=0.9072142229599954, r=1
INFO:root:Iter 42: Q = 0.06175174191594124, term1 = 0.023116927593946457, term2 = 0.06175174191594124
INFO:root:U_1-Qu_upper=0.27447296855290015, U_2-Qv_upper=-0.015816578521547553
INFO:root:eta=1, l=0.9118535118119957, r=1
INFO:root:Iter 43: Q = 0.06080689653754234, term1 = 0.023208338767290115, term2 = 0.06080689653754234
INFO:root:U_1-Qu_upper=0.2740537972109336, U_2-Qv_upper=-0.022359962671642974
INFO:root:eta=1, l=0.9162608362213959, r=1
INFO:root:Iter 44: Q = 0.06078219786286354, term1 = 0.023212362080812454, term2 = 0.06078219786286354
INFO:root:U_1-Qu_upper=0.27498568102593746, U_2-Qv_upper=-0.021384663113070912
INFO:root:eta=1, l=0.9204477944103261, r=1
INFO:root:Iter 45: Q = 0.06224948912858963, term1 = 0.02355736494064331, term2 = 0.06224948912858963
INFO:root:U_1-Qu_upper=0.2731370780076382, U_2-Qv_upper=-0.02218715348118705
INFO:root:eta=1, l=0.9244254046898098, r=1
INFO:root:Iter 46: Q = 0.06300053745508194, term1 = 0.023431232199072838, term2 = 0.06300053745508194
INFO:root:U_1-Qu_upper=0.27239253621603626, U_2-Qv_upper=-0.015429937581060649
INFO:root:eta=1, l=0.9282041344553194, r=1
INFO:root:Iter 47: Q = 0.06148673966526985, term1 = 0.02343333512544632, term2 = 0.06148673966526985
INFO:root:U_1-Qu_upper=0.27407633331548276, U_2-Qv_upper=-0.014678474794520724
INFO:root:eta=1, l=0.9317939277325534, r=1
INFO:root:Iter 48: Q = 0.06171492114663124, term1 = 0.023096658289432526, term2 = 0.06171492114663124
INFO:root:U_1-Qu_upper=0.2753314234493104, U_2-Qv_upper=-0.0215809496256979
INFO:root:eta=1, l=0.9352042313459258, r=1
INFO:root:Iter 49: Q = 0.06492842733860016, term1 = 0.023273391649127007, term2 = 0.06492842733860016
INFO:root:U_1-Qu_upper=0.276173028850076, U_2-Qv_upper=-0.027813667661434616
INFO:root:eta=1, l=0.9384440197786295, r=1
INFO:root:Iter 50: Q = 0.06071275845170021, term1 = 0.023165272548794746, term2 = 0.06071275845170021
/zhome/c3/3/213266/SC/distributional-counterfactual-explanation/market_new.py:195: DeprecationWarning: __array_wrap__ must accept context and return_scalar arguments (positionally) in the future. (Deprecated NumPy 2.0)
  #     X_s = X_s * std.values + mean.values
INFO:root:Optimization started
INFO:root:U_1-Qu_upper=0.5, U_2-Qv_upper=-0.41413379340414364
INFO:root:eta=1, l=0.24000000000000002, r=1
INFO:root:Iter 1: Q = 0.22116044163703918, term1 = 0.005485715810209513, term2 = 0.22116044163703918
INFO:root:U_1-Qu_upper=0.48902643443825244, U_2-Qv_upper=-0.32528863113283396
INFO:root:eta=1, l=0.278, r=1
INFO:root:Iter 2: Q = 0.18660849332809448, term1 = 0.005258086137473583, term2 = 0.18660849332809448
INFO:root:U_1-Qu_upper=0.4616268622948614, U_2-Qv_upper=-0.31069717662237734
INFO:root:eta=1, l=0.31410000000000005, r=1
INFO:root:Iter 3: Q = 0.16153566539287567, term1 = 0.0034474998246878386, term2 = 0.16153566539287567
INFO:root:U_1-Qu_upper=0.4501297253330776, U_2-Qv_upper=-0.2771240510000144
INFO:root:eta=1, l=0.34839500000000007, r=1
INFO:root:Iter 4: Q = 0.14621062576770782, term1 = 0.00383729487657547, term2 = 0.14621062576770782
INFO:root:U_1-Qu_upper=0.435630440164866, U_2-Qv_upper=-0.2433665427304918
INFO:root:eta=1, l=0.38097525000000004, r=1
INFO:root:Iter 5: Q = 0.13375595211982727, term1 = 0.006221683695912361, term2 = 0.13375595211982727
INFO:root:U_1-Qu_upper=0.4248944069064252, U_2-Qv_upper=-0.21878427175408494
INFO:root:eta=1, l=0.41192648750000005, r=1
INFO:root:Iter 6: Q = 0.1268969178199768, term1 = 0.006322305649518967, term2 = 0.1268969178199768
INFO:root:U_1-Qu_upper=0.4204163977621769, U_2-Qv_upper=-0.211803795575999
INFO:root:eta=1, l=0.44133016312500006, r=1
INFO:root:Iter 7: Q = 0.12329563498497009, term1 = 0.005807181820273399, term2 = 0.12329563498497009
INFO:root:U_1-Qu_upper=0.4115597222066712, U_2-Qv_upper=-0.19163841735341763
INFO:root:eta=1, l=0.46926365496875005, r=1
INFO:root:Iter 8: Q = 0.11735709011554718, term1 = 0.005632786080241203, term2 = 0.11735709011554718
INFO:root:U_1-Qu_upper=0.40648306804795353, U_2-Qv_upper=-0.19626315708699177
INFO:root:eta=1, l=0.49580047222031254, r=1
INFO:root:Iter 9: Q = 0.11411784589290619, term1 = 0.006523021496832371, term2 = 0.11411784589290619
INFO:root:U_1-Qu_upper=0.39989936608114635, U_2-Qv_upper=-0.1791504996274449
INFO:root:eta=1, l=0.5210104486092969, r=1
INFO:root:Iter 10: Q = 0.11413219571113586, term1 = 0.009921450167894363, term2 = 0.11413219571113586
INFO:root:U_1-Qu_upper=0.39195142206184974, U_2-Qv_upper=-0.08050090743976768
INFO:root:eta=1, l=0.544959926178832, r=1
INFO:root:Iter 11: Q = 0.07604670524597168, term1 = 0.010726505890488625, term2 = 0.07604670524597168
INFO:root:U_1-Qu_upper=0.38202893336487354, U_2-Qv_upper=-0.06990162213421941
INFO:root:eta=1, l=0.5677119298698905, r=1
INFO:root:Iter 12: Q = 0.06952380388975143, term1 = 0.010020190849900246, term2 = 0.06952380388975143
INFO:root:U_1-Qu_upper=0.37074059342138704, U_2-Qv_upper=-0.04768438319163193
INFO:root:eta=1, l=0.589326333376396, r=1
INFO:root:Iter 13: Q = 0.07220690697431564, term1 = 0.011433558538556099, term2 = 0.07220690697431564
INFO:root:U_1-Qu_upper=0.36727008206336453, U_2-Qv_upper=-0.053724371809264815
INFO:root:eta=1, l=0.6098600167075762, r=1
INFO:root:Iter 14: Q = 0.06929212063550949, term1 = 0.009758153930306435, term2 = 0.06929212063550949
INFO:root:U_1-Qu_upper=0.3663540328941238, U_2-Qv_upper=-0.048194602372440054
INFO:root:eta=1, l=0.6293670158721973, r=1
INFO:root:Iter 15: Q = 0.06597660481929779, term1 = 0.009595404379069805, term2 = 0.06597660481929779
INFO:root:U_1-Qu_upper=0.3667959516507805, U_2-Qv_upper=-0.03433706695645761
INFO:root:eta=1, l=0.6478986650785875, r=1
INFO:root:Iter 16: Q = 0.0650375708937645, term1 = 0.009786560200154781, term2 = 0.0650375708937645
INFO:root:U_1-Qu_upper=0.3669948574481532, U_2-Qv_upper=-0.0368832245134153
INFO:root:eta=1, l=0.6655037318246582, r=1
INFO:root:Iter 17: Q = 0.06617327034473419, term1 = 0.009634189307689667, term2 = 0.06617327034473419
INFO:root:U_1-Qu_upper=0.3666997411933769, U_2-Qv_upper=-0.04670540942553891
INFO:root:eta=1, l=0.6822285452334252, r=1
INFO:root:Iter 18: Q = 0.06323620676994324, term1 = 0.009927473962306976, term2 = 0.06323620676994324
INFO:root:U_1-Qu_upper=0.3653573711920795, U_2-Qv_upper=-0.031638575773344446
INFO:root:eta=1, l=0.698117117971754, r=1
INFO:root:Iter 19: Q = 0.06602469086647034, term1 = 0.009793703444302082, term2 = 0.06602469086647034
INFO:root:U_1-Qu_upper=0.36347092128378133, U_2-Qv_upper=-0.04696401984720788
INFO:root:eta=1, l=0.7132112620731663, r=1
INFO:root:Iter 20: Q = 0.06394266337156296, term1 = 0.010082615539431572, term2 = 0.06394266337156296
INFO:root:U_1-Qu_upper=0.36222728459129283, U_2-Qv_upper=-0.03806255809024767
INFO:root:eta=1, l=0.727550698969508, r=1
INFO:root:Iter 21: Q = 0.06813168525695801, term1 = 0.010189183987677097, term2 = 0.06813168525695801
INFO:root:U_1-Qu_upper=0.3631631720769699, U_2-Qv_upper=-0.035186814590651705
INFO:root:eta=1, l=0.7411731640210326, r=1
INFO:root:Iter 22: Q = 0.06557725369930267, term1 = 0.010118989273905754, term2 = 0.06557725369930267
INFO:root:U_1-Qu_upper=0.3609358938671059, U_2-Qv_upper=-0.034152117789747194
INFO:root:eta=1, l=0.754114505819981, r=1
INFO:root:Iter 23: Q = 0.06665734946727753, term1 = 0.01036997139453888, term2 = 0.06665734946727753
INFO:root:U_1-Qu_upper=0.3605791164819224, U_2-Qv_upper=-0.03613145297106357
INFO:root:eta=1, l=0.7664087805289819, r=1
INFO:root:Iter 24: Q = 0.06434599310159683, term1 = 0.011569999158382416, term2 = 0.06434599310159683
INFO:root:U_1-Qu_upper=0.35630057892154954, U_2-Qv_upper=-0.03465994679743861
INFO:root:eta=1, l=0.7780883415025328, r=1
INFO:root:Iter 25: Q = 0.06175046041607857, term1 = 0.010943779721856117, term2 = 0.06175046041607857
INFO:root:U_1-Qu_upper=0.3537364359042458, U_2-Qv_upper=-0.025506313063705377
INFO:root:eta=1, l=0.7891839244274061, r=1
INFO:root:Iter 26: Q = 0.05853086709976196, term1 = 0.011153982020914555, term2 = 0.05853086709976196
INFO:root:U_1-Qu_upper=0.35216939133631064, U_2-Qv_upper=-0.008915103261857682
INFO:root:eta=1, l=0.7997247282060358, r=1
INFO:root:Iter 27: Q = 0.06396143138408661, term1 = 0.011363680474460125, term2 = 0.06396143138408661
INFO:root:U_1-Qu_upper=0.34989232641771606, U_2-Qv_upper=-0.024465846786637768
INFO:root:eta=1, l=0.809738491795734, r=1
INFO:root:Iter 28: Q = 0.05835922807455063, term1 = 0.01170848123729229, term2 = 0.05835922807455063
INFO:root:U_1-Qu_upper=0.34991812962970725, U_2-Qv_upper=-0.017254255080968617
INFO:root:eta=1, l=0.8192515672059473, r=1
INFO:root:Iter 29: Q = 0.058610133826732635, term1 = 0.01184847392141819, term2 = 0.058610133826732635
INFO:root:U_1-Qu_upper=0.34831662369881367, U_2-Qv_upper=-0.007726373520038965
INFO:root:eta=1, l=0.8282889888456499, r=1
INFO:root:Iter 30: Q = 0.06022476404905319, term1 = 0.011799132451415062, term2 = 0.06022476404905319
INFO:root:U_1-Qu_upper=0.3469350797744012, U_2-Qv_upper=-0.015491769869721894
INFO:root:eta=1, l=0.8368745394033674, r=1
INFO:root:Iter 31: Q = 0.05683334171772003, term1 = 0.012834616005420685, term2 = 0.05683334171772003
INFO:root:U_1-Qu_upper=0.3437209827828092, U_2-Qv_upper=-0.006549925966721326
INFO:root:eta=1, l=0.8450308124331991, r=1
INFO:root:Iter 32: Q = 0.06119465455412865, term1 = 0.012848717160522938, term2 = 0.06119465455412865
INFO:root:U_1-Qu_upper=0.3401754424428592, U_2-Qv_upper=-0.008282893582973738
INFO:root:eta=1, l=0.8527792718115391, r=1
INFO:root:Iter 33: Q = 0.05808234587311745, term1 = 0.013460984453558922, term2 = 0.05808234587311745
INFO:root:U_1-Qu_upper=0.3371911189744825, U_2-Qv_upper=-0.01049755622499865
INFO:root:eta=1, l=0.8601403082209622, r=1
INFO:root:Iter 34: Q = 0.06190217286348343, term1 = 0.013140091672539711, term2 = 0.06190217286348343
INFO:root:U_1-Qu_upper=0.3370285232295371, U_2-Qv_upper=-0.015972211358384003
INFO:root:eta=1, l=0.8671332928099141, r=1
INFO:root:Iter 35: Q = 0.0602501705288887, term1 = 0.013362197205424309, term2 = 0.0602501705288887
INFO:root:U_1-Qu_upper=0.3351535125364097, U_2-Qv_upper=-0.011691205521505155
INFO:root:eta=1, l=0.8737766281694185, r=1
INFO:root:Iter 36: Q = 0.0594642236828804, term1 = 0.01317747961729765, term2 = 0.0594642236828804
INFO:root:U_1-Qu_upper=0.34096947724727444, U_2-Qv_upper=-0.015389573939067203
INFO:root:eta=1, l=0.8800877967609475, r=1
INFO:root:Iter 37: Q = 0.0590144619345665, term1 = 0.013024268671870232, term2 = 0.0590144619345665
INFO:root:U_1-Qu_upper=0.33791190503586677, U_2-Qv_upper=-0.01358846125992158
INFO:root:eta=1, l=0.8860834069229001, r=1
INFO:root:Iter 38: Q = 0.05881030112504959, term1 = 0.013036643154919147, term2 = 0.05881030112504959
INFO:root:U_1-Qu_upper=0.3353976833399376, U_2-Qv_upper=-0.01140950968769
INFO:root:eta=1, l=0.8917792365767551, r=1
INFO:root:Iter 39: Q = 0.058478888124227524, term1 = 0.013029748573899269, term2 = 0.058478888124227524
INFO:root:U_1-Qu_upper=0.3381373338243203, U_2-Qv_upper=-0.004096705980421833
INFO:root:eta=1, l=0.8971902747479173, r=1
INFO:root:Iter 40: Q = 0.05723574757575989, term1 = 0.01300205010920763, term2 = 0.05723574757575989
INFO:root:U_1-Qu_upper=0.3380123552571742, U_2-Qv_upper=-0.010924801794825356
INFO:root:eta=1, l=0.9023307610105215, r=1
INFO:root:Iter 41: Q = 0.0629003494977951, term1 = 0.01297035813331604, term2 = 0.0629003494977951
INFO:root:U_1-Qu_upper=0.338320362600239, U_2-Qv_upper=-0.024138096176381962
INFO:root:eta=1, l=0.9072142229599954, r=1
INFO:root:Iter 42: Q = 0.059657055884599686, term1 = 0.013365264050662518, term2 = 0.059657055884599686
INFO:root:U_1-Qu_upper=0.3379888442094827, U_2-Qv_upper=-0.022614094870289314
INFO:root:eta=1, l=0.9118535118119957, r=1
INFO:root:Iter 43: Q = 0.0604730099439621, term1 = 0.015277792699635029, term2 = 0.0604730099439621
INFO:root:U_1-Qu_upper=0.3320661029727129, U_2-Qv_upper=-0.004932960800599462
INFO:root:eta=1, l=0.9162608362213959, r=1
INFO:root:Iter 44: Q = 0.05692986026406288, term1 = 0.013936604373157024, term2 = 0.05692986026406288
INFO:root:U_1-Qu_upper=0.3319149345889293, U_2-Qv_upper=-0.00235938643526995
INFO:root:eta=1, l=0.9204477944103261, r=1
INFO:root:Iter 45: Q = 0.05621517449617386, term1 = 0.013839280232787132, term2 = 0.05621517449617386
INFO:root:U_1-Qu_upper=0.33304021191633404, U_2-Qv_upper=-0.0004484264261907511
INFO:root:eta=1, l=0.9244254046898098, r=1
INFO:root:Iter 46: Q = 0.059601087123155594, term1 = 0.013774221763014793, term2 = 0.059601087123155594
INFO:root:U_1-Qu_upper=0.3339876461635326, U_2-Qv_upper=-0.010910103959220374
INFO:root:eta=1, l=0.9282041344553194, r=1
INFO:root:Iter 47: Q = 0.058574698865413666, term1 = 0.013731950893998146, term2 = 0.058574698865413666
INFO:root:U_1-Qu_upper=0.33318210352566835, U_2-Qv_upper=-0.016374024616267358
INFO:root:eta=1, l=0.9317939277325534, r=1
INFO:root:Iter 48: Q = 0.05803365260362625, term1 = 0.013702849857509136, term2 = 0.05803365260362625
INFO:root:U_1-Qu_upper=0.33314870204424674, U_2-Qv_upper=-0.006490331616691991
INFO:root:eta=1, l=0.9352042313459258, r=1
INFO:root:Iter 49: Q = 0.05852421373128891, term1 = 0.01368444599211216, term2 = 0.05852421373128891
INFO:root:U_1-Qu_upper=0.33503816118009244, U_2-Qv_upper=-0.009969144519016815
INFO:root:eta=1, l=0.9384440197786295, r=1
INFO:root:Iter 50: Q = 0.05966506898403168, term1 = 0.013908596709370613, term2 = 0.05966506898403168
/zhome/c3/3/213266/SC/distributional-counterfactual-explanation/market_new.py:195: DeprecationWarning: __array_wrap__ must accept context and return_scalar arguments (positionally) in the future. (Deprecated NumPy 2.0)
  #     X_s = X_s * std.values + mean.values
INFO:root:Optimization started
INFO:root:U_1-Qu_upper=0.5, U_2-Qv_upper=-0.4050336575421148
INFO:root:eta=1, l=0.24000000000000002, r=1
INFO:root:Iter 1: Q = 0.2157326489686966, term1 = 0.023272115737199783, term2 = 0.2157326489686966
INFO:root:U_1-Qu_upper=0.4661769263962296, U_2-Qv_upper=-0.34205980527983143
INFO:root:eta=1, l=0.278, r=1
INFO:root:Iter 2: Q = 0.18726353347301483, term1 = 0.011645006015896797, term2 = 0.18726353347301483
INFO:root:U_1-Qu_upper=0.42793153487918484, U_2-Qv_upper=-0.20007125972546108
INFO:root:eta=1, l=0.31410000000000005, r=1
INFO:root:Iter 3: Q = 0.11743149161338806, term1 = 0.005256870295852423, term2 = 0.11743149161338806
INFO:root:U_1-Qu_upper=0.42092169921786565, U_2-Qv_upper=-0.16861273464440812
INFO:root:eta=1, l=0.34839500000000007, r=1
INFO:root:Iter 4: Q = 0.10263338685035706, term1 = 0.009427040815353394, term2 = 0.10263338685035706
INFO:root:U_1-Qu_upper=0.4039481407973045, U_2-Qv_upper=-0.14643452421119413
INFO:root:eta=1, l=0.38097525000000004, r=1
INFO:root:Iter 5: Q = 0.09621472656726837, term1 = 0.0067793941125273705, term2 = 0.09621472656726837
INFO:root:U_1-Qu_upper=0.3968845968222891, U_2-Qv_upper=-0.13077252442983994
INFO:root:eta=1, l=0.41192648750000005, r=1
INFO:root:Iter 6: Q = 0.09878287464380264, term1 = 0.008863391354680061, term2 = 0.09878287464380264
INFO:root:U_1-Qu_upper=0.388613888839228, U_2-Qv_upper=-0.14124214193733298
INFO:root:eta=1, l=0.44133016312500006, r=1
INFO:root:Iter 7: Q = 0.09194856882095337, term1 = 0.015750793740153313, term2 = 0.09194856882095337
INFO:root:U_1-Qu_upper=0.36900467010156857, U_2-Qv_upper=-0.1173139853666002
INFO:root:eta=1, l=0.46926365496875005, r=1
INFO:root:Iter 8: Q = 0.08677951246500015, term1 = 0.012045376002788544, term2 = 0.08677951246500015
INFO:root:U_1-Qu_upper=0.35559246528632094, U_2-Qv_upper=-0.09741436722973273
INFO:root:eta=1, l=0.49580047222031254, r=1
INFO:root:Iter 9: Q = 0.08424530923366547, term1 = 0.010991302318871021, term2 = 0.08424530923366547
INFO:root:U_1-Qu_upper=0.35256328690378097, U_2-Qv_upper=-0.0861609870248567
INFO:root:eta=1, l=0.5210104486092969, r=1
INFO:root:Iter 10: Q = 0.0822884663939476, term1 = 0.011346820741891861, term2 = 0.0822884663939476
INFO:root:U_1-Qu_upper=0.3508162763847578, U_2-Qv_upper=-0.08887144121864055
INFO:root:eta=1, l=0.544959926178832, r=1
INFO:root:Iter 11: Q = 0.07854615151882172, term1 = 0.011577662080526352, term2 = 0.07854615151882172
INFO:root:U_1-Qu_upper=0.3490603450672972, U_2-Qv_upper=-0.08333669895097506
INFO:root:eta=1, l=0.5677119298698905, r=1
INFO:root:Iter 12: Q = 0.0767778679728508, term1 = 0.011865934357047081, term2 = 0.0767778679728508
INFO:root:U_1-Qu_upper=0.3465129951257268, U_2-Qv_upper=-0.08020686545045108
INFO:root:eta=1, l=0.589326333376396, r=1
INFO:root:Iter 13: Q = 0.07356850057840347, term1 = 0.013715093024075031, term2 = 0.07356850057840347
INFO:root:U_1-Qu_upper=0.3379285931197856, U_2-Qv_upper=-0.06711173315766295
INFO:root:eta=1, l=0.6098600167075762, r=1
INFO:root:Iter 14: Q = 0.07165481895208359, term1 = 0.013373695313930511, term2 = 0.07165481895208359
INFO:root:U_1-Qu_upper=0.33514825670440007, U_2-Qv_upper=-0.06438442361580626
INFO:root:eta=1, l=0.6293670158721973, r=1
INFO:root:Iter 15: Q = 0.07221347838640213, term1 = 0.014612741768360138, term2 = 0.07221347838640213
INFO:root:U_1-Qu_upper=0.3293088671243939, U_2-Qv_upper=-0.0520156184081374
INFO:root:eta=1, l=0.6478986650785875, r=1
INFO:root:Iter 16: Q = 0.06854666769504547, term1 = 0.015943078324198723, term2 = 0.06854666769504547
INFO:root:U_1-Qu_upper=0.32180903924074367, U_2-Qv_upper=-0.04134784603752062
INFO:root:eta=1, l=0.6655037318246582, r=1
INFO:root:Iter 17: Q = 0.06829826533794403, term1 = 0.01646077260375023, term2 = 0.06829826533794403
INFO:root:U_1-Qu_upper=0.31764849219987457, U_2-Qv_upper=-0.040335983023557176
INFO:root:eta=1, l=0.6822285452334252, r=1
INFO:root:Iter 18: Q = 0.0673203393816948, term1 = 0.015926184132695198, term2 = 0.0673203393816948
INFO:root:U_1-Qu_upper=0.3185306003892784, U_2-Qv_upper=-0.040208985977774225
INFO:root:eta=1, l=0.698117117971754, r=1
INFO:root:Iter 19: Q = 0.06670497357845306, term1 = 0.016069620847702026, term2 = 0.06670497357845306
INFO:root:U_1-Qu_upper=0.3169888364947333, U_2-Qv_upper=-0.03428350167672001
INFO:root:eta=1, l=0.7132112620731663, r=1
INFO:root:Iter 20: Q = 0.06708145141601562, term1 = 0.016156699508428574, term2 = 0.06708145141601562
INFO:root:U_1-Qu_upper=0.3154954374018527, U_2-Qv_upper=-0.0300096569208414
INFO:root:eta=1, l=0.727550698969508, r=1
INFO:root:Iter 21: Q = 0.06628095358610153, term1 = 0.016312239691615105, term2 = 0.06628095358610153
INFO:root:U_1-Qu_upper=0.3149224318705036, U_2-Qv_upper=-0.03294551635839066
INFO:root:eta=1, l=0.7411731640210326, r=1
INFO:root:Iter 22: Q = 0.06863179057836533, term1 = 0.016443360596895218, term2 = 0.06863179057836533
INFO:root:U_1-Qu_upper=0.31215826055138035, U_2-Qv_upper=-0.04634708877432664
INFO:root:eta=1, l=0.754114505819981, r=1
INFO:root:Iter 23: Q = 0.0671904981136322, term1 = 0.017205124720931053, term2 = 0.0671904981136322
INFO:root:U_1-Qu_upper=0.3116235168855065, U_2-Qv_upper=-0.03395724172410286
INFO:root:eta=1, l=0.7664087805289819, r=1
INFO:root:Iter 24: Q = 0.06544236093759537, term1 = 0.016981322318315506, term2 = 0.06544236093759537
INFO:root:U_1-Qu_upper=0.30991237120186454, U_2-Qv_upper=-0.02315425526734921
INFO:root:eta=1, l=0.7780883415025328, r=1
INFO:root:Iter 25: Q = 0.06891701370477676, term1 = 0.01718766801059246, term2 = 0.06891701370477676
INFO:root:U_1-Qu_upper=0.30901960728566025, U_2-Qv_upper=-0.03480531939570519
INFO:root:eta=1, l=0.7891839244274061, r=1
INFO:root:Iter 26: Q = 0.06573313474655151, term1 = 0.01731742173433304, term2 = 0.06573313474655151
INFO:root:U_1-Qu_upper=0.3073475223271609, U_2-Qv_upper=-0.034038919601518725
INFO:root:eta=1, l=0.7997247282060358, r=1
INFO:root:Iter 27: Q = 0.06384403258562088, term1 = 0.01782151311635971, term2 = 0.06384403258562088
INFO:root:U_1-Qu_upper=0.3042727783351301, U_2-Qv_upper=-0.01488876405530526
INFO:root:eta=1, l=0.809738491795734, r=1
INFO:root:Iter 28: Q = 0.05800100043416023, term1 = 0.017916496843099594, term2 = 0.05800100043416023
INFO:root:U_1-Qu_upper=0.30334679829471045, U_2-Qv_upper=-0.006586609322782655
INFO:root:eta=1, l=0.8192515672059473, r=1
INFO:root:Iter 29: Q = 0.06177102401852608, term1 = 0.01771405339241028, term2 = 0.06177102401852608
INFO:root:U_1-Qu_upper=0.3058165107425099, U_2-Qv_upper=-0.022097487659369308
INFO:root:eta=1, l=0.8282889888456499, r=1
INFO:root:Iter 30: Q = 0.05913932994008064, term1 = 0.01773212105035782, term2 = 0.05913932994008064
INFO:root:U_1-Qu_upper=0.30485773439829356, U_2-Qv_upper=-0.009067138807258124
INFO:root:eta=1, l=0.8368745394033674, r=1
INFO:root:Iter 31: Q = 0.05806179344654083, term1 = 0.017904112115502357, term2 = 0.05806179344654083
INFO:root:U_1-Qu_upper=0.30370436464646144, U_2-Qv_upper=-0.00849686351123402
INFO:root:eta=1, l=0.8450308124331991, r=1
INFO:root:Iter 32: Q = 0.05861283466219902, term1 = 0.01867576315999031, term2 = 0.05861283466219902
INFO:root:U_1-Qu_upper=0.30085527354695696, U_2-Qv_upper=-0.01021606396437108
INFO:root:eta=1, l=0.8527792718115391, r=1
INFO:root:Iter 33: Q = 0.057911165058612823, term1 = 0.018512997776269913, term2 = 0.057911165058612823
INFO:root:U_1-Qu_upper=0.3016540409907728, U_2-Qv_upper=-0.007960838280839433
INFO:root:eta=1, l=0.8601403082209622, r=1
INFO:root:Iter 34: Q = 0.0562376044690609, term1 = 0.018615592271089554, term2 = 0.0562376044690609
INFO:root:U_1-Qu_upper=0.3001206131648735, U_2-Qv_upper=0.0025850085728647
INFO:root:eta=0.9988056432511179, l=0.8671332928099141, r=1
INFO:root:Iter 35: Q = 0.05926724523305893, term1 = 0.01961352303624153, term2 = 0.05931466445326805
INFO:root:U_1-Qu_upper=0.296868810029451, U_2-Qv_upper=-0.004373172632377631
INFO:root:eta=1, l=0.8737766281694185, r=1
INFO:root:Iter 36: Q = 0.054445549845695496, term1 = 0.019439570605754852, term2 = 0.054445549845695496
INFO:root:U_1-Qu_upper=0.29664301684699224, U_2-Qv_upper=0.0002528579781447826
INFO:root:eta=0.9998924990567333, l=0.8800877967609475, r=1
INFO:root:Iter 37: Q = 0.05947541445493698, term1 = 0.019337331876158714, term2 = 0.0594797320663929
INFO:root:U_1-Qu_upper=0.29815516038380385, U_2-Qv_upper=-0.009734754779984867
INFO:root:eta=1, l=0.8860834069229001, r=1
INFO:root:Iter 38: Q = 0.062411826103925705, term1 = 0.019057903438806534, term2 = 0.062411826103925705
INFO:root:U_1-Qu_upper=0.2971129924353571, U_2-Qv_upper=-0.01498067803197628
INFO:root:eta=1, l=0.8917792365767551, r=1
INFO:root:Iter 39: Q = 0.06219116225838661, term1 = 0.019002240151166916, term2 = 0.06219116225838661
INFO:root:U_1-Qu_upper=0.2998525148300357, U_2-Qv_upper=-0.019009823620173616
INFO:root:eta=1, l=0.8971902747479173, r=1
INFO:root:Iter 40: Q = 0.0624379962682724, term1 = 0.01878194697201252, term2 = 0.0624379962682724
INFO:root:U_1-Qu_upper=0.2991944356943222, U_2-Qv_upper=-0.02461124154528571
INFO:root:eta=1, l=0.9023307610105215, r=1
INFO:root:Iter 41: Q = 0.061953574419021606, term1 = 0.018749462440609932, term2 = 0.061953574419021606
INFO:root:U_1-Qu_upper=0.29836218218463556, U_2-Qv_upper=-0.019276520687224796
INFO:root:eta=1, l=0.9072142229599954, r=1
INFO:root:Iter 42: Q = 0.06101841852068901, term1 = 0.018693028017878532, term2 = 0.06101841852068901
INFO:root:U_1-Qu_upper=0.30229741910325003, U_2-Qv_upper=-0.019322887643970277
INFO:root:eta=1, l=0.9118535118119957, r=1
INFO:root:Iter 43: Q = 0.06088394671678543, term1 = 0.01869807578623295, term2 = 0.06088394671678543
INFO:root:U_1-Qu_upper=0.2983874588887605, U_2-Qv_upper=-0.014535332827118719
INFO:root:eta=1, l=0.9162608362213959, r=1
INFO:root:Iter 44: Q = 0.0607139989733696, term1 = 0.018693480640649796, term2 = 0.0607139989733696
INFO:root:U_1-Qu_upper=0.3010819449010591, U_2-Qv_upper=-0.024448923767614927
INFO:root:eta=1, l=0.9204477944103261, r=1
INFO:root:Iter 45: Q = 0.05990327522158623, term1 = 0.018653329461812973, term2 = 0.05990327522158623
INFO:root:U_1-Qu_upper=0.29737277799491724, U_2-Qv_upper=-0.014722540900614756
INFO:root:eta=1, l=0.9244254046898098, r=1
INFO:root:Iter 46: Q = 0.06406787037849426, term1 = 0.018555140122771263, term2 = 0.06406787037849426
INFO:root:U_1-Qu_upper=0.30150280262618046, U_2-Qv_upper=-0.027997025442700885
INFO:root:eta=1, l=0.9282041344553194, r=1
INFO:root:Iter 47: Q = 0.062280211597681046, term1 = 0.01832622103393078, term2 = 0.062280211597681046
INFO:root:U_1-Qu_upper=0.3035296829328, U_2-Qv_upper=-0.026229941173492977
INFO:root:eta=1, l=0.9317939277325534, r=1
INFO:root:Iter 48: Q = 0.06319224089384079, term1 = 0.018474292010068893, term2 = 0.06319224089384079
INFO:root:U_1-Qu_upper=0.2999915732383594, U_2-Qv_upper=-0.028126114888794906
INFO:root:eta=1, l=0.9352042313459258, r=1
INFO:root:Iter 49: Q = 0.062107961624860764, term1 = 0.018484821543097496, term2 = 0.062107961624860764
INFO:root:U_1-Qu_upper=0.29977295822875905, U_2-Qv_upper=-0.031179734894039857
INFO:root:eta=1, l=0.9384440197786295, r=1
INFO:root:Iter 50: Q = 0.06125767529010773, term1 = 0.01896190270781517, term2 = 0.06125767529010773
/zhome/c3/3/213266/SC/distributional-counterfactual-explanation/market_new.py:195: DeprecationWarning: __array_wrap__ must accept context and return_scalar arguments (positionally) in the future. (Deprecated NumPy 2.0)
  #     X_s = X_s * std.values + mean.values
Using device: cuda
Test Accuracy: 85.94%
X Sliced Wasserstein Distance (SWD): 0.180725
Y Wasserstein Distance (WD): 0.075220
X Sliced Wasserstein Distance (SWD): 0.146664
Y Wasserstein Distance (WD): 0.075340
X Sliced Wasserstein Distance (SWD): 0.170027
Y Wasserstein Distance (WD): 0.075826
X Sliced Wasserstein Distance (SWD): 0.131257
Y Wasserstein Distance (WD): 0.073121
X Sliced Wasserstein Distance (SWD): 0.154892
Y Wasserstein Distance (WD): 0.073575

------------------------------------------------------------
Sender: LSF System <lsfadmin@hpc.dtu.dk>
Subject: Job 27595524: <NONAME> in cluster <dcc> Done

Job <NONAME> was submitted from host <hpclogin1> by user <s242612> in cluster <dcc> at Mon Jan 12 02:43:44 2026
Job was executed on host(s) <4*n-62-20-6>, in queue <gpuv100>, as user <s242612> in cluster <dcc> at Mon Jan 12 02:43:44 2026
</zhome/c3/3/213266> was used as the home directory.
</zhome/c3/3/213266/SC/distributional-counterfactual-explanation> was used as the working directory.
Started at Mon Jan 12 02:43:44 2026
Terminated at Mon Jan 12 04:39:26 2026
Results reported at Mon Jan 12 04:39:26 2026

Your job looked like:

------------------------------------------------------------
# LSBATCH: User input
#!/bin/bash
#BSUB -q gpuv100              # 指定队列类型
#BSUB -gpu "num=1"             # 请求一个 GPU
#BSUB -n 4                     # 请求 4 个 CPU 核心
#BSUB -R "rusage[mem=4096]"     # 请求 4096MB 内存
#BSUB -W 6:00                  # 设置最大运行时长为 1 小时
#BSUB -o output_%J.log         # 输出日志文件名设置为 output_<job_id>.log

# 激活虚拟环境
source ~/myenv/bin/activate

# 运行你的 Python 脚本
# python HELOC.py
# python Cardio.py
# python Cardio.py
# python cardio_new.py
# python HELOC_new.py
python market_new.py




------------------------------------------------------------

Successfully completed.

Resource usage summary:

    CPU time :                                   6921.77 sec.
    Max Memory :                                 3052 MB
    Average Memory :                             2946.77 MB
    Total Requested Memory :                     16384.00 MB
    Delta Memory :                               13332.00 MB
    Max Swap :                                   -
    Max Processes :                              4
    Max Threads :                                8
    Run time :                                   6950 sec.
    Turnaround time :                            6942 sec.

The output (if any) is above this job summary.

